Verifying Period 1600...
DEBUG verify_zk_proof START
DEBUG A Bytes: 1a78f6839bb5d88d1674dc0bb7231aef8ad32aded0418bcd3c0e8186365a448f1d1160f7903c238c2ac8a24938448337620e9e20c1511edb61e14766a8aa3569
DEBUG B Bytes: 0c2a02ff3f98b4c1c406228fdf45158795144f978887dd1133680719851e5eda30363c09c5fcc01c3f5d300534b47a7a4f0390bd7e1a8cbec942f81c5ae9af5d2fcee692ab4e54d1f8157320419655b49a0ed035ae613fb66983486379a4b7c81dc3f46b40c711f5c6a74083b54ac7a6ad6b469342b4080de759da9b83e78d72
DEBUG C Bytes: 223d4000ce77907532337b2cf2f06c16acd4bfae8690c6b8cbfde4d40a3c2715019eba6ef839006a33148941acac52e2e13b2220a3e698f1771868282699cc34
DEBUG VK BETA TMP: 0e187847ad4c798374d0d6732bf501847dd68bc0e071241e0213bc7fc13db7ab0967032fcbf776d1afc985f88877f182d38480a653f2decaa9794cbc3bf3060c
DEBUG t1: 1332783f1031bba8729bc0c6ee3ccb84191a58c17c1c97d58ba29694d0019dff24c67efa6c76d260082ef0158bfb2fe9e0e7f81374e0c7b9efd7141d65305cb3
DEBUG t2: 2f9da591e3f496d34041072e71753d092d093c8cddca92309a7e17fec7972b731bf8846a88af6b638679803a97093192e4099aac39420f0a93853986ea851646
DEBUG L: 089f81c788b51670ac0b2c9124928d8d3bf27090e8286e6fc33e590ad0bea7f122854128324f79c69feee580970d1634b05341d69e5240f6867909886c032826
DEBUG PubHash: 1ddc001001f1d8cdecd432c67ab65e899ed1b97a5753f3b2116699f736161ffb
DEBUG Q->z: 0000000000000000000000000000000000000000000000000000000000000001, 0000000000000000000000000000000000000000000000000000000000000000
DEBUG yQ: 1dc3f46b40c711f5c6a74083b54ac7a6ad6b469342b4080de759da9b83e78d72, 2fcee692ab4e54d1f8157320419655b49a0ed035ae613fb66983486379a4b7c8
DEBUG DEN: 0b239a63a05c83c1d4fe3b50e91436efc35522951cf6458e929329202f521d9d, 2f397eb2756b097a37daa08a01ab530b9c9c35d9f450b4df96e604b01acc7249
DEBUG DEN_INV: 021b081a4e6094e864765d788106b8068c5595941cb86c9b90941598f6a3a419, 2304510d4b85d8568176a61dc83aa5f3a0f4bc664552f0f8062218319cafe68d
DEBUG LAMBDA: 098a25664416e29d19601f4ff66a03ccda0909db79e4ed5578da644ef3b0a345, 148e9854496bad9ae5c152a49498533113987a3a36fea4d8d45cde019f957d6e
DEBUG DBL p->x: 30363c09c5fcc01c3f5d300534b47a7a4f0390bd7e1a8cbec942f81c5ae9af5d, 0c2a02ff3f98b4c1c406228fdf45158795144f978887dd1133680719851e5eda
DEBUG DBL t1 (X^2): 0ef8321c265fbcb5bf380450616f4973c477fd3fb52ed6289308c700c7054dbb, 04b3fb7dde1881d84543d5e82ee4a228152949c1759cf4253eca9b315c55af7c
DEBUG DBL M: 2ce89654731f36213da80cf1244ddc5b4d67f7bf1f8c8279b91a5502550fe931, 0e1bf2799a498588cfcb81b88cade6783f7bdd4460d6dc6fbc5fd19415010e74
DEBUG DBL S: 11f96948f5e434eb2b33f946feee82cdc2523b5d3f30a5778e6edcad30357c05, 2cbe7efa06557754146d2fc239d492fedc5d607b0ff3d0f7b4e56a5b259b9b4d
DEBUG DBL X': 2f59133021e8d29c06970272cc6b846f324813adfa27de52d5b5bc63c14247f6, 04e1badea162ab869b0ff9b2dafdfc742515b5c5c67477aa71c08d70e5d1f588
DEBUG Q->z: 01b99381ed098853e6b1d956fac5e5ec0f8470b88fc09de9a9f8448785c85ee6, 1c1855d7bf624a2f0a24a57e56fbb2f180ea3165890ad13c2d86fa3b35fb1e7b
DEBUG yQ: 1337a4938bdfa1c7d626355800749fcabcd32980cf5ccb6a7ece4bac56c88262, 158e912fa70a73c97dad778fe8c22bdf7a0c257abc09d464d0911908d51928ab
DEBUG DEN: 266f492717bf438fac4c6ab000e93f9579a653019eb996d4fd9c9758ad9104c4, 2b1d225f4e14e792fb5aef1fd18457bef4184af57813a8c9a1223211aa325156
DEBUG DEN_INV: 182a3a940ca0e0c3d09449e20ad8553743d4b7a557702034f87705a7237dfeae, 1b3692c6a7213ac321f3e609142482e20ede66fe5d1b48afbc46338a7e21650a
DEBUG LAMBDA: 028890db8e3e849267bb7db152c2147e02b449e3256606edea0e28994fa930f9, 0e1b41b220b71ae74e47d26a38c30795bdc32ba74b503f19e076e11f356a8987
DEBUG DBL p->x: 2faa319dc19b4305c864173c60475f14d0f5c17b8ee417904d3a042d0065a109, 118003cce61cc26e6e99a21fe66c0f0b7c4dbf493233b42a5540c14c7c141391
DEBUG DBL t1 (X^2): 19f34b1bf859936ccecf77fff37c26f3843f7668e004c942be97529e17671d44, 1c602d60d824aeca661fb61014132b1a9cac88184ff9d36018538ea793c155cd
DEBUG DBL M: 1d7592e107db1a1cb41e224958f31c7cf53cf8a9379c913affa56bc36db85a85, 24bc39afa73c6c357a0edc79bab828f23e842db7877baf930cda1fdfe2c70420
DEBUG DBL S: 2d76b7dc85e376123862882404516f8652f868d0983f998edd79dc351b9d9e9c, 0affeda08ed8d4d44bebec9931b8563457d54f230be1d6bb7d49b7127f8ad47e
DEBUG DBL X': 1aa499802d73ce0fe8c2cb284659e23e333e31212746b8b382ec4a6989d7a0c2, 2b7d0f7338ce29c03e47c8363121765db11d30366f25937304111af1554747c8
DEBUG Q->z: 240baa1873f8614abe1d3c9206aa203f806b45ce93ccc4bdd8ea36fc86dc46e0, 186691eccce9d4cc81c5e2bb420035e9aa9d9bd8b68e6c6cfdfe00ff65bd822f
DEBUG yQ: 1703229280272f53f76122e48dae6d8b8bae488875f35d707763d1d6a32b2e58, 02bbe71c2ff3bc79d36a2435973162f8153ff74d120ea956f9a74bc7db12375b
DEBUG DEN: 2e064525004e5ea7eec245c91b5cdb17175c9110ebe6bae0eec7a3ad46565cb0, 0577ce385fe778f3a6d4486b2e62c5f02a7fee9a241d52adf34e978fb6246eb6
DEBUG DEN_INV: 275aeeb1c8dbeeaa70ed06543620b06ce858398cc6326826e1b0a040ded5972e, 0644f4815195e4b6d4b2738056bdcca67d79786bbbca9c2f38efd4b86cb881a1
DEBUG LAMBDA: 2d929807ffcb2c74ff4cda4c8c04db8af1787f8dbb081165c60a886afd8167a7, 07626a96570d526d82489a565fd0d2d50e1a5adff9c5ddcc17229d4d16b78573
DEBUG DBL p->x: 1aa499802d73ce0fe8c2cb284659e23e333e31212746b8b382ec4a6989d7a0c2, 2b7d0f7338ce29c03e47c8363121765db11d30366f25937304111af1554747c8
DEBUG DBL t1 (X^2): 285e10469801a028de6f35fd098f07e9d2fc9986dc86ca05b42a826315053f9a, 15ebcaa21b93ecacd6deec001bb9f86b401ed572fb305f4b37e25bc9d0cc1eb5
DEBUG DBL M: 185193ee05a1a0272aad168a19aa670249f2f771c4b0c8f6a43e6efb8e15c440, 115f1173718a25dccc4c7e49d1ac90e428db15c7891f53546b86874699e75ed8
DEBUG DBL S: 170c0e58f337e7c81a34c1bc2e5cc0332c9dfefcfdb049709db986034fa54c5a, 1bf26d3687d4b42e244f01de2625207b573019ee5ad7a9fc18e003224990dafe
DEBUG DBL X': 15685c4617907e3076303856c189560c7920fbbd77037738853aff62bfa9f41d, 1a7613f2f009900735d1e1dcd1e334154aa2ff6f4ca8b4fe687eb9dba47b25e9
DEBUG Q->z: 23ef9de8a4c93799d4ecfd6ab4b494a0afa4315dc846ab1512c02959afc5188e, 0de93e5576fd6fb5ba6efeab5c2d24412d6e4a280af845b09e49e49f24ee379e
DEBUG yQ: 2d9b3cf1bed5c31df5c1e510940675f94cde382242a505027919070857fbe70a, 2ab35585d6bcb802ab340f161e4554b9db48a7fff08d8b28528fbdda8f050eaa
DEBUG DEN: 2ad22b709c79e6123333846aa68b9395023b05b31cd83f77b61181f9d77ad0cd, 25025c98cc47cfdb9e17d875bb0951161f0fe56e78a94bc368feef9e458d200d
DEBUG DEN_INV: 1ef615a943efdade2340163bc0422e423b613ff4bfbffa2d56637bcc3edf360d, 0c7113dc6df5f8692a1306d005d1195f21f286986287587e2cebdd1044c3c929
DEBUG LAMBDA: 18d80b6ac05267929a1ae58ab5505bc45b83426ce68ac8364b8209f4d376a5a9, 1c4d5accbbd297ef5c76e4014002ddc23139252caa2468384fed5c38145e7d53
DEBUG DBL p->x: 15685c4617907e3076303856c189560c7920fbbd77037738853aff62bfa9f41d, 1a7613f2f009900735d1e1dcd1e334154aa2ff6f4ca8b4fe687eb9dba47b25e9
DEBUG DBL t1 (X^2): 247dacd47d5a7381b7e4de3de356d083b70f8e6e63d63409ef6ba8ccc8dc2749, 090b84286c47e4e2df9fdcada44916ae7e1e0af3866c4910d1efad069f31b698
DEBUG DBL M: 0cb06997b5ac1a31b70e0f4ca701c0cff62bd6285a9f07035601e238a99a7b4d, 1b228c7944d7aea89edf9608ecdb440b7a5a20da9344db3275cf0713dd9523c8
DEBUG DBL S: 0a4bc2d97e69724640ee2e4618e770ad1efa873fc9eaf1f0936fd408441c4027, 2cd90f77bc67f44269eca8160d226e60c0ed05653c8044120e6cc5f143b8aaed
DEBUG DBL X': 23dc071a1d81b7ea838dd43a3a3f009cf10f7f35fc2cd60ecb88f81f9a5ae679, 1a78cc07867e83a269db5f7ecd5a66e8aee56362c62c76dd1181fe0a097934f2
DEBUG Q->z: 004b765630a55ce719553b7df9dddac50ab0942ff507c79abe718334d9c29e15, 1b90775524a76560ad852b9005499c4fe54a9ef6773117ca2e0931f8a45b4662
DEBUG yQ: 267563b4b1eaded3578a5844fab96819092432aca44408fbe13af27f005ee8dc, 14d28ac14cfdbf533680241a61b8e65b7d6ccbefb27900d558454fa5231a68a3
DEBUG DEN: 1c8678f682a41d7cf6c46ad373f177d47ac6fac7e016476a865558e72840d471, 29a5158299fb7ea66d004834c371ccb6fad997df64f201aab08a9f4a4634d146
DEBUG DEN_INV: 23dff8ef94392bf24eed6fd574bcf7a0295dde5912a481ba4323e49147bddddd, 026f4c4c9e2aee87562d705c04059e62918857530a80917d86678eca083a5d30
DEBUG LAMBDA: 04f779c6e9815682149dc10375cce090de6dce5bccbf3e9abf427b73dbabb526, 11b78b5f5c56d8d4b5936cbc84d9cb5de6443f1e03c78d1bcb66cdba2b381330
DEBUG DBL p->x: 2126ab3b0550bb9bb588f9e316c9c1d6d6280830495e71752f935cc09fdbaa7a, 175d58b5241d08c97d1135d8d5c72443d292d8ba4ebb454fb2700f39b3292ee2
DEBUG DBL t1 (X^2): 1cf4354147a5be31987200a16ea8502d7288062aa3249ed818aa956c65adcc11, 19d7477afd6041b760d4ae70e7f0af72ca06f106879d38ba04699d4528faf2b5
DEBUG DBL M: 26785150f5bf9a6b1105bc2dca77982ac016a7ee80fc11fb0ddf342e588c66ec, 1d2187fe16ef24fc6a2dc59c3650b5fac69368822e65dfa0d11c4bb8a273dad8
DEBUG DBL S: 23f0fc9feedc93fae517539eb9a21649903b49dec27f75d008f1ec8e74c06fd4, 25c133645eedb3ec3e9ba362b8bf8385712603e4b0b99935c43da25c06020c61
DEBUG DBL X': 069d15250356cec4433d0b1bff8f2626273e8aca3f2201430470bcfd11a9b608, 02d9a2838790f07537ab8f0af72732c0d1cef33f97cd6a3956ff9adb16602a1c
DEBUG Q->z: 15cc5e1460f697f795335b8ca5ff648d175ab713a2aae6785956b30d20d12730, 16d2175ac788e8dbfac373689a770415e1bf05ed7c34dcfc8a99ef42826cdcdd
DEBUG yQ: 0af56cc4b54a10689ba0090cfd68b107150c5a53658a8aeb5a1a764cdfd854e5, 18079892af86bb6c725b7a1b41a1d68ec5116616889bffbf8b1cb8385edbe605
DEBUG DEN: 15ead9896a9420d137401219fad1620e2a18b4a6cb1515d6b434ec99bfb0a9ca, 300f31255f0d76d8e4b6f4368343ad1d8a22cc2d1137ff7f16397070bdb7cc0a
DEBUG DEN_INV: 26d202131612f27bdc740f7cd4047be0f27a3e9de46adfabb350631d4ca8b03d, 22652ece7a6f8ceb458c48c977f7879ce20501d498a308cd4e2edfef1d752e01
DEBUG LAMBDA: 0445da1393ab028bd0f60a8ddf181760a2cb311ea5c4275510849d2363ffab15, 26f70def543705472f54a8f7d3ca1fdfdbf9b41aab7c9dad1bcb1c3c87c738e9
DEBUG DBL p->x: 0283d2e9482c389ad2140d15f501ec572b6deb03e2edc557062c142d29a52d72, 29686e05b5d60634b7028774de2dafc62591ab412f2556d35576dbd625519137
DEBUG DBL t1 (X^2): 256fe50ee65ff6707417d80ac3d074e2fd3959f9e7b7625f724455156017be77, 0d1cf303f549f8285111495683243ed3a2c83f471134d5491446a298a8157617
DEBUG DBL M: 0f871246f0bca2fdeba6fcb3486eadedc8a938cae6429203de8be7126f4d40d7, 2756d90bdfdde878f333dc03896cbc7ae858bdd5339e7fdb3cd3e7c9f8406245
DEBUG DBL S: 2d1fc6c0399f55a57e345324306d81f7e90a38a4ea80a541e3838276e4dd31c0, 218d5bf4e36b083efe34e35f262973773cacf2040384b142532a3b25e17a4f3e
DEBUG DBL X': 2be53e89e7dbc9aa93354a26fc4836f1f5cd1ce81f65f08851232ac548d97a5b, 23566e3b40fea5fa2c2204fac3c5eab348395906d071ff521b4d79f64ee44dd4
DEBUG Q->z: 08075707dcf15fbaed1e83b1fe9b531adc25384032db322deb03a32fdb886cd9, 005d87a93dcf599b2e0d0937baa85a083ad803f4bd9a4834baeba208a7c59f1b
DEBUG yQ: 0f38c65055febbda11cec6e36ed59678b4e5d9b0666bf1c33e70153fc44c6777, 0f60a530ab419778f8077bab46c42f49146e9312775319c20aa11ed99aa4f575
DEBUG DEN: 1e718ca0abfd77b4239d8dc6ddab2cf169cbb360ccd7e3867ce02a7f8898ceee, 1ec14a6156832ef1f00ef7568d885e9228dd2624eea6338415423db33549eaea
DEBUG DEN_INV: 0a95788b1ab937299ce579f459c78491c911687dd279e99af9427af6fff893d6, 3036d13183247da5e8f1b05194b3dc3579fab6ed73e6f68b16ef82a321bb9f79
DEBUG LAMBDA: 2414c01faf8194595d3bfd3ddc2b95a9ce385edc1da7eb7752f529df0f4d5ac3, 2f4a03e3230a3af052223d7c060476d6ac421864483416c4725ef8e97e86aecc
DEBUG DBL p->x: 1bf5da6e78d5cb143c1a17e8f430aa08a09b7a23cbd9a47bfb3d66f724e3b069, 0f32d1cf009bc94f5f907dbdde156e8cf2161b29e23cf9c9b485cc2204068165
DEBUG DBL t1 (X^2): 00640247d7bafc18e61fa4d93a8a1ab5a2c745ecbf169eb7fb09306dfd11fd4c, 1df3dc5516f64a522fbfbb2f4f5ede2fb8bbfe58e5b8a2a7938b71e3f4c226d1
DEBUG DBL M: 012c06d78730f44ab25eee8baf9e5020e855d1c63d43dc27f11b9149f735f7e4, 2977468c63b13eccd6eeebd76c9b423192b2907948b81d697e81c99505c9772c
DEBUG DBL S: 2a6a35f293cc189b43b3bb6633da4c69d0c3f052c34b358351f1e95ba35dab6d, 0279532ba551b6df77c83ece6d2cd4b4f0d0987550f7c0f3b4f22665f3d52650
DEBUG DBL X': 028d89ed10c4a00f25c8149b100c17a9f85b3e5f4579c7d4ae8a2af32921032f, 2f7c5b30aecc3a16a80b31bc915d809eb8d5e8adf0bf52c881f54a8e70a3188a
DEBUG Q->z: 2f235b3f3831a0d154f7bdc8fe729f44d540481f74a3c01868770963491fcc7c, 305bbe42d89d1835e0a420a17995cf5660477b973d5697c8bc6163175ec3bb31
DEBUG yQ: 047fdd0bd60b295c714294eaf0835de8efec27451445aa2a3967841731e265c2, 295cc4055458913dde29223bf10f4b1eb96166441be4b49f187ead742d65fd85
DEBUG DEN: 08ffba17ac1652b8e28529d5e106bbd1dfd84e8a288b545472cf082e63c4cb84, 22553997c77f82520401fec1609d3ddfdb4161f6cf579eb0f4dcced1824efdc3
DEBUG DEN_INV: 00c9dde26039934402e00cfee029607099d050f8bd9f43b4d18d3e80da3fb83b, 2da92b2c9f63cd40309c811ba70e355371efa52ad821843e6fcbf14937f647cf
DEBUG LAMBDA: 25b99b5b27403ea1de3750d03aa6d0a2232d9094d85bcaa0e03877d6117804e6, 2a61a23711371bd7903aecc3d2e36d85cb7f77e0339607720cf46179635c00a6
DEBUG DBL p->x: 028d89ed10c4a00f25c8149b100c17a9f85b3e5f4579c7d4ae8a2af32921032f, 2f7c5b30aecc3a16a80b31bc915d809eb8d5e8adf0bf52c881f54a8e70a3188a
DEBUG DBL t1 (X^2): 2f79fe028373734e82ea8dec487e4047740b006bed9743ae7984723f0aadc4ae, 213d791052817b290835cbdb80071d29bdee6f65fa8f92141fe56045b1f2759c
DEBUG DBL M: 2da55d21c7f71998181f1e57d678101b2d1e2c20f7e235f0f44c3e8f6f0f537c, 02efce4b35213127a800d8257d12a6c20ac8790f1ecb2121e76f08a364dd6646
DEBUG DBL S: 08dfbe88fc8185e1cdd89c1826bf3317be3057a5a0acb1a76bec935ac24211fc, 1ef17ac95ee9435466e47108401d89ea2b45eaaa6c58fef1768cb1b92ae3c7cd
DEBUG DBL X': 1fa3126e70cedda430f7fb6bcbf26ab2de8afb033ebb895f034a0bba966703ac, 178590475caaee9760468e5613daf8c8b59d551025f1db95f8d4e2869526c043
DEBUG Q->z: 18d878ad5946f2439a2d9c11df6d7ba334078e95f59a0b36f81f1f0204fad42d, 170904183d356b04e40826cddf8d6a935dc160577c0ef0a73aa12b6b063d593e
DEBUG yQ: 01bb98235b5da5aa8c039a805e3836d9c2d3083bfd709d88a3ab2ae2584e4712, 09f1919f1ee189e2453f4e728ed05d3792cf41885e07ae4d22b33e1251e20642
DEBUG DEN: 03773046b6bb4b5518073500bc706db385a61077fae13b11475655c4b09c8e24, 13e3233e3dc313c48a7e9ce51da0ba6f259e8310bc0f5c9a45667c24a3c40c84
DEBUG DEN_INV: 00c70831880aa43ec6223e98c15d1b7c3f5dcbba37095ecef159d762e9bf8134, 1793a6fbe2da335fff9f1e69261c141d4c5694383357d7df2e9a5876102d5969
DEBUG LAMBDA: 1449e6f5a533328159534fb0f73342dc36280ca50d1eef7a89637d403be26ea7, 0aea744f20b5327fa64a450b3631f0c34b499b530ad539dcd2407294619e9727
DEBUG DBL p->x: 04c70d5d5bee27c1b98e15140e24492c5688bad8074fe38b7a8f93e8b6587dff, 127cbe89dda996eb5ac571973d259e91ae9fc9a11e415e6c4ca9eee93d7874fe
DEBUG DBL t1 (X^2): 1d974481dd86ba7184aa5b19f37022158fb8d026c04f566b8366900d203f6c4d, 23431df704d6ffe7f8b738e933b4a82c18bcfafd89f7554a293b86ad468243d7
DEBUG DBL M: 28617f12b7628f2ad5aecb9758cf0de317a905e2d87c38b54e132410884147a0, 0900bcff4c21bf6479851f4e981b47c91b341bd5cd026ac403717bda228cd0f7
DEBUG DBL S: 2aa25cd21afdc270a3166cb047324c7514745f38a46a0f1fa28c8ebf380235d9, 01e307f1c00be435a28d9f55d8ba2fd3854561267c39aa096574b68f5a686723
DEBUG DBL X': 14ba01afdfdba4ede82368490dc370dda151eb474c22b72e9f7f1646c073463d, 0dd716d36a6cc7219dfd8da9e0e984a9b3321346a9f19edccd93b3de8cef66da
DEBUG Q->z: 074fbb46507488ff25677f65fece3568b59c6e01f2b1455703f5c05fd4e138cd, 0502c2565cb949e7d9f2a184a7adc01f26f3a704aca6ee571ba602e99da4bd3b
DEBUG yQ: 24ce2b72a3bfa700595d08726fd17e97cd09b2502bfeb0c42b5405e63add1f64, 1577f1d50342637052d94c4a0e8653c6c21118e60204a06ff956aa5b9c51fc4e
DEBUG DEN: 19380872664dadd6fa69cb2e5e21a4d20291fa0eef8b96fb1a877fb59d3d4181, 2aefe3aa0684c6e0a5b298941d0ca78d842231cc040940dff2ad54b738a3f89c
DEBUG DEN_INV: 0f2de327cab3260c10e67b0466c76dc27d39e62ddb2f91d94eefecac913856f9, 0935709c58d80903f61dd3042e53ed3b840308b85f0874e078d8024b56b411fa
DEBUG LAMBDA: 004c87824741daf23016edc23944e2a71922b14fa7c089eaac08d36197a65a45, 190d30ffbca947f50d8b73189857ba6b29ae9448d6c3d400b86ae5b8cbcf4756
DEBUG DBL p->x: 14ba01afdfdba4ede82368490dc370dda151eb474c22b72e9f7f1646c073463d, 0dd716d36a6cc7219dfd8da9e0e984a9b3321346a9f19edccd93b3de8cef66da
DEBUG DBL t1 (X^2): 1302df2c472d1730469bb0ff53b7d5ad000209863ba40dfb32c0f90914ffd32e, 1ec1fd47f56e415abf2de162d709f748036239caca4e56a239fe0a0e5d5ef9b4
DEBUG DBL M: 08a44f11f455a5671b82cd4779a628a96884b2014a7a5f645c225f0466827c43, 2be1a964ff1923e685395e72039c8d7a72a542cef679395971d992143f9fefd5
DEBUG DBL S: 03b48211aafcd951f154ccb6f670c13490f57423f95c1498ae4ce0883d1f66a8, 19d7b3445f0339662e9e078ac529997441f7edb5fb7bb2bdfb9d24c8f954b8f9
DEBUG DBL X': 0997a5570ae641c0e6ae557dfb54f0abd5fc104f8e9c38dc24ee76b78e31508b, 0a3af32afc943fe093320cf62a6fc8b66a6fdaee3274b74d004b8c7c7fca3d46
DEBUG Q->z: 2d5b471ffd5b15b16102b22d7a0fe3e29add8e4e3622c729546a01ea26a0e960, 2809f1c4a4980a346e77b16ebbeab297947eb7ae41768821b3e0209f5b8e48da
DEBUG yQ: 2fb1ec9a4b5e6fa2f5c6d0991c4dfe63de7fcb9b9254ceed3914232299ee774c, 033e3384dac6093db21964c749f4cf6195f4c85a6c08fb3298d0a9bb90b1a703
DEBUG DEN: 2eff8ac1b58b3f1c333d5b7bb71aa46a257e2ca5bc37d34d3607ba2e5b5ff151, 067c6709b58c127b6432c98e93e99ec32be990b4d811f66531a1537721634e06
DEBUG DEN_INV: 1ac78c212e75839453314f95c95d458086c85e5a1e81a5e8628e3a220d465495, 2ee9aa96cb32dce3aa50172ba41971a762cdb4565293a556bda7e23a3ed11158
DEBUG LAMBDA: 060b5fe0e308dd0ae40f3ac90fdbb5814ccc5b873a252b4204f90742aaff8def, 0c073160328e583f13ab50de6005be6104794ee8bd65e2d250efc4ce16f6e98c
DEBUG DBL p->x: 0845da6a4505a4d08084375fff0c2779391a0a2a74b7debafffa29e97592ab20, 1aecaf606344d5ffb6c18680dc35c1634b936785c003fb6674430ef0f06c4bef
DEBUG DBL t1 (X^2): 195d335d5c9721b7cbe7cf71443ed5d5dac740f3386b43202cc896c36848767c, 1639768ee5b4820e0554ebf737da2d45272db6619347c66f7df2aa7e120caf0f
DEBUG DBL M: 1bb34ba53493c4fdab67289d4b3b2923f8d4584840cffed34a393833605c662d, 12481539cfebe60057ae7e2f260d2f71de07b893516588c13db773635da90fe6
DEBUG DBL S: 121dc8bf05d78d8fd4e1cd1b0be9b2a725933f6472abac5fb13655d789c6bf35, 084eac753fd6cf71f993e8786a30e20cfb05da2493239d4b0d501679b5c6d211
DEBUG DBL X': 006ace9a9fa63b4c93e61d6bf9b4130880a1622035f17e22db44251ce3ed5c35, 0de54254f2ad4726ea3a2e72f17337718e352521642e9f277b6b894aa8b9038b
DEBUG Q->z: 16636f425ae22f2cee4e5169a94cdcc22df15710c3b10b36cb142d7b9ceb0613, 15174dbde1b4c790925ea0699a96f55cd5d434988f6aeac8a3e1611f1fd9d827
DEBUG yQ: 1d4e1fc7205559386d110db47cb2da77686f20ef8b13dc940e9bfebaa8e90274, 18d97b080855fab8cfe7c238b533ccc1c580b7c1851c035483ac480f700ae4b4
DEBUG DEN: 0a37f11b5f79124721d1d5b277e45c91395cd74dadb5ee9ae117715e795507a1, 014ea79d2f7a5547e77f3ebae8e64125f38004f1a1c63c1bcb3804080798cc21
DEBUG DEN_INV: 143f7d05bee1fb5c9f153e6459da3912b7a2bf42e0fbf3ca44a01b92e99894dc, 009a7721e229deda10000725259b990b43b8fbccbf18e0d4e248ecd201203497
DEBUG LAMBDA: 00ac9a10048be33463cb567adb959dba42c303414f2b0e3e4b81ef6141c299ff, 1db051ac22d24ba16288ecf89b3160ba4f4812cd0edb14540ba9a77455d61a9b
DEBUG DBL p->x: 11da2189aec645e094582c9987fbe5f472f7685e2039613cbca29ccf007576e8, 2267a7f8ce796bac8b3865d9128e9cf3583499ad7adccc1dd4f6f03d962d8c04
DEBUG DBL t1 (X^2): 162ff18cf3c33f42c6c89d2327e72cdb16a244c632bb5a84f95aaab531af7239, 29919f611737164f59a63ec882174d662e6912ab8d9dd68e89c83222f3796caa
DEBUG DBL M: 122b8633fa181d9e9c0991b2f6342e33ac6563c12fc04501afef7408bc915964, 1bec413d8342029a9c5230ec834337775c3862dfd7f5ee9125177e3b29724b70
DEBUG DBL S: 0f30628b978d95b4b650f62e28eb670d792df620804718fb058d3472d8a14df6, 133441585ef2c04eabffa8c073a6199f639c1e11f70dbd504d9d03c0732762a0
DEBUG DBL X': 15bf384578e7c620c22222c8c8b36ce9fdde463f9ca3033bd36c41499100b24c, 2b553f7d4513bec449501aa9d5f04cd1063176a2691a284454ed95b0d42bdc6b
DEBUG Q->z: 132dadd68e6a8dec714f5c3ef5ed0d6f7de11295f9149e71f59abea40d48c30f, 0df66e564810320ac90fa9a316c23a208ce77740995e52d3b9343613c2efc3b7
DEBUG yQ: 2b2e4227aab917c9bb24b5cd085e67942acf5ee123196ddc23c05828d7ad405e, 166a818ac7be8978f2a38c4b0f3248ba5e377b6b720e882f61d0abd591633c90
DEBUG DEN: 25f835dc74408f69bdf925e38f3b76cabe1d5330ddc1112b0b60243ad6dd8375, 2cd503158f7d12f1e54718961e649174bc6ef6d6e41d105ec3a157ab22c67920
DEBUG DEN_INV: 2e02dc5515c97bf658f73ee74d4d90ff3dcf796ef146761d32c147b8bba471a8, 20d64625e976e4c0f3359322f9a18401a1bf9e09e888dd1b220af41b3a7782f4
DEBUG LAMBDA: 1df4effdfb2d0e810a485a3a5ed0e9cb11c8aa64f7e1a19c261a870a259fa247, 10a3d4fde1e2d80915a157b9de5b9511708a186b08bdc905b6360306c2180a6e
DEBUG DBL p->x: 0ca564029ce7b69a624bf1859ad133d7adad38b6e587964e2c9f80470fa719f3, 00cd6083e7c727c93ab24c733f63af3dead26aaa68f16d5725fb20fcad1b9b81
DEBUG DBL t1 (X^2): 1734ebac9e1c335053a3c787e6aeee9ec6ee790a130202416c4cea21978b8756, 0704f5157e46cb2e56fc9890442cdabd89c44b246924e96fee09bec78e5d1c39
DEBUG DBL M: 153a7492f922f9c7429b10e1328b737ebd4a008cd0943c3708c6324dee2598bb, 150edf407ad4618b04f5c9b0cc8690389d4ce16d3b6ebc4fca1d3c56ab1754ab
DEBUG DBL S: 2a8804fe4ddc618fa086019156b1290cdd512956747a0cd01b299f2db1c1c0c6, 2b8e13567e78ecfa008483d504eadd3c17f0876158b55e8427bec4f91b62f5a4
DEBUG DBL X': 2e643e40cc5b75840182bb816f28a614a6760c7fb24fcc456ffb2c6990a8d5eb, 2b77c5e78754285c052107443c16dfde6452b1d03c18b7f54b88dcf4a22b3523
DEBUG Q->z: 0e0be0f7ae5675f88b4a9c1167e2c9da1ccde342e0d1a8a7393796e3c76d5f5b, 0885ed7a205393ee4b59b2213d23c166dffff0b2bae668995502b0ecf281d79b
DEBUG yQ: 2d22ac19a822cd5db92bba32a3dc3d95f43f2082457256fba0ec8bb136d46d69, 0f56134a70d9a3a6b2645749882a76e40869e268b8e3a694a7b7f5cbeb749ca1
DEBUG DEN: 29e109c06f13fa91ba072eaec63722ce50fcd6732272e36a05b88b4b952bdd8b, 1eac2694e1b3474d64c8ae931054edc810d3c4d171c74d294f6feb97d6e93942
DEBUG DEN_INV: 1dcea0ed7b57364ee353dd05bb2327bc2575b3ebdea75b58b4649e02412395ef, 1a40b02676074567e03c6a0f37f8c0b0b294a204f17235825c7167afadc45c8f
DEBUG LAMBDA: 176becf3f4b6358609c633247d5f909ccba07a49ab4d9fe819b96c7eecb20fc7, 1858ff5b3b7a0d27a90ae7feb5d113bd52bbab34b7461f179af9a2c37a48fdaa
DEBUG DBL p->x: 1e71ce94657b8a8c5ab094f35cbd408e45f506c5d9a40a58045d6202226864f2, 1aac008ad08163db211a2a02b0a2d94a0543db277c3325d89342ec3e4b4824b2
DEBUG DBL t1 (X^2): 10a1d0ef2f8d27edf68eb92ec4c7ebf98e32351d59f1dde57b3a660cc2bf8721, 117cdad1002a6641498e3d38876a57d5f1c31d8b03d63e3e85374f4f94d4cc9b
DEBUG DBL M: 0181245aad75d7a02b5be5d5ccd66b8f131534c6a563cf23358ea60f6fc1981c, 041242001f4d929a245a71f314bdaf243dc7ee0fa310f02e538561d7e601688a
DEBUG DBL S: 2aebdc2665163ef1baa3d71e2bbb0a2db7ff3af9581c3f20c33990897d33030f, 1c9b6ee22a2a210d6fc901d72b82df58d288de02b2ab11b955abc841e1f88960
DEBUG DBL X': 1d6b7824caa579657fa5e3bd3a79b769424a20d1c692c30643aa25a62d5bdf25, 23a516f644c874854baf3d3222b91e85ac7e8e4089bf64fa0050ca1f70c611c1
DEBUG Q->z: 27f4d951cb90a54afdfb97d5c8d13f98fc51489feb428008039f8b5534a1c595, 24d04f6e7ae9abf6c57603800096a0a8505b8e944f8aca2785f33c129e66bd7d
DEBUG yQ: 0bfbd1445fc42f11702913c821f2033d5d847494655e4f4a387539582361d983, 23396f785f3d812d9e58605ef30f256e857b5a42fece52cca7b84a64df0bdaec
DEBUG DEN: 17f7a288bf885e22e052279043e4067abb08e928cabc9e9470ea72b046c3b306, 160e907ddd49623184607b07649cf27f737549f4952adb0c135008b2e59ab891
DEBUG DEN_INV: 18ebfdfd157050461098f971836742095bc90f0c93eec01ebab35a6c7fde73e8, 23672a1534ea13e66ef01d32c3f9e77641dad90421372a066f704a65da60eec0
DEBUG LAMBDA: 19dda3a4cbcba20d769ba07148442d09dcfe27becc8872c6eae9565d5964d14c, 2096f0941fbee2a438537c21ef8ba80b48a2c1e28f23a9f96b6223f0a0c1b579
DEBUG DBL p->x: 1d6b7824caa579657fa5e3bd3a79b769424a20d1c692c30643aa25a62d5bdf25, 23a516f644c874854baf3d3222b91e85ac7e8e4089bf64fa0050ca1f70c611c1
DEBUG DBL t1 (X^2): 126b818fc1af81ae754a521dc06115dc229a6c738d65843de2d3c2a6c45d34ea, 08c4e5e6a2e2529b21d3f5a9655941f69c15483704bbaca778295ba874630ed1
DEBUG DBL M: 06de363c63dce4e1a78eb0a2bfa1e936d04ddac93fbec22c6c5abbdd749aa177, 1a4eb1b3e8a6f7d1657be0fc300bc5e3d43fd8a50e3305f6687c12f95d292c73
DEBUG DBL S: 0ffae9364f13dcd8d1a253d8d5e5fa381ea9d7e23954aa317ee42613f6678ab6, 02ab2c2d7e11398283ea06ea8a170d49732e594ea01081f978dbd71d120811cd
DEBUG DBL X': 1ac5f3f52e73702643f2ba7e854a97c24c68b01b76da9646f518132dd74c8a30, 16b89a3df552aaf90a9e05c4cfe62f717585b55e5a29733175f953d8de3f9d0a
DEBUG Q->z: 0e851835cafb83149fc09fd466918e0dace531ab03d53febf1dfe105909e4f3f, 2c6d275a2e87f8e0a46709e9feb1e409fb5474ba8439968e9a88877b666b58fa
DEBUG yQ: 05c1fce0bdd7bcd8cdc0b91b87876d1878464eccd96640a3bd897549717601c4, 1de99a887c4f6c51a4d4ccb83b404b80f8bc17ea4f55e112049609469b8470b7
DEBUG DEN: 0b83f9c17baf79b19b8172370f0eda30f08c9d99b2cc81477b12ea92e2ec0388, 0b6ee69e176d3879915953b9f4ff3ea459f6c5433639f796cd0b86765e8be427
DEBUG DEN_INV: 171280f5fb478a36866dfd45680147ee25fe4c1584b2fc7a10c9c9facad6f9e7, 02a4133d79bb56295c2f2c274db476dd765e1579c55a64d9f0bf0589126a2377
DEBUG LAMBDA: 0230772ed323ae0cafec635e68f56e5974e4e9655d27f588520f93f6bcc41fbe, 12984daaa90ab8e503fc0a1a9561e35ad969ae0473140770185b93888226e8b3
DEBUG DBL p->x: 1ac5f3f52e73702643f2ba7e854a97c24c68b01b76da9646f518132dd74c8a30, 16b89a3df552aaf90a9e05c4cfe62f717585b55e5a29733175f953d8de3f9d0a
DEBUG DBL t1 (X^2): 28de09d5665660c422453ec58274faaeee0b28cb10e4a2e0273dbfabd39d7cc1, 29cc213e08a951a37c5d71cec7c740b2a5ecc041f60a854be2c1ea092a4b9421
DEBUG DBL M: 19d1809a709fe1f8f62f30e3845c3f519b1ea53e61ca5385fd7826d5c9de7bb5, 1c9bc6d45798b4970477c9ff5453115cc2c36ba3113bfac93004a5edcde8c1d5
DEBUG DBL S: 0996134766b470466ebe7c28adac7cbb575bf43fc44b2eeadcb6085d49efddc1, 1d14f7f3c963f26c3eaf33effdc18a1711853699825767b524f3a84a8c448802
DEBUG DBL X': 154e7cddb1835222632f22e22c2f439fcf98da3869ba16dc6e5a76a3ca7a7e62, 0e18d32d35afb35aefc568d1b48d906040b932ff6ccce0aa98b681498a673ab2
DEBUG Q->z: 0855b924ad311d6c66842b46dfd7506832481bb2f20d55c571fe74f64167d467, 022d3d741526cc75babb6a84229ab5118f223f7a88b3f9c47de841e260f59356
DEBUG yQ: 1bfb8bf300b316c9e1f4d8285c2fa7c5ce380a83a2a7e34363ef3aa5c64fbf43, 0eb11f21607a4c2f58ff74f4fbdf94a1cfdb1344ff977b909fbe594f7a1ad3d8
DEBUG DEN: 0792c97320348d6a0b996a9a36ddf72e04eeaa75dcddfbf98bbde934b422813f, 1d623e42c0f4985eb1fee9e9f7bf29439fb62689ff2ef7213f7cb29ef435a7b0
DEBUG DEN_INV: 04bc13c16a5edea76fb207029c15aa54f66d6a9a82f447f527ca87b67463d743, 011071368b69968250877fef8634408236413c3de6078fba4ea52fa9da847cd3
DEBUG LAMBDA: 1909ee167d0238ade72025869b0c6d1a3c2b5360e8836f6bc2cce32959daeb5d, 0a359b7ae79409c0a02a440df29d01c20d94966b02a870d90b3013718a3bd071
DEBUG DBL p->x: 2f5f4758b9f467f35540b23596871c9cba883c5a44004cc3b9dda539c6d8dcd8, 0e7765ff7c69552e1ad5e11a09efe346320aa80b8bbf5afb717bc17d49bb298d
DEBUG DBL t1 (X^2): 2591f6fa1c115653ad35ef2b82014470779a4d2b24d48487faa6a9558f39e4c3, 1d932b2af8c1263bea46c02bb7599c4cd45076a18321ef79d6a74a166e3ba187
DEBUG DBL M: 0fed480891d0c2a79701421583011c9637cc125e9d99f87d77b2e3d2fcb3b3bb, 2855330e0911d28a0683facca48b7c88e56ff95320f403e047d5522c7235e74e
DEBUG DBL S: 10f900a5920976c28433007bdb6de9b50afcbd81b760223ad113a44863603444, 213f962451dca34c90266f8c4727a70988a9c4f723150a8e67d63f523655fbee
DEBUG DBL X': 0bc58e475ba7900ec1805d58546380bf5da7d179ac1315d0bdaa979919efbfa7, 04aaab53c1827b986605f32942e1068fe3913e3d20733e7b160933a3a76d48cf
DEBUG Q->z: 00ded98706118debc1b3811ac09143465fc655d8251174fc0a07254f10eec98b, 177941723dbadc859e87d7ad2fd26e79f075dc0d85f333ea5ebbb639523f017a
DEBUG yQ: 128d812b61b978738d0dcff9540fa51c6c78b63dc2e3de2acd16af9923542523, 15a6f105cbe0ea137a9047ac9e2f8e2db69836df501513a5d8304c5c6c3840be
DEBUG DEN: 251b0256c372f0e71a1b9ff2a81f4a38d8f16c7b85c7bc559a2d5f3246a84a46, 2b4de20b97c1d426f5208f593c5f1c5b6d306dbea02a274bb06098b8d870817c
DEBUG DEN_INV: 01e3c46e445d1947312fb185aee255ac8d2bc8c2a86a17455f87191a9b628a57, 03b74888be12a464b069025be1ff3152b8c9c2f6311a5b12423c6c32060fb61d
DEBUG LAMBDA: 13ee6c0b58c9c1d0fe92b8ddc0fcec78396b263935028d9067d540b0bfdb00ce, 1c4cbe663d9c5b14594a60532eb2f4deadca93981a78fba920dc3a40d85c373b
DEBUG DBL p->x: 0bc58e475ba7900ec1805d58546380bf5da7d179ac1315d0bdaa979919efbfa7, 04aaab53c1827b986605f32942e1068fe3913e3d20733e7b160933a3a76d48cf
DEBUG DBL t1 (X^2): 0c2c4b5fef249d5db0d27732dae81ffb687afe79e3cc00124f55ab40de1783b0, 09eebecf72a92a4cca694eac499ef71652db0213a52b62dd09f871dee63626f6
DEBUG DBL M: 2484e21fcd6dd8191277659890b85ff23970fb6dab640036ee0101c29a468b10, 1dcc3c6e57fb7ee65f3bec04dcdce542f891063aef8228971de9559cb2a274e2
DEBUG DBL S: 10c9ac9f62dc15b1ecc0939fad56e907d3967d922507fa7fc8b228fd6fce7993, 030da2cc9094f70dae2cc1351ddd44c04475189ba823026e8e30415ea04973ee
DEBUG DBL X': 18ad583bacd9cd2550cd845100d56012d498d3c6869f36b3a569529222a77938, 195e7b64c295e9f895ce9ad4ee2f71ea005f822085fd25abd55404162d0d76ec
DEBUG Q->z: 2e600260e7559864b9825e1985cdafa1260a9729f1e82b1366463d4e12f0daeb, 2d9e11415645021a010103c84431ca5ef8d286b021a92097499379eadf4de379
DEBUG yQ: 11f181bfa601ea4556464a8e665c1afedea8105b60f1284274ee937f3a21f409, 0ce0e09a915a824ac9593b1f609e542512d02e926a315afffda639a84d668d5e
DEBUG DEN: 23e3037f4c03d48aac8c951cccb835fdbd5020b6c1e25084e9dd26fe7443e812, 19c1c13522b5049592b2763ec13ca84a25a05d24d462b5fffb4c73509acd1abc
DEBUG DEN_INV: 038b30ed3fcc2d13a671d4b467677989052476cc037c8ff81238b01f3c49bfaf, 05c635877882a77cfdf1a0dd5077b17d88f65aeeecb1f451a880690c866a19c1
DEBUG LAMBDA: 24ca948298ef4cc0106b502b66811da1a096ec06387aec7b384e1caa7d291457, 188980613f34ccb70374fc25070c7f03f15054f6d555c7d815e54763dc7b7dfb
DEBUG DBL p->x: 20abae84337c0c96916bfb534b8d2b71ec53efa016fe5be4e699dd482204bb68, 291b5a7350a634c3688057fb6420afde12a21e36669b38bc560092a2d48948b0
DEBUG DBL t1 (X^2): 1fbec6f33a27e3c05dd0ecea3f8152c4c83e823af205cd419e70710ad8bf2b42, 2d370682ca30fb3197bf729b9b3fefba4681fa753ca1eab61b0225d5ca3c1c57
DEBUG DBL M: 2ed80666cd460b17612281083d029ff0c13a1c1f6d9f9d379f30c709b1c0847f, 26dc76a29c2fb141569dcc65cebd1e73a4831a3ce5022b07d8c55953adba5a77
DEBUG DBL S: 2ed51e3053173c30149ea13b3c39f4121ab32b40b1f5ec85f42e9cd4a5d9683a, 0a63b9bda43895cd84c37023b0c893e67954a3bcbabd24ae2131c3cd4b174d5b
DEBUG DBL X': 0811d015326242e64dd4c323c398a54c5c28fa32ea90a2207b581513c523e261, 1dda1675241af8ea3fce673566175aa6d1ee201c03e48c662ae980f39e7df2e7
DEBUG Q->z: 0fb70b1728b99d48b14c1b2f7e3e1a540b2550acdc8a95445ce3ad06aee3251f, 0d02a500a39786dee8e3cb6e9425d184086ea14125891b7b684d2a2587eb2067
DEBUG yQ: 0aab79a424480c2675d9cf8f3c4cfd3b862dbba02c6e3eb01acc37b4e855f5a5, 006805c53bab1522992e57d52686bfc66d24492a9169b427c2f9b9fd9890d750
DEBUG DEN: 1556f3484890184cebb39f1e7899fa770c5b774058dc7d6035986f69d0abeb4a, 00d00b8a77562a45325cafaa4d0d7f8cda48925522d3684f85f373fb3121aea0
DEBUG DEN_INV: 1e8bb04deebbd91e1a07e61565f41e2cf060d9f1693ee4a49648757cf3731cc0, 0966beb40a2d82c934f902395fc18fac40832bdd43c86a96afecab9d70f373ef
DEBUG LAMBDA: 2fe584a2fc17f43135e45e963707a606e6a27a06b5c978b6165130940672439c, 2a9efd4bfa580b72ed70fea6ccb77d1b78bed4cadfd0e991f3a85a859ee83488
DEBUG DBL p->x: 20b81e6ea2833fc6afc1c496f50032fbb3b1165eeb7d199ae4821098e1dc660c, 0852df0fa716ed0349ed48ea5bb7c6f06bec1bdf24df2c2dacd6e3514fff6ba1
DEBUG DBL t1 (X^2): 115522b221fdff53c5e63add366ec65247fb63d1722003e05ebc4757da992f57, 26b98e32073ddcfdcfeb8a5e231814dd4401925eac37a90bc587f92e7edcb1f7
DEBUG DBL M: 039b19a384c85dd199626ae121cafa994070c0e2edee4113e01449f0b74e90be, 13640db0535656a5ff2213ad66458ddc9d01e1f933c36608d856d35dcb9c1b57
DEBUG DBL S: 1c94ee3c28efaaf308a2212cc965a99f6c84797a425f185ab79f321611da428b, 226885237324e710f9300578adbf8934683348f6a82c5a05916bb691f1d01de6
DEBUG DBL X': 18ea4618eff8ebcb53235b808055de3d0a936dc859d0f8eb18a149e02d51c524, 2e9b415e9e5cbb46fbe5a1a69f7a79c8bf3547238741a1966b4561f9ea3f003c
DEBUG Q->z: 25feefeb5c993c51fd0323b628a74157471a5cfcde077242c40bad0cbf0e74a7, 12c2b0d3a179724fb62c16a1ae25d336cbe672d1b999f824cfca1b8ff1f5878b
DEBUG yQ: 0132155887c90f309b570a8abec555e97bab63c98e9510fe792d0d12796ac4ea, 27c80d6a6a3cf428bb494962d248d53b4a36197e937c2b646d2eedf29fe975de
DEBUG DEN: 02642ab10f921e6136ae15157d8aabd2f756c7931d2a21fcf25a1a24f2d589d4, 1f2bcc61f3484827be424d0f23105218fceac86bbe868c3b9e3d4fce6755ee75
DEBUG DEN_INV: 198bc5005099228a6d13b53dbbe904029ba673e8790575e4750ea64f924d484a, 0a3deb4f1a0579026c95f07b8c87d7d2434077a0deae67321ab0894b65d6f59e
DEBUG LAMBDA: 04409b3fb90889a5a26c52a5e56f9c6d3cee01e12fc41ccac3fc6b76866cf255, 00c24103008d92309955238d3af292defabfd17e41598fc04faf85705f8ca40c
DEBUG DBL p->x: 0dd10a23226ee95dd57008569ceafdc6e806bf975689bc11b3bb6f3cd0c8ec42, 1c709f45516b339cf59a51cac5027bfcf6014e99987b068189b747933b52c420
DEBUG DBL t1 (X^2): 279e9dbad9dd929db404d01dfeb444b3c3c44fef4f8ff95e82d1633c4f573ada, 2793e2f523e073c21115c01742e0f20aeecae3956cb8a606f403171214c9550e
DEBUG DBL M: 16133c4acb357785ab6de4ecf91a1d601c4a1aab1dcc5701103311873d0bb600, 15f30bf9a93e1af2c2a0b4d8c5a025659d5dd59d75465cfa63c82d088d62049c
DEBUG DBL S: 115e5325a83cf3da01fe1ccb625181672ff9d9642e43b58d3f5a6f4ffa41ebf0, 25a348615fedc10fcb9355ec740d296491ec222a1eaa84f77895ebef04c23f43
DEBUG DBL X': 035908ce33e04d7a410691879a72be0972f91ed6aa3de5a1bccc0fc7a2296738, 117389d62788b5b93fd88dd4b8b07f596d4dbc98a4924ed948fbe4fe23d07dc9
DEBUG Q->z: 08aac38123a07e592facd158093dfc92cbe5eb80078a3cba53d9e34b3fafadd9, 15349af0bc75b2519fb8a7c493e328e096e7c5e167f0289fa0137a119eabd9e7
DEBUG yQ: 2e1d2b4dcdae776e3455e81817dfec43af46061878b63de5d2cb2fd256ac9474, 1ad663a9f7e3c6bae73e229ac683112985437430c6615af36d49af60b198d3e4
DEBUG DEN: 2bd60828ba2b4eb2b05b8a79ae3e8029c70aa19f88fab13e6975d38dd4dc2ba1, 054878e10e95ed4c162bff7f0b84c9f573057dd02450eb599e72d2aa8ab4aa81
DEBUG DEN_INV: 088391eddf7bf6aac3960223c14d5d7ca052754081f46307210b0b3ec1f92e6d, 1171dc159db1f81055a76dc8ffadc255843a849003afd4196c642c0406d0ae67
DEBUG LAMBDA: 29399917cf8a9e6bf51218d06cbeb8e8cca22e00d586c981ba87f324f02811ad, 093e732f9b8dc88f069c0be16deb788d92559358729a759894f069f699dff4a1
DEBUG DBL p->x: 035908ce33e04d7a410691879a72be0972f91ed6aa3de5a1bccc0fc7a2296738, 117389d62788b5b93fd88dd4b8b07f596d4dbc98a4924ed948fbe4fe23d07dc9
DEBUG DBL t1 (X^2): 0198818336561686c51d36f69e10a52c4f2c1addc864251d5f2a694ae052421a, 066904fd28ae4461cba147efa9764d55e026433c99b605de9b40c9a8a3d79ce2
DEBUG DBL M: 04c98489a30243944f57a4e3da31ef84ed845099592c6f581d7f3be0a0f6c64e, 133b0ef77a0acd2562e3d7cefc62e801a072c9b5cd22119bd1c25cf9eb86d6a6
DEBUG DBL S: 0349b3617d940c1cdb0d042e141f88cfae46e44df0a212b06865f4b1641a0ed1, 2bdeaf940c0fbf724de5dad2572a4d82497f9c8f1e7cf30ca3e678e0dc7682a9
DEBUG DBL X': 14d43cb4954b64fba13d77523ebf6b3aa376730b76bd1b520376b889baf7d906, 2e7646982a373a1f06d442184eba97d1d6e46dc61ddef62f7306ed3e6a6479ca
DEBUG Q->z: 2cf3eb140917b87104d46bb1346cd5c4bd04446922221512cf785f574480714e, 28ab3283a03f144592321058196c371142669da1f44f8001dc6513430da0422f
DEBUG yQ: 1b21088953e8619bb519a5fa185fac7e2fe89a1e728340a92985f1303295458c, 0ebfef03ade7234944d659310f7a9f51aebf534dad002f33f5ec329f17b48383
DEBUG DEN: 05ddc29fc69f230db1e3063daf3e009ec84fc9ab7c94b6c516eb56498cad8dd1, 1d7fde075bce469289acb2621ef53ea35d7ea69b5a005e67ebd8653e2f690706
DEBUG DEN_INV: 1cd2767b01ba8368dc66c6a2a771d3a5c1f0f9fec738c066049249ef7fa9c7fd, 14cfdf494882609954bc9eae570853a229521536e4d13941cdd465eb5167c53f
DEBUG LAMBDA: 14399bdaa80a9da84d87860538707173d246e3c574b9a62994b52936b2d6d25d, 058e2eadd274e1188ed486d5159440b21f8074103e31620a3df31898c1d3ddbe
DEBUG DBL p->x: 14d43cb4954b64fba13d77523ebf6b3aa376730b76bd1b520376b889baf7d906, 2e7646982a373a1f06d442184eba97d1d6e46dc61ddef62f7306ed3e6a6479ca
DEBUG DBL t1 (X^2): 1adeccc48f5339cac16281a3237e6b0f84430e0d4e562a2b0285d7a6d967d6fe, 1c0b3500d1a40b94764387d5a17215868180e3809fff339e1780ebd7fe51ca88
DEBUG DBL M: 203817daccc80d368bd73f32e8f9e8d0f547bf968290b3f3cb70faddb3ba87b3, 23bd508f93ba8293aa7a51ca62d4e835ed013ff0778bd04d0a62377122786251
DEBUG DBL S: 12c70e907f3b2c1cf32539d546cedc539d91a70bc68878506054ad1c40485c52, 0d2e65a04abc0f3c9f550480b411d8125a240ddbf1cd4f09d0c0b523e8ce5f3c
DEBUG DBL X': 1bb104926f2aafcaf475f541f2dd9baf12b13652a145fa7cd961178d301eddbf, 1a5d6f7bd45c7d9eed03de69be211957b87794fd72cb9591daaa94409fa913c4
DEBUG Q->z: 096912aeb9b50c1aad538f1310427456f3a414ab0ee611f3351c3932c37295e2, 2f46fdac7de358740902a3f9de0c9ed30d06c92a21df4955a404465d9d96238f
DEBUG yQ: 133d9382c5a5687b8c7070ea878b07d98be4613d92e9da48d6adba90b6f898a9, 1a60513fc1788efef7f6523fa176b8483dbfe634d3d6a7f510e89bd618b454d4
DEBUG DEN: 267b27058b4ad0f718e0e1d50f160fb317c8c27b25d3b491ad5b75216df13152, 045c540ca1bf7dd4379c5ec8c16c1832e3fe61d83f3b855ce5b0ab9558ebac61
DEBUG DEN_INV: 0e793ebdf6acff40f8ca4462ae39652f81a614202931a3d5ef26df9cc01941de, 1983bdcbeb136a2e765ce0efbeb4c87051b03ae14f6239c32d0afe5911b9b852
DEBUG LAMBDA: 283d10f6ef5bcc4c796ed60209207b274f64c6da51611ad3ec771a5df47f2473, 17f2fd29427e207b1d63319becfcd954310026b2818d779d25c3b9a426530f17
DEBUG DBL p->x: 1bb104926f2aafcaf475f541f2dd9baf12b13652a145fa7cd961178d301eddbf, 1a5d6f7bd45c7d9eed03de69be211957b87794fd72cb9591daaa94409fa913c4
DEBUG DBL t1 (X^2): 16de3ac948213f46ed64adbc9b7ea79593791c77a71e0fa1540605efa04d4589, 1c8fb0de5cfee1d5e79f34a0966bc1fb61e6e1dab976002f87146133c2fb8478
DEBUG DBL M: 143661e8f7321dab0fddc37f50fa9e6322e9ead58ce86456bff185b8086ad354, 254ac42835cb0557fe8d582b41c1ed948e333afec3f03601591c978470759021
DEBUG DBL S: 05bca9bcd22c9f2b04ca7f846209614af7daadc13cf73d778eacf034005c70fb, 22536b472e2ec05ebe6f0a602cdb3f3ef89421208734d851f2e51420ff84af3a
DEBUG DBL X': 0d9e7640a037443605b4780782ab3ecb974062e0b323c13cc0aa0dfb74464f2a, 279c7d063bd048e1723da5fd2fbf8f05225da1a559bb15695e1550f35d84d147
DEBUG Q->z: 04c3a2a6c47e83bb3ba30e710225c311ac1486c6b4fcf9cb01e3a971c5a11acb, 11bd8c1338f14f7f0b5c406a1bc6f832658c91273af3d0e3e5c89f64643c5b8c
DEBUG yQ: 1bb5ecd9aa6a5085f343f133575576fddc38a58baa30e27b9970afc37acc35f2, 1b0791c38577e406bee2e39ba2d435c2f7fb0f66cc1c25cdfc23997318df24cc
DEBUG DEN: 07078b4073a300e22e379cb02d29959e20efe085ebeffa69f6c0d3701d1b6e9d, 05aad51429be27e3c5758180c42713285874b43c2fc6810ebc26a6cf59414c51
DEBUG DEN_INV: 07753e763a51c10d22faed7d4599c32413909674436dc6f3ad1f52dd34350d9d, 0c0891c83737a30363001f0291ffe85c047eafc030f7090d1c6a6ff325b96822
DEBUG LAMBDA: 1a1dad8c739e5ea7195af101abdc29d639d6131a1ad0fd01c78595a8f4e08de9, 05ded0478107bffa6d6d7a8471f937ebcd58e452d60000d6d0df0a5d93611ef3
DEBUG DBL p->x: 0d9e7640a037443605b4780782ab3ecb974062e0b323c13cc0aa0dfb74464f2a, 279c7d063bd048e1723da5fd2fbf8f05225da1a559bb15695e1550f35d84d147
DEBUG DBL t1 (X^2): 012db2e956d1a4619d437b5bf432784897544dbd07aa68f714b45f46bb3b89cf, 135d7d06453ebcefbfb11319f59f340dc6e4d0955c8ed5956655de77e7fe943f
DEBUG DBL M: 038918bc0474ed24d7ca7213dc9768d9c5fce93716ff3ae53e1d1dd431b29d6d, 09b4289fee8a96a586c2f3975f5c43cbbd2d072ead3ab632f6e10f50df7ebf76
DEBUG DBL S: 1a7f33c1c9517edaa7bb1b82f26873cad32ff64e2095b6e831f340e5ddc69594, 1bf854a11d24a646d11740da44c7ba4deaf45f0e9652e8397c2e3afa18daf542
DEBUG DBL X': 05617baebfb4a5b28f04e033279d40901860d1ddbffb15af82dc1706cb8b46f0, 1e8a5bca5b2735e10556ae1cd280762847fcbf6f5795cb69c54393c857120acd
DEBUG Q->z: 14c1bcd94fae68df98d471696b0339baf0d6d2d1bcaa5bcc260f92b5f4f4db30, 03f37bf95aa5d833a8791d80d815442e1ddc9506edbf1554a2f9ab9dfc5ce1fa
DEBUG yQ: 0dd60c1d397850da33e3ec944d823e05e2a05c3b130038305601303b8bf2de83, 03f8bdf09daf61ccfb52568f5ae7c28b0788efe2654c5da2287e25901e2559c8
DEBUG DEN: 1bac183a72f0a1b467c7d9289b047c0bc540b87626007060ac02607717e5bd06, 07f17be13b5ec399f6a4ad1eb5cf85160f11dfc4ca98bb4450fc4b203c4ab390
DEBUG DEN_INV: 0a0c1b15fee1187a24b0c19ba430116c55d473948e499adeefea9caae70f9418, 1d8d23cb25431f4dfd067486d72faed349a8f3a14b9b475b31b064d2976e9fac
DEBUG LAMBDA: 0537a3a89ce0db8123e6150c03a9e7392357151e8affa60171650f28b11d6df9, 0aa60a80d26786c39bf025157cd654a3c214827c3e3791673f35e207097a3b37
DEBUG DBL p->x: 05617baebfb4a5b28f04e033279d40901860d1ddbffb15af82dc1706cb8b46f0, 1e8a5bca5b2735e10556ae1cd280762847fcbf6f5795cb69c54393c857120acd
DEBUG DBL t1 (X^2): 14570b47a58a509dc4043822e49992786ddeb8966c62def49b1296d7ef91969c, 26acd25dee13d052de24775110a1c0109b05a269033bd4dafaf128d1ee093e32
DEBUG DBL M: 0ca0d3640f6d51af93bc62b22c4b5f0bb21abf31dcb6d25095173870f637c68d, 133dda3407d830a529ccda862ee28f76a20e121838cfe976789262481921c008
DEBUG DBL S: 08847f395f3f7efbe858d7db5ab0f2d8133b99cf6011b9b38fd65b5141286947, 0b6d985db17be859be6fe6d032da0e4b4f85bd808e78d2c156a38ab05829115a
DEBUG DBL X': 00adaf0e2dfbc3b3f6d3e86dcaf011f08a92380ef9288cc49d863391c2349676, 0ccc0d40c3316aea4644b88bfa62024fa070cbd214ecf78852e1e041b313e5dc
DEBUG Q->z: 046b1adedc59e6c0aea3b9783c24a93311281f8c0f09847592837b4d901608b1, 24dabbeb5050870df940c8d1bed5eed717bd709f954fd7bf9bff65b11a0b6928
DEBUG yQ: 2fa69c1c1d87293cf257e181a79ac2ee8e05bd6e38b05c7d0c7d42a6ab0fd5bf, 19a64d2efed8e88dc15d9b094294bccb0a87cee8a499e1604a61e53c3ccecd37
DEBUG DEN: 2ee8e9c559dcb2502c5f7d4ccdb42d7f848a104b08eeee6cdcd9f9367da2ae37, 02e84beb1c8030f1ca6af05c03a821387d8e333fe0c1f83358a33e61a1209d27
DEBUG DEN_INV: 0148ab99759ee3c70a912cda9aa98d3281c62a8cb38537da579f47748762cd03, 04836c5a871786136f30743f5f10d3c10c15d5a2945048e57fa4d5580a8f05f8
DEBUG LAMBDA: 15fe09523f0578c0acd1125c7f14a3de59f673624d29023f90d8f8722a2dacf3, 10429bef09de12a063827c2de73f891976a4daf3731cfab668796e3c28045d77
DEBUG DBL p->x: 00adaf0e2dfbc3b3f6d3e86dcaf011f08a92380ef9288cc49d863391c2349676, 0ccc0d40c3316aea4644b88bfa62024fa070cbd214ecf78852e1e041b313e5dc
DEBUG DBL t1 (X^2): 2ae8c5879f9431c9f47e5981ca0a489dfb343d074e148ccbab944ae868967d20, 22df89579a7fd6c5cc8aa18e18843394e62e8a5d81c99d1ee95a174b4ebeebe9
DEBUG DBL M: 1ff1b3b11c59550a6cda81185b1c291ec299e1f3195a11488a7bc88b88c97cd2, 07d5ff210d1c43fdf4ff593d4689ea038388c9f5b479424243cd2db43b42c92d
DEBUG DBL S: 066328115bee21e72cb84ff998a422391fc8258cac42a3885e348d1cde07b05b, 04d9c7bf903608e963b54e7c5d730ba4341f0d8020393eb36fc75b7806741001
DEBUG DBL X': 0b6f853b2d2003c5b1bdec61fb8e5c56198d8d017f7b5aaea4fa6a808679eb3e, 107916d8a1a92ede202d76e18b6fe85e7a62c509b6f5add96a9752adcd9bf81a
DEBUG Q->z: 033378dc71aaae556b6a0c6e11c112e2f3bb03a9de13c0dcf5d3cfe687059556, 0724bce40cba9f93930a7c9628b46737eb2d87d71964e1d340688cfaf450b877
DEBUG yQ: 263d536b33c67ba3be71bb08f10ca22905e890a8b58cf943a4d4cdfd8be200d2, 121c56782d48d9b8080926e23d085669180d18e363a8077a51f2971067921f23
DEBUG DEN: 1c165863865b571dc493305b6097ebf4744fb6c002a827fa0d890fe43f47045d, 2438acf05a91b37010124dc47a10acd2301a31c6c7500ef4a3e52e20cf243e46
DEBUG DEN_INV: 05401ab72d38996ac7561b8a37d6eb6f374ff3ac674f1fc0718f523f5754d46c, 04f21d81cd11672a1d1f14a8440c7e5d772ee8e8de0b3680aaa2aa82cfbd79ae
DEBUG LAMBDA: 2edbc6d760e5cd02297a89653c056fc05694c32f01a898c6f216327424e6bf0c, 0c44c522b8e06bc548e7d8a505db29050b450d62930c55f6d9cc48837d3932ef
DEBUG DBL p->x: 1b6c518d4a3840a370e4a1792f98b406794bbb0d5d42efcd0f8d410aa9dd72c0, 24159e657684acdb6bf86b92187bb670d6638867c0bd32e46e36e9add3d4c71c
DEBUG DBL t1 (X^2): 2bd6f84b9c825591689d66f0d8c9d8813840dd513001d65383b9138266184b3b, 17cce6a60c2782fdce83849aa527f6b4163695325729d2da5cfcf07a06eefe17
DEBUG DBL M: 22bc4bfd1323c060c937a965875ad8c879bfc2d0bf21ede012ea2259814ee723, 1702657f4344e8cfb33a48196df68bbeab2255059d0bae01dad645573c4ffcfe
DEBUG DBL S: 2f172a26b6ae1aa17eb86c1f7196c7ea3312e82e28f62a9d520ea0d738de51c1, 0b0d4ff7d65839de67177109404b8c75504fa2cbb5129fa6be1f2c6c8842a4c1
DEBUG DBL X': 2242217db18aaecd8033ad2db580a4ca0d4e32e30169a8834e4cabeb1377a991, 1a518a9003f060597f6b0489d69fe3a7ba8e63d4c5c23add70b7ac64cf9d0df9
DEBUG Q->z: 14ccf76f1d51fd1ab5ad8da4cf324a29357dcaf7dcd919923b8bf04070c9206c, 1f52ca1360a8275ba93070e0678c87145fd291e4dff856bf00fc44ae23092281
DEBUG yQ: 109e01087d97941b94cbbf3a5c955b96cbe03d83abc46d5b5771798d9b440df8, 0b422698555048449283e571aebf37ef4b2b1295a968e794f6d7e184c20d9a85
DEBUG DEN: 213c0210fb2f283729977e74b92ab72d97c07b075788dab6aee2f31b36881bf0, 16844d30aaa090892507cae35d7e6fde9656252b52d1cf29edafc309841b350a
DEBUG DEN_INV: 1316ff619ae7ce41b29382d6dc71521117903082342a9f2f77d6e03c1c62d109, 26698f8f4fcb3c88eb8f011909d22ca0739a2ecbc8fd0bab93819cf1f0997ade
DEBUG LAMBDA: 1c1afda83bacb988d61d3ec0dfcd6a138cf571b4342c5f7ac53964da1f104abe, 22bd0c0a19a2637bb4777250bab13ca9197df0bbabf09b40f9cf282f12fd4619
DEBUG DBL p->x: 2835a5ea9812ffe3ec9eec3fb4cb9c73c816a7fd26dfa7803c1c58e379087228, 0bdd2ea0aa082c743657232009cf1f55e7c1514704f15b34b2f0a0953fb89b16
DEBUG DBL t1 (X^2): 139f1970e0c8b2f21ce25cd934145306b5e7fee658bc378ce651ec6253ea6f24, 27b992a00582bb65793fd5fd0135e1d4521023fa21a92dc48af0432e3a718050
DEBUG DBL M: 0a78fddfc12878ac9e56d0d51abba0b68a369221a1c2dc1976d5391023425025, 16641afa4e24f1dcfb1ef68a009ef4c1c72d96cb9417f433288fb15cfe5a8662
DEBUG DBL S: 06acf042c24efb8ecfe79afe2cf0592309b1233a5bc0c3fc05b304215b0ade6c, 1aecc8119e70b12231ecc5424fce9f85b31596379cd66f98b0ebb33ada909704
DEBUG DBL X': 0ee3c2062189d9f964bc006167d046cd93740f2826a708dd4fd8fe655ecee25e, 1876c1b60c800f5d1054a865e7b1fdec4c5187a79612301fe3fdd7377b5cc73e
DEBUG Q->z: 0f986810b7dc9e633de4761a21966711650eec6aac022c5f20e133b7ab2b9cce, 2756b1700524551a5f5c9e7fc6f7a3ad1cea7e824a3602733c5dfd643ecedc38
DEBUG yQ: 09328602188204fb7d7f27b77db3bc0495203eb6f8080378a9b18c4d561849f1, 04a5535337a53b6ee89af85996ec51d0aec67ad5933b19243fe40a7decf191ef
DEBUG DEN: 12650c04310409f6fafe4f6efb6778092a407d6df01006f15363189aac3093e2, 094aa6a66f4a76ddd135f0b32dd8a3a15d8cf5ab267632487fc814fbd9e323de
DEBUG DEN_INV: 18c0a5300012c52e1d9c364a1c05ac345a92800dbcb5a2dc9cb15b7bc410cfff, 2c6e7f1428e953df3fb4c7959c82d26498e65693e561d9795be10d2b36e9dfad
DEBUG LAMBDA: 11204d772d5832d96d1bf5cf58542990f32a40f8d906a953974f484b969e4583, 0422f5a441a8b301af721ab9c28057001a7b279720f7f4198b64a90f6c22542c
DEBUG DBL p->x: 12c4329aefeaf1db501f2131e2d81e9942dfd6c1d9a8615d9a9d87fedcd7da80, 255e9bc6b7abd83c873938b4eb59abb2bf8031666ab8c70719a537b5da848ea4
DEBUG DBL t1 (X^2): 1ca1b2551b0f205f606fd339945e395a91d8fe9055b31ba0b914708c577e9230, 05d8a466347c1c8d1bbddbbb4a83ecaa6f56ce08e09cfa344a848edb684d0950
DEBUG DBL M: 2580c88c6ffbc0f468ff33f63b9953b21e09911f98a78854ef1cc58e2dfeb949, 1189ed329d7455a753399331df8bc5ff4e046a1aa1d6ee9cdf8dac9238e71bf0
DEBUG DBL S: 10db646f595f0bdb2b45543a70ae03f77c6e2e028120d7dd5f667e2b1d279269, 05b5372cd37226e38f4f048590670a9635c162ac0331f45b24bc9ecdf3128061
DEBUG DBL X': 0d10ab7d4eac0ea30a4dad5e3e6d7a628d96a6e3ada739f2d75d77b7ef63024e, 2883bd0e7da3fbc593e80aee25386bd32ae0c07996cabf352cbc8b1504a73c88
DEBUG Q->z: 10a6988fd167eb2a00ce981df3c2cb755abc6636075f1fd6cdc735955d7ce77c, 2ee21a066393917b65f3884f331e9eecd2fc8c0ae494f03d33f95b5a43cef4ae
DEBUG yQ: 2df448032abb031dcd2f05032bfcebfb1aaccc270a08900323b5f77687c9694f, 123806c866351a0f9633443614eaaa25358ff459701068d645b1598f6d5bb32d
DEBUG DEN: 2b84419374446611e20dc44fd6787f989dd82dbcab9f55790b4b62d63715d557, 24700d90cc6a341f2c66886c29d5544a6b1fe8b2e020d1ac8b62b31edab7665a
DEBUG DEN_INV: 0e0854ec17689078015707b05d56f4e40fc4752873246ebf4cba69552ab8f0f3, 0e4281e0bb57dfb8057152154e9f95a046b10930468c31b81cb5e852e54efc29
DEBUG LAMBDA: 1ab655c9f50009d351007bf63af35fa1bff03735d6a1ac9342ceb918f629c571, 116028303d1802eddc1b32abdc32542f030898df4f6c279b324a08e8faa6e4f1
DEBUG DBL p->x: 0d10ab7d4eac0ea30a4dad5e3e6d7a628d96a6e3ada739f2d75d77b7ef63024e, 2883bd0e7da3fbc593e80aee25386bd32ae0c07996cabf352cbc8b1504a73c88
DEBUG DBL t1 (X^2): 17aa2572eb4c046ca2c29ec5a4d2e3b358413fe5ca4d2c84c6c9b7bae3a330b3, 27cca389652192f6fd92300156c7f3895bc001c4f56f804ca7b336930f9c7538
DEBUG DBL M: 169a21e5e0b26d1c2ff7969a6cf752bc7142551ff675bb01183c9b19d26c94d2, 169d4db66d01789188160497015529e0e43d302c0f6aebcb7ed88b8b7ddb651a
DEBUG DBL S: 00e17d22aabe4be1874918f297cde276ba892f5a44125d9eab2ac9c1411306be, 1f674fb470a211b7b8972efd9145d7a343277ee627cdff0555f03dd81186d4a5
DEBUG DBL X': 0bf235b88923e73a7cdcacaeb056dbc598b022160530eab976a92ad77d37acf6, 0ebc57b0eda0d8f275fedc054931d2d0d4256f448357154750934387d15d3001
DEBUG Q->z: 24681c0469360a2149df0c12fef7f804ffcc900ee1f573f945a7a067b7ee635d, 1ac56047eceb0d92c68c96a45ed54f5f1dc838d044d3649dc49c121d9acf05d8
DEBUG yQ: 135f06e7ee55e70a70ad0516b0e369cd75d258c158cb6a2bb15d01dcf084c60d, 03153e8a1c0bb470824f34610d32551833790847fbe1816f7b936dc264d37127
DEBUG DEN: 26be0dcfdcabce14e15a0a2d61c6d39aeba4b182b196d45762ba03b9e1098c1a, 062a7d14381768e1049e68c21a64aa3066f2108ff7c302def726db84c9a6e24e
DEBUG DEN_INV: 15a60005f01af1eb70b91993f9edbd03caf1c44b8ec086f49e9bd5cfa56060bd, 1be310fd5a20b0dfe2fad94c43087e41749a798759a882030e283bd0beb5a78a
DEBUG LAMBDA: 1e6748a8606afeb1163798978d0f4c79dfde7a57330d8204c2756ff581063107, 0adb35eea14b67397cbc8fbd2700b22fbf3b3957d69fb96bc125ef636eeabbd3
DEBUG DBL p->x: 0bf235b88923e73a7cdcacaeb056dbc598b022160530eab976a92ad77d37acf6, 0ebc57b0eda0d8f275fedc054931d2d0d4256f448357154750934387d15d3001
DEBUG DBL t1 (X^2): 0051f50c03a22b1351fbe286bed8788e12d42c7928d303f9a5a0bb76df8c5530, 0015122f60608e1fba74262129cd1bb8571024bb39b69a7f7432e3d4a44e9d3f
DEBUG DBL M: 00f5df240ae68139f5f3a7943c8969aa387c856b7a790becf0e232649ea4ff90, 003f368e2121aa5f2f5c72637d67532905306e31ad23cf7e5c98ab7decebd7bd
DEBUG DBL S: 2716141e29b281c29c952871fd23182e3e8696f2451f2396edafb869805d5c14, 16b59b3788af6ff4347f502f5cfee9d0aa82127ae6e3bc23f84ea0c54b827c15
DEBUG DBL X': 090994ccefe5d4890ebed4814e342a8d349f7d8c7beb7ab1eff4e6adaf3ee7ab, 0ceff73ff408c0d2aba180b4041136133e16b51bb04c72a7007d2a744a6a0555
DEBUG Q->z: 078a2859f62617cc6525f2d4b588b19013da1e2fc0f7f830b97fdae5d1b30835, 146c4c59ab446ced550cf4cd395dae3ed22b259b5cb7db74db0b1c8229222a12
DEBUG yQ: 0fef2a9ea6acb2b6bf9d413932fbc247370b5c4e44adfca3cbda8668f5673778, 02a19b00dbf4b855d8d626eac55638522273889ef34ff9e797d540345cc554ce
DEBUG DEN: 1fde553d4d59656d7f3a827265f7848e6e16b89c895bf94797b50cd1eace6ef0, 05433601b7e970abb1ac4dd58aac70a444e7113de69ff3cf2faa8068b98aa99c
DEBUG DEN_INV: 18ae8c568e2a707b6b08c0eb0039fd7f19e010626dd3c1ccd1a4bd4eae2215cd, 16e7512dad7bd624c818c1b7bbe7f803639bd1f019974b58866f316aaa83562d
DEBUG LAMBDA: 0d380924aacc2b80e161d69d48d3064cdf805a526c78b624883ab60009a9c42e, 1d2b99cc9bd7050f72475a668e4a73a838dd3c608ee143b1891f62350e6e8a67
DEBUG DBL p->x: 2aaf42d1c13164f5e919cbf7613e076259aad9c138ab00a03c2db0fc3768e9e6, 2383323dbf50b32f3ad31f64853d95a04dd54d12cef6fffbf3c03f6e5362d9de
DEBUG DBL t1 (X^2): 28b8e7270f3f49b7527e0cfbb141a826fde64b87f35368e9726e95d4dfc02444, 1b12bccfe2053d39c7f287c44b759c51ef15e84258d0a3c8059aeef8bffd7299
DEBUG DBL M: 1962188f6b5a9cd286d99b8610c247b9cab00d750916a5a1df0aa950ee46723e, 20d3e7fcc4de17839f87519660df7c9835c04e35a20020cad4b040d3677b5a84
DEBUG DBL S: 27ef960a3d4c0e7bbfd411095afb02efe97d14333a928a6f008c53116ae6d882, 043c0e08019062c4ed915dcb8b217c9d38a41174ab4a8576ea9060085a147fba
DEBUG DBL X': 200539f880b6ea49e9f18b9a959c9d985fc41b67aa628b81d2e3a7e77319ba88, 07aa20ea326c68f303850646c934ccfd1ec9551d12804c34106d720bc6c8c519
DEBUG Q->z: 04b8d29ec939e813520e8df13a51fb7f198c95100dc033ac4efc2e0ad63fc2f7, 2880872f30d0a161dfebb0108f5d4728a7fec4ea814c36449e451afa30a89c1d
DEBUG yQ: 28f1b939801ef02fac20a8daaece2bd63151e0cabf526c8999756a21d87aa651, 1c3e3ff45b8ebfda9b6c3302f36735c07f2dbcf1c3a4331364988f204f662f98
DEBUG DEN: 217f24001f0c40359ff10bfedc1aff4ecb22570416330e85f6ca482cd8784f5b, 08183175d5ebdf8b7e88204f654d132366da0f521ed69b998d109229c64f61e9
DEBUG DEN_INV: 2033f8c3b3bf0a1d144c959a978b1acf7b6110623fa30568d1dc0edda8a05dcb, 142a98745b19ac9b9c082a4f5d2c47c40157f99bcd52d99d1b1a9728b6aa4492
DEBUG LAMBDA: 14749e706fead5b9877340a72bb332ba4d491b919b2c62f8a309985f4d88f282, 02d9bd2af9edfbfa59bc0c434bd811aff40dbb65bf3dce819282cd9cbc134966
DEBUG DBL p->x: 2ead6b10cf9abfd929793c3e0d1c92bed6792e7a5fbc4fc5b9ff53935bf9e28c, 07fb6f84a03b1a0da4dae8e819d1ff91bac618f79f46ab3a47641e2aa2ca07d3
DEBUG DBL t1 (X^2): 229dabfbf68ee3b72012479f40f770449ebd8e2db3259499ee6b74d45a6edd6e, 17146d0338976801c4209061ad98681e47ad31cde6c8f79dbf62f55a2dd6b64a
DEBUG DBL M: 0710670e21496ad1ef964b70bfe3a012ad35d566488d28b35301464f5e529dbc, 14d8f896c89497db94116b6e8747dffd3f862ad84be91c4c020853f7b1072597
DEBUG DBL S: 066b3840b8aa722445b718e63de0cfa92fadcd2f647536d24ffb1cf38a10cf1a, 0c606fa38a42fd013d88b02996be31a86c40779701c86f8ea4851299645dd2e9
DEBUG DBL X': 222604a6fd07bd34da5f8134b790e77a132abd939791828df4a8ecfe79c6a31b, 00eb7bda9a6d0ccd182b7024a8e4e4b7e5a7b201dd2ce4ce8e0db6e310814d49
DEBUG Q->z: 0c26a49251127e8a9f805bcb05893fe7c9b19618f0393386e7c03a8e5b7d188b, 0b44ee2878748ea34466ff2e222f44288469dc27c741a1da11d4cb7f28eadbb7
DEBUG yQ: 0eb3272b9f4a6c09d1b21fa0033ac2cc2f1268874ac5e21d47d891daa5c6623b, 189d7c1d831f7980ba978d530eb9a97dbc50f1189be7e463385712a2cf7d0bc9
DEBUG DEN: 1d664e573e94d813a3643f40067585985e24d10e958bc43a8fb123b54b8cc476, 00d6a9c8250d52d7bcded4ef9bf1fa9de120779fcf5dfe39348d992ec67d1a4b
DEBUG DEN_INV: 2fe4078b4404311e6a5dbf2948a43450bdadc0a8f95a2e0cbc5975025bfc843d, 0f0382fdc04cd9a66ff42d5eb2a7ecc495635e8f4833a64754e2997c8b62c518
DEBUG LAMBDA: 0ac99ac372744ff476f472cfa1c238824e98cb0202c8b36db6cb5ff362aafa86, 07ebf1fcbc3641295424e89465892adcbc5c3dedebd1db2cf9a451281476c6cd
DEBUG DBL p->x: 222604a6fd07bd34da5f8134b790e77a132abd939791828df4a8ecfe79c6a31b, 00eb7bda9a6d0ccd182b7024a8e4e4b7e5a7b201dd2ce4ce8e0db6e310814d49
DEBUG DBL t1 (X^2): 06528bff090da35aa2af8d1d7238fa194e5386645321f4da0aff1afd8bc77e95, 0e89f9f8f6ee6996e74a01965321290c678d93796323ab6859006f345e1e8408
DEBUG DBL M: 12f7a3fd1b28ea0fe80ea75856aaee4beafa932cf965de8e20fd50f8a3567bbf, 2b9dedeae4cb3cc4b5de04c2f9637b2536a8ba6c296b02390b014d9d1a5b8c18
DEBUG DBL S: 00d44e01a8f1f05d94014ca4d9032675f3c2bb5728a6c6f94ac1a284f192bf10, 0308a7569dad0d8ca20be832eca60a95c693cf1a9c230128e9c4004949321cbc
DEBUG DBL X': 12dbc0fcae472fcb531cc9d161d2226716268245b90341d4442a85e762cef279, 1afd42e0383220e7ce8ba0baa0dbefcbad8e6c2e2cbf7941d2ac1a53b9df9e8e
DEBUG Q->z: 27aa6c3bcd93dfe2af10848ce1e0b10d15187ab829a868971efa679f183452f4, 25571cd4ef9b5aa9f24e3abbd43e188f98610ef25bcf45cb981a1dd8bc0fce2f
DEBUG yQ: 224d307d3da5792a1a04807fe4fdbac3da15d4fff5a88b1714b57f8d6b6ed7b2, 095ed7f624a2bc2e75b44061b83d095be9880f809d4d321e1b3afe6863e909b4
DEBUG DEN: 143612879a19522a7bb8bb49487a1d2a1caa3f6e82df4ba0ed4a7303fe60b21d, 12bdafec4945785ceb6880c3707a12b7d3101f013a9a643c3675fcd0c7d21368
DEBUG DEN_INV: 02d7fc180c6cf91d62819ab8a467ca21fa11de284e9173ea0e0125593682f75e, 2a7c45764ba8aaa0827d1336ae3ebae2264caa2287338815480da1285c6047f6
DEBUG LAMBDA: 0aa9387a8f734055433549d849a2f1665df46c6b3865446cce8c88d31153b378, 140bdcb932dbe16c29d930fa1f09618f7bb937ca7d800abb4419b15868638ae4
DEBUG DBL p->x: 0dd82353226682623a6c99b6baf14d92d6a89d586b661a68c1ed7e437110500f, 113df7bf63e0f3342398c99449780c5d9bfaa968cfd4c12d20b6c51484d72306
DEBUG DBL t1 (X^2): 29e247cafab511d79c84ecfbdaccfa5f862196ee0dc8a97708f038270ca9a42c, 19345a50134b3717dd2a4940122406935f8593518e2cc5e1b81bb93bb9e78fa8
DEBUG DBL M: 1cde3a7b2dbbf53364ee3b868d643e636361efa75876674aa28f90477502f1f6, 1b38c07d58b0051ddf2e9609b4eabb5c870f4f6342148717ec329f9c5539b1b1
DEBUG DBL S: 28615a236bd35498a096fab5fc36bf1fcdf0e11ed5cfe50b76563ad23013100b, 15f3581118377b179b604c319fd4df5f91086f69b649b57faa9bc9c19cd0bb9f
DEBUG DBL X': 290750bbc5159dfae3f0b7e2999ec04b661996d65ae43a3274daba9f2441af86, 092d9406dce1b4153ba3ae70a7d1d078d66aeb1813d4a3ce85ad9f98dfb56b8d
DEBUG Q->z: 21f9d6a75bdc537df502e167516ab6b0f25e583f6eb87ce14566c0ce1d18c465, 03fed5c25a27535561364a6c72c19b2ed62cbe41187d20c26303462d8dde048e
DEBUG yQ: 166ecc7d4c7aa245d37187bf45e20020778e88c5d6b709282f14b7d8e9b7913f, 1f0d557b16c4cd55df94487047ba5e74ab908e2a6187093e64fbbb0db5ab3d34
DEBUG DEN: 2cdd98fa98f5448ba6e30f7e8bc40040ef1d118bad6e12505e296fb1d36f227e, 0db65c834c57fa8206d84b2a0df3648bbf9fb1c35a9c47ef8dd6ea0492d97d21
DEBUG DEN_INV: 1702a16685d2c0b7345dd44338e0d016847fa632ed7702fe4c79c59f410a33e7, 05a5223e5729c89ce5afd90386f8986ca5287660c6d31a72ff4fbdb896b385b3
DEBUG LAMBDA: 0db0868530b1728dffe8de46d96b177ca0e00ca935a7d0a021dc24ed3e0d86e9, 258b362516d2d9a2c79645e957417d752e3eb87fecee27143660ad241c5e5a61
DEBUG DBL p->x: 187b29570a73dbb1bf61a38244b809eb3b82913ce0ec7c29f157052790c3b269, 1d764052b041ca613deb55641dcfa29379f222e66306277848263e258390d177
DEBUG DBL t1 (X^2): 27b0d5499db2f2091689b9ff73ceba85231fb545e6586662995bf5c07239c5b7, 2cf281974c6be817df6aac450958c68d3080837a14edacbbc60633fd7b0d79d4
DEBUG DBL M: 1649e2f716b595c7d2fca29158697ed43a5c4aaee2259e0d53d2c913a5b35697, 260ee7e022e077f42d9f79621907a2ec627eb54b6de57118d9d183cac02e72ee
DEBUG DBL S: 017c5403a0d1e9596ea52475adb6f868c602e3a6be667935e0db3e66d8b0cb3d, 0646074c61ed0e2f78892ee0bbd9a1c6d65c25aee91fba01db0f354c2cd170aa
DEBUG DBL X': 24415490f6f88bf237140cc062981d29d4eae0ce70d2d31ffc562335bac7d7db, 11f2bd62cef664f9cae8f66adb169d5e907a6430f69ad02791faaa571a4f67e8
DEBUG Q->z: 2b112278c7cc7bbddc78a4956022a14e876e38123542706bee61be40791acbdc, 111e2ec67c5dddd73b52593c86031255431a81fd6c91b3e1e1925db19c685bc8
DEBUG yQ: 1c74ca5aa7f7fca66ae635c87baed4464350ab538e19e8549ad984cd75db3509, 078fd8e14c8041b85b5ff7c6171c26af2f65321f24a4ba956099e204d89aadde
DEBUG DEN: 088546426ebe59231d7c25da75dc502eef1fec15b3c2061bf9927d8413396ccb, 0f1fb1c299008370b6bfef8c2e384d5e5eca643e4949752ac133c409b1355bbc
DEBUG DEN_INV: 2d0ee306bff4e90bc588030dfc82c534d0abb66557a82048bb4f71bb13c7d30c, 1549a4205f680f832b326e0574aba35203e812c9564ff69c42233d82217551c2
DEBUG LAMBDA: 20ce411bd9199e6b737983c308f68cf911250d11a61e8c27815b9c6579a242d6, 1feec40767cb2651ec46e3b60263d51655870d6eefdf58d6b7057b5290ae2e9c
DEBUG DBL p->x: 0f169e93f24e02d1b4904470eb574c1eb0f2a4e8f95f704544080c85f4e53bc2, 24275e8c044988249d041d5c17cbd50d8426083c5f918f333b24b36e71e4d1e2
DEBUG DBL t1 (X^2): 0df212e5237fd9d0f27e8f2c6a099206495b22c30095aba3c2f9beff6a338959, 0783b597ce67e76202f87cd5cc294ecc3f3c4836e55c76a21ea3ec95704ceb9a
DEBUG DBL M: 29d638af6a7f8d72d77bad853e1cb612dc11684901c102eb48ed3cfe3e9a9c0b, 168b20c76b37b62608e97681647bec64bdb4d8a4b01563e65bebc5c050e6c2ce
DEBUG DBL S: 09b8891afaed358f24e250698836cc0a30574ff8625dfdfcc472091787f145bd, 0fc67b63ea4d67308c9f54fc0a9f257d4cc82455f1165ca3cd53fb0b7c69ee87
DEBUG DBL X': 114c44504e868d86ee26240188e364ac7d4fb349ad57bd0c5085ee45f98e7ee1, 018e098264ff7130046f48323aee08fbe0e6c27e88e6259db7354f7c4f37b26c
DEBUG Q->z: 1b71ca1ef4feeebea2b9132f22dfaca815864f765a38c521c168435b60909f33, 1f1befa604e02f9be1081281932463fb6fd6e4e949eee4de5fd0508912a47bdc
DEBUG yQ: 1e93c8bc4e73e20c4b0613308f6aef652f90f84fe2ee4c5147189888b63ccd38, 1a287e320628b3234dc3abec653c3ce3288aba4d87b0aeb0b98635cf996b3045
DEBUG DEN: 0cc34305bbb623eeddbbe0aa9d54866cc7a0860e5d6ace155210a4fa93fc9d29, 03ecadf12b1fc61ce337122248f72168b9940a09a6ef92d436ebdf885a596343
DEBUG DEN_INV: 2af2db797648653b18ec523b4ec839fe8694b0f0fc7d7fc8f110e97db5e3618c, 1bf5b9adb844947b141879f7848e1c0b665e176bab560eb1a1ed9f145d766ca1
DEBUG LAMBDA: 223afd3a4204748547327956a982fb3c20d4a399e6c7e97491eff58f3c252311, 161c6118aeee8b3bb10b4ce00a948e6bcb8320d7aa00e7421e1fd54e770104e9
DEBUG DBL p->x: 1f6df3cac1dc6c6e062d5b179d27b5342d99db08ad2dcc09814375de8cdce7aa, 08b4288d5e44246a8c902c9ca1dbe14dbe237eb0f3cb5c3d24dfe60544369e44
DEBUG DBL t1 (X^2): 14ecac765ca2f8043f8b8c3a9862cfcc8c5e06b2db4526a7e05d70f34fb9e417, 02fee26495e47039851544c3f5f92e7766568d9166599cda0cc8f867913ab2f1
DEBUG DBL M: 0e61b6f034b747e306525ef947a717080d98a987295da96a64f7c6c316b0aefe, 08fca72dc1ad50ac8f3fce4be1eb8b663303a8b4330cd68e265ae936b3b018d3
DEBUG DBL S: 2fd5f4453fda59c7817b99a53b6425900c0010ebe9cd405fe9ae09cdb3f51430, 1eedd995d7f07e1376be6173542461292b7f6e44f95b4d2b92328defb91e47ad
DEBUG DBL X': 01f210438dbde7a94092976eb94540ecb4dafd7a36778d87b9ee512baae00790, 00464aab12622d9a7be6b4e22bf15e02774d1bb4bb55732e6d0fad24e8542b6d
DEBUG Q->z: 27b7c8e596d2f77bd315243a7e67497d9618ed60e8a42bf77cbdd526ed03ff73, 0e203c6da25d1ccd0f87b80d835033aef9fea81983023c3d667931a61ff350dc
DEBUG yQ: 271a60f1c090b24bd72652a96c3a1f2a7f85a63db8332c6f8afc1945ecfee02c, 1ace35542478c11551d52077e0288fbab2a3f4d59d1f0284fe9261ccd3a31857
DEBUG DEN: 1dd073709fefc46df5fc5f9c56f2e5f76789e1ea07f48e51d9d7a6750180c311, 05381c3567bfe200eb59fb393ecfc717cdc67f19d1cc3a7cc1043782cec93367
DEBUG DEN_INV: 16c0d21fb16f53ba2d4f5ac6c76978de68d43f98c4a899efe7ca598d04e622e1, 285be99cb8a348f7e55b93347f9cb2a05423879836f36b7897d88e0fed6a0664
DEBUG LAMBDA: 251ccfb6f5aafa9aa558716b744a9058714aed67d2978c31d77e340ab5b021d7, 19a63eef572a2935d7540598cf08a23bc97726e0157b911c9d51a9f4f5f82781
DEBUG DBL p->x: 21ca8eef0d6ea77a92795cc33e9c1548f2a696c21a0a047fed9249238ab48720, 21f5b4a782657781a81fdbc1f58601c00271eae1bb9ba7765fac9104cb371c9e
DEBUG DBL t1 (X^2): 0d1ed7901e6cde6341d3c952d0320b0c78076eb748e1b33f1157d69b294de93d, 24b78f9c55dd2f762d5e77958cd77c0c3d29bc41932a12d93f27dd8545312196
DEBUG DBL M: 275c86b05b469b29c57b5bf87096212568164c25daa519bd340783d17be9bbb7, 0d5e11ef3f344e0f177adb53a383c369887a5fa1e89aa371453680621e996a34
DEBUG DBL S: 14bb9998c1903200fffa495f3a1c463e72e02cac209bda2a2954f64b7efe294a, 25029f09047710db93c370e3ee6bbcd8d6cfeb65944dc6c69d41e911749f4ea4
DEBUG DBL X': 10620f4ddad1e57a1c3ac2a517347317e2f76cb1051d3be1e3e1e1069d877cb2, 248cdfb3871cca7666598a9bb222e60a40fe24337e230c8c95b1da0bf17d886d
DEBUG Q->z: 0900bf07675bdc82a883f85592e387456530af16674f606523af735a0c3bf4c3, 2c22e776e84d9a95863fc3b0e2a712ee17d0a3e1b3d68e44225976552c7e45c1
DEBUG yQ: 07472a3edfb2d7136ddf2fb3f5567fddc1956bcb686964b29d95a85a9134c038, 0c89505d69d09ab8a7d24c27c1e1005acafbc913be6e0104ca095f9f804e95b8
DEBUG DEN: 0e8e547dbf65ae26dbbe5f67eaacffbb832ad796d0d2c9653b2b50b522698070, 1912a0bad3a135714fa4984f83c200b595f792277cdc02099412bf3f009d2b70
DEBUG DEN_INV: 1a040e0836f866a011ce152c597fb296de1224ea3971f5a937bdead1ba3dc14c, 204772d41b7ef453b603ac667071ac4de54a803b7644b7fb448a7229287f10c0
DEBUG LAMBDA: 00fe9408eba3e3fe8420da4aa1362231cc03f3e54df6629eef3e58cdb2258a86, 13c41b259045a372e94958acdbee4998d3174f94f3c7ec4311ffa857506c9d4a
DEBUG DBL p->x: 10620f4ddad1e57a1c3ac2a517347317e2f76cb1051d3be1e3e1e1069d877cb2, 248cdfb3871cca7666598a9bb222e60a40fe24337e230c8c95b1da0bf17d886d
DEBUG DBL t1 (X^2): 1f229b9d96b09654e4883db2c3654e9047b0982a6b1af0f6386f9f5f09e9c1f1, 0faed4ec62b27cd90b3a573aa0445b5208977a3a670abadcd15da880c472c3a5
DEBUG DBL M: 2d038465e2e022d4f5487361c8ae93533f905dedd8df08556d2e52064540488c, 2f0c7ec52817768b21af05afe0cd11f619c66eaf352030967418f9824d584aef
DEBUG DBL S: 2785823121ccdf8fbce045d180a21189a5fe1391ea9232b0a9f20369e6e3500b, 2f3c9662a6fcbb435cd63f896ed679224db17827b2cc89c8e17e1e3070c3b42a
DEBUG DBL X': 03223f842b592186bac3216ee0e2e39c93f64b18986c87f894393d7354b32788, 040fc76744b1363a38cbf8ca01c9f0c40a2a239b37d14386c9e225b1131d7ef0
DEBUG Q->z: 1a7cc4e1b3499c1294a84a646f3444756740bda0986ee049e841db2f15d9cbbf, 2cc3877be6116ed811b059260ca3a5bc4ca1fdf58588930d72e94d452bd94574
DEBUG yQ: 1722530695c3ccb781be753b45d95ef4caf8cbd9382a0196b93ae88617e9bc99, 19b7a813652ab7ce8e21f012a5a1ba1fbbe704bf713df3f45ab9d956a517e5a4
DEBUG DEN: 2e44a60d2b87996f037cea768bb2bde995f197b27054032d7275d10c2fd37932, 030b01b3e923cf7363f39a6ec9c21be1e04c9eed7a0a1d5b7953269671b2ce01
DEBUG DEN_INV: 101a1c525d4e4c4ab1b6b09e28e124ee5ca4ea5dfdca80f1831e91f99832b4ae, 18b7ba7f452b56e01d017f6d85eccf729f9f8660dc50219ac12cc3d38b9c214a
DEBUG LAMBDA: 060fc38d56680219ca1af0f34580640076d2e5077fcc8d3275d4e9827a79311a, 260fac25547a9c08c4c69853889f0e02a0c73022b341c6f0fa92aff293dbbd7a
DEBUG DBL p->x: 03223f842b592186bac3216ee0e2e39c93f64b18986c87f894393d7354b32788, 040fc76744b1363a38cbf8ca01c9f0c40a2a239b37d14386c9e225b1131d7ef0
DEBUG DBL t1 (X^2): 110922f7fbdd47c00ea73f9a57846b664b7a78faab1134c1c1bc9d67009d60bc, 20a9441f6043a58f7e5a1ca37eff90ae5cea49ffafbd0f4a3d039d4ce32ca42b
DEBUG DBL M: 02b71a751266371673a57918850be9d54aee005e98c1d3b809154c1e295b24ed, 01332f785e67b05b0a6dca7d79fc014fe7bc08dc3e5398c43ec9bfb8f88bf1f3
DEBUG DBL S: 1857bd337a245aabf97da9a055713ab9eefe22bdb8a15f25fccd02576884efad, 0af139941ebc47e00f1b9da4ca656b92119e587291f0be6d86883fd27c091719
DEBUG DBL X': 1bc24391e6b12632da10cb523e29b94d7e30c4ec7a6ade3e220af5c1679c7942, 05104babbf751a1f9943808fef6d14749ec695b3d18f648459457bc734e1ce2c
DEBUG Q->z: 2cdf1739512d32027ec2ff0eddd52893aabf2d6922d9c19e082bef485946b4b1, 15fada19e34b640c70926ae69bf1ad074c96b732d2dea0da86a87c26d4352ae1
DEBUG yQ: 1bd695799bee42f98955f1e6005e163aece635e80f8e3ab95ac5b19e6966d87a, 18b7cd45894a8b531c7c5e4b9b44e3f6685359cc480126f5e3283609d7ccd6b1
DEBUG DEN: 0748dc8056aae5c95a5b9e157f3ad418424b013eb6aaaae5796ad725fa50b3ad, 010b4c183163767c80a876e0b5086f8f392549072790835e8a2fdffcd71cb01b
DEBUG DEN_INV: 05672cfd1dca6523e686c0800771649a9eed9307015de5bdebbc17dd98f96e13, 2c536605579d580769dc7f836976d1733085fd62f6495fb2bc92a75111994d47
DEBUG LAMBDA: 0f1d40dc0c626fcd629bb382e6ae978009f79e5425c41a90b1a27c4c4d85ca55, 1d41457ac2f36e85bebfb2d9ce129a86c126815f8fe3f87da1b5dc76d3dad863
DEBUG DBL p->x: 2761a49f4b3f7f0f56ec544dc4997450e4a76fd4804c546120a623745ea7195a, 14af272f072b3ba4ce409077723af39deff85cc2f13d85dec3315d8351ded0f4
DEBUG DBL t1 (X^2): 04c1f9832d6be13420f533adf03eec2041f879f16448a189b6816d05a7e1cfb6, 08fa2ca4a81d3b7a63155c440386c286cb3ae323367694385d802c0b6f5f9dfa
DEBUG DBL M: 0e45ec898843a39c62df9b09d0bcc460c5e96dd42cd9e49d23844710f7a56f22, 1aee85edf857b26f294014cc0a94479461b0a969a363bca9188084224e1ed9ee
DEBUG DBL S: 22495e6b7ecffe43d789782cd4b5d0fc58269b68b97d6880b200c24662b0e28d, 17180069820e63bc4e43eb01313aff5b5e2358bbd7d10906bd38f709e24633c2
DEBUG DBL X': 1e1affd263619f1b65f4b01f51977ec139a35e16a40111950c4aedb370022c73, 0c8bd3ed3035b038e7e81a16aafe690576bbdde45c96880f7dd85434d70e5e0a
DEBUG Q->z: 0889de10fdd958cff911feb6645b0262d5be5959269d5c7c72c6eff77f9c24f9, 20202fa6c56a8a33213b453df41483714bef0771339f42a57c1f1479a21a8b02
DEBUG yQ: 08c537c7ab0aea14cd39480ec497fcbc7cd96f70cb1167538e2e25ba93a93056, 216306369fd19682f55b40c1b8bc24dae70dbbecff8bae5988fc209d016cb3af
DEBUG DEN: 118a6f8f5615d4299a72901d892ff978f9b2dee19622cea71c5c4b75275260ac, 1261bdfa5e718cdc32663bcceff6f158369a0d4896a59225d5d7b5232a5c6a17
DEBUG DEN_INV: 28ebc6078cbbf39cefbde0ca43c27c7b84cb15dbd541a13ee2b96f8beb27a6f9, 26a6b1cb1b0d9d713ff4d5be5bddcef6ed028d5e84bc2656e12a29874a2cb03b
DEBUG LAMBDA: 221f14ff15b4804f4e0fe1a91fdc8c98b4d697d140579c85bf4089da65575b1a, 03d956ae24a145e7e1eb5d93adb48b0fff821bcb890ab8ba819ccc523d34dcef
DEBUG DBL p->x: 0a5be759adf85b56d51ea9e25132de16fc7736c2d008e74bdde551d3611b94c9, 18b80a4bf42031dfa22aaa8069fa8252dc25e7824fbc9c76d689cfe7b6c5482e
DEBUG DBL t1 (X^2): 25678c835550973a748dc41b0a210a30697a4d582fd4c2813fd94e0b4273bea1, 19a7de21abe0f2d795650e43c66ab2ed6fa9ce73ddf320301bab7d0888e93795
DEBUG DBL M: 0f6e08a43d8e855bed08c0e41b606dd60d6c12e5be9ab269474ad1f416614155, 1c934bf22271385d07dee514d1bec06ab77c00ca3167960316e1eb02c23ea978
DEBUG DBL S: 0b8267809fce6889938683a751c43be4b562cc8c2ecffe65e910067d602fbd25, 2a61aec2bfb5bbc8d34562fa8ea50e7ee3190fedbe75a80381623762e9e4f10b
DEBUG DBL X': 15c7d7de9ce52d730e27a123a60ba7d84931fe4c23a455948da1a676ee2058ad, 268f0691f9d8e587c18ff7fbac312e99c2349686ade031fa397c1db4a3482a3d
DEBUG Q->z: 0ccac78cca3e2a53d162c7faf217cb0a40bcd420d4a41c6ecd6560f7cfd44bc9, 19805bdd9aab9aa8963cf1829577cd079a85a688b0f699b7707c745666118a15
DEBUG yQ: 2c9ab967700709e1a719f24fd15d7b64849b9668346011ba6c3a7c4f61342731, 27eaa7e774069718f5269867cc9be2f26f800969db503ce67dcc6b4182993c01
DEBUG DEN: 28d1245bfedc739995e39ee921399e6b71b5c23f004e58e79c546c87e9eb511b, 1f71015c06db8e0831fceb1917b66d87477ea8424e2eaf3fbf784a6c2cb57abb
DEBUG DEN_INV: 21fece0d9498d447eeebb82eb8d48ad9c148902f7807c9cb8395f03ddc97b976, 10dad5278c7291dc63ae7bf38c380dc3c239e36cdcf8cf7ba6dea4e64fddace4
DEBUG LAMBDA: 1d7d4f028d3e0f50f1220d99b59b2f54e9dd7831067f0148a8f48c65cc6470aa, 2f583a6d7da67574039226e2e4a31ec9d7ec8067d43efc8e7e343e8a05f2afec
DEBUG DBL p->x: 1e9ff70da1d56b585c441dd56092d1d15c0edae8fe3c17e612d9962a8d4c6659, 2d4454bbed88f3cedb77d548a4019077c55528b1423d1753088a52f142582c22
DEBUG DBL t1 (X^2): 2aa38f6183b5b7c3cd3325768c053a1f3803d23102404c1cf13488a5931d18fd, 154423a9d77b01c7d5b54605caf0dc1940018289ed3a3471a50ad65e6911c02a
DEBUG DBL M: 1f22113ec8bde6f7f6f8e4f6a10cfda27908a17035dd4f3c5b5c81c3085d5069, 0f681c8aa53f652dc8cf8c5adf513bee28831d0c5f3cd2c7b2fff70462b84337
DEBUG DBL S: 2212d3f54984b4cc730a9a4e99c3e2d08a311bb9bb4f65cc40d68ff2edab89e7, 13001ce51dba082293b820cd755d5ba505da37dd7ed1dd46b4441bf2cb6ef0dd
DEBUG DBL X': 2f7e84be47bc80636ce101a51cf3925917d3de1aadd8961801c2706155e087ed, 060f737f99d90660d5ca9e090cbd958802635135f104982a9e2d998920fcfef9
DEBUG Q->z: 2735153e6adbf41f2fc6840d9baeb145e5ba6c0559bcc657f54c0dbfc86f7d04, 1063c9fa05cc93e1aba5d2e1726b51136cc946d41d0f2eff528d3ccbdf554736
DEBUG yQ: 1cc5cb4b95494a145850e0b993e7ad350854f9d6780678ba124a02fd3b86040a, 131f1ed7cc64a396a6bbabed3d3db785aefe4f3530430adf2a1ee1f10501f0b6
DEBUG DEN: 092748244960f3fef8517bbca64e020c7928891b879b26e6e87379e39e8f0acd, 263e3daf98c9472d4d7757da7a7b6f0b5dfc9e6a608615be543dc3e20a03e16c
DEBUG DEN_INV: 109cc0f99dd8e45bf204340c261690cfa5209f04ee382925afe37efda164ae41, 1b2637a4550503e0d0b4b41edf05f1df2ea5a5c628d5341fee87d95471c3281b
DEBUG LAMBDA: 16c19b99286b25ced02f5f99eecd377dc68304294697d35288c56f04f9c44bf2, 1f6e6f9ac98e06e57c5847ece3d01d296ce1590e63eb77ef5f7d720077a53d71
DEBUG DBL p->x: 2f7e84be47bc80636ce101a51cf3925917d3de1aadd8961801c2706155e087ed, 060f737f99d90660d5ca9e090cbd958802635135f104982a9e2d998920fcfef9
DEBUG DBL t1 (X^2): 05a48550f921ae4173bcf3ad9950b8ccf3c25f5aa77a6594b8c206ca967e0c9e, 0d640cc1fc5e9c8f65efca52b1fa3f3f8cfd8e2812af6a436d9d3463930f67b6
DEBUG DBL M: 10ed8ff2eb650ac45b36db08cbf22a66db471e0ff66f30be2a46145fc37a25da, 282c2645f51bd5ae31cf5ef815eebdbea6f8aa78380e3eca48d79d2ab92e3722
DEBUG DBL S: 20bf2c8870d6763c5a749b25f50aa51f151175ca064553fa1415f6208cddad05, 166a9b0437d6586ac5b5036c129ce565fa7aade9ef7b3a38e6482b5c8126407e
DEBUG DBL X': 1a4c2d043d91ff74d33c6ea31738647ac805de80a97f1d20cbd83a3b981f0381, 0b98323034133a187f638d9312c0eb34a4ceafcbfca02e16f25b512f1c7d0314
DEBUG Q->z: 0a52c66cea1e36b92932307a2213abc8916abf36319c5ff3a020c2ba7e6d319f, 251e0acce12953bb62a01dc241334271861c79b7164935e0f6a184f04d5b49c6
DEBUG yQ: 213a985a1d850fb97f41cbb4960f2f73128561419598b8c226d7e062c423a294, 1e5813aa8ac85c89832bcf20862f9e109c87ec8d479a96c96237e9eed91b4cbd
DEBUG DEN: 1210e24159d87f49463351b2aa9d06888d8957f1c2bfa6f7118f34aeafca47e1, 0c4bd8e2345f18e94e07588a8adde3c3a18e6e8926c36305884f47c6d9b99c33
DEBUG DEN_INV: 2ba17872b7c706378c3809aea2fa5ec82d1a4b76d140655517f2b188aafac91e, 23e80c39d413818a15f5ad2a8006f6b5628429829832e694bdae24592ecc3c79
DEBUG LAMBDA: 1037b3fde1e1b5db7b15dec5d7520a3542644785fe47d594895aab9e947d2bc9, 177e7dff5ed4c84ba24d37203e5e698570b4a437669dd4b8351f6b1ea00bdc6a
DEBUG DBL p->x: 0bb6d5ed509d70b8d49aeca4e5e7d6b32233027eefd334f4e34f066dd1fdd622, 14cf08b33cef1b94d413f9a85f4bfefa3469071cc3b8fff34af98da71efbc56c
DEBUG DBL t1 (X^2): 272e1c546d26df94d6ceb7e57f84d50ccac02c8ee77e65e0d17578f8675b14cc, 05f316c574c0290bae0d299960050457e790a9804a63d17bf8e6a9d12e822d97
DEBUG DBL M: 14c1b81785115e6b13cb9c437b8bce6b313db089e5979c87fc1f52bb851743d6, 11d944505e407b230a277ccc200f0d07b6b1fc80df2b7473eab3fd738b8688c5
DEBUG DBL S: 2cde4b41761d0dfd77b4541c0c38d00a964903ade39d2c07f87c02aa1f76c00e, 0d2ed1cda1e084ba23f43da8d1cf6ae0382179c7d3eb1d9f12775a2ba0938230
DEBUG DBL X': 17c6d7045bcb0d9be6207dc64160dce2678dbb24d5df7030670e48e136ed042e, 12b53f26c7fdc45b8ab144d4b1d39b407a9c08dbbb939a6fb65a47d76e43f59f
DEBUG Q->z: 22d56d67e743f156f8f13d344d7341171b27d8102522153cb3fb939d22ced519, 044a7e3ee62800cb3d9031298b42b861271eaa348a9ed8758fa66d73dccc2eb0
DEBUG yQ: 040cbe81502790479ce573b52988d51831beb60a6509a9c4aca0ec24f8126aee, 1c92b3831e144ae5aaa2f5e2aba01ef4524b2ade0468be01cd56b036e57bf4fc
DEBUG DEN: 08197d02a04f208f39cae76a5311aa30637d6c14ca1353895941d849f024d5dc, 08c118935af6f5a19cf5a60ed5bee58b0d14eb2aa05fb1765e8cd456f27aecb1
DEBUG DEN_INV: 0cf66fef8849ec4623ca6ae231bb710546f165da568a7914f127f5a18c049a70, 1bac3455f49443afca9507228590f9c2dedf7110806aea9ee35a0f43b8e0d9ef
DEBUG LAMBDA: 2c1e4358f1c78277f99a233b0b0c52fada182c83392f49f4596315ef818b7fba, 2ad0dfb666314011f4199c40f813ae582f85a47eebdd2163745a91ae55a02987
DEBUG DBL p->x: 1caf29fcf7bee1bf1327f4815ac7e3759f7e3a64ebfeb6b9d750d9a2b314f9fe, 2da7e85e3a68f31b698644f09cf4e43be525bd6a34336ba86899578d53c2fb3c
DEBUG DBL t1 (X^2): 2ed2633f41649bce8f5c905acbdcd99f87cd4643986bf496c00f8a54eb07677c, 24a0dd409354e066fbd56243b9d7461fdac8aa41717c96ae33a61e881f805752
DEBUG DBL M: 2bae8cd801ca93183d7525a36093dc236864fda7f86048a9c7ed86d1101c3be6, 0d19fadbf79b60e182df9b5e2a8321a4615729a183922ef022b1436aad870b68
DEBUG DBL S: 1fd6758a36711b23ebcd6d4c2a8e55644ebc98e5846a63e6657da2b0cac80648, 129f841bdc1039c200681da87a6f3e4c577ccaa218d126914dd4b49b575fd5de
DEBUG DBL X': 0f49c44d3ff08b20462c0781a0e7282a24700b3a6fa1242ad0253c878d9221e9, 2ea6efe94270cff3095402f4bb95bd0332cfc6ec6c2c7fc5f6c16cdf27a6debb
DEBUG Q->z: 2a63516f127e82564a73bc38c7d840a95d735d984b45de8a2644e75470e38851, 06df27d3a478ca04de5230823100160cf1777ce1666af6e4b2eb38cfaacac5cd
DEBUG yQ: 18ea76226dd59763983718c766acd2c12e88e8115121b257ce9a7f2fd1b67a5a, 192d357c35ea4730fb1d558e606239c594114142cf1b23064aa4bc41038e1a75
DEBUG DEN: 01709dd1fa798e9d781debd84bd84d24c590659139d19a2261147248caeff76d, 01f61c858aa2ee383dea65663f431b2d90a117f435c47b7f5928ec6b2e9f37a3
DEBUG DEN_INV: 2830ed888ee26dac2e90242db08b4af055fd65f10cc0679a30789224e708a873, 1b1214fdf53886557cf1201e4f4f88565615784f2fbb6922626f23d6fb86c49e
DEBUG LAMBDA: 1dafd277235c8feecf111c7c4f279ee05f87852b0e6990c538f4e2deb8801361, 10371680b53e09c03cdb965f4416aaf3fa91b2f14a89fe418b9eb1549ff3066a
DEBUG DBL p->x: 0f49c44d3ff08b20462c0781a0e7282a24700b3a6fa1242ad0253c878d9221e9, 2ea6efe94270cff3095402f4bb95bd0332cfc6ec6c2c7fc5f6c16cdf27a6debb
DEBUG DBL t1 (X^2): 12d3376749f91e8d4b7277ee49fa94e1000a521a046bde0952d2d028111cbbab, 21fa76e3b949ea8924ac210608a9c814fcf2047be1afbce8c53e00cc9459e0ff
DEBUG DBL M: 081557c2fcb9bb7e2a0722145c6e6645689d8bbca4d1cf8ebc57e4615ad935ba, 0526c7c5697a7f47fd63d7a516faa783c7d33850d42ba19fd778ea380c13a86f
DEBUG DBL S: 1c294fef146b0bd99e029cdc6ea19624ed9d02a557cb659ee6dc89f669df27e0, 2c61ea97bdd3377ad8b5641e7da8aa0e5fd437090b517bf28e38d3b48b3d8cff
DEBUG DBL X': 0062983db4a2ae63bba9e303471b30308e9ccf7a312a67e16bfdb1b2ee6bd356, 0a55713f03b32a739520dd9a833d8467e0542ea435b098f1c97d0bba0ebde032
DEBUG Q->z: 147a30358b052f9937b5086432d722274ee83e174af863ebb5cc4c35db4ad0b9, 12f7e3b87c2471781755c0d665fd6f90c829d7fd4e49f4a1c4d20e96ad403240
DEBUG yQ: 04e9f3bd1bc35643793e746ca10c9d59088866666f16e73fa938292e53299580, 02236340d6bec9e4bf15d1998a1b54d623a40500cd1d5955d6f2c5cdc2a7f1aa
DEBUG DEN: 09d3e77a3786ac86f27ce8d942193ab21110ccccde2dce7f5270525ca6532b00, 0446c681ad7d93c97e2ba3331436a9ac47480a019a3ab2abade58b9b854fe354
DEBUG DEN_INV: 1316ef685db8e15b4f556fdbd3d199af7de2106cb31108fa602354ba68fe4dfa, 276f2c1570dc07eff74721276dd59e6042a0465417d05872ada94164234cae3b
DEBUG LAMBDA: 1727d648ba0650cc6aade53e6999e8696d4918d7b46e59cb639604101e5b6df0, 1be5dfba6610008b248f208d37571de5c6c746e631d364bb6216977ae1cc44bd
DEBUG DBL p->x: 0062983db4a2ae63bba9e303471b30308e9ccf7a312a67e16bfdb1b2ee6bd356, 0a55713f03b32a739520dd9a833d8467e0542ea435b098f1c97d0bba0ebde032
DEBUG DBL t1 (X^2): 1ed9be1244dfa997658becc432451faa8b3ec4cc5503d4a1c391e5b4e28a4642, 2f5dfb89c62b1d2c99a0c47a66345906c1325f03084efed137ebafec166814e7
DEBUG DBL M: 2c28ebc3ed6d5c9c78538096154e06a20a3ae3d39699b3580e952507cf21d57f, 2d5155b7901e17325c41c2022f9a5a59149447e6480967592f81f796923e4427
DEBUG DBL S: 0822bf1e9f4d4aaaffc9bf55213a2eaf42ac15ef9d6e66399e0cba4a33acb131, 0dc4b4519c4b3944cc3af5c2f2dccaef5773c1b7540a1eee54dd5734cdbb00fd
DEBUG DBL X': 0444a857e7015c3ef1c28a41bf47d7a79be45759672b828bb219117aa4e5708c, 14c1c78d8741d69109615539300b60f781fe6746e06ad5ee92a2af97851babf3
DEBUG Q->z: 15a46ec757f04cfa3462a8358b02fd58de160277f271a073f75ce6d4387ba96e, 1d5909e8f98811f36c8c61df3581fdd6d5d63e558fc8184c375abdde4ca83c29
DEBUG yQ: 246f474bdd6a7d45c2fb1f9b58329209b2e9b73816ee99835aa9d4a8e2170a82, 2c4e768c69b6b099e2e68bda8c4e6ac601008f4afad77fb3c515a98e93029241
DEBUG DEN: 187a4024d9a35a61cda5f9802ee3cbb5ce5203dec56b687979331d3aebb117bd, 28389ea5f23bc10a0d7cd1fe971b7d2e6a7fb4048d3d34da4e0ac7064d88273b
DEBUG DEN_INV: 0b6a6a94c69182d98f9ffa6d04dcdbf12fc0302c7ea4e8e2d8d94d170a2299cc, 218f32980ea68edde530aedb63c63736940a70c777bb686c1a054598b003c460
DEBUG LAMBDA: 27560ff477cf2c6c1b9811e83028c0d440d126fbad1844e8c0dc5365ce822c27, 2620faa42a0c125f92d94e30987d80bd8e83ab4a08bff3cc787f8830d101f362
DEBUG DBL p->x: 0444a857e7015c3ef1c28a41bf47d7a79be45759672b828bb219117aa4e5708c, 14c1c78d8741d69109615539300b60f781fe6746e06ad5ee92a2af97851babf3
DEBUG DBL t1 (X^2): 269623712e5c9122e55455a94415fb24d66513bbb0746eb3d0ce89d91a46cbae, 16cd050566b12e0e01f610bba4c9c5ff7daf70ff22597affd4f805831419284a
DEBUG DBL M: 12f9cd6dc8b273153f5c758ec93f40b3542c66104079b700fa2a855d9dda687c, 1402c09d52e1ea004d91ec7c6cdbf9a0e18ce86bfe9aa67242c7847263ce7b97
DEBUG DBL S: 1d082176611aa96976a9c1bb36d31bfbf821eca2ab7201b8ccc34075739cbb12, 26be2d65fd463d1f502e67883b501fefed58af4085a2f32308af29bc68476032
DEBUG DBL X': 0c3d06ff6397a16961b8442b1d50a9045376d9a79e61e72db6274a2292643544, 27255cdfa6ee39c4696608a1c123aed49d21bbb6281ef9cc7940d5e201191eda
DEBUG Q->z: 0724e6f088520002dfd48201481dabaff2b2506b0f8f8e03b5987ed74a509ed5, 2af01b71dca9052e75dadd0012b7ae9f2a58cf068d9753ae694a385e6d67effd
DEBUG yQ: 010186e918164735f2dfe9ee67e61691a6aba079b01a3b3920b79b5dc75af872, 27d0c6d37bbc7b859740c7a2d852035e0760cafb0ef9adc806d361882ef29a2f
DEBUG DEN: 02030dd2302c8e6be5bfd3dccfcc2d234d5740f360347672416f36bb8eb5f0e4, 1f3d3f34164756e17631498f2f22ae5e77402b64b5819102d18636f985683717
DEBUG DEN_INV: 2d9827c44d7b7e6a4fd0411005f8f17610ca22ee682c4d2a282e716fd1a59812, 23c640ec5599b47290a20b41967a99fb85b6f8842a0f50c86bb2a533ef1bede5
DEBUG LAMBDA: 04a866e1771f12c6cd48c9cf2cf343ef542388fabd9e3d0b8d5927a99544f137, 1aefd4a675d0ab0fe68ff29e12e5666b95206834e5fffe809ab6d58ff8be1932
DEBUG DBL p->x: 0999d7c2c7232a54d2950533b24b04e52d0dd2ead84856b42c5132578851787b, 1d372caebc8c4c090bc6d060287d8481f12af57f65fdb5d8152fcfdf5e21eae6
DEBUG DBL t1 (X^2): 2178c65e5da0d8802a644a3d729cc2fd229e8e2642d305c3ba596bf437680384, 0069728f6ec0207aed4cdb5b31c15b50d8f7d42b4e0e2fa0bf582638b713b261
DEBUG DBL M: 03a1b635567f492d0e8c534b54d3983c38d8d54ff7957c30b6cb2baef53e0ffe, 013c57ae4c406170c7e69211954411f28ae77c81ea2a8ee23e0872aa253b1723
DEBUG DBL S: 2d5102e5ad341f2d164d88e2474f53d79b2ef7ddefb1c9e4081706292c114bec, 089eb52f751c6240cda442eaf477e801d016ffcc425e862080b65403f2134ba4
DEBUG DBL X': 234e1418754623d0360bd467a92059a7bbb52ddee14726b37149019aeb39a9fd, 02c1e96b5155b01958844c55dcdc8bae245f27552a97b2583f053a62c4dfb4e3
DEBUG Q->z: 0d6f90dd68fe21b51e5b3a971cbc2ba975a59c9b0cd31bf2c98554cb7ac0eeb3, 2b6737fba31023e5f01b228edefb9d07a4ea8fd7249b939ef2d7d35226a438cf
DEBUG yQ: 1ddbe463201f0d9ada88a0600c62d36b488d9d608d548b67cc7ab93f3ef550d4, 14feecf0307b50c79050d5a2a19bee9605879cf6ee12da5a9b9ca95188743c60
DEBUG DEN: 0b537a535f0c7b0bfcc0fb0997444e78f999d02fb2374c425cd4e667a56da461, 29fdd9e060f6a18f20a1ab454337dd2c0b0f39eddc25b4b5373952a310e878c0
DEBUG DEN_INV: 169c5b6787716be707f6b0e336c26d53b6fa235c2efca026550a23f94c379c1b, 1969a6da95913062c5f8856595e83fba385f42c1f64a9f4a5502f4f98e75ae5f
DEBUG LAMBDA: 28c3c4dda8f0ac3506f299fab6217530f1beebf81f90553b8527e1a582dfb6d1, 2caeae145010a6845e38cbb9d2b1a042d37d60deac7111ad53071268416191b0
DEBUG DBL p->x: 1002bd1ac1135e582c207b39da6d7d5465eff3ef842e7622cbad84da9c5d4893, 25b804a36e81aa438b47ed703a995522f454eb0d32cbb2418e5266f3cf196727
DEBUG DBL t1 (X^2): 06faf0540afdfcd21bd56c0932083ca9efdae4ac3286d9f810a2dc482ebaed66, 05d7b1aff7abdf0c7a0a2863aa346c61e13713e91a0036bca749da5ab4363360
DEBUG DBL M: 14f0d0fc20f9f6765380441b9618b5fdcf90ae0497948de831e894d88c30c832, 1187150fe7039d256e1e792afe9d4525a3a53bbb4e00a435f5dd8f101ca29a20
DEBUG DBL S: 0e744aaef19aa37402dbfb3fe8a95969d993ca47ca3bc8eb8797faf875303c12, 1565da832e469dd247d389b798b4e6dd4e065c043a5a3c47f000a1ebfbfb1162
DEBUG DBL X': 0a1c69eee8e4268cb81b1fc95ef09d2043516a5e661a14928dcf41888386572e, 1e2d4f3b141d919eb4da360fbe551a212bb1f77a4c52fdb30cf2e6c39597a079
DEBUG Q->z: 14b0ebc6fa2f48f94e334438b4ce9a46b2d64c55fd5bea794d7b75f30b324fe2, 1b2bcf84702e5a868e007ca5077780e1e2f4a95bd0c8c1a640d63cba83f11ee6
DEBUG yQ: 065bce6e385dff0a8b99c295774b891176b02b68089dc73c8ab5c717aea41536, 2de110d309e5bbca95c63ca4f7d95c79c782eb0fdb029800823377f3dbfb9cc3
DEBUG DEN: 0cb79cdc70bbfe151733852aee971222ed6056d0113b8e79156b8e2f5d482a6c, 2b5dd3333299d76b733c33936e316095f7846b8e4d936573c84663d0df7a3c3f
DEBUG DEN_INV: 2a6e62c9fdc9b4d07e9b03167b96b20a83a65d6a779de7fc0868b77250a9d2c9, 2bdb9e85eb3d56fe6c03a1302da4044e19b13d956c49351301ccf64d5a8aa64e
DEBUG LAMBDA: 2a125803237c65aeaa3d191ae943df54c0c18f5c0b53d34bf7015084d504b80b, 0450fe8bd8229af43c9a2d39f4b6a62ebab78321c5cd0e92276c5af51ebecfff
DEBUG DBL p->x: 0f87bf6b9faa2628a54e140b7189a43633cc907e15a916bf1f387090a06d7e24, 0d62ab8f6bdf6118b70283de7a1a78b12e18ca689f042ac5d5a5e6ae8458f3ea
DEBUG DBL t1 (X^2): 06d992be116d9959450fc8b35d71f307904dc0d3db291bbeac1ae8a8955ec2c7, 0879f3337fa39b1351c2ec5d76ebfc4aa0fe63199d69787eddc3d1fc0d411a69
DEBUG DBL M: 148cb83a3448cc0bcf2f5a1a1855d916b0e9427b917b533c0450b9f9c01c4855, 196dd99a7eead139f548c51864c3f4dfe2fb294cd83c697c994b75f427c34f3b
DEBUG DBL S: 080e2e0ac2dc776436ad1a3c9d9a64716696a8492eee59da795f0b29bfea6382, 0399f8456f9f98da4c43fb79f9eec58eb596cd7df1ae41a4ab14c7cb189ee996
DEBUG DBL X': 023ab5966278e19d243dd29959e99352df485a7564012f6f13f1a7025efbd53c, 1ca51aa7f94c49d31437289e36e56664037922e2127008c7b5ffb541ff2c83d7
DEBUG Q->z: 06cad48a6bdd92cf18e347b6cc0d2b09e8254c90f08db29ecc95aff7775779d6, 2e5d1c16c0e86b09291820f5a2bdb4f549fa52b8213a496ec37421d359cd5dec
DEBUG yQ: 0b88c15d268826beb0b8d2c7de5dccda20cf09d319638fd9209044a741bfebca, 186eb681ac63e5f1a99731c3be287bef336c72d358c68d475924b8976d8b3d4b
DEBUG DEN: 171182ba4d104d7d6171a58fbcbb99b4419e13a632c71fb24120894e837fd794, 00791e9077962bb99ade1dd0facf9f80cf577b15491b50017628e51802997d4f
DEBUG DEN_INV: 1e350a031734669329351ec04d70bc96bbe2739abace59832626508829d02301, 265a218e5315480f9f7701bcf7237dd3d4e782cd68fb2b57f39b584519ec504e
DEBUG LAMBDA: 2d8f5cc5facf1718bf0431c801f7913200a08ed361a3e47ecef637aff76d71fb, 05024e6a08a9f17c9c4d1f3359c50fba29937011e8758ec00bdcdea1472060b0
DEBUG DBL p->x: 023ab5966278e19d243dd29959e99352df485a7564012f6f13f1a7025efbd53c, 1ca51aa7f94c49d31437289e36e56664037922e2127008c7b5ffb541ff2c83d7
DEBUG DBL t1 (X^2): 1869837a53477ec9703406b0d6580ad74d1e6b9ef97d7e45cd0b528e82824e67, 00e65c9969633d5f04901a021d2b710371bd7c54d35585be7156c2c657d2cb73
DEBUG DBL M: 18d83bfc18a4dc32984bce5c0186c8284fd9d84b8406b0442b016b94af09edee, 02b315cc3c29b81d0db04e065782530a553874fe7a00913b5404485307786259
DEBUG DBL S: 0d56b2e51a827a0acedea968c0dcc636e1e172c858bccec86635696f9818a799, 0c548b71bd4dc249378ecc0bea2fe819bd7c9114e3815ef11f5f67463884b52f
DEBUG DBL X': 21f5ecbdfe7f91b859bacf7b9fcbcb21586755b1ec3fc603627ecf1b6fcd25fb, 0a62ea10d9c58181eea8dab27e8faad6a6f46076f320502130bbb887a6c81e77
DEBUG Q->z: 1b26112ffe122fd34735c3d2bfb8f122dc960d4d514781074a533285c598c548, 17ffbce030b6f26ae8b2c59f85bc9522057752d74c065a995f37d4e5743be2fe
DEBUG yQ: 2f2c4ce1e19f474cba83189f97c02039741c6243d02fd9fc5cf04169a6e48dd9, 073d28282cce5cfb1d8727203a9e1268ff2a3dcc4881aa3fd1cea209d9989504
DEBUG DEN: 2df44b50e20cee6fbcb5eb88adfee81550b759f637ede96b7dbff6bc754c1e6b, 0e7a5050599cb9f63b0e4e40753c24d1fe547b989103547fa39d4413b3312a08
DEBUG DEN_INV: 104180894b9b8448580737505a61b8bc968f0d64e0619e4294c58e3baac2d951, 2906c84f65ca45e89945a54426d012b17f50043fbeee73f7134cb38a4636dc57
DEBUG LAMBDA: 11b054dca9a7be813ac3ece8efea764aed25131f6e3bf94cf241bf1f6f5eb009, 2b301b0a1e68756070935f11aa58ba9ceccd6136b51bdb155a91aac2f89aa586
DEBUG DBL p->x: 145fb2fb4759b9972d45cb287b2d9d7359f622ddc507b285deadbb0b937eff41, 2081e9d848b85e80918a71c94cbac5625a68b125aab52f289e79f8ed201f3fa8
DEBUG DBL t1 (X^2): 1cdaa925160deb4ffa049c24d731ffeaa54eda19a0f6eff0b1f7bf71270eee96, 0f933ca0677cfb9c75b56025e7f269db8aca59da9672d4fd8f380cadd02b47cb
DEBUG DBL M: 262bacfc60f821c635bd8eb80414a762586b23bb7a730544d9c6b23c9cafce7b, 2eb9b5e13676f2d561202071b7d73d92a05f0d8fc3587ef8ada826097081d761
DEBUG DBL S: 12b7e8d2d9fcea7198c173986b11e69fc20d3dc54bfa18c5d8a4c859b6857264, 24b660f17057305a5d065a66069ce29dfcec9ef36dde18df7fbb773454ece673
DEBUG DBL X': 2ced005bf0a8c24a3e52feeb53be4d2f78fd7f42b81dd9b022781bdd2260ff58, 100be5ec1cb9f761d14584096e75b0460873436e9663e7e39a13efa815b20b1b
DEBUG Q->z: 12a66e21e471cd31c0a468aac94d0a8348360c958a0b4faf5d1038e2c42b0934, 2eb3928b8bd918b9d80142fbd67a5cc0b26caf4bb396ee011fbb3da72a288ecc
DEBUG yQ: 2f46e8bb92b672939ce55f5d9b78b77aa8f5bbd4a1479db219cbbfe29dd9e953, 2e70f88649515d3cd26e6d1604047e9204cc05ee37acbf91e3a4c1547eb4808a
DEBUG DEN: 2e298304443b44fd817a7904b5701697ba6a0d17da1d70d6f776f3ae6336d55f, 2c7da299b1711a4fec8c94758687a4c67216a14b06e7b4968b28f69224ec03cd
DEBUG DEN_INV: 001d6ee854f6019ffa9349753c6272ebd0f0c9fa52562edc2be07f563d9237fc, 1222bad37c536bdca029b8d4c3ff641153c65f7b26da2dceef87c8162de38e21
DEBUG LAMBDA: 0897189aa3b712f70eb5c1f8eff825fcc4f3c92326827d77a52b0202cfff90f5, 17f729f512724c6ffe73c4a91a0ea2b439518a705ce5ee25e20e5095566bfdd4
DEBUG DBL p->x: 29768109c513ac1cfd2eaf898eea312e65b26ca9e4a87e6c25638ef1ad0f6ab9, 233783c8c81c95b021e2b68b41cd65d8f3bc51126b6b8fd0304ac00d9942c00a
DEBUG DBL t1 (X^2): 080078e7eeb508e40b7ecc22d0d3d5789d4d1cad2b14342aeac6cb3654c3d33e, 1343d4a6e279b5e27fd9432719db84e566085ac6f8e257e5a5e3994cfb785144
DEBUG DBL M: 18016ab7cc1f1aac227c6468727b8069d7e75607813c9c80c05461a2fe4b79ba, 09672f81c63b817dc73b83becc1136529a97a5c382353d23b58a3fd019ebf685
DEBUG DBL S: 247264abcbf3b72c30d1e8ef98e54367c4dbf29e7683a6da4d4d33a7c02ee6f1, 1867b77dd007a976df406b18c7bb86e3ab9883309d8fcd5ce86eade3f80f4fac
DEBUG DBL X': 044fcd7946e4a3cea22929a70b5da45cc8438f439009827769d538385d01403a, 292fed2a49ce792c7297767f50ddb8e702b8a52acc2d7768d768a0cd6a8c4f59
DEBUG Q->z: 203d84eaf4a8c5f4ab991d8163ce2fd74b2443e24f33c4976b1b448e1911332b, 07af613dab3e8087cf7fa63cd60238f4c0468099008f3dc968d8bd0b4873f5e4
DEBUG yQ: 065dd47a8b0602cf432861a3e28f54ef1f116f554c182f6b0a6f940d1dbf89ed, 0b4cb792c570447da6d8e69f82508231e1c7be0efc3045f0d2ea644d01fdb036
DEBUG DEN: 0cbba8f5160c059e8650c347c51ea9de3e22deaa98305ed614df281a3b7f13da, 16996f258ae088fb4db1cd3f04a10463c38f7c1df8608be1a5d4c89a03fb606c
DEBUG DEN_INV: 206d1f25cac6543b7f329086b0afb89b7b7983c3c2b87aaec2426530800dbd65, 2e31125e67e3dca543f7c595d80c1350e4b9723364736de340112722b4fe886f
DEBUG LAMBDA: 017845a4df1d441a007063660e8bf9ce5aa6d9ece4e27b3da4668bfe53aa0a14, 02728fc895d7d7c605807e8756cedcb75deec75f2f747f6951773b6316811c42
DEBUG DBL p->x: 1a81a9fa0d2ea365a1af95cef193861c939a22841d7944855c0164e2748a57e4, 00cadab0d52b68796623bb95903b1cbd319b77f147cd196e603476db64b77953
DEBUG DBL t1 (X^2): 059817e371acf3bec55dadc91b33a26d0772085552abed6afd815f4b9b621670, 2b192151290ca0c186e761ecda2c15e407cb64a4c430c75058a3df657e88baa6
DEBUG DBL M: 10c847aa5506db3c5019095b519ae747165618fff803c840f8841de2d2264350, 2082c70db8c2a1f124159a598b8190f0e85f58cb7baec0d691aa8602caa03564
DEBUG DBL S: 2f2856bf5dd10439d2b578a4c5627927db30bd2cfa3f6ccde01d5758c1165acd, 25cf929266f6b3a4f78307f721c65b3a38781b9b7deea0fdd2438112bacf64c2
DEBUG DBL X': 2bf69132dc9c7d3a297f0c10d57ed8650f9d11f514870159f0174590375039ce, 00996a843cb40beaf3dc3d06ccf95e6a409d419de1bec53f0ae1a2f34d329431
DEBUG Q->z: 141f0c6e91c4b74f0c95593df461a6aa307a848745d5eff4d4e70f7b00cdbad9, 2cd413a8b3cd94e1fea636f1c539142dca84faae260a0ced3f873d37cb037a7f
DEBUG yQ: 070c6f9f4f71402bed0893244b5dac6e0e9cac6e7d8412d3e59b4856d5215385, 03b8d61b326f143f4616cbc4397c5f95d411675c3a055a11b9b20862b40071ed
DEBUG DEN: 0e18df3e9ee28057da11264896bb58dc1d3958dcfb0825a7cb3690adaa42a70a, 0771ac3664de287e8c2d978872f8bf2ba822ceb8740ab423736410c56800e3da
DEBUG DEN_INV: 21d7e60e03c11b6a19989e9116d77aec6b163fb0e421788bd883f6fef39ec380, 04bfb5a6a36175f5a02f697bda2e14ec8d7b23d2a0c397f02bbc5ede8f60b623
DEBUG LAMBDA: 0f007b91ed7dcf627ef01fdf36d8b34053b34be345cf7cfd5f11e712b01eef64, 2a5cf6f37f5a55adcc5dc2d638d0f15192fac511c761d260bd24011ebc679fa5
DEBUG DBL p->x: 2bf69132dc9c7d3a297f0c10d57ed8650f9d11f514870159f0174590375039ce, 00996a843cb40beaf3dc3d06ccf95e6a409d419de1bec53f0ae1a2f34d329431
DEBUG DBL t1 (X^2): 268029fadc677e68c418c78e8b2a7208d917e6c72ae801b7ff5b7aaa6d2d403f, 057d57eb07500c37897db354bf707bd0691b35bf7e9199458305cc0ae242b5ea
DEBUG DBL M: 12b7e10ad2d33ae6dba9cb3e9e7ca55f5c44df32afd4700d85d157d1968dc62f, 107807c115f024a69c7919fe3e5173713b51a13e7bb4cbd089116420a6c821be
DEBUG DBL S: 11555e99e9e910d39ff90acce2506813a9d61c0f0e05121fe126df7dab44a37d, 1a94d656bb5428f20b355eb5d285a43331dff72fe547f5c5ee4e058498f5222b
DEBUG DBL X': 10d1ea393d8ca9bfe7e7ce9010a52d88a009d7b9a59aa4e4ae19bdc5336bcd4b, 0de9e2c70afaadafc60d135d6083349e8948dde48ef5c2ded35b014066b5cbd1
DEBUG Q->z: 2e618f5e9a07033d36c668d227084df41f9d47c9d97f7cc7f94b82a38db07e53, 1f792c529f357df85ed3b090111ef21e0a5abcf618341829262fa77821747940
DEBUG yQ: 10409af47f941e53863cd70e51aea7b6d7b2bda2edeb2d7fdc9edb05bf26bc0a, 19a1d44b8b8dbd8f6ff96bf54e27da1323a4ab76f19e9ecce7b8ae5c6e1a470a
DEBUG DEN: 208135e8ff283ca70c79ae1ca35d4f6daf657b45dbd65affb93db60b7e4d7814, 02df5a2435e9daf527a292341ace5bc8afc7ec5c7acb730c9350d0a203b790cd
DEBUG DEN_INV: 257658922c20e5408206e505d4dd2ba1b5563962073e9f635ee082f20c6a1532, 215843a64da2c60480c98a6803de7318137ae6bddc78b5ba7a67f61e31d0c6b1
DEBUG LAMBDA: 038bb3eee7c9add1275644aa75117c87dda0c3c08c87fd8d859fcdd71f56113a, 0dc59c5a18eef2440e019619c2613b3bf223287ff8088764f40aab49811a618e
DEBUG DBL p->x: 2c2528514c6d6f70fee0754d2bda6552eaef610f0e6d5a4abf66a987488892ad, 1cc9752bfd71d1237572f322dd1b48e67f6516794e80f94a3a9b4265fe89239b
DEBUG DBL t1 (X^2): 29956f45f7a7ea1cc91d09aee12fbe724bb0a4600f09568cc4071b3aff64f218, 1ae389787cc9b1f56b88660c267eec24c0e7bc70aed128811d9063ee3a191388
DEBUG DBL M: 1bf7b0ec24947e02eab6919fa08c8a9bb40f17fd5c386e8bd3d439834d34dbba, 20464df6952b75b68a48ec6df1fb6c10ab35cac0a401aef61c909fb3d5ce3d51
DEBUG DBL S: 0b3788d7e7f73ecd00011ee3c36f03b67e1ddd124068635d4db1e66131231e03, 102d1f5e3c6edd5432132c5bc840770141ed1293158528f8eb0db2e0f746be90
DEBUG DBL X': 27dbc99c06c05505a1c90f31cb9bd76b3358a8f3f78ae799c3d6fc2a861a6957, 0fc7ddda6f60e5d16261615844dd3c426b65329d1b263451bc527acaade7062a
DEBUG Q->z: 09d86ceaea7d3b160a1e2fe399079a5a5d864b5ab274c6dde5c4aca431bd4b2e, 1f8723478f96d9d84387775035f14629bfa06b00fc953383d0ecaa5dd08f6328
DEBUG yQ: 0c0ef0c902dd0366ea1633a7d6ac9d77eddd5f89873632888206689187ef72de, 082b6042a57534e33a75c28db23c889ff16fd8c57cbc94080b9d2e523d9c3888
DEBUG DEN: 181de19205ba06cdd42c674fad593aefdbbabf130e6c6511040cd1230fdee5bc, 1056c0854aea69c674eb851b6479113fe2dfb18af9792810173a5ca47b387110
DEBUG DEN_INV: 2b74099636a93737729676e0372adaff306b014c0df392b7224f105c76323105, 0904b4de0471fb72db6e12c37505ec23dc9f22f66e763da36605505e89fe6ead
DEBUG LAMBDA: 1a34d653f1fd80344bda53a1cc21687e3234c871f6b7366e4aa2de57da3fb9a8, 0f9448a2fe3b5a6207e6e54cc1fd251234863d12f34a87d8999f524ed94937d2
DEBUG DBL p->x: 27dbc99c06c05505a1c90f31cb9bd76b3358a8f3f78ae799c3d6fc2a861a6957, 0fc7ddda6f60e5d16261615844dd3c426b65329d1b263451bc527acaade7062a
DEBUG DBL t1 (X^2): 2463379dfc02e2ff01f400934b3fc3269ab36adaa1aa4e085116a26a65bba1a4, 27e3ae8aca616e445f160286edfed6ca541302566bd25e2bdcb5c1765ce7926f
DEBUG DBL M: 0c6109f431a568a9953b764cdebc98b8a1176b6d141b54fe7b02cf118038ea5e, 16e26eba9cc10a79aca17c27c6f9d3a3cd3631e0729385691de02c3565bcbcbf
DEBUG DBL S: 0e152e46265429ced3801742473590721f411ad1d6f381a0181b1ff1a8a09e5f, 2cdec5e3c3d2b68b81e3edb64d36dfe69ca29e95cb970ad152867e421aa11cb3
DEBUG DBL X': 0531b172ad9a27a83a0ec834686f79e443dec6368b54bd7c9302243c294ddb74, 0eea08293d15dcbcd0dccfd31463486f82bd5806cbed53951f781f686df075c7
DEBUG Q->z: 211e57c4cd9745e54846f23df67296a9f236e9760f1b5fbe4240f8fafb00e973, 12532450bbdc75cedcb465e269a8a9a56a4e9c162dce1d1204b54d88e826d147
DEBUG yQ: 238a922634c253d7f42507d22cb0b38ec91daadcd4289aa68d11a643c1e55237, 196c7b34d9ca2ca7304410295700178094fdc8e5e378d925fcc2ffdf64d04399
DEBUG DEN: 16b0d5d9885307862ff9c9edd7e00ebffab9eb283fdf6abfde02c070ab4da727, 0274a7f6d262b924a837da9c2c7ed6a3927a273a5e7fe7bebd6573a7f12389eb
DEBUG DEN_INV: 01818919e338d9a831f7c82c6aad7ea76466643ba1275addfbabf162d000559f, 1945f98971ba2e4f9249a4d3b3cf997aab1c2df3f677ce4e0a15ef226f68aab5
DEBUG LAMBDA: 1404581f0b5bdf19324f820128caddb21a2b937c729d4b74b13e3d3c8b689680, 0ea795f1b0c70d0fb72a7659aa7e32539b53ceeefdff411bbb27c6cf673b7ba9
DEBUG DBL p->x: 1e7c3941cc47fa706d187dc41fe99c1a56c7342b5683ef52be33c62074ff5173, 29dfd6c7964bdc705a6ad8892307f66bfce1de6c7f840305b7f54214aec95455
DEBUG DBL t1 (X^2): 08729ebe35a519844f9d4bdd3dbfce0f0da1737eb2700ea10969505915e181be, 2a15fb544c07114773f3a38146db87b47913b8d738cc468caa7f8cdd07dacf70
DEBUG DBL M: 1957dc3aa0ef4c8ceed7e397b93f6a2d28e45a7c17502be31c3bf10b41a4853a, 1d79551721b1f382eb3a5f16d18fe6623c385562d9813e8b873d8e69669673c2
DEBUG DBL S: 294544f03dfa61e176602ad103f92f2396a98681b0540079728bd3a60067f942, 190c6ba0feb3d17c3649e817890868451e8eaefa785e0e23245c2f2e9819d908
DEBUG DBL X': 06e25e3669fda65de8a1f325ec502e2bae6a2e43428fd4f401e5384d44ed4b8d, 2083ee446e753c32c6f5ffe1e418552e3beac5ca727fe51e541e12de04fd60b0
DEBUG Q->z: 2ed3fb62bf9712e805213efc85c296485d74e96fb1070986d7192d35af7a9ee9, 181abd252bec880d1a92d196a105b7ccb56fb4a1860c1052eb87471f9c43d913
DEBUG yQ: 023bfe8aa74af766cd358befb3898bf0beb2db3960207f7dd26b08d6ec5226b2, 04afa214d6cfd794a035925360b289e2d20ac095e9344216476692b924ba0cd7
DEBUG DEN: 0477fd154e95eecd9a6b17df671317e17d65b672c040fefba4d611add8a44d64, 095f4429ad9faf29406b24a6c16513c5a415812bd268842c8ecd2572497419ae
DEBUG DEN_INV: 17a90f3268da12470e5533ba78813fb4d9031e51779434d7a8778d8598933fcb, 0dce1bd472ee751ad4aa7fbca99ca489fd651208c0f96184abf0525f8c8ddb4d
DEBUG LAMBDA: 2d1fd16ef3837a0890aca7cdb66c982c6fc2eb2cbba3a1899c8f2c94e2720a27, 20b12532350a85498bafa171f515e745f2dd8fa33ed8c90bd8649c59c9db5ede
DEBUG DBL p->x: 06e25e3669fda65de8a1f325ec502e2bae6a2e43428fd4f401e5384d44ed4b8d, 2083ee446e753c32c6f5ffe1e418552e3beac5ca727fe51e541e12de04fd60b0
DEBUG DBL t1 (X^2): 1f79900d84b44c74afcf95ce7d22719352a4e3156437a36bebc31e5af9f35546, 12aab2eb64615b6d57c41102fb5f049651223f55ddff6e464f16c4fed45d21f0
DEBUG DBL M: 2e0861b5aceb4534571e7bb4f5e5fc5c606d3eaec4351fb68728cefa155d028b, 079bca4f4bf2721e4efbed52709bb5655be55370318c8045b123c2e5a49a6889
DEBUG DBL S: 0db57a2769ca794a7516174d114f6fec7399d4dd023ec615ed8a50d47652f9fc, 2f2b41a4f24f4ff50efe966e24b31fbda8b2e6db59e89949a69cad4efa7b996c
DEBUG DBL X': 176bd78d1e46eb0ebf868825a9823e0bbd866ee8c952e003721c6531a6ca21de, 00366e4d918e8a8829fce9db7fac20fe94eda23fe29b87575440b9f6fb38d39a
DEBUG Q->z: 1a1c193a197985f2a6d3ad67b6fa11e621df2343d723a589d7feda8d28d543ae, 07623943b517c80661d82fc3c4fc732a83cd10e029f70d11d3b7b04d3bd484aa
DEBUG yQ: 08eeebe24c4f24219d77fb74a884880a7f16b3401a3acb08a8acd43d2e5f9da9, 1d59ea202d9357dafd9e53d19ea008f25d663dbb4daa2700f45b3b794886c6bf
DEBUG DEN: 11ddd7c4989e48433aeff6e951091014fe2d6680347596115159a87a5cbf3b52, 0a4f85cd79f50f8c42ec61ecbbbeb987234b10e532e28374ac95eadbb8909037
DEBUG DEN_INV: 1b0aee178d80dca2cffbbd5af08ea272a72710cf7129f5a595bc361f7b41f809, 2e47b494818226c8d1618edd3f4bdaeeffbc2d18ff733b9ebca18a72cad35d4c
DEBUG LAMBDA: 2ece7868521debe04a2b14a6eab04f3f70ad7ce401f3e4f042fce8e69e9ebd30, 2a026c9694ded161c63796c0d739dd3554e1dff261c25519e3ac2e2a285c7514
DEBUG DBL p->x: 176bd78d1e46eb0ebf868825a9823e0bbd866ee8c952e003721c6531a6ca21de, 00366e4d918e8a8829fce9db7fac20fe94eda23fe29b87575440b9f6fb38d39a
DEBUG DBL t1 (X^2): 2f3fc61c591f4dd54b5aded061f39259beaa29c629db97b42ff80b0daefbd2a5, 10b85401ceb24ad3e2089898cec76aa2fa63c199aa2c7da7bc6bd151411db033
DEBUG DBL M: 2cf6b56f48faa92c7170110422d806520cfba82facaf320217a708fb5bf97d61, 01c4ad928ae54051edc98413ead4e78b57a9da3b9613ae69f922e7dceadc1352
DEBUG DBL S: 215b65016cf4b2c2bb20348fd64e8413c4fb0fbf1469776422419d99835c01f4, 06061fe69ca0e895bb1e4f5026bb993294f8ef37cde0b296281d6bae6f54ec52
DEBUG DBL X': 198f26e75bbe29a154ab66568660ba5ebcc71a75a6dc1ce96a2135565e40d53f, 04dea9246d8766781f854dc48f0a9bdc22dad8106aedbb764f8ea9c157b872cf
DEBUG MILLER RES: 139eb8578d615e63c734c77b760405c89d7607f364fdd15c07acf0390a833a48 0c3ddfb18af178e311a73d024cc5bfc8da34290fdbe7199705cc6c9d86debef5 1d7d5e6a5652033c3c6875b7f21b987c252d1ac492ae7e67ddd9d36b5d864bf6 078a389ac18546023fde1e1e5336e9cccf679a71df6bfb4fd6de9b7a2a9a95e6 018e7c639388bfaf3698f51252d596b905c8b8e3d9c0e6edfc5f229c45c84a24 03ce14c40b90ca71725d08096080fbf3281ac9d4b0ec283f026fdf2f885040c4 0ad3172775b930a1de01938128eac9b2e9682599a0c7ee907d2a752123df1000 22c1ed43b052967e622e519e528cce25075137c65c5201870e6b2651eacc5080 103fc9b634b3e5d89eab6eaa73c7e7f532b191ba0785f3f9be0105a91de5d2a9 161644399fa2f6e1cde69172ffedb6babe31ae0ab566fad067a3e043898d29e2 0a02c17293b930889a1d9d96df1b528d7df1ca24d6e953a7215b27bf2fb75fa2 194a0ffdd7459a3d573f928142f57eae6d36f3d0ad793b72edc64c5ba9c5c2be 
DEBUG Q->z: 0000000000000000000000000000000000000000000000000000000000000001, 0000000000000000000000000000000000000000000000000000000000000000
DEBUG yQ: 192bd3274441670227b4f69a44005b8711266e474227c6439ca25ca8e1ec1fc2, 01909cd7827e0278e6b60843a4abc7b111d7f8b2725cd5902a6b20da7a2938fb
DEBUG DEN: 01f357dba7512dda9719a77e067f5eb08acb71fd1bddc1f9fd242d3aeb5b423d, 032139af04fc04f1cd6c108749578f6223aff164e4b9ab2054d641b4f45271f6
DEBUG DEN_INV: 2357d155110d6779959a8f6aa11b833bdb89bad068418b80728089780294aa31, 14ac2e8dc6b8d4e2c5ed3a4778526e32760219e06beecb0defe6d3ceb28bad42
DEBUG LAMBDA: 28740d492632c38f3bd3c90ac14dcf48e9204889ebb29cf5e488422959450431, 190baaa9a658afd407cfe4c67f9e2c6ca2c26b173f96bb87e9166a1c10062d63
DEBUG DBL p->x: 03ff41f4ba0c37fe2caf27354d28e4b8f83d3b76777a63b327d736bffb0122ed, 1cc7cb8de715675f21f01ecc9b46d236e0865e0cc020024521998269845f74e6
DEBUG DBL t1 (X^2): 2e05f14efcb1ca81d4fd3e638e28297fa2c96a3ab4bcb4505073698cd85a7258, 10bc9b962703233b3693ac333c1f339e863cdaea454304749aa15fe203dad320
DEBUG DBL M: 2949370733b21f320e572fbda775cbc3b959698d4d5287d679192478d8155c7a, 01d1844f93d7c987eb6abee332dc427dfb35262d675742d093c3938f33137c19
DEBUG DBL S: 013795fd2ee0a4566baa75cd37877c4bf7a564c2755bd42eee1cf7ad6f4bc49d, 199917e5faa4f56f3fa4c41bc46c1a60bd87ced052783b2d1d9c24cdbe7cc199
DEBUG DBL X': 2b9a7ff8a75a1955be53fc3614fc87b76b266b0c66b4ff3ac1538fb472dd4b3c, 141898908ab455ca91f3ef5e054da03a49eeb03eae6304d3560336a04339255a
DEBUG Q->z: 22386dcd2de172c71633c45121947a6c0f3a6dd3687b81cdf7bc68c7c2ba04b9, 2a43605e584b7d0147c1bc97a546a5ac264b7940428ebd00aaf9a7d1769ee15f
DEBUG yQ: 2431ff07bfb79616158a6ebff5de0df6b58b0e84989dd6f757ad6d781b5080b4, 303b17d049c2623e8e4ce0937b45faf52f52ce71ae20271e646b43d61f326f43
DEBUG DEN: 17ffaf9c9e3d8c0272c497c96a3ac38fd394b277c8c9e361733a4ed95e240421, 3011e12db253245364497b70750a9d8cc7243251f3ce83af8cb5fb9565e7e13f
DEBUG DEN_INV: 236f2044e6dc9f2debdf06f834809b82cb4bc3a570dbfb1abe780f83117a0c6c, 210c28bed311f853c9902b147a7393e6c3c69a1be7dd33e8371ea60793d05eef
DEBUG LAMBDA: 1c150aadc94d849641d1f88d34ea8cdce3e2b4bc71d1a347c158bc413e1977c4, 110dcc7f88722f9bbc804586f9d75350917563e8ac76efb69480c502104582c0
DEBUG DBL p->x: 10f01f49a24f9f075dec8a8a48a8b1426841c1c5f7c282c519d253f95f44a1f1, 0f083826900640dfd300e6f218d2dfbf9d176429f08c6e97fb27578871783a32
DEBUG DBL t1 (X^2): 276aa26cdfc01d83dc695c51e6c8a9b6a8b312b21406566e84d1f970ad5054ec, 1f3c37a7603359811caf9849f6e8b916af324757d25a457bd16e6fa5a67d26df
DEBUG DBL M: 15774a60dcdd1838249b8988b1574c68cb1662f36b2f6e311634d42456f70436, 2d5058833f686c599dbe83276338d2e676156b760e9d05e6382ac2da1afa7756
DEBUG DBL S: 1f525e90daa754176a0719ce4ecac4b785382f5f9ce417aa0fba2f85a86f1a25, 1f93db65584a0521cf9e9d9cef17fe8733a634aa8084c28c4756bdba733d8de1
DEBUG DBL X': 0772d3a0821819b09bcefff25cd3e2a9635034fe392f356a2261a11f86b96b84, 2056cecb2deffb047a3700a90958349f20aec185f1e94af887b86541f3fe21a3
DEBUG Q->z: 07b3cf6dd14be00764695fb83a08377c96e59feca61b79ec9b5818759c8085af, 2ea08155f6b72790b5c948cdcb8daf187f278bdb0fce4468ef7bdbe52745ea2f
DEBUG yQ: 07af74440793a9197b67c6886434964dc545803c538dc3a2fdb8a390562b25f8, 1e22f12b546d24c92e2a4fb5018f0539ce16e6c8261a08a2c5ecb5e69ff9a416
DEBUG DEN: 0f5ee8880f275232f6cf8d10c8692c9b8a8b0078a71b8745fb714720ac564bf0, 0be193e3c7a8a968a40459b3819cb21604ac62fee3c246b84fb8dfb667764ae5
DEBUG DEN_INV: 24ddeb829124ddc8a4177232721830b71cd651e683c6843b00b6409b461c6e3c, 01a5dfb32233ed9ad1a61af14ed288434648930e4fa7313722421725ca9869fd
DEBUG LAMBDA: 0ccc300aeff2486a5771873ab176b99aaf4f667a72de534f890c6a10d98358b6, 26314433b251067c076e4c2621a4443e4151196572998b9f0e0faccd2ef6fea4
DEBUG DBL p->x: 0772d3a0821819b09bcefff25cd3e2a9635034fe392f356a2261a11f86b96b84, 2056cecb2deffb047a3700a90958349f20aec185f1e94af887b86541f3fe21a3
DEBUG DBL t1 (X^2): 162651389cc2263b88a362c5aeb673d1c73d2b18d0785827e7552cc90928d1f5, 0b4c07aafbd0fb736fa1f6898d9630f86862449d858cf2d14a889a5ce171dcc2
DEBUG DBL M: 120ea536f514d288e199e29a8aa20317be3616b908f73dea79defa4442fd7898, 21e41700f372f25a4ee5e39ca8c292e93926cdd890a6d873df99cf16a4559646
DEBUG DBL S: 258252b2efa20e91e3bedd9b8c597bcc264d32f0de6ff19141824d0175827814, 2a033278ea4f754128f1bdefa83ef07b412f136ccc947e1e9645d6fc2dd3bc45
DEBUG DBL X': 153fbb4b02e415641838730eb97d6e50c185121beafb8a304e8a7542645fd2ab, 081f0867377f12d551bdb1ec00a97fdfb0619b456ccc72a65af33cc96dee1543
DEBUG Q->z: 02ce0d071777f465a11cad5ce8c6ed62f0b82f22478e7f73a73031d365d63b2e, 1382fbfb230f8cace9caad4ca132ff0d08027ec31d5c72bd79e9cfb5956b156d
DEBUG yQ: 0c01e4ffeaa5483a08cb3996c60ab6a9cc43113c8a4550c48967227a422bf371, 2f779ae672e18fb7c90ee0922282d391c04f36831eb577d86e99859642b7593b
DEBUG DEN: 1803c9ffd54a90741196732d8c156d5398862279148aa18912ce44f48457e6e2, 2e8ae75a04917f45d9cd7b6dc3844ec5e91d0274d4f92523a1127f15acf1b52f
DEBUG DEN_INV: 00707056a624024ba99517b99b4f723ba1fc74e9a7e67166b14a4c41929593d6, 0936c6f7b5c1a642b652ad2823c888bfac8ec1ad90a6c52a07bb9734eb669577
DEBUG LAMBDA: 0275ec73deee034c89828f31038dc9ee94d686d3805b07d144e14b936e822647, 1e93e14cd3d37ad248775a012a3256e0b513e0931c09adf33e3138334576e1ff
DEBUG DBL p->x: 153fbb4b02e415641838730eb97d6e50c185121beafb8a304e8a7542645fd2ab, 081f0867377f12d551bdb1ec00a97fdfb0619b456ccc72a65af33cc96dee1543
DEBUG DBL t1 (X^2): 1d8cbfcdd9bc50e7edb9cf564c5e3a1732523d9ea6ca48ca1129cbfdb7fce9c4, 1b9fd9ba7dd1abfbba30160b290c2b6c00304505eaff04797d796039c8004197
DEBUG DBL M: 2841f0f6ac03528e10dd284c639955e7ff754e4a8bed0fd0f75cd7e24f79c005, 227b3ebc984363c9763ffc6af9a329e6690f6480588b42df3c4b94967f83c77e
DEBUG DBL S: 1709ee3d5c12374796f34b889baeabce2cc02a5c4e1c585d6c18c6b53f452f41, 2223664422c26fab8882c285f7c32308995e1543ad264f7fed93ae3a0b10c412
DEBUG DBL X': 21dedad4962e6e38aef0146e80d0adfe894300ce420bfdaabc897d2aa771a75a, 300b14be452e6419a5201350dc05c9005cab2e7c5984f737fa2d3410cd72fad6
DEBUG Q->z: 11b857b7572f1adf957b9cf5ca6a3fa3989d947e1c19ce62649102d7e6b98fb9, 085ff285f201dd3b0e808b17fbbe581ec935907c08b02e35d646ecd6dde0ac80
DEBUG yQ: 1372c0b5dace3638cd1b7abfb56a32f0630bd37298868330b71909ba19dd3cce, 0413241f6b09802d40cd61f49bc3b166cb551fbda7713b7902d475c92065b591
DEBUG DEN: 26e5816bb59c6c719a36f57f6ad465e0c617a6e5310d06616e32137433ba799c, 0826483ed613005a819ac3e9378762cd96aa3f7b4ee276f205a8eb9240cb6b22
DEBUG DEN_INV: 26ebf3c587daee812901375c1742c8a165fd1f00c54bd538143a44ec85ffa084, 069076c95af26c4ee7e74f14034ea8b1d8dc2f2b3e21d76392b478b213d936ae
DEBUG LAMBDA: 1f6e6297d584ef19c62537949a3b676660a18cd214b71df556e98c47f7a99099, 09219fe79a2a7c96defd85b875b98fa7175b3426e07536afe7ffe1ccb0509dbb
DEBUG DBL p->x: 0405c30b7f2dd782d15c44602a1dc540e00d9766e292e524764957c581ef0431, 1551235feab14b04aa2dac1fb86e8c57eaa53da9cb1437afd1e07002b59d923b
DEBUG DBL t1 (X^2): 02a8f98e8d8927bb87d7234c8019000cd54a9c546b2249640e2be9da362249f2, 2c0a5b1a32a54f68d264e6a4a06802ef30e54183b4436856e29349ace9cf04f1
DEBUG DBL M: 07faecaba89b7732978569e5804b00267fdfd4fd4166dc2c2a83bd8ea266ddd6, 23567468d58cade7068e2880de35581263acef684be6a3ea2f78c4d90c731445
DEBUG DBL S: 22a3154a48519e96de857725fced6b271b12ebc552817a6056b16b27dc20dddc, 229be59699152dbc456f0e2a788c29b67f3dd390a879bd74966173c8fc3c8551
DEBUG DBL X': 2f38c9dc6629412ed27c03ab03e2431a69f627b442eb954578a7f499a70924e4, 206dbd986f0b705b33de214a9ab75e36174e909611fe9bf354e538354b3fa9b6
DEBUG Q->z: 21a9d6e2565cb4cd38f3d05008cdff7ee83d5ec34583dfc7788c75f7ff15b9d1, 1ed1b2c8112e1bd3a46fd2f7111445e3c9423c05acbd74bcb2e59081a5734c9e
DEBUG yQ: 074e7532a32a035c3b2a9fd83613189ff48b6543cba3eb17952812214daf3d72, 2e083a57415d787644fb6a343422a5a3ae0f5c59e447b92d658f3085e3e37dde
DEBUG DEN: 0e9cea65465406b876553fb06c26313fe916ca879747d62f2a5024429b5e7ae4, 2bac263ba18950c2d1a68eb1e6c3f2e9c49d4e22601da7cd8efdd4f4ef49fe75
DEBUG DEN_INV: 05b69c3ef799c222d14ce73d20a067a6b9c5d2e5a086baa529a8b8cfad7bca33, 2d2abd7d3774b25eff0e6f8c529cc07e4031b7b6705758829197df88c1e02c4a
DEBUG LAMBDA: 26336971db50f9065cbaa8ea8c9cf371907da55352da5544df9f471733cc469f, 1355e52cfdcbce53e1fc0e2118619be1e5145823381caf7a16c1e19961b23034
DEBUG DBL p->x: 2184cf9d92df5c991cec8f5e18b48b315230cf65b55d4186a33bb6aeb894a525, 2226ba5c8f7a7c48bb4a6e5049226c6eabd3ea1acdf708cfe2b9c0ff2eb95394
DEBUG DBL t1 (X^2): 2ec5cf3f817adfb220a527d9f18bec749ec7124cf4529a09971f090ba318c3cc, 0fbc69364206b900e8cad4683fbd657994d7dcffa53777394639a75efaa463f4
DEBUG DBL M: 2b88d0d8c20d5ec2f14eec20d1a114a2ad5261c40c1439024d1c02f5385050d6, 2f353ba2c6142b02ba607d38bf38306cbe8796feefa665abd2acf61cefed2bdc
DEBUG DBL S: 062b9169b8ab9bf0c6f549080c706c960b01433c0a717e9041fff7e45c2e6704, 24b69e4ae6082308951e19cbf99c8c9b24df73c205d436d821918b2e75bcebe7
DEBUG DBL X': 29b4a8f2c3fb8c13e0b30ecadc044b98b315adfb6cfa674979266305dcaf557c, 02f2b0a3100d4c29eaa1ef324a16656d953e43804f4e22bbe13d70fc083ba9ce
DEBUG Q->z: 2e5b685216807db07b57ce1e1b33a673a5a5a3892688fcfce5112febf626b659, 2b7531a1b1ab63c717c4bf24eb860aabefdf69edf567b3efe43c62d18ad5c1b9
DEBUG yQ: 2a87d477cfc33a09e4cd330586dc6c33cdee99b58a1469832ca5d1f267080d44, 17f8cc0cd7a2ac8c2a6924d6cc452ccd4e4ddfad8469cb3ee4842eb39a954a1a
DEBUG DEN: 24ab5a7cbe54d3ea114a20548c37800a045bc8d9abb708791d2b17cdf5931d41, 2ff19819af45591854d249ad988a599a9c9bbf5b08d3967dc9085d67352a9434
DEBUG DEN_INV: 024cb907f3b992d5e33ad5ead4956240ad7f451463aefe2716048e11d50a49d6, 2902c0421477fa1c76f5558fd211b723894c2a08feac962f287f28d450af8b24
DEBUG LAMBDA: 03f4cef44b7c913f53032d2263dfaf6b10c9396300282e1deda4333c5135ef3c, 1833cf92ce6c4f99a617891f49ec1524cb1146ea7d95e4899f6537c620addf20
DEBUG DBL p->x: 0b23f503bab69881c169193ebcc017bf95f61c622723932c8c63270b8e4425e4, 1a3c076eeea9d887499d73400d2e54f8e8409e04f2f6df2c396df3797a15804a
DEBUG DBL t1 (X^2): 0b3c0954f6767b6322d7551761e757cdb91c0d493217498d3291ad7ed3bba625, 099fd7b6a3a2d285b77474a27e1e8336374b53aef20193c096908b665fd0ca1b
DEBUG DBL M: 21b41bfee36372296885ff4625b607692b5427db9645dca797b5087c7b32f26f, 1cdf8723eae87791265d5de77a5b89a2a5e1fb0cd604bb41c3b1a2331f725e51
DEBUG DBL S: 03e9a7858aa57baf1ee97106ac6fb8edb98980a82fcf7dbc2dc001359e98af0e, 0e8efab4099b9102896dd88e37f141ffe5d81d067eeffef688fcfa52194a17da
DEBUG DBL X': 1cc6607b5426ffe99bd0643c16b914855f0ea61de207cd1d88421b0976c9be31, 172d7d024971d3d9d4846cb921bbdf4c5c1206ecd06512763cf984b8a9d0a372
DEBUG Q->z: 0b88d61750af354f7178ebdd573010a0134378df494df8a4d30dd8b6fd4f0d40, 032f39f535882fb13ca6dc1a87af09c1b6d7650759205d04e9f7d2d17fcf3a8d
DEBUG yQ: 26fd4a511a115b4f3d0197bd38f024326688b1b573142a66a9756e61b99a6a0b, 2119608889d4a5b85f21d5b6a1821d90727b7b7b6eca9d4f4920c0b51816b93f
DEBUG DEN: 1d96462f52f11674c1b2e9c3f05ef007358ff8d97db68a4016ca50ac9ab7d6cf, 11ce729e3277ab4705f365b6c182e2c34d758c65752370115620f55357b07537
DEBUG DEN_INV: 0d8e2aba70c44e15f480f61c57cd5a7d18c9f6421d72ad5d5f935ea9b3fadbc6, 07df6b7c147f77f4bd637912a4244c915312fb7bcbe468e736086272525aec3a
DEBUG LAMBDA: 1eeb9611c0351fdf1ae6ede1350e0e1f64967bca70735dd502784e0c59a32c57, 024737aae30ffd179c9a3877673abbac7ffd803423bc7301ccec29514460fde1
DEBUG DBL p->x: 1cc6607b5426ffe99bd0643c16b914855f0ea61de207cd1d88421b0976c9be31, 172d7d024971d3d9d4846cb921bbdf4c5c1206ecd06512763cf984b8a9d0a372
DEBUG DBL t1 (X^2): 270bb04af155ea665f02d6d0cacefac4936b96ca3126b86067a99484e28c0980, 0b394476e3a2337d5c50d9d3ca225104e23c927ea893ddfe220125b61227fe86
DEBUG DBL M: 145a73fb119e7edfac67f9055d6a3f928b3fef3bc2909406bebba560f6aa21f2, 21abcd64aae69a7814f28d7b5e66f30ea6b5b77bf9bb99fa660371223677fb92
DEBUG DBL S: 11687699135e8102ffe3243b1786763d8037d992711db01ef442df61b6f7a3e8, 2b8523175e1796adbb63e2cdefa01474d4ef6d14e7472b934ca69305d895acc8
DEBUG DBL X': 2dc01869f9496580a5a2f450bff5fed909ce5d159a42245f0a12eb3b99d32fbb, 1e1a4f9d32bca85c805bc849e6c0fdf8503beca87bd87e630f1d1b70596f0ad5
DEBUG Q->z: 0f5009f6508128a6c10004145ec94abc0d5bbed6d9a17670b42ae4937a9ed746, 16d52269d0deedd8478f3c5c98726d8d07b9d7c833e574dbdb523c0e4402b19e
DEBUG yQ: 0b72a08d85b7904311f28a28bb0fdbb9cd08d72964cfe7e30a38c0fb4662cbe9, 0916b01de9c1e9f765952d20e1c9b848ccd451eba5d6df78b364cc886877a663
DEBUG DEN: 16e5411b0b6f208623e51451761fb7739a11ae52c99fcfc6147181f68cc597d2, 122d603bd383d3eecb2a5a41c393709199a8a3d74badbef166c99910d0ef4cc6
DEBUG DEN_INV: 00d94722156092fed7de8284eb02645eb939d0a97e422bf0269158330743d17a, 2d9d5f1ac22a2050c7d8e78cfb544ff95b691542ec0df82975c2d806d89419a4
DEBUG LAMBDA: 2d91d307de1e58610e5ffe868945952fc8379e5cd13c383cfdc3a8defa49a959, 046e6ed7d77321f7a6181389759b12c16933a7b9bb3bd749cc417b16d0e8413e
DEBUG DBL p->x: 06bc71cd6bab8c86e2eaa26b9d367291fb402bee68a76fe27c7b96e1beb685fc, 097d73151cd90a6cb3abec70516fdbb1c7cab754be1e7b0d98c8fb83f888621a
DEBUG DBL t1 (X^2): 2cb36c67ab4486bcc72404f5bc138f771e018f20f6ebf05b3dfac28fe0f14520, 14a2c945b6b650e142b1a0c03f96d020180a015c37ad5fee1d6903ccce19c2aa
DEBUG DBL M: 2551a8513f6a53e2e4cb83743137fdaa2b01d84013e03bf741af2f81f1d9d4d2, 0d840d5e42f1527a0fc49c8a3d431802b09c99833e96553d1c1a7f4f91d04ab7
DEBUG DBL S: 202d666a4ae5fcf5ee11b09b3a01e38b997902dfa2562568459a82da66969e9a, 28184e887d94d8443d34a4d7d69ba742ae48fbda4ae165e222c46b2d36ee39f3
DEBUG DBL X': 08bbc4196ca07f10ebfce69a2477eb1852cee5ef80f0e7d31265af556c4e24fd, 1fffa82e9b9e5920ea9cd1cb021f187cbb8e2659be91c18691ab59dc0e236d38
DEBUG Q->z: 2d407fa8c47e94591949dfbb2c4a84c1560968b0a1b855db195885a3815a5e9a, 1609f3dffaff103e157e50244368472df6a3098f4f4125122a3146644639ffc6
DEBUG yQ: 2c2f54dadc80fc496a0cbfb3e0ba8d9f139f4e21488ea0f9a6cb60b188fcb2b9, 179b9ace91991e8e7e791ca4f8ccf9b34842e4181280cb523f945f662ec642e7
DEBUG DEN: 27fa5b42d7d058691bc939b13ff3c2e08fbd31b128ab77661176354c397c682b, 2f37359d23323d1cfcf23949f199f3669085c830250196a47f28becc5d8c85ce
DEBUG DEN_INV: 2c488920bb1ebdd8ccde810e10a0fe5f238d41c681777c3ebc36323c125c20de, 0dfc409091a61aab025c89e3f1aa2f686bcecd96a937f66f513526ff34046dea
DEBUG LAMBDA: 0548dffe65bd82678544aa79791f73249014a10a3b449b15b19ff189a590b84e, 019eb7263d98227beaf1644a94333011fe740515e9cbeeba909f9d54fedd0577
DEBUG DBL p->x: 08bbc4196ca07f10ebfce69a2477eb1852cee5ef80f0e7d31265af556c4e24fd, 1fffa82e9b9e5920ea9cd1cb021f187cbb8e2659be91c18691ab59dc0e236d38
DEBUG DBL t1 (X^2): 1d00e07df295d0d83f122fefe27c48f28b382e5f79a995e7ac40a575d12a258f, 26f1e482c0f6d40795b724a20ab77a082a063a77c9ca9c7fbc3501b9104e2c9e
DEBUG DBL M: 269e5306f68fd25f04e64a1925f3827a0a27208d048af729c8a1644a9b017366, 140d10a280813bc35084e2791d23bd5d4f0fda448c7c4064bc5decfd7ff08b4c
DEBUG DBL S: 15638df50f77b2feb64ddd4873ea8de673148a1079821a55a00f40719b6ed140, 2ac26dc0a1b7a164252c3a82f9bb61ffa3258384815f1ca406673df516c206f0
DEBUG DBL X': 23cab8f2a440625b08f51f7bd9f98fd87c2387bb948ddc86744397375c0d8b79, 05b067cb61f7bd9cc40ee7ce570ed0685475a450be8c3f67f70f7bd96f7da168
DEBUG Q->z: 0464120eb035a02aa11dd45c41c2d60648beecd8c19981957c97701a38075955, 0922053e5ce6aeaa6a3a2685f2a70740e1a78b7210cd21dd460faa2c0aaa01c3
DEBUG yQ: 14d7ef36f6e364914cfa2d2e161d687c09a293e9499cab33ad92710484c65acd, 1db6639a25a6501035ffcc675f14a9d1e8a71df6a161389295544817e460aa1d
DEBUG DEN: 29afde6dedc6c92299f45a5c2c3ad0f8134527d2933956675b24e209098cb59a, 0b0878c16a1afff6b3af53183ca7fb4639ccd15bda50a697ee880418f04456f3
DEBUG DEN_INV: 083b030a89728f16ec99ea2b9edd1457e9feb9bc3ec4e13510c9f79969911911, 2c63bd0b228b76e367a7054005a2bf6ae55f451fd78f41055c186563081ab4e2
DEBUG LAMBDA: 24d40b1f646eda1fc85cdf2e5924aba9fdf0bee2d911563555befa684b7407bb, 10a57c532bebe29bc883ac5e72e5b6117c593f292275dfa096e6a72243566395
DEBUG DBL p->x: 1d10d09f09823a026d6ad4068da80b1312ad005af88d5cf2b1fde493afc905f6, 2cbdd5b6e82e03f9aaa6f90e0eebf7e2761dbf30b52ddb4afc50befebd87556c
DEBUG DBL t1 (X^2): 2d7eda8acdea5958650de02c5dfdc3f68b4848a0ff385c66fd623f124daee9b5, 165aeb59256627f6084d7538ade771b15147be095c0d564bbf3247b93de4282a
DEBUG DBL M: 27b3f2baa75bcbb5be89151816f69b2872d604c02cc5801a7fe5a5093812c291, 12ac73988f00d7b8609819f38834fcb65c55cf8aabb6385601764b14e12f7b37
DEBUG DBL S: 074383593b58559f78227585e5d31bf334796b3e055ad604891dfc9df89f2d5b, 1d7233e4bad763bb6079963d298e4b8c3a3ac6b9ef9e11946828f2883ea8ba49
DEBUG DBL X': 2453dca7a07241fad2108bb39de233466884138ba3a65dbc7d608b9369549e7a, 00bbd5a1c3f3838ddc50d86cd2c6d161befb66a7bca6a75a041a65b27183f477
DEBUG Q->z: 2890261c9697f79184b9657ae240d5a9a8380cfb7b2a89dc9db21798583199b4, 0b6377b66f7f6f2b8930d6e4c86832af9e11419a9f826df857fccbed6dfc64cc
DEBUG yQ: 09026e6107afc75eb71d735a8ff181bd083a90e84fceb752b29d5c81ba3db099, 12ebe3e6ece8996cdefd03c775d7703e4e4fcca8a19d2344aecafc74ec97d4e1
DEBUG DEN: 1204dcc20f5f8ebd6e3ae6b51fe3037a107521d09f9d6ea5653ab903747b6132, 25d7c7cdd9d132d9bdfa078eebaee07c9c9f9951433a46895d95f8e9d92fa9c2
DEBUG DEN_INV: 1abf49d25b4784988f601be32386046a430f2ad608bbd5d6320ee5be8028b73e, 0b79adb86ea083fb77b32983b9a6a8a998688e6976a22c0146eadf330a39d422
DEBUG LAMBDA: 18b4f2dce64b16b182df4b6316810a83108089e4a938eb8de62ef470659eb4c5, 14acdfd7cbb3c1b5c41a527abc1f40d3c41485435ec22c71828ddc6c2d23ede3
DEBUG DBL p->x: 14fa1365864d6ff244f4ae081545fc07ebacbbbaa6a43c58de31d01815743914, 035d2680e6b4748291a8ba4cce9fc01b983413d46a611aadbb6d8767c1cb57ef
DEBUG DBL t1 (X^2): 051e6655b93df7d402533f2f27c18a3e02d62ab99900b2c102c304d308d8aec9, 1c4602d20d3f07d187e0b182db7bb2502ad72ceb293afd8798261b54f6b27b2a
DEBUG DBL M: 0f5b33012bb9e77c06f9bd8d77449eba0882802ccb02184308490e791a8a0c5b, 246dba03468b774adf51ced210f1be92e9041c30133f2e098c51c5e80b9a7437
DEBUG DBL S: 20618d198df84bbaee33248c954b170a68a9ba314cec293b408d946976c1926d, 20d251497e2947ede8681b636292ef15f20076cdb2763c7e56683c5d0048b816
DEBUG DBL X': 13500ae2523452a5b1e827039366216a3fb06e504638356d407cbd15a8e11211, 0b092eb578c139a8b9c50968e5fd0f80efcbe830554cb44baa2b933153b0cc4b
DEBUG Q->z: 23d4f911ad19d2d37ec2c34d3ae23b6b0f723987b7b1215dce8bb4d4e6398c90, 0c0149446dffc3960612f79460947564f0a340285bfcb75d4466c401410f7f50
DEBUG yQ: 252a213907d764ed9a82f235a2bb52a59cb3cd728fbf41175027337b5a58f17c, 1bbeaa4c3962b0bcf725723bc58ef4ae3cceba27c47a6a8857c9e0033ca81a90
DEBUG DEN: 19eff3ff2e7d29b17cb59eb4c3f54ceda1e63053b70cb7a1642ddadfdc34e5b1, 071906259193c15035fa9ec1099c90fee21c09be20830a83737333efa0d337d9
DEBUG DEN_INV: 16d785c39adf86758dbeb2035c46b8b903cd1114641e8eb353d0bdb541f10465, 03e36ced6aa2c94563fceb958aad52161f88743b1ea9409439ef8ff20e0a2370
DEBUG LAMBDA: 22d29b304fa17bd7851f4edc5c6cab48f91a5e4b20d222d9b5d1fde2f5fe8d8e, 1f45a7ecebdb6f4e616ba06c762453aa28d459ef27253f9c1d525cade3868491
DEBUG DBL p->x: 040da677d7cd7f28c244cb50ae5fe0ca020dcaace912e553067a69ad9dfd8b3e, 0b40ea5ab359d1d80fac08c69eed7db1decd45777e297d0e9bf2ab6befd01355
DEBUG DBL t1 (X^2): 061ddcadcc4962abe67a9538e5ea652999b5a07bece3929bad2d9ff990b18ae7, 18c0d898129f186c4362a5dd21c3ea0fe61c780212706896033485cd4c0c158b
DEBUG DBL M: 1259960964dc2803b36fbfaab1bf2f7ccd20e173c6aab7d30788dfecb214a0b5, 19de3b5556aba91b11d7abe0e3ca65d21ad3fd74cedf6f34cd7d05510ba7435a
DEBUG DBL S: 2b58ad4db689b7bcb0396f0346f644ece3783d72dd1b20fcb6002bc31ff7159d, 0fd5299e9a20d5c36644c035a2d832ca4eea9b657ab5139e5db0e935d4b9d082
DEBUG DBL X': 205bfe4be403ac5e85492910125a2e509be83c5deb9447b38e395ed90c94ceab, 040154489f1caf6f81e4bd7f0ff084778d122db41f650168461b64d1ccafab4f
DEBUG Q->z: 06a07569749868ebddb584f325e83f5b940f7ae049ea4ed4b9ae8ab510d91d17, 21d7866d6fd94f2bb7ac5463bbf07c846909a80283f0482dd63fd78727bcb05c
DEBUG yQ: 0b3d5d81566843c42cf4d7b410743aa245d1467157e09efb8dde53772d6d07c4, 18f64eea83b135b724c96b1f07254b01ab2a83550475d878be7eacd5cf6da342
DEBUG DEN: 167abb02acd0878859e9af6820e875448ba28ce2afc13df71bbca6ee5ada0f88, 01884f622630cb44914290878cc93da5bed39c18a079e66440dccd94c65e493d
DEBUG DEN_INV: 1785e170dbd29c60082a871117399ff92bfd66da3004b4d7099475a0f2131f8e, 281141712912811490f1089e2fa41e6c52e8f4907c5202725400c4f8e92a6d29
DEBUG LAMBDA: 108e5aa47cb9fcb87433cb0576b9ec51c8835585fe9bbbf5241923389721d891, 211bc6dd1cf7230caebf93da23efd27d0f5dadf3b2ee33234a9a9f1a8b850bed
DEBUG DBL p->x: 2eb06c4bee30bc06e78012ca567248bce56d2f33ef93222cafad1f43df372368, 0d16d103bf0578591ae4a3c4e5fb7b287d233ef60c675a19eef6e949f5676746
DEBUG DBL t1 (X^2): 142981aa47a7d5fde1115b2c89aafb10e71575515006b630bd9543f098f9166d, 24fdc75bea121629b9b2b2b792a6323b1144dcfa55a7d374895d7619f9cfa3fa
DEBUG DBL M: 0c18368bf5c5e1cfeae3cbcf1b7f98d51dbef56287a25804fc9f3fbaf26e4600, 0e30b92dfbd30229bc778cb9b4efe5f604cbc1cc3013e54323d74a203c74f160
DEBUG DBL S: 1813f5a716d1f6bc1979115fc357fd99341abc813e2260402cc75f436aff9d2d, 1233db0a57eea363601c729c27af6a500adf72cc84bbe311c1e49d213f86b400
DEBUG DBL X': 0b2031dc2dd260a607cfc67f7db148fdd52979a81136ad888615884f3df66ace, 2f7cda160ebb982ce8395d35faf03dcf1b8897cb127696ce2a1d4a34c3880bc2
DEBUG Q->z: 1b103e1f9cb7590c91a567e15aae962301a4a12467ad3026d4b9ad51e3958086, 11eef869ac0a4996c0737c9fef60a05e885541f3ef553ce8adc543a93353a8f7
DEBUG yQ: 193f74123f28c836f1f546ec6d562750581a2b94f67da0902467fe34433bade6, 076e0d45099b6b508694b2559d5d2bb2a654891ce8cbfb786eaf3713ee27856e
DEBUG DEN: 021a99b19d1ff0442b9a4822592af64318b2ec98848976930caf7051adfa5e85, 0edc1a8a1336d6a10d2964ab3aba57654ca91239d197f6f0dd5e6e27dc4f0adc
DEBUG DEN_INV: 13fb0d5b2c8efef3abd48ac10c3672e3b78f63f5d710cad7fdffa996a3daa7cb, 1d22d40e5848e8a40db6d3928c913d5de5b9fd4c72ff0ddd12bac6227488d66f
DEBUG LAMBDA: 283ec5c196ad6a498aed862239bed62681c07428a9f4b402a20774809ebec2ce, 1ad37c977ce999dec51dbf8a3b0ffa8e44e83291207a4df4683b99dcd5b046d6
DEBUG DBL p->x: 0b2031dc2dd260a607cfc67f7db148fdd52979a81136ad888615884f3df66ace, 2f7cda160ebb982ce8395d35faf03dcf1b8897cb127696ce2a1d4a34c3880bc2
DEBUG DBL t1 (X^2): 1b4a58ffcc6869208c97c4872574cba670f9f442c3522dc99dff7b10ec6670a6, 16a9bf42152c3972567ef45e2712ef3a9f7cca4f5acb3efe0704f1041c356a7f
DEBUG DBL M: 217abc8c84079b37ed7707deeedd0a95bb6c7236e184becf9ddde51becb654ab, 1398ef535e530c2d4b2c9763f3b7755246f4f45ca7eff26cd8ee46f57c234236
DEBUG DBL S: 00c0eeaa45dbb64866a38f5aa52ac7d2c44ebd0318fd51cfe2b7965996af1da4, 270433d7dd2b6b846bbf0abbc6ea628eb69ab8909f4bd92d2225175895bc3ee0
DEBUG DBL X': 14adfa0a981cbee4c11cda38686684cf8de8f5886199860b24b9f00b69f9c504, 155864de557df579b7638008b6231cd0905ee88d7d071eadb4e486fbdacbca9f
DEBUG Q->z: 0243e4ced05e0692cc6ab0733443d0878997ad4a5b47c58355ff4d9804f9afe6, 09f2957998c0725badfeb54fd93c96d113e278942d4feefb5a2407c0d2233b50
DEBUG yQ: 2b935b3f71ffad7c874f837980afac45ee3690c26f30ea59bc14347832b7034c, 0089e915aa77c97e7f1fb333e9f8b13c769f0fa141c383e6d2f7d6c7f4de1009
DEBUG DEN: 26c2680c02cdbacf564ec13c7fde002e44ebb6f375f00a263c07dcd98cf10951, 0113d22b54ef92fcfe3f6667d3f16278ed3e1f42838707cda5efad8fe9bc2012
DEBUG DEN_INV: 280045c856a11693c43b79214a44280ce9b249118d4d73d6a79e6031ea1491ed, 19fe8e719bbfd51a7d762c89b3102618d6a76779bd60d8f388a956eb9166084a
DEBUG LAMBDA: 2cf659db600df8366f281a21a1f4c3d186c57fb0d435143002324d81fdc377e4, 26cc1d4b209dd0cc53dc39f452bea301ad792abe62040c600b4c446d915cf569
DEBUG DBL p->x: 14adfa0a981cbee4c11cda38686684cf8de8f5886199860b24b9f00b69f9c504, 155864de557df579b7638008b6231cd0905ee88d7d071eadb4e486fbdacbca9f
DEBUG DBL t1 (X^2): 249538e8b4a51808340437a68ddd3d14b40223e7130b06a95f4cb3bcf540be99, 197006a9ef86d4f8388fc9e33701a10572ab653d953cb14afb88fe982fbff12d
DEBUG DBL M: 0cf70dd45b8c07c52b6c1b86a6950682ed039692683d7ee1a5a503092ec8413d, 1bebc58aed62debef15f17f323838ab2c080c52757444953b67a6fb1b6c2d640
DEBUG DBL S: 1fcd2010e1b576a9cf261f4f93d213baf7a2fd001b5fbee78b5ece85e99473e8, 1964df375600ff3607e87c4d9794084cf37e299f8f681f83be502902f7a06785
DEBUG DBL X': 2155aacf2792437b6760d2e675bb1a4ac13091e32839b2145ba42c093578b621, 029f3d8c11840700049753a8bb0d3240981e89865021bb7af7397db8404e60d2
DEBUG Q->z: 0b312eda076050277fd2332c3d7393cfa6ab0b173b2d77f05a78d1385c2e0312, 09af0d3eff49ca030c92ae527fffbf56c36a69a51d62169bde649f1882018bc9
DEBUG yQ: 026db55231271bae1553e3266fec3e909ee4998a7c03393a7b218aef9df47b9a, 0a8867a574ec7073b30e469c0f1d07cdb8faab047993694756b7af60fa16042c
DEBUG DEN: 04db6aa4624e375c2aa7c64cdfd87d213dc93314f8067274f64315df3be8f734, 1510cf4ae9d8e0e7661c8d381e3a0f9b71f55608f326d28ead6f5ec1f42c0858
DEBUG DEN_INV: 0ab2d396130f3be3285592b01c545247ab67a5bea41140584c02065f75c2856d, 0a1d31d3d5faa25f300c6ea6349f2489d9b3805d6b8c6a04824d1d08dca251b8
DEBUG LAMBDA: 0c187725b24906a2dd444afa6963d312517d509efde41ec79f32f1a1cca879c7, 0d5c6c4c11d1cf91402afc0da4966901bee0b5d03219e1211070600e7be53c81
DEBUG DBL p->x: 2130312bfc78aba2d43db168dbdaa7c9d3e4e91092f8d3d5c0e0995c7e4677e0, 273006edc28c1977a50ab6b90855241f61166859db46dca027c2adf955092f5a
DEBUG DBL t1 (X^2): 098bc48ae87ad4552251b547723fdf6a3aeddc909d00137a0270de45d5c82841, 2698e12ab8621526eced92da72b14d91f86c389cec85b22c313e2cf6b7600f60
DEBUG DBL M: 1ca34da0b9707cff66f51fd656bf9e3eb0c995b1d7003a6e07529ad1815878c3, 1302069a66c2ff2156282d22551137faba41d4b3f4ad816a1b796eb675263392
DEBUG DBL S: 2a89ba44dd31c9cabcf5d0b01aeabc9043c54ef3500a6d525731dbf0e4f30ea4, 01cab8a71a9c71dc43ebfd37e7d497ae90a6772b683542af9ebec036fb7c69f2
DEBUG DBL X': 2f91e500bcb8a270f6adfaa5264629ade0218285528589a8a5e6b155df2ebd0e, 01589818e80a9f2c6bb35f17d491d80a2bf0d0092d7d8b5fcfa1cc80cb6e2ff3
DEBUG Q->z: 045398a845a85153ff15243617cf87f4c648411f6e96dea92611296385a366d4, 148e02a77839c51ad077836c8e95e889d69538974e039b92eb1085b0d30d8cb1
DEBUG yQ: 2b8afb49ca02af79cd9b988f6bd668903ba469b8eba7398c93fb60e477bf848e, 019a052d901c83fa6f2c34f61f8e8d8c01108e0a5d901fd806cbbc5bd437a28e
DEBUG DEN: 26b1a820b2d3bec9e2e6eb68562b78c2dfc768e06edca88bebd635b217020bd5, 03340a5b203907f4de5869ec3f1d1b1802211c14bb203fb00d9778b7a86f451c
DEBUG DEN_INV: 08d1e8e1dca4bab3fd4974abdfece8de8727a96f5efc7c1a7765870255de9648, 10601129957eee1dce7e97bea08fc4575b79e5192e0da2275ea56f0142825260
DEBUG LAMBDA: 2fd93a53470647d7d331643b76d7c9c48f46e64b0dfe5a4df7b065a96b0317b5, 1c31c2f5e60e45f3b8776fad47b41ce300f224d4b220d1fbdfcb9301d2d279ae
DEBUG DBL p->x: 2f91e500bcb8a270f6adfaa5264629ade0218285528589a8a5e6b155df2ebd0e, 01589818e80a9f2c6bb35f17d491d80a2bf0d0092d7d8b5fcfa1cc80cb6e2ff3
DEBUG DBL t1 (X^2): 0dec19f91e67b680604f2033c56f751076c446fe3b8f5e7248536f4fcee80531, 16baaf0634552ada8c4ff8fdf7b2484a0cb4e465b69de2662d542f2e5ea49b11
DEBUG DBL M: 29c44deb5b37238120ed609b504e5f31644cd4fab2ae1b56d8fa4def6cb80f93, 13cbbe9fbbcde065ec9fa543659580808e9d429fbb67dca54bdc01744370d3ec
DEBUG DBL S: 1f00a903adff6a4c9b81f613da531c00cdc18b22c029cb0a5a1416702ccb7dd2, 03b35487b631a50875809f0cfd5ef7279d14e7f0108d5888971ce6ede280f78f
DEBUG DBL X': 29d9a9b63bc596b8dbd465ef5a2697263cfddbe39dd845f26bdf29f4da412a84, 253bfe5b55ee36c6709a85187d747a8cebc6199de9c15bac495dc63cd9bb9aa6
DEBUG Q->z: 09cae4f0e505a70d34e003dcc33ee5f29724610799fa122049ba3daa0ee6456f, 127010e92ad29ca434b126efb9a8dfa4e4eb1c3a72ea517f590b8addef68dac0
DEBUG yQ: 2daedd8a2ac1ddb31bc6b578cb9de2041b4056980ae708ba1e5d68cccf228016, 0f995001346b1221b8f21689508096739dec6e8d7f264aa381e2a24e726646da
DEBUG DEN: 2af96ca174521b3c7f3d253b15ba6baa9eff429ead5c46e7009a4582c5c802e5, 1f32a00268d6244371e42d12a1012ce73bd8dd1afe4c954703c5449ce4cc8db4
DEBUG DEN_INV: 09fab84111313a168a25682e08a988478f13cb0e747598ca3e50a887b4bf5d43, 1479016ccf2010c75a597d25a447b5a71a6238567cfa308f1eabae2b7a24dd62
DEBUG LAMBDA: 2ff448083862b04d60e7c511e9acd01a3903d3e37bbfe15d817783e967ce3806, 008115957c668066c14c6432fc94260f3753ea91c008736b55f095517340af8e
DEBUG DBL p->x: 103f13ae3c5085d2731c16d1c24daa208029268ffc27fd9f85aaa4f099301896, 23eadc14c395ad5692ca40dfa899160303615ec7285b6e9b54e565175bedf20b
DEBUG DBL t1 (X^2): 040b694259de61cef15ea2f97bae9b1daf1303c1ab5335c93c12566e4eada3f4, 2157483a53dbf553504b3ce18c64a37363163b754744cb1d674316ed1bddcfde
DEBUG DBL M: 0c223bc70d9b256cd41be8ec730bd1590d390b4501f9a15bb437034aec08ebdc, 033d3bc939309fa680412b37a22b399efa3fdd3d04eacc3dbd882c99a29f750c
DEBUG DBL S: 123d4d1dac099fa81f836bd6c2b496964344a4c1957a4e0d98d03a882f225721, 300c7d3a281d0115eec515876d330729dd372cf4423a2eae9ada7329b438eaeb
DEBUG DBL X': 305c4d7dcdf61aa3ba57c1779c6d58e280645743026c22a1187d86cd3f50eb3d, 1965eefebe3ca79b8529cac8346379987ee29229c4ff0c3521cb9f6ecb322232
DEBUG Q->z: 24b884999a76f8faf0bc37f2e97f2cdac494e00fd9f7216ab8e6894ea4eba2bd, 0f4094c769254047f76805c3ab49b621a15636399aeee7b9ff498a2c8d24483d
DEBUG yQ: 02472066527a07d67ecac4b7b00a28b462e20c767e6ad69c62e9f0d77e0855c9, 2c2550378b28664b05cdf22b04e8584bc76a8766bef44063f04e82d5ef90bb59
DEBUG DEN: 048e40cca4f40facfd95896f60145168c5c418ecfcd5ad38c5d3e1aefc10ab92, 27e651fc351f2c6c534b9e9f884f5839f753a43c1576b63aa47c799506a4796b
DEBUG DEN_INV: 0e7b20e56ee560b43e543bc741bfd49bd4df63c9ff662f1002bc3ceb57e8013a, 0d094f97f9f02051e1737b128b0a7c2579f000be4eb174870236a92c087eebe9
DEBUG LAMBDA: 0e96535a74df79c021ed89b7899d1f78a4a2d70c2e959486378f0ada9f98a597, 1069e3eb1c8d2e33a10ea24bffee5a8d66ecd878f4437c8c13ab89d6f764aa92
DEBUG DBL p->x: 08551caaad20f9c27cf4ae1f9c667a89102f4aaa76a2c04627cad6dae4bedc35, 2b6abb1ec9c9e433d945ec9a4722b426a054855c38ee3067418997cd14bec84b
DEBUG DBL t1 (X^2): 0c5e78a34545ffe941d07bdb59064efb73c0246a8801f4aab2353cd1d1c646b4, 2bda1ab75893a2f301e43823627f61a82432d73798aa82846dc36c6bc309c9c0
DEBUG DBL M: 251b69e9cfd1ffbbc57173920b12ecf25b406d3f9805de00169fb6757552d41c, 22c5b3404757a885950c1cfd247b743d3d95b083f91bf272d1092d15982362b2
DEBUG DBL S: 2fe664e860d39c540f24bf540760a2631e77d3037e7900d198270fdab1c0d42d, 19959762e88305c8e6ce8aa9c136cfdea5a08b2af7cda0c5281d87f275ed7d2b
DEBUG DBL X': 290877e2edafc539f59cc989c93ccb6a64b60779cae522bf2ac8ca30abc77a77, 262bb091ddcdb08def21c880d52587c2f27d26deaaed3496a3815f3876c87cdf
DEBUG Q->z: 2817feab9090dc73ca6d43ba63342321023c5bc8a84d56e9389d0b102ea32d83, 2be01a530acb137d3d8dcda6ef4698a7b8d119f2eee9be9e9365c0adefe18886
DEBUG yQ: 1fa73b241bb4cf6c795d07efaf877ea12e4f0b98bf2748c27385014ae4691158, 03400e1643760eb2868ef1dc7141228a259321c8d49e3fd302ee3e679872a46a
DEBUG DEN: 0eea27d55637feaf3a69ca28dd8da4e4c51caca015dcc6f7aae9767ef0552569, 06801c2c86ec1d650d1de3b8e28245144b264391a93c7fa605dc7ccf30e548d4
DEBUG DEN_INV: 1268723a5a551d0aac420c0b3fa910f6e1be0bab6615544f483e8d1ae4c06aec, 0797f56ff80bda6bc2251666d73b9ed93623cd1081bf2c395b2bb71b34ab5e45
DEBUG LAMBDA: 0a280d00f8f202be12a151da0922aa1c13f73269dc29f80cae4f6adffd9713fd, 03b6cc578ffc29a2ff0a7b8755797c7e9fcbd6945d1d725e6049b007c7195ca7
DEBUG DBL p->x: 12bb5140c740726faae5772b72fe539224ba65c5a6b981b245746eccee27d7c9, 2035493f60179072281cda11583802c67cac78fd44c68b768b101f14953ad049
DEBUG DBL t1 (X^2): 0e98a5208a90c76c984c1e749203db11ba4c767f7dad419a0faf9eac03a6077b, 2facb28ba9e3283b049c22f954d1a6a77504edb9ad181c690f3ced85be70af5b
DEBUG DBL M: 2bc9ef619fb25645c8e45b5db60b91352ee5637e7907c4ce2f0edc040af21671, 2e3d7abd3b46385d9d33dd7efb72433b300bf40a3664c020b575b0638a581383
DEBUG DBL S: 22c7edeac6d4876456012a2d0d5bab4da5e488fe7d630deed1b574376f8be08e, 27fe82a30448248b3cb2b7a3d6f0a08e6424dcbbe2e95af620824468817b50bf
DEBUG DBL X': 0a3a9b3bd8d6cb4618862d264802678cf8076b68000aff355490712e437aa748, 1431987e804d1d859a07aef37539853e81fd33ff5e70af303fabef9687c7308a
DEBUG Q->z: 122e4078fd52e817840ebaa6f80483852aa11fce9ac865906ca751cc1633572e, 0076142106abdc5bd17d9c84e17610b2ca4d9a420ea0a010873a2a60555e8f84
DEBUG yQ: 0ed76570f57fcfe68f9685d67a87695b5bb47fd02b822809be5b38b0ee77f9a0, 1d2491dcb2986bfaf7b7450d8c030b902f25fe0b7726a5928e06b5f7c109a01e
DEBUG DEN: 1daecae1eaff9fcd1f2d0bacf50ed2b6b768ffa0570450137cb67161dceff340, 09e4d54683ff37cc371e44649684bec2c6ca918585db8097dfecdfd8a99642f5
DEBUG DEN_INV: 124337ac13e051d79daa6fe6a7c118b6db9f4c0c8ba1fa23e2771ec87c78c615, 27de0d6e160803815de6f92a4a2ef19dbb6d089bc8ced966fc1974a8c0189ba7
DEBUG LAMBDA: 01e9eac3806f3ad55ce9f244de49856f2f8b978b094340c3862854ee8e3a0009, 295561b80dde87e1bd6a915131b5f716c9ebdfc46f093890f4ac780d24f4db8d
DEBUG DBL p->x: 0a3a9b3bd8d6cb4618862d264802678cf8076b68000aff355490712e437aa748, 1431987e804d1d859a07aef37539853e81fd33ff5e70af303fabef9687c7308a
DEBUG DBL t1 (X^2): 2f6f1189fee99d5f44b3c2d08c460c34c08daceb81a7c9f0a937c4c07bd18c35, 0e65e212429f8a68ebc38d51ebf51378ac1b7ba6aa8e54791c3eee921df8ed42
DEBUG DBL M: 2d8497b83a5997ca5d7abd04a1cf73e312a6319fb413c8b783663613c27aaa11, 2b31a636c7de9f3ac34aa7f5c3df3a6a045272f3ffaafd6b54bccbb659eac7c6
DEBUG DBL S: 0fa47f54b298f817a5d3000e502e3a224050a6a809ed1c5a7266252c5495b641, 051a75aea070858a8385c06b1af41ef468e42fbc29c6b10fb7b7bd3ea9d8b2ac
DEBUG DBL X': 24aeba6218979c10fef0eac1d6d575ef59f205a3563c726a37a31da5d539b530, 0020340f42bcb75e306f4f1158682aa71435613c465a2372cf1e263e0c8fc691
DEBUG Q->z: 2d45db0aedcb938e92f47720323f531595fbbfc179e92f7b45d254c4c7f9dd42, 1d2a0af610124488b6e681a43acf0f9853ff2cc3d3951421df4b0ad3d197cbc8
DEBUG yQ: 215312ce3678f7cb92d82b13ea025435a14f168c82980ea59cbe3dce57a6b1e7, 1ac6027945dabe8a96cb6dca170627fd396f7dfa4219e23f062db01d9e195aca
DEBUG DEN: 1241d7298bc04f6d6d6010715283500dab1cc2879cbe52bdfd5bef85d6d06687, 0527b67faa83dceb754695ddac8af79cdb5d91631bc1f9f0d03ad42463b5b84d
DEBUG DEN_INV: 02779e1c6cc9b746c0d0cb6f2eedbbdf4c8d8c781ebb8ffcd3e366a940017b64, 166c5a0bc27142c462dde7d26dc033dc7f0fb76373fc1fb29fcafc6f09dea1d7
DEBUG LAMBDA: 2be17b1b9f608504fdeba688c1fbebcdae58229f7443118e8a3bdcb65ec1d224, 2ccddf7f655efaede572e635f04bd9f8ecc70d198abda46c68284c659c5b61fa
DEBUG DBL p->x: 24aeba6218979c10fef0eac1d6d575ef59f205a3563c726a37a31da5d539b530, 0020340f42bcb75e306f4f1158682aa71435613c465a2372cf1e263e0c8fc691
DEBUG DBL t1 (X^2): 110233b2d68c7650d4f9eaad1dc07f08cb7ece93702a57095c48883e04ef2d0a, 1469a1d00963b45035fd5e9d1837c44ee2173c68fad05a39e2b2fb04e08d56a8
DEBUG DBL M: 02a24ca5a273c2c8c69d7a50d7c024bccafb0128e80d3a8ed8b90ca3365089d7, 0cd896fd3af97cc6e9a7d620c725f48f0ec44aa987ff44206bf864f7c92b06b1
DEBUG DBL S: 240d9406687b177a863706998f9ffd94cc0f9e688cd755b414b7636c15dfee91, 1060fc3360f272df68a5e1f73882e0363b0a475de6744736d661647884d73108
DEBUG DBL X': 2946a523eb81bf4acc5e8840507a0daf3e170ac86d90795d23809797b133b9b9, 0ba7d8502f5c8fb2a6f81d4d88bd7795b0c4932630db1fe483e43331179503d3
DEBUG Q->z: 1856570005b5620426c0d4fccffe72eac756841438f3e81861c8a4fb4389a5fe, 23f3506c97c436b23d6c5ba464e21c25d3c5a466f5f0591bc3a8db09bf82b69c
DEBUG yQ: 20bf3922b086568e52c16f61774a74aca04554c1e168cd849c57ee223bc52a8d, 1f5b6892c4fea68980f914c24ff0e050299d4de38a220adddc68d84a75629229
DEBUG DEN: 111a23d27fdb0cf2ed32990c6d1390fba9093ef25a5fd07bfc8f502d9f0d57d3, 0e5282b2a8cbace949a1e3ce1e606842bbb93135abd24b2e7cb1247e1248270b
DEBUG DEN_INV: 232e48ebea2e4a63892b402f4e0fb4eeca9d6d50512edf00426e943c62aeda72, 2376d7f43c2e357855c7e291e2de25421851270a1d76268ab80692116630f63c
DEBUG LAMBDA: 29bc45563f6feea0011fdda0476192cac76adf82c64a1e523b3496b3b454e16c, 0312186ebd391c18feeee10e59ad607b4bffdb85c6bc394ddd80afaf642b9289
DEBUG DBL p->x: 2946a523eb81bf4acc5e8840507a0daf3e170ac86d90795d23809797b133b9b9, 0ba7d8502f5c8fb2a6f81d4d88bd7795b0c4932630db1fe483e43331179503d3
DEBUG DBL t1 (X^2): 2681f95bb3ab78dfa96d4b3c79e30a038e7934f7e21662965138cd3932166020, 2842ef8487206491584eba0a138f967a7c3307c705220c2a62c6708be33cd2fa
DEBUG DBL M: 12bd4f2d589f2a4b8ba756486aa66d4f7c68c9c4d55f92a87b694f7de54925d2, 180031a7d2fded60984ba2b137ac12b4459642323e828f64b0123975f8bc7e60
DEBUG DBL S: 16f65378fb6d4c9a1c1efaba06cdba30462d79031fa71de72067d50c51db8a97, 0ebf4ab4181620e13cc0bff425746623e49020416f56dceb7171ef4eb7d2ad2e
DEBUG DBL X': 0a84e46c94ab0a1b8c7b17b7f73e9ea18b3f477f0ec58ce0aaf2f6ddf717a880, 2ba1bc2ff10f7dba5f1bbc9abd2cc9af18a752f793afe9c1c4b3d204133bfc1b
DEBUG Q->z: 20d15d8657e608a58d7f8ca65d4e95b37d50b4dafb9b5156c56fdcbdc4c7de57, 30419734e52d4540882f7f157f85b9c295f7f28d086aec48ae71af90c253743c
DEBUG yQ: 242019e393b51ccb5a2b0ddbf413cae07e92f6afd6cf9830672c6ab8ea7a4a34, 05bc2f6df63e14b4a34e9f7d04e75955b7e14ffe44f603b2c3a48fa420e4f99c
DEBUG DEN: 17dbe5544638996cfc05d60166a63d6365a482ce452d65d39238495afc779721, 0b785edbec7c2969469d3efa09ceb2ab6fc29ffc89ec076587491f4841c9f338
DEBUG DEN_INV: 1c1b33da323108f81ebaa9524b8229794c153685f14fec59db2eb8205ab1234c, 12faec9c5c97f51b95c12f51240685746c7c5c5b204ad9bacf783087431a86d0
DEBUG LAMBDA: 194b07a90bc91d642bb500dbff13531d71864e0b7429f9f4765797e04509126d, 17ae4efe22c13a4e8cb176074d9d3b7b62543ccebc9c336a5a5f8bcbcd6e6b18
DEBUG DBL p->x: 0a84e46c94ab0a1b8c7b17b7f73e9ea18b3f477f0ec58ce0aaf2f6ddf717a880, 2ba1bc2ff10f7dba5f1bbc9abd2cc9af18a752f793afe9c1c4b3d204133bfc1b
DEBUG DBL t1 (X^2): 25be096b07ba72a30ea3ba2d3bc3c519372e00e898c0908f873482e472686a5f, 1f49c61c9a7b4ca11f26cea8a2f80b9d3b2307e58a3da0f297f0a0c60b44397f
DEBUG DBL M: 10717f5b54cc1795bb4aa31ab0489e9076872d96f95e1c941d5c707fa63f448f, 2d7903e2ee4045b9a52426436766ca7a19e7ad1f3647184a8bb1563b494faf36
DEBUG DBL S: 099c83b4f165c358e15683471b51e4e5f296b43dd62131a179d8297b00519438, 213dec7d3f32e8513dca36359a3ef8de966143cb703d32e8590aec83c268084d
DEBUG DBL X': 1b82a2c8d30901744e4464237906f6929392eae9a77e049ce163dabe1458af9f, 22f0ca533fb43d4cdfab49370bff6e3a00a07ca4eae295f8e5427a063877c402
DEBUG Q->z: 100ed091836260efad9830e2c8b3028a363105df45e96721e29ac7d2008260a2, 0d1cddcd46216bfbf4a1139f263e2a36c303280da812e73648713b900a9c25d6
DEBUG yQ: 0f3498ef70781703268d96097cdb34aaad321a6c5981014edf3434810513ec87, 092ee4ab9e943fc8813fe628d465c4f74c44d203101d48be89d338be30e3da7a
DEBUG DEN: 1e6931dee0f02e064d1b2c12f9b669555a6434d8b302029dbe6869020a27d90e, 125dc9573d287f91027fcc51a8cb89ee9889a406203a917d13a6717c61c7b4f4
DEBUG DEN_INV: 28c3405824fc11043d5cf3e4b8dfade16d74516977ca9b2d1a1c88ffac169365, 16f20d2574d6a1e6879adbd420ea7435fc835a3f9135e4cc6dac02503a473146
DEBUG LAMBDA: 237cd0d4fe26c9df7a9fa9552451dd41a0538321c1f13b48c216563373580556, 207d95fb166fd7c10bb8e167bee4e4a8524a997430d1a7b82c1e8926e464fdd0
DEBUG DBL p->x: 1b82a2c8d30901744e4464237906f6929392eae9a77e049ce163dabe1458af9f, 22f0ca533fb43d4cdfab49370bff6e3a00a07ca4eae295f8e5427a063877c402
DEBUG DBL t1 (X^2): 2d2b110d748633b2d3f98cbd39211e877ea08415eb34ec3dda5542c43d63e4e6, 1c6b3b292c959c5408388afb0330f77abc06b4988e2319841c8b03d3960807d7
DEBUG DBL M: 26b896429b2f5ac50b4c1acaa860aadb4cdeb71ef0bb2f9f16beb01f0731b424, 24dd6308a48f34d260595b3a88118e129c92b33841f781ff19807f63e99b1a3e
DEBUG DBL S: 0983690b00f4ab8a83a5d9f8c0c2becaa9f919a89ceb5d58ba05e67bd8950bed, 1cfa19a3816480e66c923519bd6160fe55c2b5bc1b1d72adb4250acd7e256170
DEBUG DBL X': 0a7bd34a13eb38418922acf10b8cc028d26fc0d732cbb3400a96eaf17ed5e946, 1d3eaa103346834f37f2792cf20493cfa8ba9d78df458acb3abb3c692522ecdc
DEBUG Q->z: 0df309aa6a037fe8fc9cf88345f88d81edff07ae7599af7356a0d14562ceca8a, 077bcc93e3b6fdd7ac8e38944a065fd6b691e2dd2003db51f213919b736597ab
DEBUG yQ: 23210b25b959a171383a3e4cd1dd8b739c9c126d1e319e654874bbea30134ef4, 15756699f70d97fef266671ec0afd168940d08cc661e0f607faeb7424e1a8c20
DEBUG DEN: 15ddc7d89181a2b8b82436e32239be89a1b6ba48d3f1723d54c8ebbd87a9a0a1, 2aeacd33ee1b2ffde4ccce3d815fa2d1281a1198cc3c1ec0ff5d6e849c351840
DEBUG DEN_INV: 09306e6bdc4813fa0b1f8f4a987c76a83f6b412eaab61ec83fff30c56bef6501, 27c2884617633f0d1cd0c7a0016dc504b2749b51d4aaa4740dc163d80f464b0a
DEBUG LAMBDA: 2e67cecc3084e81548f02ddf8822484f79112dd310adaa666990713552955cf8, 13d31ae0b1601676685811994a8b3eb8d59249472a741a0b280dd5f9556573c0
DEBUG DBL p->x: 0a7bd34a13eb38418922acf10b8cc028d26fc0d732cbb3400a96eaf17ed5e946, 1d3eaa103346834f37f2792cf20493cfa8ba9d78df458acb3abb3c692522ecdc
DEBUG DBL t1 (X^2): 0e198b7cf8c26b5612c5c57ce50b2f59eb7fabb7984d88b66d113736faccde31, 2c504f9345177ff3bae2c7d30fed2184d4d88948a693b8533156d904e8a4fcda
DEBUG DBL M: 2a4ca276ea47420238515076af218e0dc27f0326c8e89a234733a5a4f0669a93, 242851d40ce33f87c007cc0c2cc4b3d34f86c6b722d793df1bc372e108f4fc00
DEBUG DBL S: 06d35d9ce9be9e7348938bfea35823ff230d091f3d4e7020a6912db162e4b7a2, 18a45296cb0e7c69cf9fac496ceebdeee21891095000f48eb9605833527beb5c
DEBUG DBL X': 23a9185fb7c5ea23573d742db344e9e38ebc87c83b2d25b0b9d8724d4b6dcb87, 2a8808d415958a23faaa2cc8f97917b99b98eabf4b6601a9a4973a248c2a16f2
DEBUG Q->z: 2b515b0dfa0f3ab2f78cd94c3a590dce1cae1845d51d218a0dc0f19346bda419, 27a989bf16c0a6cd665279c33bc88adb9ce7531dff2192357532222b2f0fa43c
DEBUG yQ: 1b5aa878c7b5cfe002e711303b7fc6aa5040cfc2f72a0224b5af69a39e88f5ca, 09a803c724267a4558d4b7678482a894386ad290e738d90dc42b28e71c618d0f
DEBUG DEN: 0651027eae39ff964d7ddca9f57e34f7090034f485e239bc2f3e47306494ee4d, 1350078e484cf48ab1a96ecf0905512870d5a521ce71b21b885651ce38c31a1e
DEBUG DEN_INV: 1ed063be369c0d5dd00599039854ea72c55fa1278c63a9158422963f0d094636, 20470f7973f2fcf8eef8b01d2bcb98c8db7b41ff7050471ec370270fb3c9ac1a
DEBUG LAMBDA: 1955e1d394100a8e8ec0ecae49e3a73ec98c046edd16ceaa6c5e14fb26a736c2, 272eaae15eb95aa2274a7f001f35d754be61100853dd8fdb1551b6c08317f2ac
DEBUG DBL p->x: 1ed77b1994daff1aaab361c5ead09e473038c918b17f41dde1e36dc7a818bf96, 27bc366d5f44635b0b246e7fbd0338985f4006d39be5a64c3e2031b3fd8867f2
DEBUG DBL t1 (X^2): 077a3c01489b165a0aa36a442e9ecc66d792718187487aeb3874ffc23b75f85f, 1a73fc6b953350bc9f10be7613a4d3d04a0cd3998d630ea1006cadffce7b4a27
DEBUG DBL M: 166eb403d9d1430e1fea3ecc8bdc653486b7548495d970c1a95eff46b261e91d, 1ef7a6cfde68520c24e1f5abb96d231346a5103b3fb76155c5257de892f4e12e
DEBUG DBL S: 119088911835ea58bd18bba19ea7aec1d1d528073b1b719913c005a38e744b04, 2d82f8ede1a097c6d77bfecbd221f6282da7c209dd7880f909b4e7186847aff7
DEBUG DBL X': 1b5c52dfcf536b59a02d0def802eacd65a1369579e8cce624cc342103057fedf, 2c31cf770ef17fb36628a2754b48dfe769bbc07f13377bd2a86229588a1d7806
DEBUG Q->z: 2ffb43e01211ab6b15009fdac9ff548c5cd5b4038541c34798527779f56d512f, 0dd2a5810522b301874b7db0fa96a3524d270fc2dea730fe6865e198b8bea941
DEBUG yQ: 2543139ebdaf6cda1ad33b303486a4ce3880181188837914b5d5f9772a6c9f82, 078ccbd4775cfac5cd067359b556645b1033f939385748fe6d85756913a47ee4
DEBUG DEN: 1a21d8ca9a2d398a7d5630a9e78bf13ed97ec591a895279c2f8b66d77c5c41bd, 0f1997a8eeb9f58b9a0ce6b36aacc8b62067f27270ae91fcdb0aead22748fdc8
DEBUG DEN_INV: 0f1acdd4019d7fbad945d2f10570a6a5587335a211f288b044621058676f3d02, 02bf69da969a745fa0cb78a94ee016370e1800776659a3d1b915fed570773d03
DEBUG LAMBDA: 2b4568e8ad69d8a2772cc729dcc02e2357c2b7f6217ea9a593e1c22c2ea56891, 01d0ad98897e25b6783a416579c5e58002d9eea86967f51426b0205b6531a392
DEBUG DBL p->x: 2ddcb9ee5f66b70f318c2043a2ef4c1ddf42f4c6de8523a64cfa97f7f08c1500, 2b87814337eb83f49b15e022d432d04db39f5fbe8d1dff08f23e5e8a49fa3024
DEBUG DBL t1 (X^2): 18912fb88e2fea132399dba8d6f7d4de6c63e09a6fcc31a307b6043a768ef913, 14452afd2c4fb658cd4a1509fc515526b2b8b93ed0966543b6db105a94765578
DEBUG DBL M: 194f40b6c95e1e0fb27d4d440366263dadaa373de6f2ca5bdb0180988b2fedf2, 0c6b3284a3bd82e0af8df9677372a71680a8c12b0951653de870a4f8e4e60321
DEBUG DBL S: 1d03c92bfad3a29be4e63a9011e18d932ec9cf2456837285d119addc346ecdb7, 0525863d142f020948170277170bb3b1791dcc911e910c5afa4ca6fad4244079
DEBUG DBL X': 05cdf48df29c89cbaf8f804f933aa1ce152972b4b8ed7489ec98184a49370b1d, 0fd38444a4fa56ffaa4aeed5e5fc77f9ea3ada52cb2897022c61c39b53b9e396
DEBUG Q->z: 179c5b69ca4f6659fffa5807b871ef7f21eaaca375dff1d02110e1abf1b2896f, 1478e823f23067201c709bebf669c29dc24e47010ae5bb58f7c8736672d72fef
DEBUG yQ: 2e50682963b3940e7a1023e632c1cd6544477602187f67c4cf62ff5d16b530f6, 2b7c849ceee34f70dc928816bec3b38d25f5b040aae5e321f6db7d319de46161
DEBUG DEN: 2c3c81dfe63587f33bd00215e402426cf10d8172c88d04fc62a572a354ed64a5, 2694bac6fc94feb800d4ca76fc060ebcb469f5efed59fbb6b1966e4c634bc57b
DEBUG DEN_INV: 2c3f8cad17f020c60108f4af8ef539bc115adcadfcc787078445735dab130621, 2cb03875cb026b2ec4b902557cc94fe131fdf6e5f14ba80fb720df9f7fbadfeb
DEBUG LAMBDA: 0b5141cf7542b4501ac10f388e5f216d109e6c391511194dd4d6e784b3e38876, 302ac11c7419ba181e19a3b66cfccf86b12e0d75ffd3568cec1d0e4aaf8a94bd
DEBUG DBL p->x: 077bcbf6117f27df9863659e9ee3d8c5fa8a36c4e3671f437253c693f3d4d91f, 2b5ecc8bc3218cca700b0da5e7637f54bf5a4e1b3b7f5ab875e8bad2d9d2f377
DEBUG DBL t1 (X^2): 0d414264bd705806b18a515241c038af7f5b2f6150e6b6694a076754f4c2d211, 2dd60d086a89c144e9af0e078bb179fdb38575548af986019c44fac34d9c7939
DEBUG DBL M: 27c3c72e38510814149ef3f6c540aa0e7e118e23f2b4233bde1635fede487633, 28b98a337d3a037b4c6c9ea9a011bd3deb8d8adad008fcea5c8dd81c37db711d
DEBUG DBL S: 15ada052645beaede92cdbb1026fa502c27601fa92e697b7b61b19e4a03ed609, 21a73d92b4eb9c2be62cc2c7a5d8bbb8d6e353c426506930bbc1b65d0ea2049e
DEBUG DBL X': 0af7962af5947a2eb5c213f30739d1eee5ce95ff8bb1754eb60610bc150db6a8, 1439ed7fe74ba739cd2e47d5de740c7ed463d3b688938fdff7f6451d5f57aca6
DEBUG Q->z: 0279d5d06ff3d26b4f908a0891476c3412d2782d6409db7af6af1e05f9b4af70, 1e732e00c7b85799e220525a705b632f4a1ae7035705fda1aed56713148324e1
DEBUG yQ: 0090d44fc16b1d1325f0a0319ae5eecafaf7498d50d845ef085ef6197cc62809, 19749ef0a4b7afd6813b95041d654e7c1090bada770761c7a444ec1a5384c83b
DEBUG DEN: 0121a89f82d63a264be1406335cbdd95f5ee931aa1b08bde10bdec32f98c5012, 0284ef6e683dbf834a26e451b949449a89a00b23859cf9020c694c1dce8c932f
DEBUG DEN_INV: 0d2e9a71e7798547f65798da582d653ec7ffa3810ff14fc9a24acd6a1e6ff5e3, 185de8da245920f8d2ca4bda4de51d73f26880c354ab5546dcbbfddfb533a3a0
DEBUG LAMBDA: 20051a6639e1994e0ba2ec5f58eb5574c267e833d1a40cfadfb2bdcc205a5063, 2de9943a6903a31ff95a2605667a8024c9364b1869edf51ed4f242ccb5e337b8
DEBUG DBL p->x: 0af7962af5947a2eb5c213f30739d1eee5ce95ff8bb1754eb60610bc150db6a8, 1439ed7fe74ba739cd2e47d5de740c7ed463d3b688938fdff7f6451d5f57aca6
DEBUG DBL t1 (X^2): 0b3a33750a2bf92eb845c638491a1cc6ddde1f49b360b4a4dc13eca7a612ad52, 1eaaabdc024575a030995bc1b5baec4e69de3c32fbb3e7d90a07def486633417
DEBUG DBL M: 21ae9a5f1e83eb8c28d152a8db4e5654999a5ddd1a221dee943bc5f6f23807f6, 2b9bb521259ec0b6d97bcd8e9faf6c8da6194a078aa9ecfde1f710c6baac9efe
DEBUG DBL S: 03a66ee9d1295764f2cd8a67180a0c43805b5972f1a6b4f707a7f4adb3cef0a2, 00edc574d04184c28d1f40e85c895236c0ccb7fd3559d4d940f23a9e2c4a6e4a
DEBUG DBL X': 1158bd4960de8308ea1cfb74c4d6a11f12773f35337b5f57d4e20efe966f74c0, 22bd9265870aadb6a78c7b0c2c89132c1f7340ea710f309ba6b5f917d5bcb757
DEBUG Q->z: 2d00fee0e5546ecec74251b12c29f69fd6478167121aaa739c72bfac5369e2af, 0263b05a46b93f612d200d6d569f40a4fd51f672d08df5fa3f9e94208683e44b
DEBUG yQ: 30499032dda656ba596c39f3bd60522d98eb94946e5a01c3035ebfa0f18b3137, 2eddbe659f40c570a19be07d755ee0541349a8a662adbc4fdd8c0c4e9df9641b
DEBUG DEN: 302ed1f2da1b0d4afa882e30f93f4bfd9a55be97744238f8ca9cf32b0a996527, 2d572e585d4feab78ae77b44693c684a8f11e6bb5ce9ae127ef78c866375caef
DEBUG DEN_INV: 0f344c925266551bd9903c00109a9ed22a8456142a4c9a230f1cfcf58ffc7a92, 20bfc4377cac0f35548a60dcef68ff2bfab06250db5c77f15198f56b22c39def
DEBUG LAMBDA: 200f06611ba482d35a58eba01f9633e4d667ed668c1b5a5bec8008ba0240a487, 120f0356f686b1cca96bf02d340ac09d9179d2bd1b737baa53ce36887a0e4c50
DEBUG DBL p->x: 1158bd4960de8308ea1cfb74c4d6a11f12773f35337b5f57d4e20efe966f74c0, 22bd9265870aadb6a78c7b0c2c89132c1f7340ea710f309ba6b5f917d5bcb757
DEBUG DBL t1 (X^2): 2afc89002103446b636acabea32c4170909bbf402b1624938ea0707cb2cb2e11, 2582fc999b8de203715106e78a8468763a61c2d08c71a72d6756270b40941103
DEBUG DBL M: 202cfe1aa0a68ceeb99fd4cee682139682d0689db05ed8a033a0394867678fa5, 0fc058e7104665b6e35289499c8a88a78022734ed471606dbdc15cf410c2387b
DEBUG DBL S: 22c1ae4805c2b2614f85e1bd2d6be587c7cdad1e070fca382afc1e3910918e4b, 210f09d1c2df6de3614c072d548ee2262fcbf3161c02d54bd7f8b85977b2c779
DEBUG DBL X': 11598f75fd5625210a01ef8ef88ab89b402fb8e765f16132561f577e967b52cf, 01668f469911262df410e23754017467056fa35025fac16823858edfe966e02d
DEBUG Q->z: 0b7cdca9b1a2a37bac14621043f64ee1596220e9d09c60644fa1acb70e1db5be, 1782ad8f21b570e6ebd38e65a61a6607cf07f9a2f58b005a201bc3c53d9b3c41
DEBUG yQ: 2892cf18f1fd32a5c06cc4686b60cbb525acec775a406740f0a48dd1e36a1baf, 1d7512f9323a0a143d54c83af04696863e943f943414cd1254ef0fb59b4f09f2
DEBUG DEN: 20c14fbf02c8c521c889431a55403f0cb3d86e5d4c0f03f4a5288f8cee573a17, 0a85d77f834273fec2594abf5f0bd4aee5a71496ffb7cf976dbd93545e21169d
DEBUG DEN_INV: 0f25ddacbf5074879f82840ddbd7d51dae8e94a09ded08d5649439f7d81189ba, 0ab62738469baa6523d58cf096979c80d359a4d3c451f205227e944e03e481f0
DEBUG LAMBDA: 072db3ca98adcecdf986c08773ff08e4f430b87fe62010d3086ba2d0f3a31679, 1007f7cc6bd1d2e9ddd404dd98ce96feab9667f2acd5ab4a475c7df35978667a
DEBUG DBL p->x: 0f2be83f5062e2a8cbc72e07651857d70fc621c94eb2fdac9768649b09893919, 2e5c4a32045a3cbc4ea9e028c8ba3c88d721fa7ffcb5d14a04ea4e54d7ec0f97
DEBUG DBL t1 (X^2): 00c69e06bffd118511669a4aec91c805b00fc9cd5f22ab862833c49b846b5a65, 2212b5c386b25ec2385979816ab7f8886dfcfcdbf233efde75eebff91d158301
DEBUG DBL M: 0253da143ff7348f3433cee0c5b55811102f5d681d680292789b4dd28d420f2f, 056f8464d1b3dbf3386be1173d2538de1af4217105b83a80e98b27bda6468e75
DEBUG DBL S: 132f25ae34ce69f823c95a307faea6abb3faba68986b7b465431d9e7755c536e, 0c455130fa96d9f1b785f442304750e83feb082ee86f79ee93a2245eee7cf06b
DEBUG DBL X': 1cc2ccb1bea2da535f577ed86f342549af63a7fa693649adb476258e6667da5d, 16504ad84642dcb11e703728bdaeb346adeb4daa8858f792d0b2b1bba8e917ad
DEBUG Q->z: 2b09915a2c6b0e24e6cd785443f307147b2a1cc041c5b30c6f90a7518c5ec5f2, 09aba2d10267a190995a0e4ac9ec313e1aba72ad52ca75f6cce917ed10aac12f
DEBUG yQ: 1c93d4653a510309882422a1033ed3b8c6d0600f91795fc6584e0b2a80e1bf9a, 165e3d935d78571c58dd10031e699a9712de6755e96eb4615fa01576ce4a25a3
DEBUG DEN: 08c35a57937065e957f7ff8b84fc4f13f61f558dba80f4ff747b8a3e294681ed, 2cbc7b26baf0ae38b1ba20063cd3352e25bcceabd2dd68c2bf402aed9c944b46
DEBUG DEN_INV: 01c39ba0290c52fc6b33ce8f62d332b3637550fa0bab47cbc8b6f6b71df318a4, 1e9510003194130de50a8eed3cb2d24cfeb8030305cc4474a54acd23147b99a2
DEBUG LAMBDA: 1cfac61e6b9621fb2281c36d17bf01532d28065f549d9ec2b69e27c67cecd1de, 28d2b0f6edfaa7151532f8fcb26589e73f3fcdc85d445a89ab38c7e4d6d4d528
DEBUG DBL p->x: 1fd61a1e016b572c90a389f05074b7781ec2d16c1c80a4b717e6fb4996eb7184, 0601bcdfb07c28856a51c69609e318def0ce3b17f50bcf174bdbbb58c11587de
DEBUG DBL t1 (X^2): 1fd67481a37f919f1e29a86cebab99368b726a3c191f4d85f6632d37c3126fdc, 2dc47e841a46164cf0bf55afd986416c9d092f2cdecd626c4d31e35c8294fd1d
DEBUG DBL M: 2f1f0f12094d14b3a22cb390418173460ad5d422e2ec1e04a708fb9070ba524d, 2884dea68c6f0293619d75a28990138aa818b863cb84922a6f5491e7d6c4fcc9
DEBUG DBL S: 0cc5b59415b0e6420a2b1fdbf09bdc2734d5873fb8aa35aa803d3e6d29eb6cdc, 1bc165baf79851a2b58dfe4478b8d5accada6980eada0f55e7517fdef377d282
DEBUG DBL X': 247a7c866947909c688434eeec2a81b4cd28e72bd71912f4433723935f279316, 16cfa304ec3493fa0667ee791a4cf4c17cf97a0eee8ef6521754b287cf9784ad
DEBUG Q->z: 211925f744037ff3d08eda2aed236b304a65ffb66d5c53a2a76edbf0abe93e96, 1406a34ff1f1e0d13f6ad858921e9087888b264b1f7f5aa162392ec4b4d36b81
DEBUG yQ: 2cccfeef4a7116fc895f9fe529125098bd2ea0bf7b5c2b033a3f5010fefe67b3, 2728ca7d76eaa8ad9f2070066a733a217b0a3a6e1ec4ed1e4a53a3d8de1375d3
DEBUG DEN: 2935af6bb3b08dcf5a6efa13d0a348d3e2dbd6ed8e468b79385e140b257fd21f, 1ded46880ca3b13185f09a5653651be55e930a4ad5180faf5886bb9ae3a9ee5f
DEBUG DEN_INV: 24e550ec092c5a4ceb03f3f0d15b5d9534068633830dd57b142d861c33640934, 1ec35fe91ff8e32f80234a854cc4c541b2b7de0e655359df9d86fdfbd9d4e78c
DEBUG LAMBDA: 1c03d5359bc2fe4afbb82931c01f86e1b370d20acc820457170a1f9f584a1008, 1912250f77bf487934a624e0156e99550cfd261ec80facfea602466f8c605a0f
DEBUG DBL p->x: 247a7c866947909c688434eeec2a81b4cd28e72bd71912f4433723935f279316, 16cfa304ec3493fa0667ee791a4cf4c17cf97a0eee8ef6521754b287cf9784ad
DEBUG DBL t1 (X^2): 27df803649f99eb4b1841d59a3e1bd1d4bbfc659e65d871420cc477e84a7bda5, 15a88a5079176225b0a125f826c8b140060165f732521387fd951bf572f6ac67
DEBUG DBL M: 16d5e3bd1b899bcaa3ebcc9fe8a2869cb43c7deae2350021ea23be4ddcfd3e61, 1095507e8a14864759932c31f2d8bb627a82c7542e84700abc9ec7c9806707ee
DEBUG DBL S: 1b01bbd34141db96f0066d8176c34fd2b902a8dd1ecdf7ff7500361444f5930c, 04491298810eda7f3a8bba3ae72c4ba114ddb80f7f230c12db9cb7da6e2f9643
DEBUG DBL X': 0c58bf5c28a388c0b981bc359d1b83fb2261cd882f91a5e2218cc7ded5c4bc2c, 2c00c32b18672ece65aa973a079c558f3be2f36f47b1d5a46fda48bcf3f86bd8
DEBUG Q->z: 26cce1facc5ee2f44682c6b00e4a24131b0763d3d4edd53004c6918b67674370, 250a50bb082e67d34c2d2d56ed73b20a0c5b6822b59690dfb35d3a77c7f7d417
DEBUG yQ: 2b5cb812f25e9121e20ea4765366e43ac53cca8c700a58bc7777401140bef1fd, 2226ccbdc8e490429a69045837683693a17c4ab8763c57c5275412d0256c83e2
DEBUG DEN: 265521b3038b821a0bcd0336254c7017f2f82a8777a2e6ebb2cdf40ba900e6b3, 13e94b08b097805b7c81c2f9ed4f14c9ab772adf8406e4fd12879989725c0a7d
DEBUG DEN_INV: 0da7e6f363b63764d639e917abda088e704aaa842526964e02443edb17f15150, 1a60183b92a071e63b96398d3442df0cc4ca2341b2cc32308574563eec82d049
DEBUG LAMBDA: 1a401b9c8001c6b4e5ae5cf9922c3b0511125db8fa0f42d8246d01bb2dd81802, 04c2b20c9306df182314fd83dc4c08caaa12c95c0a9bbedb989716efcd02948d
DEBUG DBL p->x: 18b5cb75b8b6803d0505bf75d3407d5028cee904bb8774fcc9d96dc46e5d0ace, 0b9f7c7905afe87f4bfc7cb696fc85cef516e8f8eaf5cca0fbdf928f1f0e3b99
DEBUG DBL t1 (X^2): 1aeaaf42af2fe3278f6b2f8baa74b62a859e5691eeb703bf997d4395285dc542, 1b8feef306b36897ce1ca152830547568a14f1d0f415925c4ddf61380ed66ee5
DEBUG DBL M: 205bbf552c5e094cf5f148ec7ddcca21f959992463b340b190573ea8a09c527f, 224b7e6632e8999db2059e41078e7da606bd6ae173ceec87ad7d979154064f68
DEBUG DBL S: 2d5aa9ae3794adbec32cd142a3b9045922782902239989e7dd8e896e59e6d7c0, 129ad962756f846b484173861cf8f8c7a00b9f25958239d09adfc3fc381d4b58
DEBUG DBL X': 26cfa3dc084aadc2953e805d42b1833aef0130c901dd18cca0a358dd5b7030ec, 27fb8b42fadafdcfeacc4240bc004bac6a1ffe473d85612c46c8414a4fdf65e4
DEBUG Q->z: 2fff5b9e8018d37409e333926841b94bb99d4245ec4a98de8f71c5f502ed515b, 23166f4ddd3e337e5fd7d74a39b5641a51a4272a9760d4c25d3498dcf2cfe45b
DEBUG yQ: 13549dee24203afb9b74872f87daa3cdda4046fef480a19f113c9bb334ec89d5, 0b80a3b5bd091060e8c62a82f0fe470a2b93f6de33a78c47bae0c8dda45af9d5
DEBUG DEN: 26a93bdc484075f736e90e5f0fb5479bb4808dfde901433e2279376669d913aa, 1701476b7a1220c1d18c5505e1fc8e145727edbc674f188f75c191bb48b5f3aa
DEBUG DEN_INV: 23e0aadb0e8369fe0af81fdd9bbf4d1d6a84f112cc573598244a094395041832, 0720ca74d11cd39275f97654ed07daa9c2d36e5114ddcb755538468f53b32743
DEBUG LAMBDA: 0ebde3eb1d9aba82527033017c1fb5b4e9519682c5101332b6232dc24ea5d3e5, 170278b178b6386f1eb6c26d779d06f6172832c954d560ed9bf9996ac32a4c65
DEBUG DBL p->x: 017c86e53109426c1d52ad44ff71c7c57b5071c2d0b4fe71dc5418642bb23926, 0040304464c56bb2f51f3481f8e7ff688788a70a31fe1eb0cfda1d1566821a1e
DEBUG DBL t1 (X^2): 0b4731edc6797f12d82bd6c3167d3590181b839e2054bd805a824f07249b6e8b, 179ae2ec0d854bbd00af819f9fee4833936bb7fe3577cc7899ec77f763ede9a7
DEBUG DBL M: 21d595c9536c7d38888384494377a0b048528ada60fe38810f86ed156dd24ba1, 166c5a51475e430d49be3f285e49803d22c1bd6937f59adc91a4dbcf534cbfae
DEBUG DBL S: 19dd55ca346aa03ad39bb758939fae0edc4e90ac446100ea0e78e4c9f8f866d9, 226c4ec5083a652f0689bee1f7f1f57e8afa626d489eac129d66b4e5c1a7b12d
DEBUG DBL X': 12aa5c259b08b1bfc0c070afc8a74f601be19846b56b303f919549a2ae0259b4, 01b0e4a163c5adc92229ab6716c4b60d887b18786909ecd02a938814c36ab9a7
DEBUG Q->z: 14981c567a50436816e040999fe0856f2642de8d46af957fc2c6d40a88ccc019, 190bc85c802dc215ea8633835328f51cb37b3f350094c96b1eff059191d8aeda
DEBUG yQ: 248fa13004a415e5095a4197fe9f6bbed93695206a3efa4ac7f0badd4c98c2ca, 196d6415befbcc2bba75325d31c156ec24e7cd020df4ce5d005d53da5e03aacf
DEBUG DEN: 18baf3ed28168ba05a643d797bbd7f201aebbfaf6c0c2a0853c0e9a3c0b4884d, 027679b89cc5f82dbc9a1f03e201557ab24e2f72b377d22cc49a1b9de38a5857
DEBUG DEN_INV: 0423d7c111219bc2f33301d24b0d4b50f31389ffb3a7c9762d7346354abce9ec, 26bdf6b43ca8af6d522725c9c4d34f30deb99257275dead772eb8af392d48583
DEBUG LAMBDA: 1d12f327dbd35731b1598759331beedbd5f50f47e00a55b31f1800a2a5de673c, 191cae949221b1ed2d00e520d1f4f20872b53645ef4008560374d5c1a9b87d9e
DEBUG DBL p->x: 2712bbe5e52cedc51403dfed082cb5ac31a1f88491902db62e98a6da9101e795, 084b9fd1890752fc79cdb7af9d42e19146cd5e57e0468a2d9c36d0afcccb75ad
DEBUG DBL t1 (X^2): 25b0907bbf12d4797d1641552fd3665703aa334a505433246a1ede57e96f5f41, 00ce9845b228757ef8de8bd9d81bccc58983035304702df76945cc0f84ecb57d
DEBUG DBL M: 1049148d7ad53d1906a238928c778249dbfbc4bc20190452c61b82da0b542335, 026bc8d11679607cea9ba38d885366509c8909f90d5089e63bd1642e8ec62077
DEBUG DBL S: 29b97c4144d915e7a742bb9a6846161fe7a28db78a6725a0ceb8a30472a6bb40, 03ca7a842917e245097269e7bfc765923fd8ac080162877fbb1b7ae0218ac13e
DEBUG DBL X': 1d0c0574ad506c5e13cf419aa1348088adea0fe9f640501c950c4c65ba06b416, 27f8b105d323c2e09d7d766318dee0901cead18e0834d7d3595733eb6400e0d1
DEBUG Q->z: 04544dbf6c3a1fcc443002dab49a097629b3941f45036a5f6229c7b01d5433d3, 21583f611bb88bba28ef15b44f3f163d94f251c47c515dd5df38af4a47925b7b
DEBUG yQ: 27639d1b0fc95d316c2531511c4d87226e60a268449d2ddc007ccc8fd671bb34, 2aa9fb04fd4f5dd63b1bf2f15d85dd1ae41cd9c443befc3562b1a7d09c1b29be
DEBUG DEN: 1e62ebc33e611a391ffa1cebb719b5e7453fda3f20c8912ac4d90d08d4667921, 24efa797196d1b82bde7a02c398a61d830b848f71f0c2ddd8942c38a5fb95635
DEBUG DEN_INV: 03f4fef9eb407ec17357a25848ed8e47b58b13802b582fbbf23650d6713bd6df, 137227794c3444a57e3982b4489130e9e972d99dd6265d44b368530941ea8518
DEBUG LAMBDA: 1e7f8cfb32542a1d1f2a7eb72425194c19d9ae37924153947800d4e5d9033be8, 0ce96b8e951bf8827f2248ef352dc46e8f6a9980c89515f234f75ff1f85f6cd8
DEBUG DBL p->x: 08d29986fa790c360db1f57bf03450397918d1cce9956e7c8bb1d29877711d92, 29960a07ff4e9aa31c1d30d08f3e0969bae1731d7bdf2783b64ead148d6960eb
DEBUG DBL t1 (X^2): 02cb2a481f85a8e91c8d77e1318c3174013c8b5e4e938e6dfb866e567e884e0b, 124114c5339797af1e3c35428789991816eabb51fbcc38deec2058b9261ab7d7
DEBUG DBL M: 08617ed85e90fabb55a867a394a4945c03b5a21aebbaab49f2934b037b98ea21, 065eefdcb99526e3a2645a11151b72eaad3ec7648af2e00f88407e1499d32a3e
DEBUG DBL S: 0b7fef8eecbe40658c5e854f8d9e299a07a1df8aefa90eda73301159e5361040, 0ddfd3cfbca24a191c683218476558318ae8a6ce97df81893b22786bd8e8fbf4
DEBUG DBL X': 2aba198e524557ab37acff8ce465f03f8049f1ad8f23d15796f2b371b7a74c83, 1fdba7be895de7dd13d786ce815e229d12b37e87c138374d5ab572c5eff99702
DEBUG Q->z: 21dc8b49d9893b396b08d836a3370e85dd35cc6f36cd202f0875a05bdee9ed49, 02148facf1ef642de066701b4c41990d2654c4f120e91475fa7d2c769b89fc44
DEBUG yQ: 1e34da9936a42bed4c8ca71758515aef7bb71f89b04dbf5e8883c20e93e1bf82, 2c24eb761dace3771f2c3d721c707157c18b13f49945eaa6fb5ab021f6bb2299
DEBUG DEN: 0c0566bf8c16b7b0e0c908782f215d815fecd481f829b42fd4e6f8064f4681bd, 27e588795a2826c48608352db75f8a51eb94bd57ca1a0ac0ba94d42d14f947eb
DEBUG DEN_INV: 0038687bcdae332d7ac0c6b98ffae7c9ec4d098d4e81aea16994ca92f0196144, 2cd0eecff8c3eacd9244bd4a5d7a9e853d63fdf5c95cdba3185da2aff9072c18
DEBUG LAMBDA: 1bbf111b2d0e5f001781ec3c74d8843729d4f5d24069c6b0821b89bb2a9f0554, 05fa10271e26b4790711f1a0fccbd5a353cb02d8826e791efb4b173070a0b144
DEBUG DBL p->x: 15a904d78282fc9a4c401bd50da7022fed199f13db7131a0dea4a0ba1791223c, 0399fdbd718a98beaa3af8e1983d50c2a2d49e000bad1143bcbc8af4c6470ea0
DEBUG DBL t1 (X^2): 07bc2cfcf707e74f77a37a2d67554d2cc896320ce9c7ca88a72bf9c068ba7b5e, 29dc0167ea2c8188e8969cd5812041438f61e3f2fe4385fa7f7ff4798a4690c9
DEBUG DBL M: 173486f6e517b5ee66ea6e8835ffe78659c29626bd575f99f583ed413a2f721a, 1ccb6751fc22444749234b13805e130f7f22d6b629e6fcd5063ec53eedd9b7cd
DEBUG DBL S: 051d0de0e2f8e269ed95f90118cb04ba48a22a1f5659f24f9a0dbf5d6a1baef4, 213bd6f5852eb96da36fcbc6d6492e2d86176906e78ddd2798d1f5c92581eb32
DEBUG DBL X': 2e42c4f03de967a5a1691c303085ec2dd2d4fb6b5b5dc3db9723eeebce06f667, 11d0ecba5959b462f3fcfaae67c6beee5510f29ae7ccd4b751441958cee66b13
DEBUG Q->z: 18e5a40ab8f080f01cce2d7b8ed5f49c58a3ff27c4a7dab4b5893a71e7572c8d, 0ae39e0a91a01e86d6a028a2a69103ad1859d0dc18ff1eaf60bf2c5fc9c54c24
DEBUG yQ: 1d3af5cf87faff5d724f1b33d679ece31384712df8284af2b9da2a40899f1c5b, 14a879b5d17e13dc4e7bfcb0f1c4a79c4979fdae339dac8fc2e9c6aaac70c646
DEBUG DEN: 0a119d2c2ec45e912c4df0b12b7281688f8777ca87decb583793c86a3ac13b6f, 2950f36ba2fc27b89cf7f961e3894f3892f3fb5c673b591f85d38d5558e18c8c
DEBUG DEN_INV: 2513c3e5a6597e3e7cae9d1caf45be74e9d6654267687492d722ddebc54128c1, 1c296c1a2ef4cf03eb7dd3e149ab69e3de8ae67171f74346da6a2298e381c036
DEBUG LAMBDA: 21234ec4a35194df0ad060615868fcfb548c17abae3f69ec6b6ec38f253daff8, 13ff817f0345e5c18647d2cb933d6e3db9e3596fb9444378d176d52a6ab58b92
DEBUG DBL p->x: 2e42c4f03de967a5a1691c303085ec2dd2d4fb6b5b5dc3db9723eeebce06f667, 11d0ecba5959b462f3fcfaae67c6beee5510f29ae7ccd4b751441958cee66b13
DEBUG DBL t1 (X^2): 1f17103bcab5fb903168320805d577acd664f62d2138ae3345a7ed522e6ee3c3, 2ac46897e947a339a9eece11330bc951b1b74236d16a83578832d0c18c260cbf
DEBUG DBL M: 2ce0e2407ef05286dbe850618fff0ea8ebad77f5fb38400c94d73bdfb2cfae02, 1f849ce1f973a9598d2bdec69620ab39e622f181a35bf4ec20575a16f3782baf
DEBUG DBL S: 0d30fa33ebe4f8c8b70fdf107605be1042a26cabf0d80b28e7706de8f04b3dac, 2f2eb9232f63716e19ccf53afc7c44d97affe1bcf0faf3097a1fe9aa5c2bf6a4
DEBUG DBL X': 044a3e1943265939b46a4f01cec05ff615dac31dbc38f2cd27981852b2f55ab9, 0846ba6c40094147c354cb59134c5b72d9968ec3b434263f04e019d443dcc99e
DEBUG Q->z: 2d867c0dfde715534db869d0c292c60eead1eb1c589df3000e91bfc2776483a9, 2457aed8f6d2e049bd68e35e9e17f5d110e11915330434e2a1d71aeecdd83eb7
DEBUG yQ: 037edfca5a46e13a62e61f1db57e5d813256d7e956aa538953f6de2b8b166a00, 22bbf9d78fa2a093487fe039001ee840fc20339868d945b468994e6c05d3fd01
DEBUG DEN: 06fdbf94b48dc274c5cc3e3b6afcbb0264adafd2ad54a712a7edbc57162cd400, 1513a53c3e13a0fcd8af7abb7ebc782460befc9f6940c0db951210c1332afcbb
DEBUG DEN_INV: 0778762cfc24b3e57a0284365b06d96e60aab768d4bf65e7dbdcd284cefb2eac, 117be817b8de94fd5c3945d7d7ffb27b38467884953fb64f5015197e94e41603
DEBUG LAMBDA: 2b9475489d44023755dcd97b957fb3a69cdc6e73db7a01b37c07aa23ba8953e6, 04b7cb44bef87415c56df613aa6c3058b68e31bc7b8de0b802426e9e89632cb6
DEBUG DBL p->x: 044a3e1943265939b46a4f01cec05ff615dac31dbc38f2cd27981852b2f55ab9, 0846ba6c40094147c354cb59134c5b72d9968ec3b434263f04e019d443dcc99e
DEBUG DBL t1 (X^2): 2d0f56c21f6c9a8e6155955482ecef027f523b4876f1478c85c21b4423111d53, 037125210f3e4d2a3a3fc9de87bda62bfb480ed7c3abf4dfdd1a5eabee5693de
DEBUG DBL M: 266567609be28f57b360349085c41c4c4ef3dcb693f0418b1905399eb8395d6b, 0a536f632dbae77eaebf5d9b9738f283f1d82c874b03de9f974f1c03cb03bb9a
DEBUG DBL S: 0b6a5998d8ba6358cbf270219b2e9db918d673194a8efb5a2a55286dedd75e5e, 210d2d2cfec4f14e1131ca02f0969918b85698bea3717dad02cbc4c80232319a
DEBUG DBL X': 17285e91e065d15b8fe1b07de4be0398942833ed3f263978099c1a82012d441e, 202d15b9fc8f320abae0860df96ae335f2b4f572c8c681b3ad881c6b32c3c336
DEBUG Q->z: 09a8f4a0f5ac1ac751e7e904d8d34d1ca0e3ce798e04fd235269086c417eafb6, 043df297e407b0efb889aeb7707f06c4c6a573e1c63d9638a393ac269b6e893d
DEBUG yQ: 241038b7c4741d821cc126d4eff4a4292df0c4401925b86bc2aa6de10f79e15d, 0f192317a4c1484c09a7ee73ef9e680e5f12bade5a6bb071e135a31fd2a42c13
DEBUG DEN: 17bc22fca7b69ada813207f35e67eff4c4601deec9d9a64a49344fab4676c573, 1e32462f49829098134fdce7df3cd01cbe2575bcb4d760e3c26b463fa5485826
DEBUG DEN_INV: 163c185990a55c5c25c79fce4e9816bce5f6c8a17b39b7ca33f9ecaa3f6830e3, 1140c26f69a37d3025ce74c64c178c33293da8836edf2fa02b7a9a218c6135a2
DEBUG LAMBDA: 061559154010eff8def14efbee247396976b3988333f780fb94638d93f7dd074, 0fd99685d05c9f85548413f3e6ef7fe1e9a53675794906324a5c5e8966b7de95
DEBUG DBL p->x: 07bf2a5e010dcc110170c065b8471d46d475ab69e5644140850f3942579fc7e3, 20cf47989acd05f409eee559f7a9981a4be914110ef595f49cc5015680d54120
DEBUG DBL t1 (X^2): 06e5efdf5af4029ca7e4a36fe7601b1ecc4a83c23498fefd07b78ad4e0cd5aa5, 09edbadaf645cc07c48723e133f5babe91efd14fb24f17c5597ffc69d68b99fd
DEBUG DBL M: 14b1cf9e10dc07d5f7adea4fb620515c64df8b469dcafcf71726a07ea2680fef, 1dc93090e2d164174d956ba39be1303bb5cf73ef16ed47500c7ff53d83a2cdf7
DEBUG DBL S: 1dc4bc1178985205c8a0654750040760fd4e060759991e562e2a3767e87c4c48, 17ff252b243e3ee374cedaf02dda0a38e6d0db52fd20ea72995aceb29732d85e
DEBUG DBL X': 014ddf478fa302984ad06ac875a46bef8aa167b53225894f2b1d292a09d88315, 04fae3ee8255cb46db436454240328670973a796a1445ce0bd8aaf3a38da363e
DEBUG Q->z: 0002b764cc7c7ba66dc0747ef17286b6e404dd60e8308781a329618b502450d3, 2f26d247cfe396cdcde87c2af5ef300e3c254caae0bfb54b0306079e66f770d0
DEBUG yQ: 1d2fda7c4cbd6dffeffb4db8719e929a03751c6a70b8312309262a939eadc155, 1158af00e477b7822e8fda9b75532327ef45f7121435e0a9ca8874a098bf7f21
DEBUG DEN: 09fb6685b8493bd627a655ba61bbccd66f68ce4378fe97b8d62bc91064de8563, 22b15e01c8ef6f045d1fb536eaa6464fde8bee24286bc1539510e941317efe42
DEBUG DEN_INV: 2916b818d46f76d4399a4af8a830e67a8249ba770d69e5bbadb627f412633c78, 088c2b8fc5d6f75f825fbc22071bcf9cafb376fbf9cf24da85efbf31d60df77c
DEBUG LAMBDA: 2cba9c1bf2dc45575c117d430bfbfbf4bff039134b8081295fe282027c3a9d8f, 24b66f2ef80c23c0286f67d3f94ba9ae1ef1e8800990d7e7af05133d0f4f5697
DEBUG DBL p->x: 1d2e3312c25d890f48ccda99ce1e6db51c6bc5f11cc06358e27f64310fc63ceb, 059240eeffbaac50823bbd69309130fd5bee020b7ff31ba10ed141b37d9c8e0e
DEBUG DBL t1 (X^2): 2d10268ad3d025aea44c8a487c49e77f878fbf64e4e86a1e39f412cdaec43c19, 089e3292069c3ebe25bbc7482291a58ee48495d1020b1485ffd7cfed86bd8337
DEBUG DBL M: 2667d6bab90d30b87c45136c71db05c367ac690bddd5a940359b203b5b52b9bd, 19da97b613d4bc3a713355d867b4f0acad8dc17306213d91ff876fc8943889a5
DEBUG DBL S: 191457ab6201209dc40ae31c06b8773a92ae81bb2447cfc27a06a1ef3f1cf6d3, 05730bd0d9900672b2ed874a1fdccdf182ee6f237513c226fe385f6b6483da32
DEBUG DBL X': 1100c6754d6e499e8a8feed94446cbe7ed78f8f2a4687a21ee608349c5dd9244, 210fb1611d09ea452969e0e879d33b9ae43e393d3d67b701042c2f30b8d22a7c
DEBUG Q->z: 1ffc1f48b2d7a2b2a0ed3c3cf55f31a1d6c44f32aab83d8ebd02110135197025, 004bdbfb2066a5c25a6b721f92864c02fbe03d728151418dba6b5418a4dc9976
DEBUG yQ: 2fc70b9c57624236335cd3d9c0cda14f5e44354f78a7a2e633d5059097d30704, 2ecfb7fffe185c28cb36d6a712486a94a878a1506034643c86041f2fff2dea90
DEBUG DEN: 2f29c8c5cd92e442ae6961fd0019ea412507000d88dd7b3f2b897f0a572910c1, 2d3b218d1aff1827de1d6797a30f7ccbb96fd80f57f6fdebcfe7b24925ded7d9
DEBUG DEN_INV: 1ce606cf2f5fc0edf64ae74912d845872321cf3649dbf77e46fc55af3489c0b9, 25e2dcac936bd1003f97489ca4fe5b595f62a98db922b1bad8ec18a4d1d5c890
DEBUG LAMBDA: 0a975498e6a3655d04542ad38a291556a32c33668b35e282d35b41cb75fcf0a7, 15ebee86d387fb417960d2a9b6e0c1f4cb4be3d5c0129b788c908ab63b1c313b
DEBUG DBL p->x: 03f22d38bd82d547d22ea7ea5ada979c80d1621da5e1bae55f59cecc01451f9e, 2c77ba3f965258fd0a480c4dcd8922334ab35568ef4d595222f254f5a788e788
DEBUG DBL t1 (X^2): 0142b05c4cac6822d28d076ffc799bf8da2ece557012aeeeee64120466e415f1, 10c7dd560c598fb98b9ce651c289c2f69cae77d44dbef8b07eeb14650c2ac175
DEBUG DBL M: 03c81114e605386877a7164ff56cd3ea8e8c6b0050380ccccb2c360d34ac41d3, 01f3498f43db0f02ea866d3ec61bf0863e89fceb80cb1f8440a0b1184c034718
DEBUG DBL S: 1d10b7f3102e1ee18b69965eddf48df8c43a62e6749e5fd19f38564d4a40174f, 147345a3aefb4d842861f927579797a4beb12aaae848e1a3b160524211bfcedf
DEBUG DBL X': 121c96201528ebbea4708e9468db4d05f1d850db56cb4633cba320580d5c0fc0, 286858e205b1efdd9881d6b84defa03eff1b853fe7e8c84f33a9a3e47f948911
DEBUG Q->z: 021eab345bc4238ffe7eb6753c7add4fedd396479743d5062c1adf8746e8e3da, 2944802d607db899031862eb69d1b772d037d0d37791e0c9f3a080a811da778c
DEBUG yQ: 23a2422ff65d7f59f3c9630377ec7c461e55d74956268b8d035f11f0ff3f7460, 0747f65e5654daaebcad2ada00a822abd6c424ffc36dac313068ae035fda1bff
DEBUG DEN: 16e035ed0b895e8a2f4280506e57a02ea52a440143db4c8cca9d97cb2601eb79, 0e8fecbcaca9b55d795a55b401504557ad8849ff86db586260d15c06bfb437fe
DEBUG DEN_INV: 1f8643c3e0f8558a3b7b7746f864f17847a719212f38f846a1297f49576a7910, 22133d51c22f69bb73308f858ba9d1b8536fd4aaf8153ff04039f1180459a580
DEBUG LAMBDA: 0df8058858012670ca7f372086ae2d47827f583ecf1fca9980ace5616913e94b, 180cbeaa19e8a1a824f8e8d18e8167e4cb95975ae5b5ca9e6185cd4b4ac2dfe3
DEBUG DBL p->x: 121c96201528ebbea4708e9468db4d05f1d850db56cb4633cba320580d5c0fc0, 286858e205b1efdd9881d6b84defa03eff1b853fe7e8c84f33a9a3e47f948911
DEBUG DBL t1 (X^2): 270967163ba4889910cf2ce7e8fbbee665891f296437323b38957852b7f20522, 1bd7631e32b5f384439179f249764b42212ff2313d81adb77a67421f841f79d2
DEBUG DBL M: 1453985cf08a5977c1ccfb4ab7f08bf8019888595bc20197317f50ca76dc14d8, 2321dae7b6f03a63126428205ae18968cc0e6c0250133e9933153a47b3e1702f
DEBUG DBL S: 0735c8f59722a3d10051a5879ef41e3d37ae4b56aa394171688623e8a180e09a, 2909ce50609a7ffcba750cdba6ee1a5a902cdc4847ce7722c90cb1d225facea6
DEBUG DBL X': 0bd48638022247099a52d830c7e830d37549e43adc3f52003f578c526c5ffc06, 25bc61cf4b909f6b51fa6c5a8d48622f3fc275408a5a928787f5b535ba0778e1
DEBUG Q->z: 1a382bd61b71d4d294ffeb7f27f6cc5da18a05aab22e71813efede2e858e9d03, 19ce767bfb8b6466993e7feb45ddb15686b3ab823b7c45dd4e59089ca7f5adb0
DEBUG yQ: 1db96be9c459f0a5078b6aca9591ddebc7f03cfb855916dd0b8faa4c0d20609d, 1bc6b9f2273a3167306608f808690c554f4aff00a2b30862fb9fb8868885d234
DEBUG DEN: 0b0e8960a782412056c68fdea9a26379f85f0f65a240632cdafec88141c3c3f3, 072925716d42c2a4a87bcc398f50c04d0714936fdcf44638bb1ee4f6388ea721
DEBUG DEN_INV: 110290eff97716c9452d099c261be68a97e94080f8af482a9dc2041674928b88, 0fde45287f6a1591b39f13aadb1cb301187816838a3912301651076b4627379d
DEBUG LAMBDA: 2f41eef680aaea80575d208de675f78072d533fc43cd454b94ced78b858e8b10, 05f1c96e534306b3c86f8b68af354e36770976ffd9f40e6251d7d904917f96cb
DEBUG DBL p->x: 1c46e5e5d9f309c7228d779f3f67eb6557c822389cdb2b6020ed319509de7ef4, 1caa18d7bb341be7461d6b65492f0548311545f1ac1d2644dafb136387e1e4e6
DEBUG DBL t1 (X^2): 1ae24299ca5b53e2c861dcc7db58bc538f0ebf5170e0cecfb015f01c75810c7e, 2e3d72dc3a3ac7809488c53725a0a27c3805c2dc929683166a9793393c845d37
DEBUG DBL M: 2042795a7de05b7ea0d550a11088dc9d15aad362ea30a1e1d421443e88062833, 29efbbaeec4d162e4cf9c4386ddf36b9790e7372e6dff428c785a17e04931d17
DEBUG DBL S: 23fb25e6306722931c4b59c3ddcde8e36f1b5649a23b21edf93379ddf64fa1ce, 29920d8b5bbe184be786b8c934fd197b94c515f497ea1b03a46337b5dd122bbf
DEBUG DBL X': 0b64548de01e70b2800b1a035b3584f6a9cab7aa6515f78dcd3882bb5c68e260, 2621fb5eae025565f555d4e128241810a523b2d8921c9198c1812e04e64afc88
DEBUG Q->z: 2cfaef9fdf19800c6c09a045c52c840324ad8291b0d40c47e0a0c11bc5b0d1df, 0e9d2fabaea2d61577ec4707f796c8034ef9732c4b27d42926b0cddfb08b75b4
DEBUG yQ: 08ee6fe03689daa2ff439c7812253a445d5cfd75dd34ebee18683e7014edaaf1, 21e3580bea348bc898ee760acd5b37617dc360697602978caf4a99afcfeba33c
DEBUG DEN: 11dcdfc06d13b545fe8738f0244a7488bab9faebba69d7dc30d07ce029db55e2, 136261a4f3377767798ca65f19351665640556418393648c2274a748c75a4931
DEBUG DEN_INV: 066386fa23ab074d688283e799d013a9ad74bc0a9eb8ac63948b327321e16017, 20c953016a6d4f5ca78d9291544a79a1343027a5f43649a5a75aa27b37c9585a
DEBUG LAMBDA: 2ce74d5442d3ed1a5fe18a9e96bef168d62b930f6691ddf0d05b77f003083ad0, 1b2ebe298a8f2b990c4c620279d7291b7bf9bb2dd3823a1ed1c087e26b620fd4
DEBUG DBL p->x: 226575bcc237e8d4dd0e83befec9c66a3d5ab76f6db677ddca81814da85faf09, 1a17694dc4257419bb07b5c9e893174a577ea490a9fdec249745accd4920aff5
DEBUG DBL t1 (X^2): 069702b51a1c4b06a68bff48b992840da7bf26752792791f9a419e2414cf7857, 0583e6307558a5a9d92647358ed334a34a942f8c13d4abe3a65a6e752797d7dc
DEBUG DBL M: 13c5081f4e54e113f3a3fdda2cb78c28f73d735f76b76b5ecec4da6c3e6e6905, 108bb2916009f0fd8b72d5a0ac799de9dfbc8ea43b7e03aaf30f4b5f76c78794
DEBUG DBL S: 14add3f49d79146b361808942bed803785f2bcc488b296d0702cd43a67548907, 0df5f47e59509e37eb3fc82092ffec8559f47073e5f89c4d576cd4ecaa604fa7
DEBUG DBL X': 2130854c498ed2a98a41794c4c537d4d699a736ce8febd65b0c714b5efd64270, 015367670838e44a5f377148891df2dd484800aaf3d25ede79d5b185c34cefe9
DEBUG Q->z: 2d0180a82f28c0e70f37b373c812d5d7916fb68184bced17e23981ffd7a128a7, 2621d5987079fb5a4fed0353d85034b6f9c4d96a7b9e8b29bb8253eb3a7ab30a
DEBUG yQ: 0381872c3253f4a83fcb7cda1150b17eff1a1d0acd270bf4feb6820648996243, 2648b8dc633cf58377496d716c6e6699363fe68d1acd12d6d29d8ceec77d651e
DEBUG DEN: 07030e5864a7e9507f96f9b422a162fdfe343a159a4e17e9fd6d040c9132c486, 1c2d2345e5484add3642952c575b74d4d4fe6288cd285b20691a8dc6b67dccf5
DEBUG DEN_INV: 02a4375aeb70f463b00350978575ed78cf50bba1034616bdae6a369cc2b20f9c, 0020f3eb7182448ac75afbfa09202247913ee0ea8ee9979a564353dfa7d88baa
DEBUG LAMBDA: 2cc016bdf77461070aaea214521340a3b4ad01a8ad07a3920629b4c875ddc6de, 14c4f0e1fa04a8d99833c47b203771ece244b9bac6935ec9d5279ca2f4b6674f
DEBUG DBL p->x: 2130854c498ed2a98a41794c4c537d4d699a736ce8febd65b0c714b5efd64270, 015367670838e44a5f377148891df2dd484800aaf3d25ede79d5b185c34cefe9
DEBUG DBL t1 (X^2): 273e7e8f36987bbd5e18bd9b2805ac2ad2154d639e54956020678ab10066c4ea, 1b32db4afa8eab81ba2c63dbcfb2a9b977ff689972060b115a3837aeaab45937
DEBUG DBL M: 14f2dec7e16632e4a9a9ad64750e53c5473d13080a1a2b05e8f587e5503a5430, 2134436e0e7a625b7634e5dced96a4ced07ccf3aeda056a6d2881af527a00e5e
DEBUG DBL S: 0e82bdeff8a7d78af719770d95300c4b9e2e44882ab83721c67ed28688a580dc, 0bf61deea02de7581b7c2637e8c8978c5cd77556b99e9b1db9aba02abf869902
DEBUG DBL X': 0d9b2c7f29d65335c772784cf24c61d6767e5223beafa1a92f86b28ba7ee5e11, 0cb85a3151310e83cc406187fcc4dc4c79da7db45752f892576172a7770fb6da
DEBUG Q->z: 3024de85e04dc82a4f3d712f8c1ddbb020116a449b9508a4dfbf944046af336a, 0b131d5a0ec529024371075911cb4a04234b0608d23addba100234c336648572
DEBUG yQ: 04aaf8a1881c9c0948ecc4f700f7f6c12b45d28a6ceab0004b2f7fb6d8bfd329, 12685614873483861ca19e74448b44b3cefc62a3c6b8e208095c7a76fce00886
DEBUG DEN: 0955f1431039381291d989ee01efed82568ba514d9d56000965eff6db17fa652, 24d0ac290e69070c39433ce8891689679df8c5478d71c41012b8f4edf9c0110c
DEBUG DEN_INV: 1f7f7a1bc811b7ee18b85d425032befbbeb6d942a6f0c9dd2bc6e1271c4001a7, 26a1092d357c7ee60c7c059db5678a85eadac2d77e6051d74e27a50e24cf3ece
DEBUG LAMBDA: 12fdc3eed1d6ca435c35fa6e861df823cb6ccb4e195da847fac153d275c99b98, 1c66f94409ed2a636a05a7429ed888eb7c5592e8c4d96b77a31a05c655a3180e
DEBUG DBL p->x: 0d9b2c7f29d65335c772784cf24c61d6767e5223beafa1a92f86b28ba7ee5e11, 0cb85a3151310e83cc406187fcc4dc4c79da7db45752f892576172a7770fb6da
DEBUG DBL t1 (X^2): 1e5e02b365980188715e56eab03c6df1d7c9ac83ee981e938a2d97e41e31b506, 0b0688fc709d2e208b4cd958d7d60cb9594230b834e9aed3aabddd85621d7cf8
DEBUG DBL M: 2ab5b9a74f96646f9bcabf098f33f177efdb9afa6356912d62683b95821821cb, 21139af551d78a61a1e68c0a8782262c0bc692289ebd0c7b00399890265876e8
DEBUG DBL S: 01ef7329cabf8156f2ef38bc74e419ee5080057d7b441b1acf78d93deaaf33c8, 13af9310d107d08575009ae228a162f694884392b94581e4827611c91a4e8499
DEBUG DBL X': 1b9fbc30900af21dad2f704dc586ff353ba1929ddc31347477f8fd07c71203c0, 0e00936334c16d7e59fdb6e60cd78d8e5abeebbd9531113e1f96f24f3ada4242
DEBUG Q->z: 07bc9e6c74e57e0ac7ceb6054a9f41c6c9277df71bfb587e28f652123e279e72, 01e0586904dd5e796608632555590b49e4580da1f649fce21a9b8b1e8e22c193
DEBUG yQ: 00a8c68a820d4ab6c3e48e28a1b9690b1869e8faf040483e2cb48fb5f7099d60, 035359060cdc99cd69252d8cf275de41638191278569875227f7c24d7be5c8fa
DEBUG DEN: 01518d15041a956d87c91c514372d21630d3d1f5e080907c59691f6bee133ac0, 06a6b20c19b9339ad24a5b19e4ebbc82c703224f0ad30ea44fef849af7cb91f4
DEBUG DEN_INV: 014c19182254a0aecda4ce1de926f6189dd448d01f13a44c1228c42b90ce076f, 2b40e6699b479b80c7caf7de2d088a065e29d51aecc4535d4b4dfc158ba89db6
DEBUG LAMBDA: 0c010259ca0472c852dde994250a58389ac3c79b4b8e39f6e247cf0ecb63807c, 222eb1471efa728fec9a9f0e32bd8a07c08242b14b7b0cc2633ae1268f5bec5e
DEBUG DBL p->x: 1b9fbc30900af21dad2f704dc586ff353ba1929ddc31347477f8fd07c71203c0, 0e00936334c16d7e59fdb6e60cd78d8e5abeebbd9531113e1f96f24f3ada4242
DEBUG DBL t1 (X^2): 15ad5c5ecc3453f886792f354e0d50d73ce19ee913b1150d5f12d9c2468c25fd, 0a778484578cd4a514f8efa108466f9f17dd2f9bae396ec76e5cd70b8216f7ac
DEBUG DBL M: 10a3c6a9836b5bbfdb1b47e968a69a281f237229d2a1749ae118012ffb2774b0, 1f668d8d06a67def3eeacee318d34edd47978ed30aac4c564b1685228644e704
DEBUG DBL S: 1cb8573c44d7f32951725471ec48e0cb86ea1dc810beb0f201c93078cf7942d1, 28629136dde0e066338a508a90848b3f10ba8e363277e3cdd37103362b35756a
DEBUG DBL X': 0cb3ab454359a047deaeaacaa389111b0fe41916d29ce9c860962933a7f64186, 21e6c1bba2092a52eb18a0b433eb7d01d51be3c6de38d6f27781b87e7afc1e16
DEBUG Q->z: 264668e68eacbe3b8c0e98392e76924355262fb25c9e2266d9974bf3f8790061, 04df370d36297e132abc242f6fe938477b969d5c6d9fd6ee41030b2232f91c6c
DEBUG yQ: 2baa1bc621986ba7e3edba5aefe99b18cc97851ce092d48b0552d999f41cd1d8, 28506bc5e281a20f7d8e38f55273a9e62ec7dab5306c92e9870c4654e0e2feff
DEBUG DEN: 26efe91961ff37260f8b2eff5e51ddd401ad9fa858b3de88ce85271d0fbca669, 203c8918e3d1a3f542cc2c342365fb6ec60e4ad8f8675b45d1f80092e94900b7
DEBUG DEN_INV: 0c9d72a004d8e3b92dca800dc7c6e8e4b35d30d4accb1c96f60d8f49e037a204, 2fc466ffbec280c6056b44569134f86360eb5200b64a067ce1c9e879d1998776
DEBUG LAMBDA: 1097b7dca8417b0d2af43cc4d7f63484b32bac6cae54f1984d54e488b6bee34f, 2e49bc2e071fb35cc28c90b9a55ef5d533d886e081a677313949ab22212ee78c
DEBUG DBL p->x: 1002dfcd46cf57f5771b340e7296561476e262b145af0ac9b7d0845ef8a77419, 15279f001a6b7982d2f662c94d52ffb55bc0450a3348a316187e7f0d0b72a346
DEBUG DBL t1 (X^2): 236cc7f81831139e3e47e8eccf442f0f8aec82bf9aaecd63ce03ad16e375ce95, 22dd589dfb3c1e88b7a21834a8afab3fafdeba7bb980fcfd0d4a7e3b289d04dd
DEBUG DBL M: 097dbb02862ffa874a372f596ac9dc7371c2b31bff28d310f1c9ef16f9677131, 07cf6cf42f511b46b645bd30f70c5103e0995a505b9f61dcaf9e6283c8dd1409
DEBUG DBL S: 088907f937d43dfa93cdc15500f61e0a48489b68a0a562e39c6f3a30460314dd, 24df16196f0eda8bf25701cb87d6234d4c9f6c784e88bc8b3e4b1c398e72c0f9
DEBUG DBL X': 1b58d6af755fde07912707247c10955d1fa862c1e6eea6770d525cac1765f5b0, 05c1f23c9b328d48bd3baeb81cbb8fcc81a35c59060cf5468efa85c3a1fd148e
DEBUG Q->z: 247312403627445157b2366ebeefaf09ab32ce83d538166b4e7f805092a14f25, 261af3ac15f351f7de2d5289eb03a29e6593bcdcab4d8026b2df588689e05873
DEBUG yQ: 08dcc26746efbdc2158978c9ea591afaf7c50b767ef88c876b672ea699f187d6, 0a0a85a27df7b524bbf9e42052fb68ff51b07ab9ac11ed885de1411e6a822cde
DEBUG DEN: 11b984ce8ddf7b842b12f193d4b235f5ef8a16ecfdf1190ed6ce5d4d33e30fac, 14150b44fbef6a4977f3c840a5f6d1fea360f5735823db10bbc2823cd50459bc
DEBUG DEN_INV: 043ae4e12c716cdda09187a26416089d7607668b71134833f004cf91bb2e7301, 2ae1f290242caa8f129351870f57bd819cabcd63f09912177943d83742d56f46
DEBUG LAMBDA: 23750bd6c5a9c22817df76bfac54ae314a73560675fb0d9aeaa4015d10dc6144, 0b84cfce7c594439280d8d34a40dbc3148c53ab3220902c414895c94c8dec56e
DEBUG DBL p->x: 104fbb514c16ebc5c49966857e9a8b13828602e3107a20a69aa0216ab4985999, 2f058f9c2d26d53d79e0a69b99c234e2fa4bfe3d288a7a7156001faabd004394
DEBUG DBL t1 (X^2): 1e1331bb062dce52afea1fa18878588d40ff840a4227bfe5bf92a08e9fee4996, 0bc637248300c5df38726d378dcbfed1878ae39c0632b5bca84ff21ddca92a17
DEBUG DBL M: 29d546be3157cace576e192e17e7b14a2b7d218d5e05752402975595074ddf7b, 2352a56d8902519da95747a6a963fc7496a0aad412982135f8efd65995fb7e45
DEBUG DBL S: 27d9b8329f14f935a13436978d2d72180dacb9f413dbd111554929449e6086f9, 0527a7b6ea2bf22de2b3c24f7e566dc90cbfb536774949a276fe2447416f5169
DEBUG DBL X': 12cad80a276845c0f196a291b9e7db9ca53f5130134c9f0f5a2a3c261998080a, 063bb7baa181a67c13ae822699abc55ef13e1d8b16ecc1471f42ef2876de5a1b
DEBUG Q->z: 18b8cb8448fd62421cecdb887593f62d5fc29b87387985b622100deba8629983, 2dc29853efe9878985dc46f809dc43e0d17dfbf632ee22bcc78f31507e13f641
DEBUG yQ: 0a8f6d24bcc5475df7cdafa3b9e4ad2644b0c9a9e9782cfbeb57301de299ba12, 1bd735bcd1f9551f6f89e0b93bfcece671277e562bb750fbb4e7694f9763b24f
DEBUG DEN: 151eda49798a8ebbef9b5f4773c95a4c89619353d2f059f7d6ae603bc5337424, 074a1d06c2c10a1526c37bbbf678816f4acd921aeefcd76a2dae4688564a6757
DEBUG DEN_INV: 0a2cc2cc06905ecb7534e8809bff934b4f936699a1e700cba13de5f539d7dc23, 20aa1951c405a3c774a003bd800824ce361e0da95bea5a52c3d36fc470d22a3e
DEBUG LAMBDA: 0500ca5d652b3505a6a7a8f2fac15da0e708136bf1868c49a81adee04a0099d3, 1a7448ee0b0c70f9a6066c8c3b916129a5ec5d27a00bf8ceefd6714ae52d74a0
DEBUG DBL p->x: 07a5757130d1c955f44d47bd4f1414da12bba6b3bdbc56105ca25d2e94c456ca, 044ddd7e8e2b5cc69aafb9543cac8c500740a69c230af83d5d17fd291668cc71
DEBUG DBL t1 (X^2): 11a64a3f920bfd919849bc04eaf56af569073efb70ea27c0f0a6b52b10f677f7, 18442e742f69d7af33030052b669db3e50c9bc9f7c62a2881a54ae51bcf5ee27
DEBUG DBL M: 048e904bd4f2588b108cee583f5ee882a3945260ea4cacb595d3936a5a666a9e, 18683ce9ad0be6e3e0b8bb41a1bc395d5adbcb4d0cb61d0b12dd7ede5e64cd2e
DEBUG DBL S: 0af51f44ed90d9100c1def033383f50beefb4d3aa802b88259289412d9d99b3e, 1171aeffc5d1246a53f6cd843f4071de4348d47c95bef993c2f1f608268f8ad2
DEBUG DBL X': 24df64e0b3e10e63204e390580360313a9e01e1e52c5654bad0c277742cbd67d, 1daf4acf8082928c0e6c79779dac5ab81b3359b7dba556d41241b77f61de56b5
DEBUG Q->z: 1067b3f7ddd662a5492cf4d7fc282a29b787f70a3874636840d8cec99c4998d7, 3013ec2b73763d0439a3105e34320f70391657df78563e80a504ba847e5aadb6
DEBUG yQ: 065d69f9c9952bba0a7210b20a1accbdeffbe41467aa21290c93f11322c68f45, 2132b960280152900aa00b5b7d2471d2e13ab47104470c833cd6657954fd322a
DEBUG DEN: 0cbad3f3932a577414e421641435997bdff7c828cf5442521927e226458d1e8a, 1201244d6ed104f65cefd10078c78b482af3fe50a01c4e793d8c3edbd17d670d
DEBUG DEN_INV: 0031e3a62ab2d1863b42277a418e39d02971ec4843ffdf018fd8756561681606, 1050659227935971e2864c8828e49341974d0e8d6846a4c448c5a777a77eb34d
DEBUG LAMBDA: 20ac02f37c488d97d7e4fcd13ffed89b348768ea444aea1706f3b34ff3a32a56, 0613120455e9aa0a5a33b74099d89fdf30986c7495851d99b12e453589773d40
DEBUG DBL p->x: 24df64e0b3e10e63204e390580360313a9e01e1e52c5654bad0c277742cbd67d, 1daf4acf8082928c0e6c79779dac5ab81b3359b7dba556d41241b77f61de56b5
DEBUG DBL t1 (X^2): 2cf025297ade01f99dd1a4afa959def8b61eef93e42574670bd58cfbdc4f1806, 1e5ab5acd1366c20f3d5d8c85914675a0860ac8db795f3e319e14c24d58abef1
DEBUG DBL M: 2607d296ae36c59968d462a1f90aec2ef359f998db8cc81aab3f8ec5e3f34d84, 2aabd2939271a439233144a289bbddb081a09b17be50111c11835857a8233f8c
DEBUG DBL S: 0dfb49941f8e9f4bef9a913ab975276a1dff009cda65c3d21adc43e2e4ac485a, 20339b540fd9b995c56794e3010daa1aa1f192578fc89a514ce5f26400c72166
DEBUG DBL X': 292c7e9c7e7b8da41a54f281a4d275bb2fc48109feaa86599fd3dfdd8eecaabd, 1a87a6be286c854aabd0d3fc0dc176178631d8ada46594bb9bd67010d4d55fb2
DEBUG Q->z: 11c4d1a79b0be45e9df9382afc98276cf0992f1a5a2ce3b8494bfd94e2a0356a, 18523f7b931a79423a50224d11187bc0b5cec0f4ebf3b2347c7562a7703a1946
DEBUG yQ: 09344526270d8807992d29dac804c1a2098232ec8a18452fe32a19ba647272c1, 2da4106411e80b8ddab51d8867b153e618ba82bea737fcf5d1ea87a1152192f9
DEBUG DEN: 12688a4c4e1b100f325a53b590098344130465d914308a5fc6543374c8e4e582, 2ae3d255429e76f1fd19f55a4de14f6e99f39aebe5fe2f5e67b4832b51c628ab
DEBUG DEN_INV: 2a300d1a09e552e3c83875e962847c0d603864d2f6f527013cc01b5effc83a3c, 063c09638cc9ce3c87c02f917d83c96e270d8af59953d4b8b15bdc58c91f3e6e
DEBUG LAMBDA: 0acc5285bf2ca4fdd4db4737f155916d11df800a2efd9556178b453b1cb703a2, 0f89f2c7f3b62e2c1b7e52b532c89b8b004d80f5ce0a74e16f18ed5abc4c5bba
DEBUG DBL p->x: 014f955f81c10a805bc256a4179844d18c06ea6e9bcb3ae358a6ac7d069a4e53, 15639c11a5c088762c3de60b0320ba7fa680abf6159b1dbadd7aa0b25de0f1aa
DEBUG DBL t1 (X^2): 08ffa0d559c8d40d64c2dc47edc3f9a14af7cdf8a426dcc8d258c7f998c7c2a5, 1ee7976021a3343eb9e5e7a7c4d15f2904bde9aec5c86a243a06d868a746a4d3
DEBUG DBL M: 1afee2800d5a7c282e4894d7c94bece3e0e769e9ec74965a770a57ecca5747ef, 2c5277ad83b7fc9275617140ccf2c51d76b8527ae8e773df71f3fd231d56f132
DEBUG DBL S: 0f30107467e869c5cb2b582dc56bf7017005ed65c538446528725b21970706ab, 18e95b12a8aca674b452789c25d3b887158ef10815fb8d02d858b1315d039766
DEBUG DBL X': 0414c60655c02ebf96a259f559a38f7c41e118f3ed1a9294a9a1497e7c4f5230, 25ac9c2af0f97841130a1ee388749afce5f5adc8f5bf93e77600d8c206e7a1a2
DEBUG Q->z: 17d8be0186929a0b10fb8c89106abf6cd4cd2f3efa9e5737c3200a8f65c1126f, 0fddf5e4137ff899f190e772dc0670e69f0ff861418dcd47bd7af94546ceb8b8
DEBUG yQ: 1e7ccfe4cac06062d53fd6c622f770c0fc1302387dbcd400c458c5675dc07b1f, 2ac6ba8572225db477affe683f613ce2c7b70b9f5e435b47b833f4eef450b984
DEBUG DEN: 0c955156b44f209bf22f67d5c46d892460a499df9307dd744c90feb7e303f8f7, 2529269803131b3f370fb719fd412167f7ecacad5414ec0234475dc7102475c1
DEBUG DEN_INV: 086035ab3e2fd15825cf53536ad376ba38f70432199be43c279478abc22e6af2, 26be2c19c3780846bf8199ec73dcd04729faa979d3ab446bfb2ec507b63a0a02
DEBUG LAMBDA: 1db37aa5033928416ad9560ea701fd3ddb97c62fa88129cb48ffc8512c917812, 0c5d6939de5bf3dc62dd4133ceb9be9a6ca96922b9c29c76b31babe8f59bc9b4
DEBUG DBL p->x: 1c62b1a2a1732ee74a0b94c2b3f739d47f7bf0e4c7d8900a319cae33e9710bcb, 2f59595475473d476a2e008f847fe1c1b4dd6230c16a8932e6514464760935db
DEBUG DBL t1 (X^2): 1aabc964650b52101d981484c04f1c46aa65444ee9afdd4426496aa99cf5cbd0, 225d2efb5966d8b66e3a822b70104c77411fb2b0d73bfcb15a872d7442a126e2
DEBUG DBL M: 1f9f0dba4df05606a077f7d7bf6bfc7667ae625b549dcd3f36bbb3e5fe646629, 064ef00c49d149cfda0efb154d2e34aa945c42efb4d060f99754702f16e97a18
DEBUG DBL S: 21a51e955a1215a2b0bb82294f070945e325f33c8ba100ecb0796d7cd35d680e, 23daad2b98798021c1febc106f2e9328d8f9c6b3559d1d9418c184d5f4ee947f
DEBUG DBL X': 2c59ff22c6e5cbcbf20707beae6771419bb8170fb1eb7d4c63d94d660f733836, 302a173b281c8061236550b81e4309ee0b1073029a4c0f2c3ec516c17b0dd90e
DEBUG Q->z: 2288c237054cdeebce674c6915bcb1ecaa2f444c1c2a05318fe12c4ecab360e3, 0b8d21bfb8256466eb3311b230fc98a106571e7becfc8201e0fcba7758793c75
DEBUG yQ: 23440d5a690a7498c19c9eee9c475fb280bd48e462f4d60da9cd42d49ad745ed, 2f0cab2bc66db5665ff367623c694ec74172c00c9e4e12dd34ee2d2ae6252c16
DEBUG DEN: 1623cc41f0e34907cae8f826b70d670769f927375d77e18e1779f9925d318e93, 2db507e4aba9caa30796890df7514530eb641587d42a5b2d2dbbce3ef3cd5ae5
DEBUG DEN_INV: 1682da889a8baab6630d825071ec038e081ec63257b3b7042a0d7eca7dd7bea0, 09860b413a350523de45fcba8fbfdfddf389f127780cc9bfb95f56a373f82b95
DEBUG LAMBDA: 00dccc2473e6fed701bd5414bdf4bfe534f61a27a0a159c70fdd0d503191bbdb, 09788a3c1404c311fe8750301daeb9f2df61b5fbfac0dee55a2ffaee172f2758
DEBUG DBL p->x: 195a602d879cf9a6df325f6c90119330a7d8d28f92f6f990134bb000df1793da, 294e630deea491c59fd46f548c4f5b461ee7a1bcbd981074f704f335041c7217
DEBUG DBL t1 (X^2): 1e466407b55948252d8bb73f678b24c656645d6dd9a73dcad8f76ef3fe385d91, 00c7eaa4211ea8e58c7d6bc2ebabfce0353d23fb5e1ab6ad5d4545c5a74cda3e
DEBUG DBL M: 2a6edda43eda3845d052e007b52015f56babadb82483eed34ec5c0c5222c1b6c, 0257bfec635bfab0a5784348c303f6a09fb76bf21a50240817cfd150f5e68eba
DEBUG DBL S: 00b27b7177f2f50f4208164b197294299566b5bb10715a92d8b932f08abbd481, 26c55ad4755aa90daf503ef010d1a5e28e9299880e02a682975d7378df9d48c4
DEBUG DBL X': 269d5b2bc1bdd49dcad5727a191f015a120cd411464d2ce541ffa3933de71f39, 09341492da85a89ff7eafcb1f50379bb11165a0cea1049551d5807996cb2717c
DEBUG Q->z: 0b99a5ff94fbcd7cab5995fd7a2d91dec77688e59b508bab203cf417103e0b1e, 0ddc065e7edc9a2c6fb34867300d84d7758844f3ddde4399d68044a039dcfc80
DEBUG yQ: 0e3e66130cc0e09f1cc2bf1ee1edd8f02602926cf8363d9dc71663a0c9a0aba3, 205f503be6f603327cde5ed8759dacdde6b423594aaf20ca9c8ab361026c8b1a
DEBUG DEN: 1c7ccc261981c13e39857e3dc3dbb1e04c0524d9f06c7b3b8e2cc74193415746, 105a5204ecba663b416c77fa69ba015e35e6dc212cec7707fcf4daab2c5c18ed
DEBUG DEN_INV: 2d23584511504565c752d9bfb0ea7a63d9004dcc9c23a5912b02a3056650ad30, 1339c1bb53e853493b63582b8f98709ad3670e4ee9a32a9bc6073b1814581b42
DEBUG LAMBDA: 2703d9177fea216ca66e2cc84f1681e25c55ee53fdc37ee73eb0aa05e281d577, 140262368454926e43758258ce99b6f4f2a04c841bfd31509fee1879a877bd9e
DEBUG DBL p->x: 269d5b2bc1bdd49dcad5727a191f015a120cd411464d2ce541ffa3933de71f39, 09341492da85a89ff7eafcb1f50379bb11165a0cea1049551d5807996cb2717c
DEBUG DBL t1 (X^2): 037f4e3c00ffc8d11c9b42e5e90f8f67f412534e3d7972fb094513231c01e1a8, 03d9291d20643b58913fe7969de039aa43414943de883e7928931fcaec0b13d8
DEBUG DBL M: 0a7deab402ff5a7355d1c8b1bb2eae37dc36f9eab86c58f11bcf39695405a4f8, 0b8b7b57612cb209b3bfb6c3d9a0acfec9c3dbcb9b98bb6b79b95f60c4213b88
DEBUG DBL S: 18d5b3b7326de81adce23238822dbeb2e04a3cf735f28683614b5870fa080c4b, 1b30a1fb5db91a6ff1a018dbe048b6f34455515770b064997097198641ac2a75
DEBUG DBL X': 2fb8398419f93ff40af866c58ce31d7c68f9ce720080ec5c9d17f287f6d9ed81, 023908abedd53d9064d5cc93ad3e45da5f9006ddee10c251f59476e81a7fdd14
DEBUG Q->z: 29a63cda0915407f1a23f6a7915818fd55a1de41fd453eb8499bb45182d1f2b7, 0187bd69d57f67df88fc889d69e8f1d76b39a190003dd419250abaf304b4d03c
DEBUG yQ: 029495c80788b9d3460632de566eae02490de441c9ab318f9967165f852153f7, 06030eb2f801ff39ae1cca85a9c02c3eb2e535ca88e9c8a2bc4706ff115ce45d
DEBUG DEN: 05292b900f1173a68c0c65bcacdd5c04921bc8839356631f32ce2cbf0a42a7ee, 0c061d65f003fe735c39950b5380587d65ca6b9511d39145788e0dfe22b9c8ba
DEBUG DEN_INV: 0431108da2620882b143c4c2779004f8f121ad9f416bfbdde02cd1ffa94d3ec9, 271382597449fa36c578f85077f157487ce8cc017f207721bbad166ee16dda78
DEBUG LAMBDA: 1f3f3da73fbd6ec5bfb56fc30bdca24375d1bf20d3f7fb18c1023ac10b2eeddc, 0fba612b69f5cb4738eaa920aecfbedcd40f158db3750b90cbe40b86fe76f47b
DEBUG DBL p->x: 07978d65077bb0485613a1ccbfbea5a22bbf3e5793272fc0ebf84fc4ac9893c3, 2eadb52d88dc843ed85ea465c048681eca8d5d0be1153b6236db5c5f8577ecb5
DEBUG DBL t1 (X^2): 1cf555431461fd4717cb4459461e662a125e03aa561b1b970dc1f0123a26b714, 03b4ffcc1b4456c54c75ae49e311f638de9247696abb47107aeb37162b2dfcf5
DEBUG DBL M: 267bb1565bf457ab8f11875550d9da209f98a06d99df8837ed25441fd5f727f5, 0b1eff6451cd044fe5610adda935e2aa9bb6d63c4031d53170c1a5428189f6df
DEBUG DBL S: 052d4dc49ab6b3427adc9252a4f5029f5bd769e743c8b6f70dbdab6b0f487955, 1a2ca145055dda386b6d082fb7dc411a7eae3d7bb23166c8be1ba4e17332b270
DEBUG DBL X': 09173ed8069b1753a6cdab5cf763419d2dfd094d8692d3398b362b04c2ad62c4, 0156b10c405f28540afc9098d268ffedc99e1e719c7dd416866911ad4f23e62a
DEBUG Q->z: 1a2592843e6aeb67d827342885c9f1d75c02725432fbdd41812c0befa0031fd7, 0eaa3f3e74cefa55f07981716613383714f4787419c03b02bbccffac204baeee
DEBUG yQ: 298f634d04ffe3871028c279cadca03100a4b8599b50359c95cbd7b456c72684, 1e5dc22bf1bfe0b2ed27ae0a57e367f54a21b2cfe303bb43ae38f2bfe7170551
DEBUG DEN: 22ba782728ce26e468013f3d1437e80469c80621ce2ea0abef772351d5114fc1, 0c5735e5024e213c21ff165e2e45778cfcc1fb0e5d95abfa20515968f5b10d5b
DEBUG DEN_INV: 1c71a53d37fd651fa14df193a4b37a6ce719a3f3ddeff876b5cbf06af34d24af, 2ee2b6d4a43f21e5b433b8d97a84ce7aa4efe983ba41826ae100d970a7e8a327
DEBUG LAMBDA: 10e6c9dedc1df8289d8f756e0991ef08113c11831cbc8b3f382ea70075f2cb70, 28509f3ad32b454adcf16a7fdd8f224d0ae9c848bb49c8f044c490f7743eeeff
DEBUG DBL p->x: 09173ed8069b1753a6cdab5cf763419d2dfd094d8692d3398b362b04c2ad62c4, 0156b10c405f28540afc9098d268ffedc99e1e719c7dd416866911ad4f23e62a
DEBUG DBL t1 (X^2): 14d34fdf430a4f9ec0dc50d37711d6881dfd30e5040a35ce20ccc79bc115dbc2, 0035ebf66563385d398adb71e97533af995145e6296de98e22b912d7949d77e5
DEBUG DBL M: 0e15a12ae7ed4eb28a44acc3e3b42b3ac276281da3acd6dd2645cabc6ac495ff, 00a1c3e33029a917aca09255bc5f9b0ecbf3d1b27c49bcaa682b3886bdd867af
DEBUG DBL S: 14bb2990b23813dcb626619203ce7023e7de647c711a17586bbd56a6e2e2d5ee, 29e870e9de8f8e3689a30c977b7d2fc51dd250b8642fa24f3308e99bd4b088ee
DEBUG DBL X': 0a4ae4e6e50cda549e71b2c2585c5b472294ac7a0aa8a9431f47c555a7d5feaf, 12cc0524c28f007664ab55ead24dcafb8fb3c73ab855496f9644937c4ce103c1
DEBUG Q->z: 02d81e0bd5f36fe070204af0a7d79ce2081fcfb9a7247d5fac64cf1f5ae2c6e4, 2b29220fe642e7dcaa0a211e5b17a62c922758d86723dc00752dcf42bd475645
DEBUG yQ: 1cb1bc3983fcd54169de9a9b0323788b27f5ec5d471926b3ffe70d172321a890, 16c81d3e95ca533989cf0eb0a31ec4a09640fbe17bc84d555f59c809a6462817
DEBUG DEN: 08ff2a0026c80a591b6cef7f84c598b8b86a6e2925c082dac3ad8e176dc653d9, 2d903a7d2b94a673139e1d61463d89412c81f7c2f7909aaabeb390134c8c502e
DEBUG DEN_INV: 24bef3cec18f61fc48324b9837c0b07a0a9fb07e423faa1862d839981c135470, 0e32f55965359638744899542a8a4ce719e0933fcc5e34934a7961a55c97dc8e
DEBUG LAMBDA: 305e331dafa94cc4c865a191e0f679c76a43dfcc1799e90601e03a71fb8d13a4, 1e1214b6f7ab129d95210b7f55b3b088b21528839a131165221c4ea7cc62dbc2
DEBUG DBL p->x: 0af47bd172d30256e4b349368e9d1a8e016c94446316ae89f4c00fff6710cf47, 12495e260793c6b07b4b743ee2cd277377e4e60e2f51179d82dc6a66df9736b8
DEBUG DBL t1 (X^2): 0877ca8e3af95546a96e0408f46974d153f37cc4add312fcb508638218b2f89a, 1cfa72e92858dc0c50c9fe7a3b82b3d3adfea845619632c633b3ff260fc421f1
DEBUG DBL M: 19675faab0ebffd3fc4a0c1add3c5e73fbda764e097938f61f192a864a18e9ce, 268b0a4897d8f3fb3a0db5b83106c31d727a8e3ebc50cdc55efb715b56cf688c
DEBUG DBL S: 15cb5a766bc8382b76578003e23d233eaa3741a7e2775d8f3c967f47ef7c380b, 2d37027dc6847b51fb775f3d8b71c7b991d1aa1ac5665c5c460811eb0523729d
DEBUG DBL X': 12b2cfeb55074ab3ca1479a4b5ebb7cab2c33e4ab6c685ae1739b4755ddff4cc, 1821aaf20307964495850265c2a6fb305975ca7ca0986c8c961f634760638a08
DEBUG Q->z: 0fc49ea093f6dd4e6a257849dd5c028fc3ac417c6fcdccda4b27236575672208, 209ebc1006e50d3b5f0b1c011f42fff44dc9803006ae2320a1fbf787a31b2d63
DEBUG yQ: 0cfa8517d97cc3383cd9e177824dce13f24af27965e4ec9a59c60b2503df69cc, 290f439b7ceb279b9bb9bdaf06ab526e8b387c3c48622f079530a1a7fe19930d
DEBUG DEN: 19f50a2fb2f9867079b3c2ef049b9c27e495e4f2cbc9d934b38c164a07bed398, 21ba38c418a4af0d7f2335a78bd54c7f7eef8de728529381ee40b73923b628d3
DEBUG DEN_INV: 2a7031bc92efa5f196d4bbc1c3a1091c009579c5412662122fa94ada62296f24, 12fd3bdde2c42fb0deae5422dfb9df2aabbd93915f0b15d06afd9958c8a19f28
DEBUG LAMBDA: 0624732f7bb600551004a95aeff7038fbd42793bfcdb62a52169ddd10d5395d9, 15984d16ea7b2cdf9143e229999507341e56cb499d5f6e6f0ff34c1f4f35e290
DEBUG DBL p->x: 12b2cfeb55074ab3ca1479a4b5ebb7cab2c33e4ab6c685ae1739b4755ddff4cc, 1821aaf20307964495850265c2a6fb305975ca7ca0986c8c961f634760638a08
DEBUG DBL t1 (X^2): 07cb45a5c64a49a372a6ed5991ca792d56e305a6f7f36db1962dbf3e7c6400d4, 2b9429fd4bd2baabccbff8eb7039735906ecc234e0cbe25afbdc5d89febd981e
DEBUG DBL M: 1761d0f152dedcea57f4c80cb55f6b8804a910f4e7da4914c2893dbb752c027c, 21f3e1122114efaff59f5f554da9a94fe5c3717bd18011f67b5400704b3ecdcc
DEBUG DBL S: 1d2f76892ba97e9229873b07d4981fb98264f42f06cbd0cc3a014c1a71c7a25e, 1a6fd0347f70203327ce0d82f6b39c6c7a2dd41a6adda38d23294565badfb33e
DEBUG DBL X': 2c8d9f8a8e76731e4198c91699b9edf8d48d5e5b7b6e0d8c656409ee889dfa54, 027737fe42e1c481746aee8890f7b78743d12da385b7748e8e0eb9eeb977b0a5
DEBUG Q->z: 1937d4eacaaf477e39b8a456fdaf539976e05d5dbea410d4c701ea5ddadd5c6f, 1d3f3d6666c52ec6e676c8fa40e7c5dc00624254d80a1f9b014d363e84c80b34
DEBUG yQ: 2f1ded8688d418d8cf2abaf89119cac01edd9b575470040c54a22fee0905dc0b, 1e019247f4108ccebb8ce5f753afb6c8a0ad62987dbb4b1634bafdd34ac68553
DEBUG DEN: 2dd78c9a30769187e605303aa0b23d22a639cc1d406e3d8b6d23d3c5398ebacf, 0b9ed61d06ef7973bec9863825de1533a9d95a9f9304cb9f2d556f8fbd100d5f
DEBUG DEN_INV: 0bbbc0086adcbf4b19bf662ddc93fda3ffe4ff22cd9f6d983f34a37b60c20720, 28d26c866e06ab75b9188fc27e9503f4b63b3ee38b155b65237cf9d77c6db1a6
DEBUG LAMBDA: 18ed4f9cad7e9288aff3ffc554493cd6e7234008e9fe02590b7f83e79b0f65a0, 2d03ced4b351141ec47fa759cb94d580e78ddcc82c7b133779a0de7c0a41f4a4
DEBUG DBL p->x: 2c8d9f8a8e76731e4198c91699b9edf8d48d5e5b7b6e0d8c656409ee889dfa54, 027737fe42e1c481746aee8890f7b78743d12da385b7748e8e0eb9eeb977b0a5
DEBUG DBL t1 (X^2): 14c2e3e29223274855b362f0fb79841924c48bd9910c9467fd74df921850136c, 0e4242c6bd4ec167a96ec94a884fabf09c2e099a840f152662cdac810233066a
DEBUG DBL M: 0de45d34d537d5af48c9e31c70eb33edd6cc38fb4ab3f2aabc3e129f70733cfd, 2ac6c85437ec4436fc4c5bdf98ef03d1d48a1ccf8c2d3f73286905830699133e
DEBUG DBL S: 13fcec1c6277f9930a831f6ea72840935e6b2955b8d767cdd328323d923b511e, 100dc4f03344e11be22b0d9ef65f0f4d3054984a6c7d85ba8554e9f90af1dbce
DEBUG DBL X': 1f347c7ee095dbbd07b6e14c4b0ea729f47e2c29946738c3773f0cc5b62e65d6, 15a26e8ef0c9ea5a068c37a9aaeb6739b9bcf8b97f00483909cd48bf51429488
DEBUG MILLER RES: 2bb1767214d350fd7018c7eccfe81920cdc0c992cc7d1d05236194d59e0efabd 1505626947d6c861cad22934cfa22ded5dcd5f23b88f3333e42dc7f2d2c41e74 104e2c437d97a7e236d82b66317fa05ea506f34af60fc6650770ee09b9d8f017 0d0fa49a4710a1f05afcaa49362a333f474ef47bfd631cc85ca2f17e12e07cc1 07da1e16466d79c46b56a10410908fa679fb9c9f923e0cff84ad593357721dd5 0490e6699502d1bd80aebfd264fab5aed5780b21a0c3fa48f4f165744c01b8a8 28d430b260edf813de06ae592008aebd5aebb2ad65ea1fc2c3e4c205223830f2 26f234a67b34a54a05597c4ed611b10497e22a7ec48e21e89698e92793f77d97 2b0e87505b65a765426b73c53f1c5e07e7737ca4258cc3c56c5ce2e5931cae32 280b568f6a5cab5f5f9060fb60c4a8c081f03a2562207771d9f80916a949185c 10cfcb6abb678f2b9ad1d5b2f46ea74074025a56734700e17bca5b26a234b4ed 0dfc4eb6d351beeeaad3f684001d15c9c6c746b13542d4c85e74620762f760a9 
DEBUG Q->z: 0000000000000000000000000000000000000000000000000000000000000001, 0000000000000000000000000000000000000000000000000000000000000000
DEBUG yQ: 192a8cc13cd9f762871f21e43451c6ca9eeab2cb2987c4e366a185c25dac2e7f, 001752a100a72fdf1e5a5d6ea841cc20ec838bccfcf7bd559e79f1c9c759b6a0
DEBUG DEN: 01f0cb0f98824e9b55edfe11e7223537a653fb04ea9dbf3991227f6de2db5fb7, 002ea542014e5fbe3cb4badd50839841d9071799f9ef7aab3cf3e3938eb36d40
DEBUG DEN_INV: 10e801ecdb801836277da8e710cb00e5ce2dba3a5732758e7dff022ea3a3738e, 2b2d91d84ee93d40f20705576a0920b9d279ada0fa2e9c2d469803e523b9eb67
DEBUG LAMBDA: 089a9912f76c4d26ef4cf1c0785f120976002c76c3bb6733b485f239ced3fd7b, 06f0cde845a85d67ca4ba987eae917cdb42006a0e1810d86c16c267b8b152c92
DEBUG DBL p->x: 0e187847ad4c798374d0d6732bf501847dd68bc0e071241e0213bc7fc13db7ab, 0967032fcbf776d1afc985f88877f182d38480a653f2decaa9794cbc3bf3060c
DEBUG DBL t1 (X^2): 1b7776cd80bc9b0d4ecb60916f3b4802cb96aeb58e50a1ec5c043557af53f019, 2f68d4170af7a68b6ff19dbc5e093f34ed63c3f78baf83596bb8cc2b45c6b8bd
DEBUG DBL M: 220215f5a10430fe3411dbfdcc307faacb42a18f42801b37d7ec13f0357ed304, 2d71df5f5e83b34edf344dc817190ce3992876c3d22af4f1cae94c54205a2fa9
DEBUG DBL S: 1872b922b85d34ec8d490d6ec9029a85c829fd01cef96ab57671107f09218509, 13f4958dcd0be3950ad9b768695b6e0910aeffaab249ae10ebd7334affb9bbb6
DEBUG DBL X': 0a85a849e7aa05020af3a769b8e159dca79d7f5bef961872b2bbc31a8cc6fc36, 01d4f0908e0a0653acab2e810ba88c5d7e4b19c161333a4aa3095b55599e985b
DEBUG Q->z: 2d92b494172274f0bb7a73c2434aae7c04eefec161abea29bd576d2c97980511, 16817af076e9f8655f438f46a2ccf8b04b556cf3de48f73b86be353c194d2237
DEBUG yQ: 0121be658af454ab828f451baaf00c178c6539ebe1a58b906448653f31be5899, 2206985bd7895b5275be404a9c6b22e71a765a6d1ef2ae6e2893355d41a6ef36
DEBUG DEN: 02437ccb15e8a957051e8a3755e0182f18ca73d7c34b1720c890ca7e637cb132, 13a8e244cde1167b332c3adeb754ed709d6b4a48d573924f1505dea3aad0e125
DEBUG DEN_INV: 0625e34f51628bcbcc109a43050c2fcd445f0069cab4bcd3b6089699676ec4c7, 1b473bfb945c457b48f5d908af71d1579e15c1ca55e8f5640d318f1bfc37a33f
DEBUG LAMBDA: 141485c0e1397536a0c9dd7efcb956ebddcfe7cb738b0bcd1350aa6afd41b7d2, 130aa57544472c293165ea2f7bed3251a78626e9b1ec62b51bc992dd6f2657c9
DEBUG DBL p->x: 214d31899f48e92f206adf0b6f3822152efa671b34f540a64cff1b8282a37f5c, 2001d07287337c55441dab1f4898e7e47ca3c2864fc188756b62c4b87ddd2805
DEBUG DBL t1 (X^2): 2a1e3107c73f4346197ab754e5da7377f3a05d446c7f53aeb98c6c1dc0eb9abf, 1e96297b322f10286b84c2165634a83477d7c64a4432cb69c17ee1ab850389f0
DEBUG DBL M: 1d91f631935a897edbcf9a91ae8ca9acabde42aa749a65f1b4642c2b91c8d5af, 2b5e2dfeb55b904f8a3e008c811ca03fd005e84d642697b0085c18ebb68da089
DEBUG DBL S: 2e6ab75f4003d4c3def7d54feca5513913ed362bcd904cf975782940a9fba6dc, 0ef97af87dce3cb7f8481897c4787a4340f91848fb3b7df6ef06c1ff51866ca4
DEBUG DBL X': 254d693d72dfe769ba1b347ddd9aa646c9f124fbfe9817d8b668acfe64073dde, 17bca911e651da5ee14679e8a4f681f2c272fec0f88eb6930e6ee3f44c574026
DEBUG Q->z: 0c75b78c17646d059f8e9f829116252bb50b3d75798d64deb06bce50a5a1c459, 2b7f9519a71c6b5437f8161f01f5874e9c0ba61ba61eae6fd83a35719ffdf7a6
DEBUG yQ: 286dbd70aabc6e5c3471fe3957aa5692ef894f9754cc4ba402cd6b0c52e6f3f9, 1b7c3f77c4cb316928c0e85a3e56f94c2004c98c44eb6508255c48b639977a75
DEBUG DEN: 20772c6e74473c8eb093b6bc2dd354c84791349d4126ccbac97a4a01cd50eaab, 0694307ca864c2a899318afdfb2c9a3aa88828872164ff830e9805559ab1f7a3
DEBUG DEN_INV: 28aeb25b276eec94da37f55435e98a3178a10207775d5beeddbd0c7f8419d4dc, 1120c48072b5355f62120a98e0dff52900545fdf9790c200769973476c8c4bc0
DEBUG LAMBDA: 1cbf8a4b9c181796836216f133fac1ce2e2f8c70a9512d82f174514a87f5b00a, 1524918387dc8efb5d8f39c0f083e0fc9f4b0394b877437b402d6ebae99d4c5e
DEBUG DBL p->x: 254d693d72dfe769ba1b347ddd9aa646c9f124fbfe9817d8b668acfe64073dde, 17bca911e651da5ee14679e8a4f681f2c272fec0f88eb6930e6ee3f44c574026
DEBUG DBL t1 (X^2): 1c0f4f4ee9cee738f59630f6d2a4d31ba0bd1dadb4a85227eca81dcdb70461c8, 08a6b16f705cf08425d04dd0aaf4d6ae48aaf7a6bba86c302fe3203a2e758117
DEBUG DBL M: 23c99f79dc3b158128724d2df66d20f54ab5ee77b5872bea89d7cd524c902811, 19f4144e5116d18c7170e97200de840ada00e6f432f944908fa960ae8b608345
DEBUG DBL S: 0f4723bf3ee74228d7971eb94b3fd421d2212f0cd9b2a08021f7d2bf0aeacfb0, 012c644d3d3d0e8ac793e079b9b5db1adcdac8cd65bab05bdb45775f4fd99dd6
DEBUG DBL X': 2f2ccef6f385b0d797679217496fdb9643ecf91772f55733c6e49e6b8e05ca24, 1335e51c57f7cb5f75b53ee64e861d9c484cf26e1d95bc471007a7d45cec6e17
DEBUG Q->z: 1397662e0d92e893116fc45b8796cad3b75fc44563c83f53f4eb6f17fd07eecc, 0c1914a6bc060406ece70ab6a6ff5a6c37be9e07027eaee076a6dd94f34c4137
DEBUG yQ: 0454a4a772c713772ae6f7e74e5a6b2ff36b0e3ae7d2b2af3984301a8f082652, 1971ed6c7cb3e8a02fb223adab273be80079b14ba253f0e825d9c054522c50ef
DEBUG DEN: 08a9494ee58e26ee55cdefce9cb4d65fe6d61c75cfa5655e730860351e104ca4, 027f8c6618363116a71401a4d4cd1f726971f805dc3617430f92f491cbdba497
DEBUG DEN_INV: 16fcf2376ac0e5b8ce9efa102b5e8ec009c5583b42e20da33b5dc0fc2b5846ef, 122e70c918df11c9efd08c316835d42901755f5df3e799dcd6d7c7b081189bcd
DEBUG LAMBDA: 2e83c6841c121bc6452810101eeea17ec4010e1b70ab2bfa9de63b0139eb87ae, 2f4c47e1359a8d542d1951b497461c46e617e77fb2e07cdcfb203d1cd4381b66
DEBUG DBL p->x: 2f2ccef6f385b0d797679217496fdb9643ecf91772f55733c6e49e6b8e05ca24, 1335e51c57f7cb5f75b53ee64e861d9c484cf26e1d95bc471007a7d45cec6e17
DEBUG DBL t1 (X^2): 21d4be122877e0d3e0bc189745e321f06e7eefd1e994bd021c4a53d3a8cc199e, 050aeab01d751dd5a3aa12cafded8cf787ea146f7c6b7efcb8d71cff083dc6a3
DEBUG DBL M: 04b59d50b70462283193be58cea6b5161c79fa52ebdaa1ebdc9de34d496a524c, 0f20c010585f5980eafe3860f9c8a6e697be3d4e75427cf62a8556fd18b953e9
DEBUG DBL S: 04556f78db0ed291d5ffe35c5679a053239500d0e6546582841ce5c6e0bddf5b, 2a958369e2fbc3137ca37692c7e16c24a98d1ff4851d4cca3cbe0732f9d41651
DEBUG DBL X': 2a4ee0a259ba146f74aa771e82510084f9ae10b8f56325aa528c9ba73d9c9847, 25207bea05ea7ddbf29e70412df19bcb1a7c085350378906b05b905b59f977b8
DEBUG Q->z: 07b5cb5d73712815e3720186e70bbd6ca5c2be88a72df920e8d9882fe66a6610, 139a8e909d8c5ff39bf6135a3b9f2b5108dcd00e93257420ce421032a9bc7cd9
DEBUG yQ: 21bc67dd7c4f101577a707a2b83247e1361f2e78babd5042b2abc2c39984759f, 29e7f1cf6d1b7c86476e800e67091518c14bb16c1df5752c2ae75cea8ec9a32a
DEBUG DEN: 13148148176c800136fdc98eeee33764d4bcf2600d08d5f82936f9705a8bedf7, 236b952bf90558e2d68cba664c90d1d3eb15f846d3791fcb19ae2dbe4516490d
DEBUG DEN_INV: 1fa35552b6cad36d56fd093918c84000db408247d723acd6da2de6282298768f, 00989754553071f321f697c41b79f72a67480a0c19a343230d8e48cc46e37225
DEBUG LAMBDA: 015cf8f49d876f5d7784dc0e3c77e10ec5530df97c85fe6bfb7935a3fc66e523, 05ae2cec79a7c7aa933c4c2eccdc171d188dcdddca6de21fcc244372ae30ee4d
DEBUG DBL p->x: 1f31adb55ed9e3c91c300bc9579ecbf7cb3d28f7e6594658c3b03e208e72ca16, 015e3c52ea1599a7050cd6d21f36c3a7856855802a3597cbef0adb83b34e5c08
DEBUG DBL t1 (X^2): 0454b2fc47be4af979135c798d425582afa20417ba76bbe7aeb0478fd995fd62, 24c9dbcdbdb11ee9dcef3ea8cbff795aae5ce80c1df19d9fe2f7dbf944b7af1f
DEBUG DBL M: 0cfe18f4d73ae0ec6b3a156ca7c700880ee60c472f6433b70c10d6af8cc1f826, 0d94f68376b01c6a262d308d60fbbb54dc13e30188f143c530a67bbe1d2d12cf
DEBUG DBL S: 27884b8caac8be71cc7830dae9efbcf05bb72fb68a4e826facdfe79f9f8a3c82, 141424e56a335103bcb9a2f7f2a642b504b0808b3ed59dc5d48f780fb114acec
DEBUG DBL X': 0c91d526e74feedc86d99f02ed036af5c0df077079bb06e07a9c7c9a6a97f7a4, 1e5ca7d421785327c2a1045abe7af5dec29faa6e01be60915cbe84c649872773
DEBUG Q->z: 2c1c863a63cbbbdf200e912d7c85424baf168af9140e316e57c5c8a815b57bb3, 2fd9605c447c7d818653b4ef752c1a9022996b8b1c4973d6e6ed87136b294f2f
DEBUG yQ: 0b33c7802712358692a11e3e7c13712fd91756894062d3fef36034d8a892bf83, 170a1d5d21095b6a5d82c4211c12ce72e5842057cb9f1750b1e73bba90d0e6f8
DEBUG DEN: 16678f004e246b0d25423c7cf826e25fb22ead1280c5a7fde6c069b151257f06, 2e143aba4212b6d4bb05884238259ce5cb0840af973e2ea163ce777521a1cdf0
DEBUG DEN_INV: 250fb4060cb8391fc28218df8c10874a608bcd04e6d54dfaf0efe0c8f9d58d06, 0d99d31b81b1383e81599a6ac4380d0302a71623ba56a16edf0f40b8f487b083
DEBUG LAMBDA: 19228636891bd2e7ed8dc590626658e24e46f7b4970929278aa16b78b6d34495, 1afb9ee82ff8f6cd6f95d75328c20d242d8005bef207db77a3d1af8ee9fb9b2b
DEBUG DBL p->x: 1a973bcf4d34d7119d04e2ac1141e23b61f7baf2faef3e49bed57b63423e8298, 1ce75f152379c188076e812ec3757e80a78c3784b4789225a3ee06903ac6728a
DEBUG DBL t1 (X^2): 2abaa5a08d2134351f2e62c3defa84bcc8605c3a091294495c2a71017e7666a8, 17913a82ce4c85e2fb806e9b9d663e95aeb49a98f08fa7242fbc34d7196bf991
DEBUG DBL M: 1f6753fbe5005c4becea9cde99ecdd7b2a1e3f8b4a5427c19c3e3ad6ca69396a, 164f611589b3f17f3a31061c56b16363749c6539693d2adf5314126e73c6ef6c
DEBUG DBL S: 20c834336461f29dfd09a65172c5dd6d931637fbec32f593ccbd88a48db95377, 054b3e2b63f420052dc9cc638e5d53b4f3cd577527671ceff9ac57b0fb46c9bb
DEBUG DBL X': 24d2117eba4b614b7fe2efda7b2b15d730fe4e5a411103d2249302f2d500c637, 08e0a5cc42ca64a9f4993e5728deb99f68f087db80cc24ad7685923050c0cd29
DEBUG Q->z: 1daf60be5970371afc8d773ec6842162a23b2315a396e096d1b6648e9f67c846, 2a64ee7def5e7ffacf3764a7fb7ff8545939df204b12ae4db005a73b4a0a35c2
DEBUG yQ: 10c1dcf1d00450d9794ebba8442761419f7faa4dca7893b6eceb22ac853d295d, 1090172a547a6200d0b62322485729ca8eed47ac7bd289fe641d06ad527b88a7
DEBUG DEN: 2183b9e3a008a1b2f29d7750884ec2833eff549b94f1276dd9d645590a7a52ba, 21202e54a8f4c401a16c464490ae53951dda8f58f7a513fcc83a0d5aa4f7114e
DEBUG DEN_INV: 2eb8fbd7d12b76492cc57739f4ce85ba15350b22367d678196dde1baa6e9a766, 19117ddb4119381ba1d14875364c5b108844f01177562a309efd82ebd3203456
DEBUG LAMBDA: 12605724c1013d3a796e75ca22d91a588004efd597f84833f07b92b28ef2610f, 00567d536d1bbc9e97ebe5ebc1d5d7e6b3d3e3af3989c4353e14285fee3c435c
DEBUG DBL p->x: 28548f397459f460b2a8300cd1645cdabdfe2f0bea0ce8d8b2a506f76ded5a92, 046ad8512b3b7e1742b89e8d9a521edede09ac77f24c66e895c0f1c65b44eab2
DEBUG DBL t1 (X^2): 2737d265fdb3baac2203e668b25c65c801d68051f54fb131040c207e5226e7ab, 1c953207bc28fd3c04d2b3a9f2924b6f324acd6007d8be283e6104cd42fea36c
DEBUG DBL M: 14deda4c36b7efb0f56b27cd1412809cd680abd30f0b7e7893e3494d457abc73, 255b47a45349578a5627d547563589efff5efd8eaf186feb7f028250f07eecfd
DEBUG DBL S: 2107407c8ec97e85825ea9dd33d34e56a1fc7fa893822bc417c15d7fb2d10596, 0580c9975744d2e19f2168a3f8f693edddcc56972147aa4728abae1746a77892
DEBUG DBL X': 1b64796b68a36f15b6161584e6376e7bbd175720f9e297bc8415eb5759bed5cb, 0eba234301b958b0180827bcabc9d4b4bf57d329268ea801672b4e9895a5bae3
DEBUG Q->z: 27bf7b794f6058ac4a11f13567472085b7df31a671a253d4bdcfec69fd31d74b, 19668b354aebb86dfe1b78a4f058cfea63bb28afc6d68e92e151978498cc36b4
DEBUG yQ: 059072f3fae86bb3d9258dec28ca0823929e8a3cf110c9e36bd395af9e67a041, 258986f387404d7d491a77c1a4598c4af0d108bda252497de7b4dcc054dfed37
DEBUG DEN: 0b20e5e7f5d0d767b24b1bd851941047253d1479e22193c6d7a72b5f3ccf4082, 1aaebf742d4efad0d9e4a9ccc731c0384a20a6e9dc32c86e93492d69d142dd27
DEBUG DEN_INV: 2f093263d09b32cd3a5d2357120d1a94244bf71fcd663c32e9341bf7489bef7d, 2be17ce0377aecc8fe30a2cbe4430d5fd357ad721ae7f1ccc3d333ca60ca70a8
DEBUG LAMBDA: 210e5a9e5a4f49ad9627cadb7e9977050cc993a25f82bc36dda8bec7dd65bdc4, 2498dcb8dcc38362aca251e46cf0cdf4e8ae45a09672fb7b66492fbbea33125e
DEBUG DBL p->x: 1b64796b68a36f15b6161584e6376e7bbd175720f9e297bc8415eb5759bed5cb, 0eba234301b958b0180827bcabc9d4b4bf57d329268ea801672b4e9895a5bae3
DEBUG DBL t1 (X^2): 067dc666d2b003ecae74b5566f291caafaac752d0459e57acc94f3dad5e60bf1, 1326b2cfa1d49d29beb34119c5bc162b06f5f5339e801ed6742b6b497870a7ff
DEBUG DBL M: 1379533478100bc60b5e20034d7b5600f0055f870d0db07065bedb9081b223d3, 090fc9fc044c375383c97d96cfb2ea237d607509730e91f62061b5c590d4fab6
DEBUG DBL S: 2b021322d2ddd34e44f5200297e7d84df8b83de68ed960507f74a9bd7ab1e258, 21a317d2a10728d3a14a0882d8726573ca5e0a960733f2f25a5adf3719d103e7
DEBUG DBL X': 160ebe538329a209a0fe032704d4bba95fe0e04e1dc9fab78829ba7c839e4a87, 1c588ea68bbb8f491884fe89c06930213efa88a00648e9ef23a222f81433b8f9
DEBUG Q->z: 13af30a60341e8ac29c4eca632581b60133aad312db92738c697d4fa4937039a, 03bd1bde9aba9d453a5ab62ba1e88765f632e0e511a29b336ebc927910366abd
DEBUG yQ: 2560b97f935b98fa0dd9e8e96a172505bd10f68c2f5156445cdfc5a827a92aef, 3032b3a9ec0da6dee03e54605bb7c27fc31afa99f90c522bf1a0987ce4a8f037
DEBUG DEN: 1a5d248c458591ca63638c1c52acf1ade2a08286f630e1fb7d9eff3976d55897, 300118e0f6e9ad94082c630a35ee2ca1eeb48aa289a6d9caa720a4e2f0d4e327
DEBUG DEN_INV: 0601dc9793702082568789578cfbbbb857802f47a4290452f438fbbb4ed204b3, 14b331d8964da9f33c27ce0df14a11f2b16af47217e8e63e309670cbdd10355b
DEBUG LAMBDA: 11049c759c98adc0217c02d8aa796ee54918a188222038902bf51e978da22404, 2b67b213e7305634330aea7f2b4f51240f37257d3b14946d06b3a8362aae879a
DEBUG DBL p->x: 2304fff5bc095265f936faa08bc346c05d917b7546912dc037595f1b83f3e501, 02be909e16ae47ae177f87b915b18d89baa2101a931be2e49f483afee5663cda
DEBUG DBL t1 (X^2): 2e135f2d0bce0283b32ab788d17dc52ce394a16524d25d7480364ecf9140f9b7, 2e379ec8e2640810100779a5203626813b1d1173929ea38bc1ec314155d8dda5
DEBUG DBL M: 297180a16106c737a8df9b2d71769ecb7bbb0f0c9d9383430861d44102c8f297, 29de3f74e4c8d7dcbf75e1825d9fc2c882545f37e6f85588cd837b9650909e61
DEBUG DBL S: 1da3842d4a3faa0320a9510ee7734403f80519b5dac8575dc8216c2cdb089010, 1554fbf737eedef0108bfa6a700d900161e19429970e38bd0e13a7456c888c1a
DEBUG DBL X': 25823fe7d943eb185baf4d9d3e29d638800bc53f80dd6b63b15507efd135ee00, 1575d2fbdebd9a3268de8fb15bc3bf567fd69898327d15bcc4c885a04c3be323
DEBUG Q->z: 240d4e130aceac8bb2da8745b938bbddf4189f3f3c08704651d9444c8447d602, 1eb34f8cfd707f765c059737b28b6969f1f43e24be195a7937a61a143c0a5311
DEBUG yQ: 09c02581a8e13ce2230b863d3980874f333e88aa51f184308c59d03d6998c422, 144ac9d259faa26a82b83764c4eb9d329f5b9baa10906435281d7fff724a73ea
DEBUG DEN: 13804b0351c279c446170c7a73010e9e667d1154a3e3086118b3a07ad3318844, 289593a4b3f544d505706ec989d73a653eb737542120c86a503afffee494e7d4
DEBUG DEN_INV: 2c0737da646bbb1ccdf70dfaf6817cbfd5aabfcdfe2c1ec2a901763afb1d1ccb, 02773e6a4095ad2d1132f18ee377edf0e04f666dd936cccb7ee6baf86701ff5d
DEBUG LAMBDA: 02354c1a4080a800093eaed889016803a70a0d7954dbb55dec14482e1d17d560, 1e531b21c03b41d8d7fec2ce17e8e978d067af38174bea64bc7231070b972277
DEBUG DBL p->x: 25823fe7d943eb185baf4d9d3e29d638800bc53f80dd6b63b15507efd135ee00, 1575d2fbdebd9a3268de8fb15bc3bf567fd69898327d15bcc4c885a04c3be323
DEBUG DBL t1 (X^2): 1ed0afa6db57a9798349e60358782500da5f16a0cf1b6e5c219c075251179c92, 002449895efbd68e1541f338ef35cf61a2e0d9c1752d217d33b7b8201398a6cc
DEBUG DBL M: 2c0dc081b0d55c42d18d6c5387e716a4f79bd95104e0808728b389e01ac9d86f, 006cdc9c1cf383aa3fc5d9aacda16e24e8a28d445f8764779b2728603ac9f464
DEBUG DBL S: 2d64b47c1f937b65835a6999b46f9686661669f85f27f3d13ae0123d980befcf, 18df04abef22f835f6d8089e99c9fd8c362b1191b7c53d82d88522af240c3b33
DEBUG DBL X': 05fec77de9c781711837e058e4bf4f03a2fe99db337c9da9918865aa81e494b5, 28af76a9b14c809faba496e6da736dbf0cfa1b6cd995979a5ce93bb9e26118a9
DEBUG Q->z: 2f26ed19f43f627024a4ec1dbe1684800c30a05e96db580be3816717d7e1bb5e, 26921d339023737b70ae96376bcc55918d516dd87c4ca844a2eb92ee17006d2f
DEBUG yQ: 03025f55b216d3408f0164d0ca6fc1ed2efe0628fd5d4c7d6e6e2684cf3db5b8, 10c92012837052a9ed8ce1fc6cfdbc6bd209e9d630d1739cc0eb07a411457d2c
DEBUG DEN: 0604beab642da6811e02c9a194df83da5dfc0c51faba98fadcdc4d099e7b6b70, 2192402506e0a553db19c3f8d9fb78d7a413d3ac61a2e73981d60f48228afa58
DEBUG DEN_INV: 2fe984afd3e2e1c86bccda002da6f9719c88889b7c804580784127b1851c533f, 1a0b71b79619b13a0b101ab98b33eb6e03b86a5094632e351466d1aa156c0a0f
DEBUG LAMBDA: 14ec80b3620ddebd9ce3915b0e977e305e95ad310fda45e519c0073d45409f8b, 20620f59daa6e3a3d3775ca7d74531e0b90140a2b0954599a8288d5d3d7cec9b
DEBUG DBL p->x: 1080a7c39418b7b83180436a26a37ad24bfd76a99f56932f32d887dacf0c8b1a, 1f5bf4472c65c59a9f35b455fdc45d994e7cd73bc5dfb185ae73bc94d3280b6d
DEBUG DBL t1 (X^2): 0fc8fa310bdcdaafcb787fe1bb9f15168386563b7ec11754e6d950fe0c3ac579, 11d3bb6ef2bb844a3cda390c7e00ecb84097c3693469902d75bbc4383caa906a
DEBUG DBL M: 2f5aee932396900f62697fa532dd3f438a9302b27c4345feb48bf2fa24b0506b, 0516e3d9f700ecb4fe3e656ef8816dcb2a45dfaa34cae5fb2512c091dd82b3f7
DEBUG DBL S: 2d2dfd1fedeef4b8626f8fe1245006b72712bff1a63adad4eb248f69e58f0ac1, 08699351aec95dbbab3e1018ae9f41fb7d3a5e31ee2998c1007e287ece877eb5
DEBUG DBL X': 06b46a0c54305d8e66ab953c9767a0eeef835bed79fd51315143d45839c4205b, 0f3738d3cf4b0b63e31279dea20307b93a9d9184cbc9c232b6ca61e69df04bfa
DEBUG Q->z: 2553a97fbecf9a21d4dbb4704e8621c85631dba1f31b8bf5c40f48988c80732c, 1f90b42f4cb986d0d958fe3aae2eb7613b9b9c6b6ac2414bf961f9d0c945cb5f
DEBUG yQ: 1365cd6111f7d010b3ff6e4ee373d61152a35be7a9b3fa940bb934c2483f1aec, 2187110cbf4ea8585d389f03a06784fff53253aedf38ea94c85538ed1880d944
DEBUG DEN: 26cb9ac223efa02167fedc9dc6e7ac22a546b7cf5367f52817726984907e35d8, 12a9d3a69d6bb0870220f850bf4db1a252e33ccc56000a9c5489e5c35884b541
DEBUG DEN_INV: 1138efc9b9a4e2c4a17ecbcadfd63e20161eff8771d0303c8397a71a2f26164d, 1433b97a72fe6a3163444efa4323309f7a81c77c944267cf49de97e1e3f989a4
DEBUG LAMBDA: 03e5223f9c157e8eb9a18d4c593088502035cb9faf52ebfbef7fbb0f1bb78fa8, 0b23a90d0a8f9e925d3c8fbc96a74eff11d853e0375df338ee0e59bf5725e480
DEBUG DBL p->x: 1ab88959f6a345f94290c4ad7420a3d30043159861a1b83f68ea97aa82ee3fbb, 2ff12739e64ce19ef4da6843af07c5a1c6375f90a1c3538a42515b0f2ee41195
DEBUG DBL t1 (X^2): 0e4cc99a204985798be36e76f0855c17e7dcb882b3acddcdcd2af0ea12cd0d26, 1bbfd2c0322eef7fc32c113a9ab84775cc1acecaf4e83c2766ea673875fb31d2
DEBUG DBL M: 2ae65cce60dc906ca3aa4b64d1901447b79629881b0699696780d2be38672772, 22db29cdb55b2e559133edf94ea77e03cccf01cf7646e9e8f89ea9928974982f
DEBUG DBL S: 0416819bec15b79d19b3c347f37a2c2f01a9f8e2aef736c385b43a8a7e86a9ff, 04f33feff9fcc59352094d6d9652d64f351af025f9ee1ee8c8dd56203776bbd2
DEBUG DBL X': 166b9279a13f7e682fb963ae891a33e978af7161e1dc606a22582cfea1214152, 0be9c5377595f980f1d37616aee0508ddcb9561bb25495977d24324a6e3c907a
DEBUG Q->z: 2c2d7daf8ff9e69b6f84191b7d8d4ef725dabee7e8c62e3cee1dc577a1a0802e, 20372ceaffe8ebadaf35245e076eeec083aa68563eb2c6f1c941ee2f54afe44c
DEBUG yQ: 05e83610b8d15a93db58346b51dedd678b8ad5ebc678036d37f44659b6712c9d, 1bfab3c5091f0c8c609d1d13a950d25142cc6f2ef707361be5c903ce20c849f4
DEBUG DEN: 0bd06c2171a2b527b6b068d6a3bdbacf1715abd78cf006da6fe88cb36ce2593a, 07911917310c78ef08e9f470d1204c44ee1773cc859ca1aa8f717b85691396a1
DEBUG DEN_INV: 04939dd8d9e390626cda694c7fcf4188e07cc5daa653e62ae263c08b95775847, 168f14166e645a1149c01a8ced92543b0b9284bc7b8bd04e0ba8a784aad7f1ce
DEBUG LAMBDA: 0ca2e1d1d741e0da4a9fcd9a93e28f78695cda0f602af7aaeabdb283043894b6, 1357f1080502e577a475fdb254210f8c146a0d5cccc05fd2dd63e942ca434e87
DEBUG DBL p->x: 27590c482017968922d34eb210a762b329e33c5bb01cf6a54bbb1cb818be7288, 2bb4e99bd408f6b952e1189b4b30886dbaa9b44f813698ee669a7d88152efdf8
DEBUG DBL t1 (X^2): 233f9b7d1821dc89db03dac814e0228343b0d772a3cb4a04bcd497feec19e6f8, 2204302349175764c2250618e399c83dc7b4a8b64984305a74c56adb152495f6
DEBUG DBL M: 08f635918602554a206b04eb3b9db6ce9c0fb1351a7e48f3be3cafcf1353ba5a, 0543f38418e2c5dad5ce86dda7caa7fe281b25000ba8fbf4e60f28638e73c754
DEBUG DBL S: 302c2e7eef6535629351bb7c1f8892ac365e1efa600c23c1a8d02ec296b30842, 14fb74a0c7122a9a1ca5f86c218102be72725210b5634cd170ebb3b521833d78
DEBUG DBL X': 0e2d7a8e471657bb47dc29616235f42112171efcba36b75fb7af58683b894982, 24ec1dc9c283b38549449ca255520c2a380c88f0c6bff826424f7c03c78e10af
DEBUG Q->z: 196ad0075bc634339cfa4fd81e75ddea985bd9cebb89b3623f1d400af3776851, 2c6ca2c737e67ab5dc1bf85eef57b4553ddf5375fc4617bfa4c6d734be1a2f88
DEBUG yQ: 2ff84c1255076f73241b5287e3375ab5ee33ce9dc39386f187d2be00c0d39032, 295eef6e898d1f924f4a5426b832986d327756326e90fa9d154a035f13d003f5
DEBUG DEN: 2f8c49b1c8dd3ebc8fe65f5944ed5d0e44e632aa1eb54355d384efeaa92a231d, 2259906a31e89efae6446296eee3d87ccd6d41d374b02aacee737aa74f230aa3
DEBUG DEN_INV: 2d641ac56cca6a59914ee8b9921f278ebc8136c84d60739f3a51d01dc58f3c0a, 1ffaf670c27f4cc0b19f756cf90d8a654c9314f33dac8a179b812a184ca3bdaf
DEBUG LAMBDA: 152e4dac45042f1b3b698e9728f533692f776e2deaee304e98fab53648a7749c, 0718d0bd75dbc4a0bde5984d2f48ba39d64d61ca24716491c39520a081c4481c
DEBUG DBL p->x: 0f4e259de0f01b808a2295c9936293787481a29fc31eaa9f832d66793ded9ac4, 0ebfa9e58345bd3996807e64e2af99a0419f5b213ed857729ac81f6238c8e355
DEBUG DBL t1 (X^2): 0c19b9c60c4faa54c9627a8fed0c7bd50850a91cb68bfe78794b50ba0fd63f83, 15ce17a63eb3001832db6791b4cc8fb50c239015924c08c79e2c0427180e9275
DEBUG DBL M: 244d2d5224eefefe5c276fafc725737f18f1fb5623a3fb696be1f22e2f82be89, 1105f87fdae7601ee041f0fe9ce456c18ce945af4e724fc99e63805e6faeba18
DEBUG DBL S: 0d2b122ca577a86a841435443304a22981e3bdeaf0239d40abc1916de7790e8f, 23bc15b4755517c185eb879c43d10c4d803f7fef92af3e14282ce2ae54d01289
DEBUG DBL X': 0c3b11916d9b98150842c159e6658b41e3899a2236f89dcfe6c3ed4af603d32e, 13079a40ef571afdfdddcf3b09a5f6c1df28c3090dad5d547a7d13d34e8e0029
DEBUG Q->z: 1368c882f60b6941a471233055d6cca9ad32624bc625bc2aa52b2431837deb0a, 048d6153267622578ef7c0d2b54a7702926bb186baceba5024467ac6a3a0295f
DEBUG yQ: 2d1861e2ef209796f5fac72d665056b671273c0b017cf01d932f8a77c014a318, 1aad640385ad3ec2fd1f6d66e45ca4e43076418f93c7335cc1f984f60d9629fd
DEBUG DEN: 29cc7552fd0f8f0433a548a44b1f550f4acd0d849a8815adea3e88d8a7ac48e9, 04f679942a28dd5c41ee95174737f16ac96b188dbf1c9c2c47d27dd542af56b3
DEBUG DEN_INV: 23a5a021b7e26ac2858a437601646d6f198732589d0e711c5ada08c73b74f0af, 0d7f7f13bf0778cbc7db3afc3782a613f82b26a75bdf5160145ccb93086a702f
DEBUG LAMBDA: 0989136304e0a67ccdb594e97d5fb58cdbe910dcfa514c0856899fb5f2591856, 2ee110b38214868e9a98e112f7946f2c43a525563e2fab3d0986832ac04a6a4c
DEBUG DBL p->x: 0c3b11916d9b98150842c159e6658b41e3899a2236f89dcfe6c3ed4af603d32e, 13079a40ef571afdfdddcf3b09a5f6c1df28c3090dad5d547a7d13d34e8e0029
DEBUG DBL t1 (X^2): 242326f39ffec2b9c02ee8113ba43dc725e031f56794b7b5c2d4b02e318cd976, 245a7f0ca7f256f6d1692077295a0c9f97eb7fa7ea5ea8b3dadda4ad2adbe390
DEBUG DBL M: 0ba0d7f51d9907d9cfec2cc6afea089a429dc0bd65da9206d03cf85ce3ac91d4, 0c46e0403573c491039ad5f8790b752398bfa9d4ee3865011857d5d9cf99b022
DEBUG DBL S: 110762e28a687b3e4a10e8a6aa8217575d6fddb4f2460ef745e4d200486e6a83, 0eccfc76f923421d1847f0e13d259009483bb9b69564fe8a9216b940db746312
DEBUG DBL X': 022fde20bc6c5e14db55a0b344f4161d2d82aa887eca422a3f12d4eb74465c73, 28ada50c06ebd95ef1c56a0a77533c7860ad66de68b982dcfe4acca35ef971fa
DEBUG Q->z: 2b4b5d9f9fbed0924ef285c3c961e51272a87aef1219d35a53fcbd776ead82f3, 2d7ab692abbfd19367474afe63a1c70caf50e703c85b3ed3046952e1757ce212
DEBUG yQ: 0257b28f07b54f7323b37364e6ee6ed1300a9dddb5c7555417cb4b60fd7442ea, 2d2db3c112ff56c405749671d62b3b0cce6ed5e2317672fb5a704967d8380b16
DEBUG DEN: 04af651e0f6a9ee64766e6c9cddcdda260153bbb6b8eaaa82f9696c1fae885d4, 29f7190f44cd0d5e5298e72d2ad51dbc055c4132fa7b1b6978c006b8d7f318e5
DEBUG DEN_INV: 1d5982b2871de836aba7643a4eab4203f4cdb099cbbc16e84e4e35307c09debb, 19e5df9f5bdecdec2496ac906f1b41f35f9c11e2c8d7a2f9cbba43fce0539d44
DEBUG LAMBDA: 13c4c6686101956f5803cbc92b983dc0869d1a62c952daddeb4b3b4a859e0e04, 2feb823d3e3967972416ace4e48111aa27c5fa0758143456a374d0d0a6191ee8
DEBUG DBL p->x: 022fde20bc6c5e14db55a0b344f4161d2d82aa887eca422a3f12d4eb74465c73, 28ada50c06ebd95ef1c56a0a77533c7860ad66de68b982dcfe4acca35ef971fa
DEBUG DBL t1 (X^2): 25b9858d990bde599e7d6b92c7c54a53ca7f26dea299c0691bbb688eb9f1c79f, 0073efbdab72cdde1cd522d42c624673838a5a7a3589e6b6c2a4d839748ed89d
DEBUG DBL M: 1063f3c308c05ab96ad7b74b544d2e40307a9f7916e9ac20daf1217e7cdb5c4f, 015bcf390258699a567f687c8526d35a8a9f0f6ea09db42447ee88ac5dac89d7
DEBUG DBL S: 27169ac1fd05c0aa65bd8d506d8c9df5bff96623581c8208d1d75a9129e94f3e, 021be8f2499a5a396534a51fd746c2449e608761d908badb687574f925182117
DEBUG DBL X': 19e30175ee429b5b96bf8e6b74a5f9ae109427b08e4bca3f72ace6c3f39e9eb8, 10ee1d07ea28a4e62e482dd425438ea5cbe5dba0355db9939ed9694edcff4009
DEBUG Q->z: 025745e1a400e8ddf1a85c451f8ce1942bb95fbf84291c63c6a0c93f6b65bbc3, 1e546307717fd3db1b12036c6ae5e1d61fe6a1e977ab539ddfef568f5aedfb6e
DEBUG yQ: 1e1f41a3e59f93e080b18974bee9b271c97b5409339e56079b4e47fdd407c585, 1fe0c594b5d4ab1a6efff6443a7c0de1c403340baa0065d6ea992fe19455139e
DEBUG DEN: 0bda34d4ea0d87974912cd32fc520c85fb753d80fecae181fa7c03e4cf928dc3, 0f5d3cb68a77b60b25afa6d1f376c365f084fd85eb8f01209911d3ac502d29f5
DEBUG DEN_INV: 04bf147a45bacb17f3b0669821d1182297f5dd915c69a947f5174df3de2e398c, 2ff4b42d469a8db2524b0962d980d32fcba9edcd9511ac4a6e8b615efbc3c65e
DEBUG LAMBDA: 2d04c772dbcbcdee32873c57ac20ec878cbfab3cf6d21586216cae48d150b36e, 2d21355ccff2b90ecaa96f705fd9340da65ee2948eabedab33088017b5053736
DEBUG DBL p->x: 28726fdab854a9f054e531a386b774c578f1e6adc87e985ea6bac7805cf3a31e, 2365adc9aa6511df27b4d367b998a411f029c4b1f63d0a537ea43aa2e44d4e97
DEBUG DBL t1 (X^2): 137db3a16639258097d4eedf0b91cd07cb381e7abbb7c04cbee8e8a53fdffb0f, 0850c0412bb44c329cb193e4d0e195486860c0aa6be45cf7bacaa66887c18720
DEBUG DBL M: 0a14cc715179d0580f2e86e6a1340eb9ca26f0decab57659009a2dd8e722f3e6, 18f240c3831ce497d614bbae72a4bfd9392241ff43ad16e7305ff33997449560
DEBUG DBL S: 0407987b59d74fff1e7805ba454943461b974f27a9c95c706088b534d8a7ca92, 1d70e2e8e980d125fadfe63a5ddc54e28da13a224520df84405b9b5aa8d3bcf9
DEBUG DBL X': 1ec38258e20bf2cf1942cee7a6e6265be0073c0256f71f7dda41d37721e7df7d, 2013f12d419e32d58096bfc0ca106143004b9624404f8d6684daa54a9a1c6f79
DEBUG Q->z: 15fcdf8e41f7d3818eafc2a76dba96927f9c03b9ec1c2a949d1aae2c57711964, 1f4d54e55c4845b133c616f095d560301d04f9e5a97ca988feb1c3d7a0e4856b
DEBUG yQ: 2537f0bda5741406ba62763a914b446ecdd0f26fd578a4dbba702865ea5e4368, 07f1178d905c60446ef4bde21d8503487f4f6f5f8bb182200389be3e294305c6
DEBUG DEN: 1a0b930869b687e3bc74a6bea115308004207a4e427f7f2a38bfc4b4fc3f8989, 0fe22f1b20b8c088dde97bc43b0a0690fe9edebf1763044007137c7c52860b8c
DEBUG DEN_INV: 13ecfb819cc95e045e0608bac4fb6525ad36f189c5fb5bcfceeb0947a304a582, 01a0eebfca51039f4f45a18809dd7409d3f00fb93b76ba4c964da4a97e605c09
DEBUG LAMBDA: 1615e1d839a265e5a9e043b95089c18679d241e271f151c2f84114444a32cd7d, 1265398b1b8f33abb8f18e62f547807750a064aa696878aaca69199a9f287b45
DEBUG DBL p->x: 1ec38258e20bf2cf1942cee7a6e6265be0073c0256f71f7dda41d37721e7df7d, 2013f12d419e32d58096bfc0ca106143004b9624404f8d6684daa54a9a1c6f79
DEBUG DBL t1 (X^2): 08374c5a7bbbf56d454bea3b4cce923eb1393c9fb40cf24a3035cafd6b210434, 1f939fa8fba9d4ceb3e97934153d1da93722b6248d0119edfd906f550a36d000
DEBUG DBL M: 18a5e50f7333e047cfe3beb1e66bb6bc13abb5df1c26d6de90a160f841630c9c, 2e56908811cbde42636c25e5be36009e0de6b7dc3e91833cbc90c1e8462772b9
DEBUG DBL S: 2e2ddd1f435be6d45de72597ee081be1b0e66c655e68142f64ba63cca2fa2fa7, 063fa7eefd63abcff2c87eff6673439c9231c16aea53d231bb49b29c658de0d6
DEBUG DBL X': 2b815811f5d7787d5eaa1b4546e82ff570563bc6b15a6465118229ffba4c084f, 0996eeae0ae6a6bc1ca0acc92acda43cdaad31fe36b891ee953cd37bded1f98f
DEBUG Q->z: 105afb2b52086a1c94266cd34b6825997b9e2ce6f927178a306bfe0917387a1e, 1e272947cd2150b4d49c1ff18ea2b3b7e2ad24ac9e27ac017d4a51d43bc5e6b8
DEBUG yQ: 0e26430b6711fadab85dded6b226f6bc5a6141c1b3f7115f4c1cc408b5b9e7ec, 08535113706c6f0b17e146fee98b3ad4e4a1a021a732170be6048c71aaaf3c25
DEBUG DEN: 1c4c8616ce23f5b570bbbdad644ded78b4c2838367ee22be983988116b73cfd8, 10a6a226e0d8de162fc28dfdd31675a9c94340434e642e17cc0918e3555e784a
DEBUG DEN_INV: 070e2deefdc5e9275f6b8705eb39c7b733bacf673a8aee631dac2c0d8c6f38f3, 0f35e792d8c697e3df1d623e8ef3fb6859bcd987c08dffe4f7d73203f755eed7
DEBUG LAMBDA: 1bf08cc220cb4d197f9d85ae97bf3f71721930528cb3cae6449eb1079535192b, 2a9ef1d72050d7e39660cd0ee7d3530440b4cf30b88b7bb64529331881dc13f3
DEBUG DBL p->x: 0d747a3fe065c0134d68db455833d782c43622ad0f2f9d97579c4700e193fa75, 021046fd3bfab11c99ddcd055ab618c561575b7e4a6e42fdd1c5aecebbd9a780
DEBUG DBL t1 (X^2): 2866238c7557281db08564169f2e5dd208cd305c4450b55c3eb9eee40d6715ae, 202163540e8f9c62dd2223224fd41aba6ed5044da522667d41bc9e467e106311
DEBUG DBL M: 1869cdbf9da23805a0efa0d6da8868baeb64bbf1fc0e8afa43ecb47e773b467c, 2fffdb894a7d34fedf1623b06dfaf7d1b4fda25786f568ea89154ebca1b42bec
DEBUG DBL S: 2d19b079a9d50ee8af71132455a92ae789ec3ed0660fcd3cfac466cde582f5ca, 2b567539a320a0599d47002d0b64c16bb509825d256700dbac01fdd195dff005
DEBUG DBL X': 154e1b918803df8b7c2300478a0d45a5eb38aa7bf5abc6e40d58072fd18b97d6, 21399ca88540456c1e6680e8d11da3a0f40d1439416b5d7ad319e409c66c1e25
DEBUG Q->z: 0bf4c2b71852222eb9bc7d0fa60eaf91e2547edf62f3dadcbf1973cd7d78d892, 0a20b9bf99326f3a43dbdb4564683611d055355613af6eb98015ce75d75644e6
DEBUG yQ: 0b10a2a5d3258aab225ea669adf16b3bf5c4534d32a78bae2cd975dd6311bed2, 2926749c3ba1fb3205d4a45c5d839d8bebfa4eddbdb5afcb8cc04f9080405095
DEBUG DEN: 1621454ba64b155644bd4cd35be2d677eb88a69a654f175c59b2ebbac6237da4, 21e89ac59612563a535903023985e2ba4073332a12f99509dd60130a2803a3e3
DEBUG DEN_INV: 2254903d37693ec9cc61febf479d9993a05da6ad2833ac0eb08fe3490f259c64, 24019ead0d41ef13942899ed57f370113cca57e5e53eae9aa04653b149c8a9ba
DEBUG LAMBDA: 095b34f94b84c229ed97d0965e881c648f7ff6df0d0da3b0351af6f5130492ed, 242417612b6284de7bd963091a562f04fb53f4f1d480b762b6c6433aad4622f7
DEBUG DBL p->x: 05c35c4d174b9aadce9979d5220b4d94fbba81b8d4822b7386f78bb9fa2d5443, 2eff892ca68e1d2b86e8193e7e411f7cfa0a55b515fe23d7b4726e8b337916d6
DEBUG DBL t1 (X^2): 11fba14896f1a5b46021431b217bc5951e98f8ab05239d5273db2298e932a559, 2f3d76f39f84ba3453da2e0fa1ea5fc78b4a752f4c7fb8e76d5592effee350ac
DEBUG DBL M: 058e9566e3a350f36813839ae2f1f861c4497f6fa6f90d6a1f70dbb3e31af2c4, 2cefc7f51c2aee498aedfec1e2bc6e9b72dc8a6b149b959bcfbfa0a24baff776
DEBUG DBL S: 018449833d90208555818093b3a3d6a8d5f52b622b84dee1d30a05775cfe0049, 20f66aea9f3377c0a4c64fdeaf7c0ba6aa024e665687aa4708a335b714ba2c2b
DEBUG DBL X': 0f7a3257b7b6bf07c5e39b421b240a7a0c65014c44fe1101385056cc7faf96fd, 2fe9b21a2bdb4f414eef171e5fc864ed6cd6434e85175f75e95720d11e6caacc
DEBUG Q->z: 14f8b78f8dae128c0e60b975eb79efee21aea1c24eb62a0268dd6312dfe57144, 258bcdbeeffaa2d020c9576e065d795592fa020996eb6a47c20dac4ca84099ad
DEBUG yQ: 0d553b114f464a5bb3bd54d3a7f7ae7810ab8f5b72bdbe0718dcf7c9fb948f24, 1dc91c70af16e6e5bbf1bf787e3d47f64c08858b26a7f804fe396c1ec2cdcb98
DEBUG DEN: 1aaa76229e8c94b7677aa9a74fef5cf021571eb6e57b7c0e31b9ef93f7291e48, 0b2dea6e7cfc2da1bf93393a7af9378f008fa084e4de257cc0524c26ad1e99e9
DEBUG DEN_INV: 2698a48c7e5b949abde7e2cefdda0693a24b19d674071bd70ed2e82a458a878b, 11a9a5b54c5d7cb23b3f08e350af37ca373cae1d3140556fe0e5d906a39e8378
DEBUG LAMBDA: 11206c9fffe86a9fcb738890a64a24281420e276b3a75aa16695709f5184b40b, 154c0d26909c02f0ff16e30f373c18f2059b4e5ac5d4bd9aa66400c9f6b7349e
DEBUG DBL p->x: 06e5cc5d2dcc528ecc77006c72fc22bc76dec6cacbadfb59d2521228ad6a3062, 1fb1874a68f393c3cabe3c4b68e3e66f873649efaa112cf9bfbdd78b474bb32c
DEBUG DBL t1 (X^2): 2bbbad5f77ad91754bb63c062231757c69737dac0648664b5deba37cb8a54d24, 2c632d1c242134dc89b0b95ff8bc4fe2fc8fcd4764aa088b9b2db3fcd7945dfb
DEBUG DBL M: 226a6b38a4a5740c728228a56391afba0d57a3e141f59dc7a181d24878f5ecde, 2460ea6eaa005e422c71a0b2e7323eedc6ac92b35d1a8488594803c8d5c31f63
DEBUG DBL S: 0bb0459b9ed6e4b0c0f5fae5d11117555a0f39f5928b46ea3ac0a4da85fb526c, 2fe87d4ca8735bdfbbc7ca4673598c3580469a28488d526d4f9cce0f9e3e4b0b
DEBUG DBL X': 29836b92fefce3adabba9c0a253d3b3e8a7732a685bfc61413059320f20698e0, 056e4d3ca31d9380a447029982019ab85efe47920e839272f3b50c1a3becef00
DEBUG Q->z: 2e7445c52046f93b4d24ec0f930bf5cff1029e9dbc4892e7e783a8208b99f9f1, 255494748a7a827dcbe03b569355457cfd5d2797ede296626982d4a6f60c7b9c
DEBUG yQ: 01024f788f6f10ad531a7fb34db5f427140fdfb2372ad335da54a2e4180d9596, 29cd266d9802b8765ed0595ea5d8460de69d069ccf18a2056f000981f37320d9
DEBUG DEN: 02049ef11ede215aa634ff669b6be84e281fbf646e55a66bb4a945c8301b2b2c, 2335fe684ed3d0c305506d06ca2f33be35b8a2a835bf797da1df86ed0e69446b
DEBUG DEN_INV: 060770df2490e9c59e83c2cd446684f07fd9951b3d207cf26f59748465c8876d, 13f9699fa5dc4b9699e8753a6a88b6577ad7e8da673f502207c4e23df9b0cacb
DEBUG LAMBDA: 1ceb3576a058a652148167545739e8503c693b5e5370dcb6ddc6da1dc517bd1d, 00f991f49e3d9b774212fa8132918d7da7918d838348fd21f2075c90faeafee4
DEBUG DBL p->x: 29836b92fefce3adabba9c0a253d3b3e8a7732a685bfc61413059320f20698e0, 056e4d3ca31d9380a447029982019ab85efe47920e839272f3b50c1a3becef00
DEBUG DBL t1 (X^2): 05b857a2a1f481fd7f95bd333bbedbb6cd93dc97b574477f9c21cbb9b21965ba, 265a253678ffca4873bb03f2429c998e962e39165ecaad0a536f8829849d6102
DEBUG DBL M: 112906e7e5dd85f87ec13799b33c932468bb95c7205cd67ed465632d164c312e, 1245d2bda89c1e85ea908069c4d31bf09387d6204b7c7204820d804edcde2878
DEBUG DBL S: 265e66e9c43cfcea89cf47d230e04609bb60b2d82e3f71f03ef08f63142b1a55, 279cea0e616ea1e1d7e2b182580b32db5f87e05d4a1c4076147994d219f19adb
DEBUG DBL X': 107440ccd0a2b32541baeebed47b0a9e119fca7bb77467a2090d9cb06971e76b, 219e4c2b163bb6a41b9df12321aaa81831907742b2d78ce71c051a3294f83a6a
DEBUG Q->z: 09e1bbe897d446e5f3beee436e366f15014717454ae287a1476cbc3c1af55c61, 074806dafd0ef0dfeab99740ad4f3a5c21c3bad49c07089b54b350cfe15b259d
DEBUG yQ: 01ab6c81291e8976180b00d4d38f967a02cead8588420e1194b7f0632579eddd, 2ffaf523fab1b7e142be1047003be58eb18415b054bda6c18cf25121d59b4153
DEBUG DEN: 0356d902523d12ec301601a9a71f2cf4059d5b0b10841c23296fe0c64af3dbba, 2f919bd51431cf98cd2bdad77ef672bfcb86c0cf410982f5ddc4162cd2b9855f
DEBUG DEN_INV: 18c5e38f075ba4236db455a68e4471ca43cef43b69cbaa80cc217f8163b7c2f4, 2d6258bd8675d5d2d9423f17d69fc59efbf5b1f41dd1ef6f6ef5429386e6c3c1
DEBUG LAMBDA: 1745fe1925f8b384f19e278d5802ca823a7f0ab8384fbc6e7cd6f6e177a99dcd, 2be8bbd2e15889ed338c7cf505a414725316a52be70fcfbac04b3a5383b2ae67
DEBUG DBL p->x: 107440ccd0a2b32541baeebed47b0a9e119fca7bb77467a2090d9cb06971e76b, 219e4c2b163bb6a41b9df12321aaa81831907742b2d78ce71c051a3294f83a6a
DEBUG DBL t1 (X^2): 1320a9ff321d44f9fa065295a3214632ce1501acc660cabb4d23a8cc103d4deb, 210b0ad56933f2f6dc7026fd4eadd9542cf01bb34e821ee02296632b42a5c1e4
DEBUG DBL M: 08fdaf8ab5262ec435c2b20a67e27a3ad2bd9a74eab095a4ab4a6e4d583aec7a, 0258839a7938989124afe98ae906db4157cd7df71aa2c785ef82115416f74b1e
DEBUG DBL S: 2f4c8aa4dd7a238a6f25f0324fedbda58649eb050f986a95a16daa915bbd7ee7, 1950acb6d22f6090269b3dc24a7bd5f3bb84206486c7ecae77476ff8740a5633
DEBUG DBL X': 1239a570f7b079118c49cef1d90df9b4cb071eb9d5592ee8de0603922a2112c0, 292d05fb0529426cdd8dbf189df296d68047b2ca14135a902d39270d8bc40d72
DEBUG Q->z: 1bd88d5a6d5bc22db95c3e823008c72df346f00ec1e8cca5c98c1b1c22f233a2, 1667e633aa606d7f70986ca19bae7c3e937e742af9d0b3c3b9256c02e0a635eb
DEBUG yQ: 1a50412601e0c5336ce956f5784760f414c1651d6d04810a0d025860d78ea080, 22dc6c3338edd730a1d8817c70ec86d17beb7c4d2d8bdc0e78cde670853e0b0d
DEBUG DEN: 043c33d9228fea3d218268346f0d698a92015fa971973786dde424aad6a043b9, 155489f390aa0e378b60bd426057b54560558e08f2a5ed8fb57b40ca31ff18d3
DEBUG DEN_INV: 1c64afa252362ea58dcbb7a72140e2f2c44e464af54edbc891684e5e25ebc616, 21c64a79351e8ceb17559ac7461a1b16a8a1fd54cb44612d15721d74142446d8
DEBUG LAMBDA: 28e96cf83ab1809bacaa1cfc822bc2617b65647153b4e0d7a807717f827d27be, 085856814c1fc0a09fad4e2d90162d38449cf67f10f1f2570201b81d54a768e2
DEBUG DBL p->x: 1239a570f7b079118c49cef1d90df9b4cb071eb9d5592ee8de0603922a2112c0, 292d05fb0529426cdd8dbf189df296d68047b2ca14135a902d39270d8bc40d72
DEBUG DBL t1 (X^2): 2d18b0d3211f6b043d652e465f7c61a6e1ac8fe5ce7069d77bff4ed4ffb455f4, 2969e50d71d4910c5154c22861824f17ee7a93ad240652b817ccac0a3cccf289
DEBUG DBL M: 26817593a0fb00b9478eff661b7274397602da8e9a6da86bfbbcd4514e23074e, 1b751242931a72d1835dbb0c21843c8c9c6ce5e49b2f630dcf24ebf1056cdd0d
DEBUG DBL S: 1db043d9588216227a4345dffd4e11b472b0b9970eaaaf459aa37e8ab23baeea, 1a714ec8b4b5a631e4c5cd9d7a2f4d3a4ccc4386b740092bfd5125792d19d8a2
DEBUG DBL X': 0d983ce7d54ba3fb29420341aabe2169041b00e45e9a88e191a401f570492b5a, 0ee5393ebd38faf756cc8f3de967d75d6d2d0eda9816fc3a86bd6ffde4414925
DEBUG Q->z: 1528b2f18adcac3a1f29fa25b9f3072f4b3f2efa7c44ae73be9800d7addecf7b, 2ed87f2f0daab14fc74447e0a4beda667ce70bc796c1a71aea02b43ae76766dc
DEBUG yQ: 125d6537b5c287c2a31d362471fc7784350a4a080608e07f4310092c833b750a, 1c7fa73b589c2f8bf03acfd778c1aa7eb23feecc10e6da003a274f52623cadb9
DEBUG DEN: 24baca6f6b850f85463a6c48e3f8ef086a1494100c11c0fe862012590676ea14, 089b0003d006beee282559f87001fc9fccfe7306b95be973382e128debfc5e2b
DEBUG DEN_INV: 2be1f9ee03c1a36bc85a100d524b66a706eebafac32b0bfbf5821e5ae4b93bb2, 0cee3f3a171090b295072415e6b43960aa34e1560d55e521b2f7e9ac74903dfe
DEBUG LAMBDA: 01280b76a7eb3425d8d8eed4dd86d225720debcd6e67cfc002389592cbe6c787, 2e48ad857f20e4172a5effdf5b595341f5cd2895fe431f88b45ff8cd3b9b61d2
DEBUG DBL p->x: 0d983ce7d54ba3fb29420341aabe2169041b00e45e9a88e191a401f570492b5a, 0ee5393ebd38faf756cc8f3de967d75d6d2d0eda9816fc3a86bd6ffde4414925
DEBUG DBL t1 (X^2): 00f2fd7024860fed990187a857c93d99c603e0a6ba5f806b2154879f91a15551, 1e7101c1ac1d7a6ce4df11f9efc37b3dd878a620c10ba52c31d2568dba03a812
DEBUG DBL M: 02d8f8506d922fc8cb0496f9075bb8cd520ba1f42f1e814163fd96deb4e3fff3, 2aeeb6d22326cf1cf64cf0374dc9195bf1e887d0dab124f759567792558dfaef
DEBUG DBL S: 0a9c012b5556df021a743f6b199cdb758e46ced4f7133876c7c40b62fe862888, 03443128dda49b5478cdfa285b15f18e6ad56ba71cb5e13df869a8b57a8c35a9
DEBUG DBL X': 02c03db0694952dfc0ac597792d0c9f7b84a5824c36914a68cd482bae11feacc, 2cdd8b61d8d0a7e07407d8e9717d19ee864f4f44e1392ea524ed0c1ccd0db558
DEBUG Q->z: 04c6107992600917bb26284adca9b386326e1bb452dcff14055a0aa664e4b658, 151f650b1661bfe382605f2a3a4563c0f292f663e26f6ef8c979fc80684f3837
DEBUG yQ: 12cba8db069b78cc82f79fde8b23dcf8597fd99c55514b6c4aebddcb2c073529, 16aec3e8c4df18e0324ed17fc3cc47f97d8109eb18bbec1cc07dd90a850ad1ad
DEBUG DEN: 259751b60d36f19905ef3fbd1647b9f0b2ffb338aaa296d895d7bb96580e6a52, 2d5d87d189be31c0649da2ff87988ff2fb0213d63177d83980fbb2150a15a35a
DEBUG DEN_INV: 208774c85faaee3f50f846e0fb4eda3c1e83eab85baf7a4865197e8d6e3ce806, 2198024b4ee0932421090d8106df7ed690b9582411f7bce7061956b2e0035a37
DEBUG LAMBDA: 0adb8a363372ff19c49f59e9425ea9948c847563f10fe5c366bdcce48b3f8ce6, 18792fbd16881b6b3145c4906447f858a4f90663734182a41aa4ad28fcecc5f5
DEBUG DBL p->x: 02c03db0694952dfc0ac597792d0c9f7b84a5824c36914a68cd482bae11feacc, 2cdd8b61d8d0a7e07407d8e9717d19ee864f4f44e1392ea524ed0c1ccd0db558
DEBUG DBL t1 (X^2): 00f734403ecd363b762266774160a0d756ea29a2ae33632358321d36c1ffa9c0, 153789910414fde2cec0fd117772ce2bcd643f3c06f814d1026709c350294e4e
DEBUG DBL M: 02e59cc0bc67a2b262673365c421e28604be7ce80a9a296a089657a445fefd40, 0f424e402b0d597eb3f2b17de4d71225d0ab5322ac7673e5cb14913317feeda3
DEBUG DBL S: 04210741de8171e7db351a0409d12a013c8039352b821aa5219ee3494b538163, 2dd24433fd365bc6e6eb160baaa1276b2421deb5c08305e588271e4c9ef48eb7
DEBUG DBL X': 11c2783847aa7c620fe809ca97f8cb4e134e1c6b49b9835ba93c4f39007bbcc2, 0d71e07fe321531351bc19872e6943aa0bcdfda2426179cc1c7c74773d0882a1
DEBUG Q->z: 05cd2a12196bc82a738a81a4cd9d9abfbc18cb19fbf6265ceb2aa6012c5ae8d7, 1486165a18a7513f52c2bd8660d70d0f3ec3230091f42abc2643c3c199df7d4e
DEBUG yQ: 1017303857bfae7d5ef68892d5207a42981892f9d7b9bd3846d782a68f565ee5, 106eb3a54656ac90f44a7a29b1e30a5222986a1c5fc79d08bba318a2cf83e02d
DEBUG DEN: 202e6070af7f5cfabded1125aa40f485303125f3af737a708daf054d1eacbdca, 20dd674a8cad5921e894f45363c614a44530d438bf8f3a11774631459f07c05a
DEBUG DEN_INV: 2961546caced55441f154fba4a6ea3c34a4823bc399c4f4003adba0ec57e7729, 068d5b7cb3598ea92ff4ed57cc692dbe43c30abdd46f11e710f50ff7f9b28387
DEBUG LAMBDA: 09371b0124c540fd688c8e4fe56dc5552a1d7908d923b5c0f9c2f12b42c2fe7e, 28393f4155508c4aa460a1343e2cf94fa1ff532b0a65386f4427a63cf99fc1d4
DEBUG DBL p->x: 11c2783847aa7c620fe809ca97f8cb4e134e1c6b49b9835ba93c4f39007bbcc2, 0d71e07fe321531351bc19872e6943aa0bcdfda2426179cc1c7c74773d0882a1
DEBUG DBL t1 (X^2): 262eb1a386ad9c62d23e7f10f2adda9e88095a257f980903b0371e50090d90bc, 00591b62cd8f0907329f61b720c4b0273eee2ac24f6ad962760d7c3e2b6c8fa9
DEBUG DBL M: 11c37804d1a594d5061af1c5d506df206919394dade485f0986442c26a2eb7a6, 010b522868ad1b1597de2525624e1075bcca8046ee408c27622874ba8245aefb
DEBUG DBL S: 26d8f91a58740da555cff4ce8c25fb635bc27efa86bd54f5b60d33a37e3107a9, 2541973fe45743556c85eb19f940205a0233c7aba6d662ffe2bf74eb36e9e9d3
DEBUG DBL X': 2381b48d879fdc9b61ea389de8f3c40bca436d93e038c0193e87e95189cda3b0, 15c703cbcc8aa850153b15b8581df542f4c964b41608240fb7e7d1b4730d8685
DEBUG Q->z: 20966091b6b9000e307033ceb78f13b8b44bcb0f5d3358982a6d8b587d611b93, 2a0b0977d217e3eac61a01a9bc080058036cf8be72afe377a3c4a711bd87a94f
DEBUG yQ: 281c00276b14fb75f1ecaea1a25c6608f1afc573a542ce25c0dba93090dc74e2, 12e26fd3e1dcec250bfca72f06653dfb132c3abb164d169f9080a0b5f767a274
DEBUG DEN: 1fd3b1dbf4f856c22b89178cc33773b44bde2055e213d1be4596c64a493bec7d, 25c4dfa7c3b9d84a17f94e5e0cca7bf6265875762c9a2d3f2101416beecf44e8
DEBUG DEN_INV: 053cbf21d1b1a7e7ac30ab041cb36c1d00b1388cb77e386849e91a464bdfd598, 13dd84975f4e492412704ca2ac8f3283695039813abf8e429a884280de91ee47
DEBUG LAMBDA: 081fb852b42e3f5e92fb21320c829dc11f65695466d5008613f75cf3c9a8ff5d, 14dfde566ea4d3ec554a1a981ec4f81707b04acf964b81eb8da91b05398c7d6d
DEBUG DBL p->x: 12abeb43c469482553a918e18db2872c1120c00dc4f9e3ac40ed326b80e447dc, 0070203a8b8801cb5c6926c9169cad9a59ed7c7fe2fb73a4329e83c3fdde2f01
DEBUG DBL t1 (X^2): 2b66bdebad8bb7231bffddede0985d3cd9f85b150436357e70da756dcef5facc, 0ca3d013b9d44ef5b9a2ad99303043c4195085c0795d791d87c02877a355b637
DEBUG DBL M: 216b9cdd463fe515e35f0e5c9ec666fb5ee63c1c3bbf0b60da4e481bbbe7f5d6, 25eb703b2d7cece12ce808cb9090cb4c4bf191416c186b5897407966ea0122a5
DEBUG DBL S: 0beba3f8d1699f510ff8f738ee11638554a91ef0b5f6fade9be65f26d862128c, 256e01c2f28e51566299a483a133915b59e92ded4284816c5e8ee1c4ce6f7a1b
DEBUG DBL X': 0ddeae7d8da09ada3f26acd3c786d616fca34cb06c84a74a10aa0ae77ea3be22, 0514b1fc70b526388265e0cb6e8d76d109ad0362c3f75e8b31703198f56b1c82
DEBUG Q->z: 25734927e0a9d915808e15890a830a697da768bcfb25beb822d3e37e26aebd23, 08cb987191d5128cb78f857806f404f8af946aaedd69af5ba786ad448d4b0808
DEBUG yQ: 2fcd1cde381d772b95e5b5cf4aa784d61875279a7af587dd423b3c052f98462b, 17a34744c76734eac30a56f2227eb815e78688215c797d5a882df347e0674a35
DEBUG DEN: 2f35eb498f094e2d737b25e813cdb14e9968e4a38d79452d4855ebf386b38f0f, 2f468e898ece69d58614ade444fd702bcf0d1042b8f2fab5105be68fc0ce946a
DEBUG DEN_INV: 1d2fc15935b005751dba430cbe3f013556f071601631a83fb1cecfaf5e0c7970, 2a0c99fd0a8c1eff823bbf53f19f606164b0a415809bc6d9a76b10555cb1075f
DEBUG LAMBDA: 011bd87aa0823c88bb86929fbd67e0c44124c59ed14cad882c83667fad30d339, 2035b053b16af9b623618d1650ab05118edefaf2bdbdc857af1a1642af841121
DEBUG DBL p->x: 2f83928a8e8ff4639a46f7b02fd5d15b11690760ec3ba975e046656d5deb9ba2, 13affb650f4c1d4c4f139b05293504365d3d5394fa8f73ca26b5c33112b4eff4
DEBUG DBL t1 (X^2): 16f33ab713984204314709f75e6025a99cfa9a96532f8d81d15caac2d1c55d48, 0f9c035db696cfc06ec72c34203f58a0fc982b293514619f1fcd6107c650bb5b
DEBUG DBL M: 147561b2599725e2db84d82f999f189f3f6e6531911cddf837f574319cd31a91, 2ed40a1923c46f414c55849c60be09e2f5c8817b9f3d24dd5f68231752f23211
DEBUG DBL S: 1d041d4a071b049037bc279e3e2754a2dbb6bb429cef3a559f9fce5483c38c97, 194cbbba05d35bf83df9a4c9f09db8c830841312d70f5cd1b3285721624c7b31
DEBUG DBL X': 11aa79297244fba8b902f4fd9a43f14a871658cc8e5183275b4b6ec7c23f4141, 154ba441d0cb1b03adf9813c884cbe534cb8adfb0ad14da6d76913e5fbd55da2
DEBUG Q->z: 2ba4cb0a8d9806a076d526166bc69ee950b5733e14d9f0c058e9db158a91e680, 2eaa5c860d175353705d9e86c1716e709ededf9ad611c8b034c42bb24af25a7b
DEBUG yQ: 05a3216c115d1ccb0d3b6457344ec6f769f89608eb26def0a57751d94b85b430, 19d26f3b55baca18bb943f5cd4247ca9787c1c3d2b76d77869c63656851283ef
DEBUG DEN: 0b4642d822ba39961a76c8ae689d8deed3f12c11d64dbde14aeea3b2970b6860, 03409003ca43f407bed8390326c7a0f55976cde8ee7be463976be09631a80a97
DEBUG DEN_INV: 217161dd430eec68126968865666c6f76c3a59f42026820afbff9f14018da01b, 1ec2fe8e0b01ce1b8168d9b80ea7f52d7b946ff6de5b64dfd1345eb166c54934
DEBUG LAMBDA: 2d3ecce8b3da63288b1d11865565726094f7539480c42ed285796e2002d07a5b, 0b12349a9db0d92608af1379d00af9bdebfa5b895783751e6d8b8358b079dd8a
DEBUG DBL p->x: 0bd88aa192dd2683e3985a818554d5aa0df1f7c656dc184bc35dae02bd9fbed1, 2e544d0404aa8e74d43ac6cedba463167834f9dd4eb49a39076c5b5c93f431b9
DEBUG DBL t1 (X^2): 231b8006e98d5d83e81bf4bce417620d07d3b67150dc32d2800335ed752bb851, 0f8ca5f240bafb89fe9c258790f2887718fd821c168fa3ae1b73afccff31ff5c
DEBUG DBL M: 0889e32efa44d83847b352c9a943756be8784e3121b1035d07c8899aae892e65, 2ea5f1d6c230f29dfbd47096b2d799654af8865443aeeb0a525b0f66fd95fe14
DEBUG DBL S: 0ea13ff1902710cb20be34a0537c261665d09742c67ac69bcd988e47da8c85c2, 20c858e666d1fa429d17832f4e5d4c55d727b8a2991c0d57e8e5f5e31f7c5922
DEBUG DBL X': 1cb5f9efd9a78a4cb3a4398e1b89a5e95841ef736f55b0f4d79191396e3eadbd, 2fcf841e79824ebcce167dd26225ff88c2f36c5eb39051022669deefe9b3c745
DEBUG Q->z: 19c2e5672199e2737903327b1b1736d5d4664e6c9ff3d98fc8df579a2234bb51, 2baee25c79e9c827069841f1cada7555cd9ca72c4573cccbbe79421166dc9c9a
DEBUG yQ: 006dfed623111db152395c74927e01ffcc2eaba14a7d341c92078d34c58c4996, 1304bc2db6627e35fcc6008617cca65fd6b40fbaf1d29aea52db61f01b5b97c7
DEBUG DEN: 00dbfdac46223b62a472b8e924fc03ff985d574294fa6839240f1a698b18932c, 2609785b6cc4fc6bf98c010c2f994cbfad681f75e3a535d4a5b6c3e036b72f8e
DEBUG DEN_INV: 0dae3b31e2c163cce9f16b78b18c3b2656283e0d4737b113dc18ed85b5423331, 2b0562600572101e469e80573de4bbc973c557cc47e100364413205b74d875bc
DEBUG LAMBDA: 1c5545f346051ec3644f98080ac054fcc297f51b19dd06e87e0136608d83d768, 2dfad35c6e205c4dc276303f326cf20cf891a0adba0cafca0a69194af5e037b9
DEBUG DBL p->x: 1cb5f9efd9a78a4cb3a4398e1b89a5e95841ef736f55b0f4d79191396e3eadbd, 2fcf841e79824ebcce167dd26225ff88c2f36c5eb39051022669deefe9b3c745
DEBUG DBL t1 (X^2): 18e214cb2fd4e31a6148e6353b55d1c70632d154e794dc3e4e6e0e6fd6fba6f4, 2b3b2e76c4b8c2570c404be7e25544daa0d4a08cde917ad1eef7e9d0b308adc9
DEBUG DBL M: 1a41efeeae4d09256b8a6ce930801cf77b17096d4e4cca2daf299f38ac75f795, 20e8ee7e8bc706b1b420584aa3fd1dd4b37b0c83cad0db5b54a6a54468200ecd
DEBUG DBL S: 07ca16d43c490aa93ee7e4e2284cca81398919a70c6e339376274ffca389f0c9, 174daa50c549d8cf2dbbf94fba366004fd0eb1503b44cef814d7dc5086afeb1f
DEBUG DBL X': 000fb073a0cd17fc5efedea204aea016f43ae0dd0298cba8143c860799de5abc, 23a018853db61c29f634b02bc5a52bfba3d6d4685409eb73b02c4e1a3897b7e4
DEBUG Q->z: 0085ac611a4c124c1edbfc169921546002d6561fe291e57b7267aefacb8f4b03, 28fbfcd68d8f59582bc7bc9cf5a775ba39a0bf96395966cf459a4174d7d4a30c
DEBUG yQ: 037466f865742e406edbfbeb9f1c60ae251d1bd37fd770bc24c7616f702bbb89, 0f25d0ddbdd90cfca3c2a355f346dbcf5172d0891e74b2f745d742780e7e1f8c
DEBUG DEN: 06e8cdf0cae85c80ddb7f7d73e38c15c4a3a37a6ffaee178498ec2dee0577712, 1e4ba1bb7bb219f9478546abe68db79ea2e5a1123ce965ee8bae84f01cfc3f18
DEBUG DEN_INV: 0b03e7f4a9ad154d4c9c5e5ed0706329e9fd3ba697ab020e64de5afc441e71cd, 19d285f26697f514c156f4fd595a18c3410bb62cccd39351aa0268176d266a96
DEBUG LAMBDA: 1da7a7faf1edb1e35de448ad241d916598d1aedc3f7776ebedbaba03070d287b, 2efd9af4a4d52f47442489cc349a95627b63edf57ecd43a6349133cf50ac9a51
DEBUG DBL p->x: 000fb073a0cd17fc5efedea204aea016f43ae0dd0298cba8143c860799de5abc, 23a018853db61c29f634b02bc5a52bfba3d6d4685409eb73b02c4e1a3897b7e4
DEBUG DBL t1 (X^2): 16a7c95d8cb94365cb4e8a2d5cb4ce581c0e3aa3e809b0554a80e3959692a232, 0a9329b7dfebccad7030871e0e7af404f90b05456a723740d7ceeb3d032db7f2
DEBUG DBL M: 13930da5c4fa2a07a99b58d1949d12aabca9455a4fab4672a3621ea9eb3ae94f, 1fb97d279fc366085091955a2b70dc0eeb210fd03f56a5c2876cc1b7098927d6
DEBUG DBL S: 25fe0bff6057f761db28d7d148d867a6c247b86567324098679971256d0784e6, 0fc22203dbe4e4c6f76ab8945ff114fe24c5fbe33a755627853071968620fb8d
DEBUG DBL X': 01afc60b2866e48a360c585e8285757ac60136e5d18e181862c3ab95d8407ebe, 031f0338f9a28ac27bc663b76b8b21f26fe126fd6501221ea9a1836e4ff0720a
DEBUG Q->z: 040fb89552b7da7db5c748364709e5bfa5f1396e13d342bf29634ddfa2ec9dcf, 132011c71d5ec6321235d2936f03041d4785e0ebf3c39118466a9e8a03fcee66
DEBUG yQ: 040db0cdb821364c40b9a6560cedbd3a0a5bf267d89adf3611dba89c399e42b0, 0a91a5341475568de1c33a3cab8b2c44688f3f596fc93455372eae62f9413b11
DEBUG DEN: 081b619b70426c9881734cac19db7a7414b7e4cfb135be6c23b75138733c8560, 15234a6828eaad1bc386747957165888d11e7eb2df9268aa6e5d5cc5f2827622
DEBUG DEN_INV: 2258a7a3a6aaae0cc038d07a7a47ed52568730c96ce2d20dd35c46bbae147121, 11406c15f24ff03d0a362d0f13fb2bfeed60013432539b22d614e3562c411507
DEBUG LAMBDA: 1edbfa0b3e43cf5a42c3fad56a768b5eea9587040a1b8b3de1e57d3fc03b3de6, 10f12767f5d7f2e174da461c364673e116359e5f70674fea5d07092c3f70dedc
DEBUG DBL p->x: 23b3af9f3b2f17855d341754631642d54583049c081fbc176f11d9af7a90c1d2, 1e9e130f38528709deec824c4be9995e2f6dc36ed08ad697aac50f94c417dfc7
DEBUG DBL t1 (X^2): 0d93381b7424639e6f5bb5f4e03e713500aa698ad1a9e5bd45b140012be931e4, 0a27f21532beb347f447ad081094d33b72f46fdcddbdd1d62cf67a5c1bcc2968
DEBUG DBL M: 28b9a8525c6d2adb4e1321dea0bb539f01ff3ca074fdb137d113c00383bb95ac, 1e77d63f983c19d7dcd7071831be79b258dd4f969939758286e36f1453647c38
DEBUG DBL S: 1a4f0edeb735cdf4aad78cc6ed3db741d4b55bea4c3cb32ff9693f47e8a95931, 28ac7ec2a26510248ebc22191906b988bdf4b464c544f2fb0839ae1e92197cd6
DEBUG DBL X': 04b794ed9137c5bdc102e6b3643d9e71245514dcb2e88a4f1d588329a02c3fd9, 0c2b3d874027d39836281a125279d85339a82b8e0c83cb4e2edd743432ea3dd2
DEBUG Q->z: 1e5d199c5042f9b4512f81a98298eab396196d86601e86d7b219e316cf41f356, 05a42773cbed8995570b61780685a62f351b4825743ea808962b788eb9d4e1ed
DEBUG yQ: 1ae631325475fbd51d66f06f57ab838398b75336e12a0d79b069addf6f95da34, 17ad8930590c00e9b4f69498662f1e69a4cc685971f73618e3af874beb0f497d
DEBUG DEN: 056813f1c7ba5780827d9b282dd5aea999ed3bdc59e2506624b2cfa806aeb721, 2f5b1260b21801d369ed2930cc5e3cd34998d0b2e3ee6c31c75f0e97d61e92fa
DEBUG DEN_INV: 07c124014937c19b050561bdc99610f8c72f089b5a4136ba9c9fa37c5f22a6dd, 2b451c7f436768455b97dba8890bcfa8e64e07ce7c5af259c440542fa4628a9f
DEBUG LAMBDA: 109c8a004ca7a1efa26d418fd7dbd29a9401de18f74cc93d33120cec01883d88, 0f242e2ad9cc571768dd4a67f71f54f7d327b4d83d2545141615966b4e8f2a2a
DEBUG DBL p->x: 150c22cc5bda8c6e7bfe430061575322fbcbce54d4f228f33cf3c1d6d614087b, 1e4ab1bf4dd1fc62225f80330be7f155bee486e286286a5a3ef73baf2c924374
DEBUG DBL t1 (X^2): 1d109cb4193943d2b45b2e5e830851f9820757cbbdc89d4b6b3a676f72d6d7e1, 09987435336b88b165c2b1cd4ec80dbef559d14f24cffe3f8debc75d3919c29f
DEBUG DBL M: 26cd87a96a7a2b4e64c1456507979d8eee949cd1d0e80d55058eaa3780078a5c, 1cc95c9f9a429a1431481567ec58293ce00d73ed6e6ffabea9c35617ab4d47dd
DEBUG DBL S: 2cdd7e29c56ce58a1bff6710d5903f2024a234224bce0a795c26cee388d71ecd, 1c0ce7ba42105c46f0131e2e32da08cfce095983e0f630bf8d15de40fbf4e2e5
DEBUG DBL X': 1880746ac9e7c6bbe5c19a2b894d181a020666dad25a418ac1301d64618b56a9, 1adaed7ac14c85ffa4ece2674c863db823c322046f3598812fec8ed31500b0ab
DEBUG Q->z: 1afd348390765b2c6fcecb0eda10d437f4a7b980c32710137969201b8732be80, 14dd8742bbd921ade69e44b375c90b363fbbff93a5c0784f828600bed1b2a815
DEBUG yQ: 1a09786f1679af74875fd20441012232c8aa3f87e286d425ca16ea1ea0cf4280, 0e9d30195d1fc5422e8023a56fa114247bd5a39469e9dd005a0912cfffb5df1e
DEBUG DEN: 03aea26b4bc1bebf566f5e520080ec07f9d3147e5c9bddbe580d4826692187b9, 1d3a6032ba3f8a845d00474adf422848f7ab4728d3d3ba00b412259fff6bbe3c
DEBUG DEN_INV: 1acbffe6f4a7e8e8e9f8d47cc6f24f8bd46495e542528791313a8c52e1449fc0, 2ae9d0211c947da032c5b4a406da70b17f89cbd098501ad889670249aa8ebefa
DEBUG LAMBDA: 03ebc17522660a58c8497fc70ee4efdf44c7d1481207a2752db6bd07836195c9, 19a796e8bb201dc189271ed8c5d1b42373314e9c2bbd380bf382bf04d3ad5324
DEBUG DBL p->x: 1880746ac9e7c6bbe5c19a2b894d181a020666dad25a418ac1301d64618b56a9, 1adaed7ac14c85ffa4ece2674c863db823c322046f3598812fec8ed31500b0ab
DEBUG DBL t1 (X^2): 0aed0ee03cea1988b06eb06239c84714d6a4c5daf7fd0aa8a24e2db7bdbba04a, 275807327dca686d774babf59a4aa0594d36fc8f44ad4492b1e3ea25979a3ece
DEBUG DBL M: 20c72ca0b6be4c9a114c1126ad58d53e83ee5190e7f71ff9e6ea89273932e0de, 153f78b1b6fbf8f4f5427873cbdd3050b8a2208afd24389d9d6aa64315d4c1dc
DEBUG DBL S: 04d34b742b9a8d5f8372b4b91a0bf37348b08d35fc8b14ee259d82c7f5b73b7d, 2574897901d2c4b7b11b863d283c36978644542ebd5c8fc5e2ab08eac16e2410
DEBUG DBL X': 29fb06b04b552dcd1eb55c486b33716c0a19127a66ae1d555666fd9429629c10, 2581757c1353eacd3090ecd8d989fdf69b3c8f7e26381c86707f81a1711876af
DEBUG Q->z: 00eb7d8593bc3a7b35813de6eef83b17b425ab238583cf3ea5aa01467feb06c3, 03f012ae3d2e837793687656bf9c8b442a98ac6d88c5336cbf2e53a2663f5f1e
DEBUG yQ: 26b524c507f7b6b01233e51696160281ad5417be0089815d806d7747ef1e8335, 050e1d760a609f5ede83b0b2bd51d105efac77698312fb879be7bfd3219583f6
DEBUG DEN: 1d05fb172ebdcd366c178476aaaaaca5c326c4ea98a1382dc4ba627905c00923, 0a1c3aec14c13ebdbd0761657aa3a20bdf58eed30625f70f37cf7fa6432b07ec
DEBUG DEN_INV: 2244393eee9b0bc94eea38f08bbe0a8920ddd6a5a52171401555deeb29130291, 153aa82472e703bb1f43955aa0a7118c32836f458a3a5e3151529a2d27d72fba
DEBUG LAMBDA: 2146fa32c370b2071a0271590adce4fe02a0677d0952175037c4be51aaf1afcf, 1d9fbe7fe3b97f19afc25d330b581dbb2368177ec4f25d23f59c3022a143d0ca
DEBUG DBL p->x: 00c1a26028d6da090f423ff70b06b9334db26495daa7231e7bf516b4eb7141e1, 0f66d36991468eaf2cffe784f08211556da17a94b02170a33530cc530660185e
DEBUG DBL t1 (X^2): 2249a2a8784cd9b56c55d530bd71b614531182e801bba2794c32ba25f2b3c9f0, 12122f6ae8b8d251c78e97bb0f59545c6cc95c5dcc6afb43a6aa6c29a58a4baf
DEBUG DBL M: 06144b13a6834cccd460f42535527181ca31b395344f52516c57164427216342, 05d23fcdd8f8d6cb9e5b817aac8aa4b7aedaaa87fccf273db7deb8661821e5c6
DEBUG DBL S: 2d3765d8dae9536c2801aae680dbd434e140acfca0048df642101d6f18c2ef6b, 29ee49af32855f118207fc64abca44ea970eb94028deb83077801ad843bfd5a1
DEBUG DBL X': 302b5fe02beeabf3251f078593442bd90e9e0fe06fb82e6f01f527d600e58c04, 063fc83c6e57b769734179b7670b162ed69bf55e11cd06726e348a080d2b6e59
DEBUG Q->z: 25c5421ebd25bd5ef78a56faa2070ceb9b0a6b4c881a280c7a6239f05e5b9be3, 158ba123bb533cf92a3e7cba8995fbeb1a82798ff2b3f152951d909008cfa856
DEBUG yQ: 28ad65df1d43c8ab3a6cc413de065fa9e024935117265d1bd86224d79e1a093e, 2cd55d71608da0a4f48ab6a8969c84d263c0de801d2eec48cdbd8f9adcff5ee4
DEBUG DEN: 20f67d4b5955f12cbc8942713a8b66f628c7bc10c5daefaa74a3bd9863b71535, 29466c6fdfe9a12030c5279aabb7b1473000526ed1ec0e045f5a931ee181c081
DEBUG DEN_INV: 207a1d14c2d60944539916e075b6500ac447529fdd726464e81ad8960cbbd06d, 2fd0cce2e527be5d8de7dc625e63720c35e08dbd9c917406e2c4e6cdc4444eda
DEBUG LAMBDA: 1830507164aca259df6703a4fa14c0876b34e1714df90e89c9a2e759d7316646, 1bb8755b0297c5487baf2153a96385cf1c4a8da05a9f4f6879e58f907ab3f5c6
DEBUG DBL p->x: 2ddfd40448263afd2099a72791f7d48868f223404f6c1700868ace029cf627a4, 2efd6c7ae17e2c34202fcd90f019913255c7578908d9fb0157001ed0ae680c89
DEBUG DBL t1 (X^2): 2a45f82349c4c9419c783da01c2838c3096b0573bd9129255b0c326763ec6054, 0d451fc1a46232a62b321a8639b3cfd3f133ed017abb0ed7c2253ca95e8ef759
DEBUG DBL M: 1e094b841aeb1b7164c82d735175f98ded3e3b3867cfe65598e37f087acb266e, 27cf5f44ed2697f281964f92ad1b6f7bd39bc70470312c87466fb5fc1bace60b
DEBUG DBL S: 1bba57df773b53fd038c3db828087016cac33c0fcfb11434997f4ebcaf5739bb, 0325e4c39fb27d4e15be9b873602b9db72e4b8722ebbd032318bcefb30adf7f6
DEBUG DBL X': 0292ac789d0de8576ba8f42a9295dc726cc14dbf3f3546346431862b8c39782a, 0a9530f412b30d89e6ed117efc5e788c4579723c5ddc74804778799352fe58d7
DEBUG Q->z: 2c5646900dd15e795c336211e030c5046c6c5d5a9ff1e64dfd5d0d06c8de64d1, 202d196cd0aeec7b7c2a77c07d762edc81e0528650b6119739f00c1df18940e9
DEBUG yQ: 1942a745fef896e13c9444877ce394e87e0e09026cfb6a766e8e995a10a96d5e, 00c92d06bc7e9450d195efe55fef09d21f73ee9935c89a50b612ba5272154cb6
DEBUG DEN: 022100191cbf8d98c0d843587845d173649aa77371850a5fa0fca69d48d5dd75, 01925a0d78fd28a1a32bdfcabfde13a43ee7dd326b9134a16c2574a4e42a996c
DEBUG DEN_INV: 14f0a5e357e34e5a5fef67b2a5f85ad1e33e2a53856fbe40420d9a5e382fa81c, 1e649b13b1ae3d590a96e73b9974f7f52d128e3623b0a401b0c3ca9d5aabe566
DEBUG LAMBDA: 2f6e77c6da883d6c6aa37df99444bd90bc6e0677b3577b5b898dfada08cd3c26, 0f69cbd2f17c2063faaea96039f738da9dca085b2e25ff5def94ceea4dd0b812
DEBUG DBL p->x: 266c6963bf7c0f9d7f07e5a90d34aae2f09dac268fade2b254f14271787e8afc, 28ff2478b609a4b14a390aa9804c126a8de8d045fe353d4efc5f04ddbc4f7d78
DEBUG DBL t1 (X^2): 15d87de2c483d86cf45caf13c5de288cf2a29b3f34abddf0209aead2844cc500, 24f2fc8eeae1178add7c4928f837e591e6ebfbb5da0b3f88d8ee14b8eb976c60
DEBUG DBL M: 11252b356c59e91d24c5c784d01921494066672c3591cf4325b03460b46951b9, 0e1058c6fe40064d27d4500de5a4fffa85c11dfebd3e2980128925fd11cc4a92
DEBUG DBL S: 2618ca9b64540949ac57488a461f8948aee1ed799c967491afeaf4273a1a6350, 1df4c837bf82554d8f79fd0d62db2d6ace6830d175376efa3ad5c258cd0d749a
DEBUG DBL X': 15edd60e18764e396919effd2d846f3a287be7115ca2b0d5c4446945f1db7672, 0e9a505ccb4939e8794a1b2518a84a8445d9aa15a7301e485fb3a9cd1c0818ee
DEBUG Q->z: 27710c2abef1b0d6fd09713c4fefc32ae802f1ddbab2d2587f7c5cdbd70fe81f, 06b7c25b7c2da7479df6a70a734ebd7eef9fd589cc88baf4d5fd6d7ed0141744
DEBUG yQ: 0d91b7dfbb678973a7b0b3a481baac72ad5c2e5f5bae363289f505c2139493cc, 0a2f0a00cc40309d82aaa73d1afc6be9802c3da53cfc2281f5daf51d79b0a6df
DEBUG DEN: 1b236fbf76cf12e74f616749037558e55ab85cbeb75c6c6513ea0b8427292798, 145e14019880613b05554e7a35f8d7d300587b4a79f84503ebb5ea3af3614dbe
DEBUG DEN_INV: 1c894d372bad9291ea29873abe1c5fac515d753ff0f1487346405cd49ee753c7, 0880198e065c0ee5dfab85bcfc047ccec3e4868102b4d1bf21a0f3bbbdd41fd5
DEBUG LAMBDA: 0ca98fb6ab43e2eb0893f8549895f36990c5ac5fae7352b3eba2462de0b95337, 2c97dfcd2a205f8e0d41d628b37b6a76952e1718e373d944e61be710e768132f
DEBUG DBL p->x: 2167aa12ad81e5634138aa421a556019518872caa49961b125bacc039ddfd980, 02b214591a2b2d8e7d0b2caa7ad4a26229275cac7620597a969d65c56f04538d
DEBUG DBL t1 (X^2): 1d4c4814be9b95fa546e82522a755b8ee731a06cce727941c08ba805cfac4214, 114e9f7176c32c2c41c4185e7d139dd312fdbc69483bb2e46ecbd82e237903fd
DEBUG DBL M: 278089cb5aa121c544fb413ffddeba4f1e1376b502e5a13805826bfa9687c8f5, 03878fe18317e45b0cfc0364f5b9811ba177caaa70414e201042fc7391ee0eb0
DEBUG DBL S: 1e18cc619a06f3950adb5b5d1068be95dd1d1f4fb50c85746862c9a1163c41dd, 0d83f5a8dad23534d363e9d136f3a0514a4e8f722904bb5038b278fc9dadeda8
DEBUG DBL X': 2b273451516ae157b260d18dc71dcc8122c70d33c4b5ed1f489636b40427cf1e, 001e2c4a47324ccbc8823140b2e855a1df51f5de8b5b261154de9dabc4efaad9
DEBUG Q->z: 03fa9714aadf5b7db8a63b9f8b1cf3964e7596fdea66e81c8cccbe94e28571b2, 0392cf2a3d22b4fb844f097cddf0fa2eb148410a83bf75ce1a88077addf5c814
DEBUG yQ: 0dc1ce8d86bcd92ba098daf06cd1eaa30cf1f0b3142a2642f567337a0a5aa794, 23c4f7b5364283b69f46419c6261270476a78a1e949f61d237268cad54011932
DEBUG DEN: 1b839d1b0d79b2574131b5e0d9a3d54619e3e16628544c85eace66f414b54f28, 1725a0f78b536743863c3d824340f5ab55cda9abc0ccf917322c8d43cf85351d
DEBUG DEN_INV: 09b6e280b3b0d45a2cd2b635c43f63151b9a582e3bcde651e99ab5ef6070783a, 11365cdafd71ce265cb2080621b12e95112e7581bea6b1e4f9060c5f58f0f15e
DEBUG LAMBDA: 096a4b2a65b7948490808f774700e10084457f64ab6d42e26149da203be4f296, 1d7fc1353378a1b38e6685c34e0c7a2a9a3d4ed315028527709e46b250647c57
DEBUG DBL p->x: 1d0be5f3dda14a309715366790795547969562d358748fc77bb45db256bbe53c, 16e9a7338cf4c1a5084c14ed8ea1eed53fd0b7928403afd8f6df6027e8683b52
DEBUG DBL t1 (X^2): 0e2405aa1f85b8735916e990cb67d5f681ee3397e5a732e83b2a7061dc0a9c1b, 122770f545a02c9b879abaea4948206a61bbfc4c0a088ed4b8b22908b3754eee
DEBUG DBL M: 2a6c10fe5e91295a0b44bcb2623781e385ca9ac7b0f598b8b17f5125941fd451, 0612046cefaee5a8de7feb085a5708e18db28a52b5a7e1f0edf5ef0341e2ef83
DEBUG DBL S: 276f61b7838c993bc38d92d8d4e0f0eac37650f69a49f3ac30d0cec3ca981537, 1945dc5623369d5d423987fe20f4627d1dad5bb5fedb2eb7e6dc479a03907b66
DEBUG DBL X': 0bc774f4246f8257612368ee5d1b77b3dac5e32e01f09159c2ad6b328d18c48a, 00b2ed53c35ccac137ee6d677b426173a0231588b42ca2c7e7065b25c0e07beb
DEBUG Q->z: 191ce9966d657dcb21b02f79584ea977de6a883980e189f644ddb51d27b535f9, 1bc799d7889a078f5b2a90af4b00ba00930aa310830fc84b8af118022aa15d86
DEBUG yQ: 0062190253be3209ad2670f5889decf7ca862556edeef13083fc3d97811a5e72, 0d63138253110f6c9bc6f8cadb3782f9d13ab8b0a782246d463de927126b50f3
DEBUG DEN: 00c43204a77c64135a4ce1eb113bd9ef950c4aaddbdde26107f87b2f0234bce4, 1ac62704a6221ed9378df195b66f05f3a27571614f0448da8c7bd24e24d6a1e6
DEBUG DEN_INV: 1108ced783040a27c299b9b57bb24630ab187c39f406836a317abecb108bcd3a, 0d09fb1f0835d7c0cd96c1f4eb5d8d55823912b25a56f0f94230a7e69e000422
DEBUG LAMBDA: 23c85936545d3d098a9f3ec3eb03f1b1f8c44681d9f9ed18838ceed6bc6bba2c, 191dfc6d9df2bcf06bac17be69dc7d60bb32e977e60bbacf1e0bbcd40d554057
DEBUG DBL p->x: 0bc774f4246f8257612368ee5d1b77b3dac5e32e01f09159c2ad6b328d18c48a, 00b2ed53c35ccac137ee6d677b426173a0231588b42ca2c7e7065b25c0e07beb
DEBUG DBL t1 (X^2): 25c0bf47693489ebbcfbb6e310f032190bad4789b67cb739ea301d4f65d7b7cd, 07e8104617a036f2e0123443807dff4543945b2947e74c1896df56151b2bf0e0
DEBUG DBL M: 1079a0f0793a5d6fc652993c2fcde58ff405017a52929093464f3fc0808d2cd9, 17b830d246e0a4d8a0369cca8179fdcfcabd117bd7b5e449c49e023f5183d2a0
DEBUG DBL S: 1c9c295309914e536d032eebe1751331ccf86f3aa5b5dc4ecd34c9faebdb5a16, 23f54c2714939f76fa27d9f97eae13b86b155283609462cb3e32d609102f3545
DEBUG DBL X': 05defe3a4ecbd3a569b67267e1f2530d50a362ee073e9c614501e2c020033ee5, 176a00d9ca8f9a409ec32e3d0d49d028ca604478ea23d0335e9cbc0bd047719a
DEBUG Q->z: 2181898b50b8ab9e98aa317f8443c3f5d46dafbe20c270500416838896603769, 10df60233d649bfefaf3813e12fa616cfad2e46d7796d6209443f260732297cb
DEBUG yQ: 2a1a104e2be05b121bc201f6b5daa0a94ecb4b971cb65ce2b12677ca2927427d, 241aa09749a9581f1198b113362a05d5a7661a11429e8705d584d1fc969cf3e1
DEBUG DEN: 23cfd229768f15fa7f33be36ea33e8f506152c9cd0faef38262c637d79d187b3, 17d0f2bbb22110146ae11c6fead2b34db74ac9911ccb437e6ee917e254bcea7b
DEBUG DEN_INV: 02ecb748f55c146660a4d5032d1da0d1dcff6800bd9efd264451d1fabb0a40d2, 27a909ef4c1967b1b347bf32aa2807e095477a3f61a75a4d5199f81c09d8ee15
DEBUG LAMBDA: 04e2cbbf9b4aa659a8ffa53b6974d58abdb971572003ad67bf5bf3e7fb050cc7, 1eb53b209d52e4d3b005d1ea989e0f5802871213977c00bbe961e1abdef6bff1
DEBUG DBL p->x: 05defe3a4ecbd3a569b67267e1f2530d50a362ee073e9c614501e2c020033ee5, 176a00d9ca8f9a409ec32e3d0d49d028ca604478ea23d0335e9cbc0bd047719a
DEBUG DBL t1 (X^2): 20ae95bcc200af9a1e2a9eb5f21d9b0419d5814dabe27e8a623f96b5c4bfa7e5, 2874a99caab6da367f26174db448f0be8267c4a4112ffed0466918200255a22f
DEBUG DBL M: 01432450839ece7ae9df50b4d35620511e7daec632c3e684ae7dabf39d44fd21, 18955ff03dc14e500cd1ba7c19d82180583478c962ac67565afa30325606ebff
DEBUG DBL S: 0d2bda49ff82834cd8e677470f4eb525dc398cd4f544689eb2b84f3908d421dc, 0c15659f94db813b92a1f4a87f46539161c421bf810d4693e76d2ebba54d957c
DEBUG DBL X': 100e27f6514e7a7e1c841e898c5f8add8f491fe03fbb774df3818d26f543ec47, 0a0e0d5c05b58c1b3a95312a93db29d8e5a9e33724cd2e5c6cd35af5a7494190
DEBUG Q->z: 0529ca7f5be061e67aeffbcad91a6e9e6922e3324527d330c78f34426d86e2f4, 0415e7ede8ab72e14b7f112a3d776aa0202e0c82d28f50cc2dfb30f76a6e15e1
DEBUG yQ: 017c2183ec811c7788510801581965f9e717a1b2286528a00ef5e753c035cf4f, 13aac27c5e63b4c845d3378f780a0ef67002be4886980a17f3896c6616171cbd
DEBUG DEN: 02f84307d90238ef10a21002b032cbf3ce2f436450ca51401debcea7806b9e9e, 275584f8bcc769908ba66f1ef0141dece0057c910d30142fe712d8cc2c2e397a
DEBUG DEN_INV: 1c6c268981247ce84d3de9ae13825ab4ed8a9e1f48f8b5d28f6db7b63c63a954, 2f3823c6fd062b43ed6999d6d1400d7870390c2d2791f7840f02148974790454
DEBUG LAMBDA: 287cf96c37ecccdb70d00c96a7efcc7de652a885f25fed9f69ddd63cf0bfe141, 174e4b821dc68776f5f84721bead53224122091bf6c19bca57630eb6d6240613
DEBUG DBL p->x: 0b2d5b0e10c309e0247f09e1705b3b26cb93caf4c946df778eae7b0771bd981b, 01d3698fdd5bcf83f125d80eefee814566526316a120e5c7bc75cec9311642df
DEBUG DBL t1 (X^2): 21e22324cb7611e9d4505b893247c56ac354d65b5e60efb9bfe70fddf60aab7e, 14b9b03f57286b310680298d6ee91d1af2f912057e08d32edec718d6564d3212
DEBUG DBL M: 04ddcc889ffef56a0c50872e93d49f851afbadef4a3f3a12c774176c312607ec, 0dc8c24b2447a1695b3036f1cb39fef34169cb7f11a8aeff6034be6c2a6a98ef
DEBUG DBL S: 0cb398464c3c40d40b049db4e1f928993a15933e94a637236e1a559e90769af5, 1f3d8b0f1db6bf47193e03ed4a2cfbc624240ee18de3ae4bb4a90b8fba8de6f2
DEBUG DBL X': 15e41c0b956c134f53e34fd0be14452874bc2f7b7382b3237f36752ab09a8bf4, 302363ef7ffccb1b4c6572d02fc03d35cae3d24a422ef8d6a0b234c591ef1294
DEBUG Q->z: 1d1e398f96ab940c6d96f40ba2c1ad60e9ae9b7b5729eace0e69419e22210841, 296011e7bba7697b4182c3fdcb01a90e7e07da370d877a48bfb075f0bc57d75e
DEBUG yQ: 1a790137694bddf8430ee497082598832f661925b7f92a67d6a2b7b6f032623a, 201946382854b274a895a9d38cdc5fbe4f5a944cc031a4b86f4cd1050855b9d8
DEBUG DEN: 048db3fbf1661bc6cdcd83778ec9d8a8c74ac7ba07808a427124e35707e7c72d, 0fce3dfd6f77c4bf98db0df09837671f0733be0817f17ee3a27915f3382e7669
DEBUG DEN_INV: 09b7d4b022f3b8b10ebe1806563aeed916f4b863eeb72f496c0478f39a911bea, 303624580302dd949ef48d44980c4098d1b99e70398a797e914d20f228720390
DEBUG LAMBDA: 07925b092f33bbc685b7464f5dc3a4f9cc8ca520abd32b605af5e23184562f49, 0bdd498e957f8ce98062b373bbadc1b71412dcc84474bfe33bc88a571674c642
DEBUG DBL p->x: 05cdf2b9c6d7bc19c9ef8e8af5fb7fd5f4a2746832fcb5bf526a5b999a75f691, 2efe55198bf1a31baa349f9d014520fdae36de9c40d6e962436873a867795a1f
DEBUG DBL t1 (X^2): 00ad42eda3e1a695d0f53cec69c11986925061fdfad3fa0f6f28ecb72ac6473e, 010c3d081dc4fab4656b3f341e748ffd4e94c0b80f267cff92a4eb2e5c194663
DEBUG DBL M: 0207c8c8eba4f3c172dfb6c53d434c93b6f125f9f07bee2e4d7ac6258052d5ba, 0324b718594ef01d3041bd9c5b5daff7ebbe42282d7376feb7eec18b144bd329
DEBUG DBL S: 208f482e35d53a32c5d24d32f189baa12a6f3ae626a6dbd26f5722067bb1b903, 04dfe97cdb1c284519a0529ed9918851a15abc41e297d2a7c0f0e6a679746441
DEBUG DBL X': 18269d156519db03fa46e8295ebbaa94790b1746e324482fbad09e2e385da65f, 01547c1dab66cd0b6e9512ffe264744642ded9c285a4f1eed3564d954280cd6e
DEBUG Q->z: 1f539e5fd0821c5118546bacd1edcf7bf23d9f90e5dc95f7bb2869c0372a0fa1, 28ed693f71d6d14362d41ca3722b084126acc48e2ff44a692f183d93e6109af2
DEBUG yQ: 185ee8f5a92a5218de60ebd042fbbcd4462d55b74761dabac6e1eaba801131d6, 1456fa956f3608a32206359862f167b5d31ef5159ade58a1aca8d642b801340a
DEBUG DEN: 0059837871230408047191ea0476214af4d940dd2651eae851a3495e27a56665, 28adf52ade6c1146440c6b30c5e2cf6ba63dea2b35bcb1435951ac8570026814
DEBUG DEN_INV: 260423ffa9c388b20fc4df59a418fdbfcf5908b4d09873137a60616e34185411, 0440a5a60a6e5e3400ef45c0c4c4311874dc2edf79a10162b444b992dba5eb2f
DEBUG LAMBDA: 19da6d72bfb2e1f2a6c039c5935d2caee91370104c28dfc26544fb6505c5be50, 2425dae8a900b4a1114a65c3c5cfee0706c153970bda355bc9898ce38e7d2a31
DEBUG DBL p->x: 0ce5a04f88606972ee3123322cd0e13e5743f9b2ab46a482050d22cdb0fdd406, 05cb0796bcf01acc81b458c96ac9bb2c4d52108a2ff40164135176b9d1c12a4c
DEBUG DBL t1 (X^2): 21db94da27aaa55d928e72cd1a0836e61222657e75784476e063994adeef161f, 0c403236a1f2296adcbe3b694ad6f52a3eb3ecd26b5b5631c2bff541d980951c
DEBUG DBL M: 04ca21a8b49cafc5470accfa4b15f3f707645b588f85384a28e9b3b2ebd347cf, 24c096a3e5d67c40963ab23be084df7ebc1bc67742120295483fdfc58c81bf54
DEBUG DBL S: 1880c098d83419e82253173a936c44277ad20281fdc688e2820ffb16fad65629, 284ad9ad075a033d849670c1a9329e0d5d37e1820dab98c3bfc90e6f10e20d39
DEBUG DBL X': 01e2b63eb83fe95dc276ec918a66628f88af2f0707a75bc71aa727571439acfa, 004599dabfd7df4a52fd0ea61700ab2969baccf5f468f949d853c52f1ded0a41
DEBUG Q->z: 1997d84e255931f3fadd937ede206ca1621768fd13e6b47360a1c8870e334aa8, 1d0d5ca1a9dbed57dc0405f05cb27c6a66fe8bee7f342587990f113628eba762
DEBUG yQ: 276a60ab4bd4b18bb399e6213ecb3b1cbe30f4cac28921dc6b6896b2895274ac, 0355b5b61919fe439bc267fadbafc938a22e9eb97cd31ca8ab46168b7aeef8d0
DEBUG DEN: 1e7072e3b677c2edaee3868bfc151ddbe4e07f041ca0792b9ab0a14e3a27ec11, 06ab6b6c3233fc873784cff5b75f9271445d3d72f9a63951568c2d16f5ddf1a0
DEBUG DEN_INV: 142936c28b6cceb39e297c29e0f9faa263b8b4ad4aae1940c895e6519937edaa, 2ef822aedfc8979fa20ee2c8ca4a09082949c6a182c45d5a77de644fe88ebd69
DEBUG LAMBDA: 118b56e3d1552ef4be75466e3e214098c9ee7aa28f4a4052b0ee343398578866, 102fa77000149bf02e4a0ae272d108d0e17e4db6e3656c120f7d403aa51b81db
DEBUG DBL p->x: 01e2b63eb83fe95dc276ec918a66628f88af2f0707a75bc71aa727571439acfa, 004599dabfd7df4a52fd0ea61700ab2969baccf5f468f949d853c52f1ded0a41
DEBUG DBL t1 (X^2): 0db394e2a997fe225217ef9fa347d8ec9708f58e5ad55a9a13abeed215202e52, 27344af34331d24f5d0b89dab939e705e62ac3a00c8a3657fdf5df5884f47b5d
DEBUG DBL M: 291abea7fcc7fa66f647cedee9d78ac5c51ae0ab10800fce3b03cc763f608af6, 14d443f40732369aa682122328ab0456837d75bd54bb0ded81a085dbdde37789
DEBUG DBL S: 101785c358d802c5cb1fdb1a4c8e95692add9aa9fd75381590711158a71cdc43, 23891575562f420899f4b904436b1c94ff9cfa1f5fb68f38a6ee4d9fd9a10449
DEBUG DBL X': 0bf6827a92919b05bfbcbca06409f0831fc6e44e23f60bc6325994612217fa5b, 0dae0a7ab31d2cfa9d8dddc0d8c4de590f28c3ba61c5883cd0a6e4243a660432
DEBUG Q->z: 250646f7ea451200b453be76d5ee9ee3e418da9e043253c763986fcee49885cb, 25eb3ecd668f4c482641f7d3e11db2287e3e6dfb5cd068a488e56fca751223b1
DEBUG yQ: 0d5fb4bd459904036fc6a7169c013105aa85eca2a9d584222930f88fc2067a9b, 282b8bae00e6c83b57ad2a03926a75384609d4cf730c1a8b47a14bf3ef42f9ee
DEBUG DEN: 1abf697a8b320806df8d4e2d3802620b550bd94553ab08445261f11f840cf536, 1ff2c8e9209bf04cf70a0e50a3539212f4923f0d7da66a8953220bd10608f695
DEBUG DEN_INV: 1b83233750efae13d41cd532790403e923a6474d80c49c2a5f21d0db7246f594, 0c6138ecf3dd10de292059b8cc4ae9f35b28de549370c2c244631e8528968d55
DEBUG LAMBDA: 1cc75979f320b9d21943b45651693b9a30a77d88b85474b7465f6b89231e5830, 1406e7abfa945899c4b7bca2b60fed144468f84acb9232f5ae7fbed991229bd1
DEBUG DBL p->x: 16dfc9f15754c86161f9471acdf4e1932acc4f9d21814090293d6d9247c50e58, 2121336f0f65f8408f02f8de2c0490a71b05c381ba3afc3417831a5b58124754
DEBUG DBL t1 (X^2): 1be007dbb966ebbc6931fb31b0dc69644881597ad2f364817edd84f3f8db39cc, 09ab1a4aa6937146bfce768e510b0d33834c50b08a9d241eb4989a8d1947df26
DEBUG DBL M: 233bc9204b03230b8345abde9113e3cf4202a1df106862f7407802c51214b01d, 1d014edff3ba53d43f6b63aaf321279a89e4f2119fd76c5c1dc9cfa74bd79d72
DEBUG DBL S: 0b61dd5fac99ced16243b42cf4e2bf89653d68cca575b166ee2565372f366f67, 2decef904ec4cb9f0980cc3f0d19c4115706b8a6ee8d62e05c3fba06f6865b50
DEBUG DBL X': 110bff50844a59c669f41aaae3d8d863dbcee221544413f13594cea5958de475, 05b97f0b3157d24c0451e1a5093b90c5d2550295e2df12a7b6f58a32a4b43648
DEBUG Q->z: 0a29992a7da89ec84e1ec47361b0cb92e253b0cf4c510b4bca4349add7c14aec, 04c1741dd3f69b4f2cf4a8e1384479663ec57f6fb2370295fb390ac855e3e70d
DEBUG yQ: 03ed0f660862824de231093a827c4224016f282fdc4b5bd7da129bacdf33e912, 1963111cd5effcdf962041c61a3b81c922a065b19fe19d0383359d96bc070d85
DEBUG DEN: 07da1ecc10c5049bc462127504f8844802de505fb896b7afb4253759be67d224, 0261d3c6caae599573f03dd5b2f5ab34adbf60d1d7516f79ca4aaf169f911dc3
DEBUG DEN_INV: 23dfd16812526016b83f7b61350de0e33082b9f3cb1d01ce565e47035c49d8ab, 08c2b2c5d9b64538ccddf43678c05c190a4e8b66b017ae4385edb6a4ca19a6be
DEBUG LAMBDA: 2ea1e542da3cb10ab4dfebbeb3873afc04feb586f0a427ff313e3b2e600ca5ad, 17b538851d5b9ed35da6a400681fef00e6bc249bdc39d139e45ad2437802cb2c
DEBUG DBL p->x: 1fa347438d5e898baa00afcf62d123ccdc2a480fe77cc75d6a1c1be80e98cb27, 2549510016b0255a300b79b512e126a87669e432069904ab4c46ede6e446e08f
DEBUG DBL t1 (X^2): 1dead0e567bc2dee808dcedda20da4653dd160afd1c203af7a52c5957d40cc08, 0543a55929eb08a4d3b294650f89aa98e8b80d45145f97d8f314cea945819189
DEBUG DBL M: 295c243d5602e9a1c95926e264a794d221f2b77e0cd4408132d7c4a99f4566d1, 0fcaf00b7dc119ee7b17bd2f2e9cffcaba2827cf3d1ec78ad93e6bfbd084b49b
DEBUG DBL S: 268de468293f31c1f83a7c87138b22bdcf9101ac0b19e40e5dfca8569950ae5a, 2d4562e27f1ca9819a411b81a32ac71270ead4cce498724a47a93567e02b8726
DEBUG DBL X': 22c1246424dfd9771d9c771e96f031add86210091c13e34093b9223551ea4849, 139b0a66b8002d3444a96fb95bc9e60ee8569391188b48286d22d8a827634ae7
DEBUG Q->z: 1cce8c6759703c1f1311f39f379a73d27b22d7954021a17890d3d432b1031c94, 09a372760a66bc3d092e49000b8cc4a3e4e6dee4fd829840e0a34117dc5a02cf
DEBUG yQ: 15b9c4be30c6c818cf2763d083dac9349381d8d677fe26e292c7998e559a5e13, 199217282b6053e171041d9f11cc5ef4aeb6031ca46578953f4f0c46f7940304
DEBUG DEN: 2b73897c618d90319e4ec7a107b592692703b1aceffc4dc5258f331cab34bc26, 02bfdfdd758f079929b7f587a217658bc5ea9ba7e059269d427d8c7716ab08c1
DEBUG DEN_INV: 04af42da37d46074d7eb9a3137f24c1704ccf53a30e0b2846f1cc01b6014c065, 148fe7781034963e8233ba0440c1fbf6b7f4c56bb0404165d39617b66187d1c2
DEBUG LAMBDA: 17ba96e21189a0694a006a7c4e5d3ec9f82be925e697fdaccd5263e2f9b88e30, 0c573470e5f7879b01804be5edb139fce0f4f3d0fdc8848f5448eef91d9cc123
DEBUG DBL p->x: 22c1246424dfd9771d9c771e96f031add86210091c13e34093b9223551ea4849, 139b0a66b8002d3444a96fb95bc9e60ee8569391188b48286d22d8a827634ae7
DEBUG DBL t1 (X^2): 244ca5c967e95f7733193f1469a4cd4bedebe06f00063017080ea7796c644bfc, 0418a5771c62c670ef442c83ab123da648fff1c09d8ae72580d075a78d008012
DEBUG DBL M: 0c1d54767558de1228ab31d039ebb7289ac0cc2a2f2efb2a9feade3e9432e966, 0c49f06555285352cdcc858b0136b8f2daffd541d8a0b570827160f6a7018036
DEBUG DBL S: 27454349edbff8ff9740654021146e607b35b8dd3378f995806862a1c52e933b, 0b78665572bd01ccae6e92d341a138bc3258b5238e07642d70947948603e30f2
DEBUG DBL X': 1e70dfa5bbfac1e2e3f7c232d258aa1c424c85ec4c7172bbb2f2b96cac7425ce, 1f8663229d8e92ebc0891c2bd561a2321e6c6ac250e81d27611a1eafc7f85c40
DEBUG Q->z: 160a15dd3a779f5859d8512808459fb96e443b8fbe5a863d60bcc76db6b5cc57, 1574a4f10dc85fffa76a0356d08b3fd0012a2a17af93872b8012ffdc01150a0d
DEBUG yQ: 1151472956ad7cf15d4f95fc759893caadde241ab4eac44d62cae0c9dfbe6804, 073391f769ba8c05d39cf610de1663bd09b14d0df6e77e1d05be47cac77ce664
DEBUG DEN: 22a28e52ad5af9e2ba9f2bf8eb3127955bbc483569d5889ac595c193bf7cd008, 0e6723eed375180ba739ec21bc2cc77a13629a1bedcefc3a0b7c8f958ef9ccc8
DEBUG DEN_INV: 1e2b2b37bb6edcd09e18f0d5bbf9bb5f836c232895a6699d30d24957b1419e61, 0e471b4257b149886e500d4f7773100e2e5160a6a43a2183c991a9370b467d8e
DEBUG LAMBDA: 164665085c367615704db63f3ced215bb803b1d37daaf9485d60a2f2d68a1923, 117fa588fcb566db14b92174ecd733b1f03eca368bc89b1c437124c7e7b89f9c
DEBUG DBL p->x: 1e70dfa5bbfac1e2e3f7c232d258aa1c424c85ec4c7172bbb2f2b96cac7425ce, 1f8663229d8e92ebc0891c2bd561a2321e6c6ac250e81d27611a1eafc7f85c40
DEBUG DBL t1 (X^2): 2f8308491c0a0bcc453de06c6379c6d28d994a47aaf45e5f64e6ac9b973eb91e, 11242cfc6696db196c8a0c0d913bcb700d06d6bde590ed58008c2248ef1b6df9
DEBUG DBL M: 2dc07bf591bae3115f1915d8276aa3bc79c909b42ff98603b672eda514c230cc, 030838825292f1228d4dde72323209f28f9319a84840fd7ac583dac3f4d54ca4
DEBUG DBL S: 16c041c6060e392769e0d7d7ffd7763e012fb88b6dab3fa3eb0fb5b5e2e2de7c, 17c17d7122deab338d3f4be021d2b8c0255e0dbd5753215806e92c8e302a0936
DEBUG DBL X': 25eae0c6044095bae29aaec6c619e2d26b02b6b3e88e2721d6a6ee3be6a230d2, 1291c62e8706b1051d851ec29ee2bf020e63649e6961d8823089bc6fbd4c1db6
DEBUG Q->z: 2634ca3e4edab04de94fce9e25a13a6eda32318a7213a7fae6fe12e6afbb84f7, 0909b62699182e63bcc37096ab9d0ca8c3ad0f92a39a56970b0b92bef86c6216
DEBUG yQ: 009bfa8f7332462c156aece4cafb9f2c69a22326a0ad08a0772945a5a60b687c, 134df41d9ff465674848732633afdc920fbaa2e7557bca242af9c98b1dd659be
DEBUG DEN: 0137f51ee6648c582ad5d9c995f73e58d344464d415a1140ee528b4b4c16d0f8, 269be83b3fe8cace9090e64c675fb9241f7545ceaaf7944855f393163bacb37c
DEBUG DEN_INV: 0e990ee89fd697444db1c605b759a696981c7ea41233e83dc6bfbfa1a735a3c8, 1039827c0b49dc78935424c2d717e52ca4ece809e92171a9e9edc9314cc34f66
DEBUG LAMBDA: 2ef3ed952afec27a5b2d40de895589ef8b76fdbec35ff9bfcf4c58b45ca820df, 0450b5e0be6d14aef77b6447ae5dfc178663acebe5b1d99cfa9d3a9c368ddda0
DEBUG DBL p->x: 25eae0c6044095bae29aaec6c619e2d26b02b6b3e88e2721d6a6ee3be6a230d2, 1291c62e8706b1051d851ec29ee2bf020e63649e6961d8823089bc6fbd4c1db6
DEBUG DBL t1 (X^2): 19eaa53dadf79db9086c299b561ff136d646ebe2f604280ef4332c9a845a6710, 13142f69a16ddcc2c781ff86b1264d9c56158d86f5d672a781c98ecbe53c6fcd
DEBUG DBL M: 1d5ba14628b5390160f4371b80de7b46eb535917799aad9fa078f9b8b49237e9, 08d83fca0317f61e9e35b8dd91f190776abf3e0379118d69493c204cd7385220
DEBUG DBL S: 1897b14efaeb5f2c9c0c35bc2eb0fbb6ffd734697b41f402c39834bc1741f8d0, 1139af4b025bd0a8f832e01d9c7a4240ce7e7a4cb0c5a97751b37d5aa7815605
DEBUG DBL X': 26a450c86ab1395805af424baef5a6b945d38f2608c4c92b4ec43cfd3b088f86, 2fb8e19051b1df6961c569554001ee8fd6556651136ef03fe23af5cc28e451e9
DEBUG Q->z: 0151c11ad5226532021fa84a846a9c32b49e3916684f8c3116964027d4e9aba9, 263ee3a2b5f18ad6f7bbfce607954fa34c4faaa9a06617bb53a7847689285217
DEBUG yQ: 0c23feba2ab6615dc4d1a8201bdcd921c6395c08f4e3a18970c11523b545e600, 137e9fb73ffce6c486da967bf3f1010936d8c47d50f42524be7560580f03d3dd
DEBUG DEN: 1847fd74556cc2bb89a3504037b9b2438c72b811e9c74312e1822a476a8bcc00, 26fd3f6e7ff9cd890db52cf7e7e202126db188faa1e84a497ceac0b01e07a7ba
DEBUG DEN_INV: 0c7799135fc0587d2b1066edebd8bd32fa0c61323360e4ad876fb4f140655959, 177f8cdbb5961e44b1e4b92b10b2a2132be83d2d4d883852ae29898018cf901d
DEBUG LAMBDA: 103ce6d702efa719435b34bfefe82eabe70ef9096e24a39ee129aec25054a3fc, 0962f79404de94d36f5606daa71ac215f156af89b93d186df794e90eb460a93c
DEBUG DBL p->x: 145726f8df633a3e0a011568746e4096c176123e2dba79864e3bffe6fbc3799f, 0b880428c0a107fb6cd48e07cc37d8455006931504ab1bea9d2b02b30cca59b1
DEBUG DBL t1 (X^2): 246bf5b1a4b7dd84a2065471fdc36f5e7a462a55ebd478819a1caf36ff3e0a3b, 0bab93448296e28855b10fd930814bdf7b5ff9e8a1afe5a424ed8ca9760bfbd1
DEBUG DBL M: 0c7b442f2bc4583a757271e8f6479d603fcfa9def299d46a5614f5774cc02423, 2302b9cd87c4a79901132f8b9183e39e721fedb9e50fb0ec6ec8a5fc6223f373
DEBUG DBL S: 2cd2fd42224bf6e42f77b6eb008ddf8f0819b34e1087f38c4851a6629ea80274, 1b2b3aeebe0f267c30cbe95e5d72df69c5c11b651e0266397a967c400888e139
DEBUG DBL X': 27a3d4fe5bf8c0c8c7a803a020ce3c5f4eda9e24da3c94f2fd7e6c573d1536a0, 16b67adece9109339ecd27af3c5c6bb77e3178e7a412ad724b55a60184b7f740
DEBUG Q->z: 184788d3e59644c4914dc67ab8f738ea4f02261ea8a0362647c182532b5293b6, 226744af76dae1352a2d1ea5a5fbe08593671976c6a4cf7ea8dde2d39bfaa916
DEBUG yQ: 29f3b7c5e7acd0cea664c7942901f6f38f36574980b10751b79aabaf90d25093, 046f8571cafb1c7b35ecf8e0256dcf44640327fdd65bad7b8a6c907dcd2de7a7
DEBUG DEN: 23832118ee28017394794971d082958986eb440198f044163314cb484927a3df, 08df0ae395f638f66bd9f1c04adb9e88c8064ffbacb75af714d920fb9a5bcf4e
DEBUG DEN_INV: 29a6d43504478ec09915abd8a1f3a132194a45393a83959b7b8f6cc987c0e341, 08d49585a2521919caa34dd4c9e83fdf88184ac6760be5f00806f2b602e5c9c9
DEBUG LAMBDA: 28dd6e3434fc3c92dcb5422f5828449145d2e28059dfe32c046e75aa5b962172, 0f77f33fb8b23e7f0e19fed36031d349417198ae8db5eb80b381aeb6d618af01
DEBUG DBL p->x: 06ffdcb955c4d0b1919c045499d9bf5ae0371967f651abc52f88de26c6a97f53, 01e7d82efba57f0d2afbbc9ce600cc1f352a790d478840d90d790720c6776367
DEBUG DBL t1 (X^2): 126110a6cb8b6687de57bdb17224d2a67a4fa7f7ad936a7fc505340b6492e6fb, 1a56896b72186dbf727bf992222b8d501cce6b19674620540f1b2e7f954fccb3
DEBUG DBL M: 06bee3818170936de2b6f35dd4ed1f95d76d8d55a04874f212ef100b553bb7aa, 1e9f4dcf7517a9149f23a6ffe5014f92bee9d6bacd60966ef130ff67e77268d2
DEBUG DBL S: 08f2f7e5ef769a4aae659f0f191e21fbe90112c3bbe5ae8e71b7814cad956c72, 255cc283ac53e1fb446272015069a6c06a76385061c69fe0786642b3ee2b365d
DEBUG DBL X': 07f745df07cf756ca7d1b3de1863c2079f7137f40e0f738c2739c49a9fcab6f6, 0bbf3a30be9210a6c021a0d1e3471ad6000d4257cb8a68263a2691ab447a38ca
DEBUG Q->z: 04671ab572b246e8d434f3621935a50efb0da353d3e176092ff257f712ed315d, 0b5fdb42e30fc4e37c2868cccf8f316f14175ac8255c79fbbdf4f34291db21f9
DEBUG yQ: 302dd35b6932cbe1bd82bb0d3b9364dd4da6d51069e6b99f92569fe435e6cfc7, 1cfbb251ab6c6d70389b119bf19ef7e6f0b8ae5b13194908dac0e4afc440aa72
DEBUG DEN: 2ff75843f133f799c2b53063f5a5715d03cc3f8f6b5ba8b1e88cb3b19350a247, 0993163075a73ab6b8e5dd8161bc977049eff224bdc0c78479613d48b004579d
DEBUG DEN_INV: 2ff2c8d8e9cd93d0895e33dafad783400483b06babfd5a6c4e6a432727e7ef11, 1ac9171955ffcdcf072839aa239bde4e2dbc626c2a871b1cefebc06553702d15
DEBUG LAMBDA: 20de5ce189f0e29a13fae24b1c133c2295005b072afe2d2780017a55c6829449, 1e4c4e91243c1bf99188cace9058be8d1c5a1b8e1dc57d2aa6ec5bb3622406d8
DEBUG DBL p->x: 23c814151c3e321ff954f880380031aafeb97e5c55c761857f1217760103a163, 0ea1fb1b1c79255930131136a25a98c6f8c83a0a5334a188b8eb35433028577a
DEBUG DBL t1 (X^2): 1293665fd73f55232330961b0e756bb88e03cef8760e7069548ada08b30949fa, 0afba05f759ea263d74da0f9142151b02f0858f6d497197fb0f9eab70b25b478
DEBUG DBL M: 0755e4aca48c5f3fb1417c9aa9deeacc128a0257f9b986aec1800203409ee0a7, 20f2e11e60dbe72b85e8e2eb3c63f5108d190ae47dc54c7f12edc02521711d68
DEBUG DBL S: 0793ba6a4f0ea49d1fa2d87a2750c3b66068875bf94c0bb2b57bfb7b416e0e7b, 25fd1eb55535abbbc7ea28a641616dccdf2c5637e24fdabd24bce606e9d774e7
DEBUG DBL X': 25604098089e190a7c8e99d1ac941efc9ee75111018d29ddef3e79f7da6210c8, 2c9864b0f45fe075267a37894b8f25693c4eba6cbb62c5af17f1a964b580550c
DEBUG Q->z: 2dae167975c5eb8f5dd197328d3fa479de93c7a778ad628e18596953f93f5467, 242dc5b964d120768395dd97c97533fab84cbbbbcff3b26907614e5d166bf5ae
DEBUG yQ: 012a4ebca4be20145bd2630eb56708a40cac4ed32af9ffdfaab30cadbbc5e2e2, 21944076d86d846aa49a122d25563ee3b7b263713e4592a9fc62610113bd5c53
DEBUG DEN: 02549d79497c4028b7a4c61d6ace114819589da655f3ffbf5566195b778bc5c4, 12c4327acfa968ab90e3dea3c92b2569d7e35c5114195ac6bca435eb4efdbb5f
DEBUG DEN_INV: 0fd875e4507e28c2a18b01e7cda3c8c78beddc0ad6045a3de4227d787da5174d, 11374e7a994a3efbd2c4fe60178a212aa8472a1cc70c3fc10fabf708bea9b781
DEBUG LAMBDA: 2ee3d2acd624fa24d474c855448abc2b9bba5917d92ef3000bb447d760fd9a32, 27ecb30a6aadfeaae75fbba706ed79a3cf83743cb41960d2072fa3438bb97aa9
DEBUG DBL p->x: 25604098089e190a7c8e99d1ac941efc9ee75111018d29ddef3e79f7da6210c8, 2c9864b0f45fe075267a37894b8f25693c4eba6cbb62c5af17f1a964b580550c
DEBUG DBL t1 (X^2): 2a54ac61cfd5fd784f772222d16f2a624f415c08007837cc6061fa86032632b1, 1a825536c083ad70ecb484a5c4476116bf8915c794de2b5b5cd581d9f6033c9b
DEBUG DBL M: 1e35683fad1eb8157dc4dafb714ace6bbec13ef53085124aa8e4d76458789d85, 1f22b131605968290dcd483acb54cae6a719d6c55628b784da5ff977098cb88a
DEBUG DBL S: 19e376863a1a2d0d65ba25003b904f5fa80a7d1898e75b13c5b27862496f5e1f, 0e60baac80d0ea46a084a9b717edd62c99dc2ee5403db88a01906622f85ca306
DEBUG DBL X': 059721bb7c1974727efc9692244bf6e869c35f154c1dfd9121fa65d256ee9aa0, 3053bc1fd974aa22ec50dc470727341c85b432ec9f1f1ce713deff645f5c1ab7
DEBUG Q->z: 26dbd21723fc1066e1282b3ea9f3daff95a1870c775b1be140ae3f677c6ae62d, 219aaaf5cf368786646cffb4784eb7c034a6eba420e2141d6d03e8a81e8897ba
DEBUG yQ: 129650bde102e98b3cef12620bc65246e2be0d07255c0f254ab9f7a9b94ba531, 224e32344809f008f52b5e15c1f1d5bc4bfdfc3dd52b4fc41e3d9d4b1fab63de
DEBUG DEN: 252ca17bc205d31679de24c4178ca48dc57c1a0e4ab81e4a9573ef5372974a62, 143815f5aee23fe8320676750262531b007a8dea41e4d4fb005aae7f66d9ca75
DEBUG DEN_INV: 04a0c7520a65fb3c67b276511188c9a008c2b0d353fc799a65d78dd38c1d4f99, 0b797efa2e66199c3a98a7c06ee9e03f03f69deb0c3850e6633b9d3538c98c5c
DEBUG LAMBDA: 28ef100667b64e5e2a2d34fac03b245fc6bca464ee45ddb4a0c48588257e8132, 1a3a89388cb6c070fd87afde4496eac2853e5cc5bd0c08a5ee956720e2d1b7ae
DEBUG DBL p->x: 03a5654c6a1f84c0b3d2e3d4ec21d71c9f0714c515d58f3d624df1ec8bf19a3e, 13cdfe0f0d58e42bf68ba1961560fa2cb76013548125c188e7f37907709c408c
DEBUG DBL t1 (X^2): 0583381cd13ca7bbfe1732265ba69401785baadf0ef933c62150dd9dd969cf66, 1efabbac08aabf5df20f7cb75e70288ba1523381b0898a8f96c6352af2137bf4
DEBUG DBL M: 1089a85673b5f733fa45967312f3bc046913009d2ceb9b5263f298d98c3d6e32, 2c8be49138ce9df01dde306f99cf21454c752ff3a92ad52188321369fdbd7695
DEBUG DBL S: 2c4b71b2a1f9b28e30fb7c7efc10ea3816f4f8343745201d6e01fd16a635830c, 1edf0b61d20a4bb2a178fd970c82afbd7faa44dc160d62e1019ecc6ba2220a04
DEBUG DBL X': 28eaa5c0d1006ccaec4718ae14f5ee3bf4a854af6cb60ce2af52d36d7ce31b35, 084f38123ca290faa6ab7745c9fa62d3eccf62ca448dada378b62e3a11bfd208
DEBUG Q->z: 29acf9211574e5366fe6b9c26992849c806f118961802d1625addfc0630eabf2, 172647ede033a7ea4c2f6357e8f85b7e5e7622bbca476600f7641d69f70d74dd
DEBUG yQ: 0e29044953656c57707cf6b8abe3a55596abf208ffda658b5ea4a2057b5052ca, 2a0da291e6036d2d9598bc34d3d3a82078bcd560267c544084358b9faee8d0a6
DEBUG DEN: 1c520892a6cad8aee0f9ed7157c74aab2d57e411ffb4cb16bd49440af6a0a594, 23b6f6b0ead53a3172e132b32625f7e359f8402ee486ddf3cc4a8b288554a405
DEBUG DEN_INV: 1cae519d12b10cba96f780dffe4a7c7abb8898a7563065fc899b8c6202e59311, 04577bb61749c6d91c0b51cd5901e636107b49ec8fc5d2f51b3b71919da9177f
DEBUG LAMBDA: 2b8a64dc844f1acf226eb6cc2011e3d1190d3921b5bd956121f1adb634e24581, 24c61adc62effe121970ea2110924ba0621017586df527bed0adccebc7cc7dba
DEBUG DBL p->x: 2a4064594b1c4f465c9a47b0feb6237e7a73f36c6f647c0caff9b919794e79c0, 2483f7343c5e168114799263018da871142d0f39e7925089d78ba868d322cfa2
DEBUG DBL t1 (X^2): 26d86bb64fc546db00752ff4fb40c22e941c4f368b0ae3509a4afbc3baf2d8cc, 2dbae7d9979c768881754f0ec6e3692288621aa5844f153aa33733ebbd19b6d3
DEBUG DBL M: 13c0a63d2cec943d90bf0471eebf95d08d521880d03d14d7569fdb1d7fde8fd6, 28681aa70472234613bf61bf51a78aac6a237acdbc09aa9571648395865329eb
DEBUG DBL S: 22ece156704b1f794eb9141fda9cd3e132f7c1a08f049e371a1940d7c6aeb313, 1becb7ffd89a105943a248403b7a075e38f0766282ec5d04ff120df7110fd200
DEBUG DBL X': 0423a030871dbb8ff04b7fedda01ce832311c0ad113211291ff06590fe831076, 02594ec95739e4f6ab01029df26e24c5735770262328f42528e5b32f66c02d98
DEBUG Q->z: 06290aa9303527cf933d3bcba0cf4506b713ecc341c5f2c3343fc23c6be23e5e, 184f6b5424aaa49fca41920a2a8406462de757d16cd6c1ab7ec74b941eff229c
DEBUG yQ: 14de98b1ae59457a63c2a19a6384d2d4c01a565f43d3cb0b2b3a900875e89030, 19a11a75126db138bcf30a6bce79b2b4a043a19afdf44f2372c38ac21c5098cb
DEBUG DEN: 29bd31635cb28af4c7854334c709a5a98034acbe87a7961656752010ebd12060, 02dde67743a9c247c195cf211b720d0ba905d8a49376d3b9a966896d6024344f
DEBUG DEN_INV: 1312401939baf4823a8bfc76aba8fb442070a1b9d579771211942391138a5607, 01d642d459a051412efc2393e7ff0da7a9b4720443c08a021f5c1cd8369c9970
DEBUG LAMBDA: 2321734f6d730d4dfafb771c1ceadc9fce365558d7d78c746e62e622f869e514, 257c272c71a0d0a6129309ce0c1f0a17ad11f3b29641fa9b3ee9024147a42f62
DEBUG DBL p->x: 2051877826762bab3c0a2940516efdb2ad5ab5b9c56c35de04ba8622b956c799, 213cb602f2fa3cc0c4acb213cb5e391dec37f236c90ea11eb47305e8ce5a6913
DEBUG DBL t1 (X^2): 0162ad68cdec026de09eb5aae5903633d772aab58af3d5724a7948418074b853, 0741629e2ec7e3a923b4ebd002e79bcf639bd7304be45d0724c5ded561cbf720
DEBUG DBL M: 0428083a69c40749a1dc2100b0b0a29b86580020a0db8056df6bd8c4815e28f9, 15c427da8c57aafb6b1ec37008b6d36e2ad38590e3ad17156e519c802563e560
DEBUG DBL S: 1bc8d9e2960e582c08a6d492a6a5bc91079e469c1b2c2face2a3f9f1e2592224, 062c4daab3d70e5911bd1149fc0f16b9088e643e0991100c81fee5b07762ab56
DEBUG DBL X': 108b18acffdf00f390ef61c2c32db7ad24cc31ca138efc8e395412c543103923, 103d844eaa9f8ca6ad2e78e4e24597a3489f1d59dea7c7dd1262a12296b361fa
DEBUG Q->z: 0c0add9922e220a19996393872a1e59ca9e80ffa5f0a80da62de699b3e75fc8f, 051c62b855697cf1f6af8daaa65993fd9500f0057a327f599264bfcb5f57bb64
DEBUG yQ: 244b7677fa322c28f253d740eca725e27381c8d8cc89a8a242a2cf095480171c, 1b259e8d35f189ed126b9476212d3fed4f18be064ae4d706136ca701f0b4a0a9
DEBUG DEN: 18329e7d1332b8282c5768cb57ccf3674f82272030a186b7492511fbd08330f1, 05e6eea78ab173b06c86e335c0d9277d06b0117b2d57e37eeab8c1ed08ec440b
DEBUG DEN_INV: 14c67cd97e074b07f8d787a968cfb7e6211658c190860bae764f27471841b8b8, 2ccfd6e0028c98892146f4c6d53bca8122ec94632ff5d50028f8f2e1eb44ef75
DEBUG LAMBDA: 2d3f058befae859dd7eeff3f0cee4f1d033833484583a2215dc0c3618191cf5d, 15175304532cd3961e689c65f83e3372ed90f42083d63e9c93e5492059068e7a
DEBUG DBL p->x: 108b18acffdf00f390ef61c2c32db7ad24cc31ca138efc8e395412c543103923, 103d844eaa9f8ca6ad2e78e4e24597a3489f1d59dea7c7dd1262a12296b361fa
DEBUG DBL t1 (X^2): 2fd949fdc01bd75aa9c867b679e71c8398f5def66a6eb18b11f0366f40608ace, 018aa090f811496a31ca850a197b4a760e633d007a2daad7f01be2a34fe0a93c
DEBUG DBL M: 2ec341137df045bc8cb8abb66ab2a4cf9bdec7c06e687f86bd8f8b201027a5dc, 049fe1b2e833dc3e955f8f1e4c71df622b29b7016e890087d053a7e9efa1fbb4
DEBUG DBL S: 2ec93b2cca529f069e706a7a92bdacc67d235675cbd919a28d4e9245a59b0d8b, 096032b2282aed51a9d70fc4910ea216af7d1dc6d7419984112c94d822d645d5
DEBUG DBL X': 1380d975c11821f371b3b1a2083fd9700a586510d093c4e31b8df807b59aad7b, 06aa7a8eddec837e4fda26f93f61ebc7dbca81f76bd6c463d30818e0feea64d8
DEBUG Q->z: 208336029cd697c47ebf671114699aa797e7ae8d9f30beb6e2febf66c18a3854, 274dd25d9f5800607304e1a9b324e4d381f5ea4e600aaba700acf9c5a216ffcd
DEBUG yQ: 26c0a045cea9767810807efe07ecd909deba4f4e55571ebea0d8c20e1b79edd5, 1e9688cea0bc34346158e410ea3d61a0b4be4ca4442fcfebdb5090b83a3f482d
DEBUG DEN: 1d1cf218bc214cc668b0b8458e5859b625f3340b423c72f00590f8055e76de63, 0cc8c32a6046c83f0a61826b52f96ae3d1fb2eb71fedd54a7a8095599c019313
DEBUG DEN_INV: 0836a96be5a481690a40b39fa32f151448c31ee6c8b8b1fa7e88e089dd0ae818, 220923ae91adc7e0eec74e151d1b6a70351da03e01f168eaff7d0c7e8a6c4a14
DEBUG LAMBDA: 0693d1a734bf012b79c8705e8418c0a4719572ffda52303f00c22fe0e944dc3f, 2372de6da5cf8ded569fdece6f6ef5efbce9009b82a23940e006eaa79203dfb6
DEBUG DBL p->x: 18866ad304c0be04c595bc8756d9da7b291fc7294c7d0441b637241de245a6ac, 0ad2bf280ccdc56f17470c80e2a7f5145f6f7999c44e09b7478c7d059d6ecb39
DEBUG DBL t1 (X^2): 23ae1411161c47dfaf942b7eac59007c9cc7b452c8a0b3f9dccd245fecf06fdc, 0acb3fa1d592002f73177130433f2aac9bb3ac1319e15d8cf30efdb36e25d686
DEBUG DBL M: 0a419f4d7ff1974b9e1bf70f020850baa75447d588fe86d31e2654f215d75506, 2061bee580b6008e59465390c9bd8005d31b04394da418a6d92cf91a4a718392
DEBUG DBL S: 0e542999e93c9fac490cce5688bb7ff63ba579d630a090c7306d55fda9b4f0d0, 220f4340d9b62834f5e4f035884b8d174c39372e7f62d166843ca5027dba8ace
DEBUG DBL X': 266d786373f9b8aca78ace6d3f366804be4aef7074fc7e528eeba757a02ee69d, 1c63258d5f098cfb372afb03b0cba044fd75443126e131a9f11b85267e909fc7
DEBUG Q->z: 15cd5af9c9ad8a06c509c6f5ba0341ecfb8ab1a2c3feaa3e159bd55649269cf0, 1f1f1fc9f7143422f64af0e004733d7c3cd0bfff242ab6c77bfb43dd11cb7ec7
DEBUG yQ: 232e3602c34ac92c378027c0f2b7de5503afe7fdb13b035a99bc7983c52b3258, 23a1c5f2c7098198f715a373249fc61a391f9ad8c69e64ae1e3079d780884b22
DEBUG DEN: 15f81d92a563f22eb6b009cb63ee644c6fde6569fa043c27f75866f0b1d96769, 16df3d72ace1630835db012fc7be33d6dabdcb2024cafecf00406798289398fd
DEBUG DEN_INV: 19569f792d635972a280115937cf1f83b5600beb8b02f3cc3dc0bdbe8b89a496, 2680b8b3d6555fa693cb0688008412858cff46d80ae92b67fa096ff8749e8bf1
DEBUG LAMBDA: 1c8722845de3c08c750dee69b3383c1dff2dd040afacae851652cfc44443d95b, 072cf2a0e838c7de0f40e8295eb9b59ef3e3a9afcf363e6fec046abb42439c48
DEBUG DBL p->x: 266d786373f9b8aca78ace6d3f366804be4aef7074fc7e528eeba757a02ee69d, 1c63258d5f098cfb372afb03b0cba044fd75443126e131a9f11b85267e909fc7
DEBUG DBL t1 (X^2): 04c7e04b9d69a6d36bb1ca12c4ea8c0b42b0c2acb1fd2be39643734b14c00a41, 2d1dd844e19bbbd3bd07b09954a1d6b4f1fe226dde4df0fcc422084eea342ce6
DEBUG DBL M: 0e57a0e2d83cf47a43155e384ebfa421c812480615f783aac2ca59e13e401ec3, 2690ebe8e26ff327c676865efae2d363a6f79226ca063ddbd42500bf0da28c24
DEBUG DBL S: 2eaf5540f814f9f737be749cd78f845719767a797b5f98183be8b4628e7db417, 278c60f90a78bf7b0e869d3f9808a9c137609ca6b4342e27c0209670fb569492
DEBUG DBL X': 2c3b65407aef29f3191f740c7ae5a3ccdebfa591ea61d1d313dd2e09cbbd1915, 16b78120337b243215702feb1ab5eebc8713f870fa9b08055b4f6fb1fdebc673
DEBUG Q->z: 1d14264822ca49e033e0e2da2d7d21f247730b919399cfe2c8539b10dd774f05, 0aff14793f472d983fc69958076b679a7fb8d1868303599dfab858c2180833cf
DEBUG yQ: 11f3744a2fba79247f0bf745196eb11d77e9ede0511c218cfc6c8dbd09e631e7, 1ae88b958752bcf89a329986c2089d8fc10706de5b5a1b903df75fccd88a2e26
DEBUG DEN: 23e6e8945f74f248fe17ee8a32dd623aefd3dbc0a2384319f8d91b7a13cc63ce, 056cc8b82d73d9c77c14ed57028fe2c1ea8ca32b4e426c933fce3382d8975f05
DEBUG DEN_INV: 235e475bec9e52e4640f361a499a93652497a86796eaad620ec89d731c054f85, 0435e02ed7316e758b11ca52166b455217060b574a7664f86c164202946d533e
DEBUG LAMBDA: 112ca344ba210fc0a1d402b7966c5050bff2127356dba9c235ae3fe991540736, 2db5c636a7cfeb82d2265b6ac98ed6f9a4715cb491978e97ef6f330caca5f930
DEBUG DBL p->x: 2d6b66fe3625f1f61b0458e256d6632f3720bf4df9e3471caf3b5ed9bc687689, 249d594ea06df9f6332f23176df3cd442f44abd7f7fa432575973268b3344c29
DEBUG DBL t1 (X^2): 209539a86096d0586bb1d1165f5728779ebbb9d64bbfde33b6547b162b3f4c64, 027a7cac2168d159590e474ad7117776ca5b3c1250d0205957cee0c138e06a07
DEBUG DBL M: 00f710135f6130b5d274e7d61b02c8abad305860125c0580aabc5914d0c3ea9e, 076f7604643a740c0b2ad5e0853466645f11b436f270610c076ca243aaa13e15
DEBUG DBL S: 0a6da009c4c1da8df4c7b0aed1acbe365d52f95cb604bed8f2d8cd0275a5b129, 259f66c415d94608da3ee0dc21150a0994ddaaf9258cf7ed5397e9faa9de068b
DEBUG DBL X': 1933c25a1ac39d1e02084cbc5ead22eab4347cc7c1dfc7ad926fb32ff71b2531, 193b9a1dbe15d402f8af530cc30fe37ffd37530062ac250bb1f82c0b37a26e7c
DEBUG Q->z: 066a40272284b41107e2b5dcf1d32b895c05f02273aaedb335d29149a584780a, 0d4ba8c4ee3a18657a62b08e8d8a82c79492ad94e55fe7f7a85b13e098f6b969
DEBUG yQ: 1987c02c3703b6dbc3161cb3c152c3854e518f0fcc0704f24181bab084c39e08, 23ab09a374e983978c1cb5597b74e737c0f2aa89a9117da9b4b5275b15f08d85
DEBUG DEN: 02ab31e58cd5cd8dcddbf3b101242ead0521b38e2f9c3f5746e2e94a310a3ec9, 16f1c4d408a167055fe924fc75687611ea63ea81e9b130c62d49c29f53641dc3
DEBUG DEN_INV: 0b501e79e827d3f34383e8b90b52fb0e801d97dd84f19596921a00a94a4b72b2, 01e88d2271be90269ff0c8eb124b281ff54d448db87f787dace12903fedd0166
DEBUG LAMBDA: 0452caf2d7d2ff256c9b9f2f3c492d47daed2369090457a056f091d54fa35b4c, 015019d3edef4de87876cc532a68395032eab473f34c7bb71d0168c17707f124
DEBUG DBL p->x: 1933c25a1ac39d1e02084cbc5ead22eab4347cc7c1dfc7ad926fb32ff71b2531, 193b9a1dbe15d402f8af530cc30fe37ffd37530062ac250bb1f82c0b37a26e7c
DEBUG DBL t1 (X^2): 12f91b3d30af59c063d49fa316236ede60de116f6fc9f6bb828f5e4fdd3cedce, 0753d039925f7aa7016e8233c2da4671b30f2b596cf2cdaa2316fa2848d6a9e7
DEBUG DBL M: 08870344b0dc6d17732d9932c0e8f43d8b18c9bce6ec19a54b8d8ed8bf39cc23, 15fb70acb71e6ff5044b869b488ed355192d820c46d868fe6944ee78da83fdb5
DEBUG DBL S: 158db00b380d92043ce47cf42b0685c3a178e3d24dc8049de1e48b440b0cf721, 29b7e4cce3ad698534f1a791d1a6efb13d4396a39b57ba7b9b27d0a6e85456a8
DEBUG DBL X': 12065da2b997cf4bbe1c8030e0c4e2cef2efbd0f1fad8aeb21700e8fd19e668f, 1d6c5ac1dc8ec56471995e039011e4dae3fe40ceeaf4712e780d01a3e875f60d
DEBUG Q->z: 0dd76e55526e827259848a0604111f65d64eae8eb6cd7eb24df5623ea2e0225c, 26acc24458ff96850b736791f051cf6f65ed1045275c6732c137744985584e82
DEBUG yQ: 0a1cba13b504b8f7173681fa9499202fcb20d25d9e5d4ea27ffc5ae30e1b8e4a, 0a105007856967486a14c9e06cfe8852a7a4155d4355ee3e71866faf8fc18746
DEBUG DEN: 143974276a0971ee2e6d03f52932405f9641a4bb3cba9d44fff8b5c61c371c94, 1420a00f0ad2ce90d42993c0d9fd10a54f482aba86abdc7ce30cdf5f1f830e8c
DEBUG DEN_INV: 24912ba2d0c9043cd64efdef9b8bae32ab390059fa1c8a37129a32fc93683609, 07e3a46a5dbc5d25594b65dc39fc15468ff74d310f34d9dd42e13a2c80eb0701
DEBUG LAMBDA: 003ccf9c02580a2e22be1d6912324fa8b9753366d711ad8c8b4dbc771714b7bd, 265193b7c9b582e133146e483a74f14e2bf80b24c272a011da58308a4186e662
DEBUG DBL p->x: 12065da2b997cf4bbe1c8030e0c4e2cef2efbd0f1fad8aeb21700e8fd19e668f, 1d6c5ac1dc8ec56471995e039011e4dae3fe40ceeaf4712e780d01a3e875f60d
DEBUG DBL t1 (X^2): 2892b5fadc8692f180f15cbab27c4ff8ee2d44ed72c752e52df15b8cfae0ecb2, 22da04b63c918d20fe01eca9a77d3b4554e3708460c88ff7a24562e146bc44bb
DEBUG DBL M: 18ef850ad330788112338ac314723f2f9b84f9a5877263951192fa793fa8cb88, 07c5713cf351670f89653a8ff3750114cfa77c6a51761acc6e8f1076233ad3a3
DEBUG DBL S: 0d2d947071352f4f3f4b7415ce5c2498d7314bc5f2764155f82fc31dfad14285, 0653781d15167cffe90220b2af1e5c8b5b8a43bce28364d4c4d84608a8f7983a
DEBUG DBL X': 231118f54443c33ee9ef9bbbabd98d8fcde302502e9d96aa6654f870c3c8df58, 2090773cba64493ed7f326d884f14de96bf0214612b691f368f55ca2a4c5336a
DEBUG MILLER RES: 0d8812a07f0c36fb6a6577081c66c0e4cdb6a6004448c5d6364c3aa9636841bf 0a8c60838bbc59fb644ce99cbf5b8899bdd16e3be609c6f08514232640504394 26fa47ad5a3da171e7e849390e26dc9af2b9bd184582255d67f0af9a3ffbd59f 02232e54145fc0f685f5449c0ae23f040a68b6bd452751d9c5c34cbfadf540d7 16fafd9f6bf65859f2d6819f3adb2119f08021b6e18fd0847de82eea7f5c6ea0 23139dc047698dd38ba3c5e93753f7000a3bebc7f31d0b3e42b7ccc25f496d3e 0c648b510c75a0312070f37182270acabb37201fbc01b321902bb0359558e914 18a309227bb7b8a7d6e1944e47e3a2949ec509003dc8058311974a3c1a8c2de8 13eb08f1a7452ff65013f93035ee23b7b010f006b58f9c912f77b3eca9f718f2 16c50622a0f8da70ecfd1dfc0d777fd57bfe87ba5623744dc36f7138d7f7f1e4 058379fee1c430802bf6d2355fcb661a2bbdcebdaa7e76e2f8930fd0c2a4f446 0757251af6f3c4c4602ea66db3b0b395161bb58a0f52d4d43f98423a049c87e8 
DEBUG Q->z: 0000000000000000000000000000000000000000000000000000000000000001, 0000000000000000000000000000000000000000000000000000000000000000
DEBUG yQ: 1d9befcd05a5323e6da4d435f3b617cdb3af83285c2df711ef39c01571827f9d, 275dc4a288d1afb3cbb1ac09187524c7db36395df7be3b99e673b13a075a65ec
DEBUG DEN: 0ad391272a18c45322f962b565ead73dcfdd9bbf4fea2396a252f4140a8801f3, 1e573ad23071bf3ddf13125baf68f1321eeb082a870aaca690c6d65d3637ce91
DEBUG DEN_INV: 08db31a544999b1d4595560d098782fd8189195c36c3637ac0230dd48feeb96c, 086067a5a3a52307a1d55dded36e0c3f8cf5f33e6f37bf7ac220268da6af08aa
DEBUG LAMBDA: 0ce69bdf84ed6d6d204fe74db6b371d37e4615ab1b3d578c32d1af5736582972, 1e23d69196b41dbf47d406f500e66ea29c8764b3fd262357407c3d96bb3ba710
DEBUG DBL p->x: 1800deef121f1e76426a00665e5c4479674322d4f75edadd46debd5cd992f6ed, 198e9393920d483a7260bfb731fb5d25f1aa493335a9e71297e485b7aef312c2
DEBUG DBL t1 (X^2): 3010f575ce4a684cc50cf0ee970804db4f648c358eca242228ef10bdd6158959, 040fec49d9509ae2dfb8c2cffdd54ce8d4fbb77bb051b087926cbff20ae6911e
DEBUG DBL M: 2f6a437ba87bf892de86475ec2155dd6bf2acf7ddb7ad74c028c1a0bd146a17d, 0c2fc4dd8bf1d0a89f2a486ff97fe6ba7ef3267310f51196b7463fd620b3b35a
DEBUG DBL S: 0f62f1b1d04aa48258588a0ac438e108b96ba5fcad44c1917e688be4e54722bb, 2adeac2c76e00d005d9ee85797bccf5f2f0f093aa97d816b642d8c861ff42ce4
DEBUG DBL X': 11d65cded12c87317b95c05d3e9c3c98adb8624eb3bce1ad8fcae74c62173d99, 168dfeb5f21b6dc0132207965bf363ee17eb5f9e60297b13913fa47117bd9d56
DEBUG Q->z: 17c269b61780dd73d4774087578f21bab3e3b70e231625fe901d4ae7e600697d, 26e665d73350093276aeb8363b3902c253d76e2ddbe0caaa6e8fc438a16184a9
DEBUG yQ: 06923d2ad6acc5b0274eba14be574d04c715446fa4942d67325c9f68c93b847b, 2ba4451aa4c660a778bafbd39c409a2ca793c46c81f9903c83b8d713cfac79ef
DEBUG DEN: 0d247a55ad598b604e9d74297cae9a098e2a88df49285ace64b93ed1927708f6, 26e43bc2685b21253925b1f0b6ffdbfbb7a61e479b8155ebcb512210c6dbf697
DEBUG DEN_INV: 262d488ae37b33a4a1b6e9d6c0d1f9ec2e5ad8ad0a1913e5629c5d57a571389e, 0498659be5e96938ff3075de5c29de8e9e1cedf6367c2ea7754c3ceac4cdfc07
DEBUG LAMBDA: 26388dc234b7e4bcb56008dc43db9019115bab50afa899f46b757f75434e51b6, 024c09f8e0e62d8be1c4ac7cc0961114aad8a54b66fcede2368765bc246e6307
DEBUG DBL p->x: 0960750b29d1c6682b1f37b3d973d516dcc17208dad2dc3786fd0c85252b39e3, 29b62b4a4cb455fcd9e6c6c63333833a913465a5fd4304ab47ff3b6b63abed19
DEBUG DBL t1 (X^2): 2fa0ab3ceee11abf2c1f02e85b3f8f7b4623bf9829467a9af0575dd546e579f4, 01150a20713c82cfbcdd03bbeb9670ee8390a59cf2e8d3c107c13123c70f6919
DEBUG DBL M: 2e1964d10a400fea13bc7d4c0ebbfdb6a36869a5aaefdab658c5015223b6734e, 033f1e6153b5886f36970b33c2c352cb8ab1f0d6d8ba7b431743936b552e3b4b
DEBUG DBL S: 00909f429efbe5b20ee460e3a80bffa34a38fbb9ac76ab236f3b021169c8e55b, 1b71d7517ab51cb5e453274167b921f41b4c22947cd1ab37b9753537e0ff88d2
DEBUG DBL X': 2f97de5b433a9af80300e3a323bc5aa73412e86b82303094cf1c3230a76f3619, 0766553989c8bd6497144de012d1d9ed5e7d1894e12faa47b0384adc3a77c74a
DEBUG Q->z: 1e6943678b06208ab2b174118a014461ca1e0aabcc01d7a039d10faad463fc6e, 19f827d6c804cdf72e41f18b21891da0fdf4864562266477b30213a218fd8833
DEBUG yQ: 15783560502f61cf2f079c56849c6c48b2b7f9b0425e4ddb4974794b18a822bf, 235646a5d210ea2d000506b068b4340ccb4460076264aaa9b4a1c8e93d8c4638
DEBUG DEN: 2af06ac0a05ec39e5e0f38ad0938d891656ff36084bc9bb692e8f2963150457e, 16483ed8c2f0343047b9c7aa4fe70fbbff07557d5c578ac62d2305bba29b8f29
DEBUG DEN_INV: 29890dbbde6216a5562ed08e27895cabe785cecc07d2983d00e069b12615da6e, 10b056d2d477c61a9eec7116e22ef9789c3b896bdab99de89af8146c985c5533
DEBUG LAMBDA: 292d0b73ea1aedb9870ea4601ab871fe6d0348bd5077622fd585b9b76a437a3a, 055d88101e144ea3b1f7a8a6c0c353003b61a055141869c353925a29343f9e69
DEBUG DBL p->x: 2f97de5b433a9af80300e3a323bc5aa73412e86b82303094cf1c3230a76f3619, 0766553989c8bd6497144de012d1d9ed5e7d1894e12faa47b0384adc3a77c74a
DEBUG DBL t1 (X^2): 0a4161a92a0be62551ecf07eb03ecad81de79bf5d965149e51e945cbe43a6ee6, 00f3373e63ca20f1b16c14afdfc2242c351ee70c214e3bd9066a8d2cade52e76
DEBUG DBL M: 1ec424fb7e23b26ff5c6d17c10bc608859b6d3e18c2f3ddaf5bbd163acaf4cb2, 02d9a5bb2b5e62d514443e0f9f466c849f5cb52463eab38b133fa78609af8b62
DEBUG DBL S: 172c79093c3939bec51982de9ad107c5fb0d04e1b42ba841afc5b15876476485, 13322177b6eb3f0dbb195707f5f7dbb67dfc1807e51afdb6d32abf26ffcb469e
DEBUG DBL X': 05d1aabd5e73bcdf9b5ca460951cf4d58aaced324af33d3eb77708a7522d5551, 2ab9c968765d81bf483c60ee355b81d5a42e69bb6e61f45148fb645e27bbf9a4
DEBUG Q->z: 2c10d5a4c1f7bdd73aac8dc1a8f52859bfb405a86d4d39418b3db619ae57f93a, 2cb0ec5c134171551745460c390df4175f3b100485b1bc2967dd6cbfa1327058
DEBUG yQ: 077ff8b824bfeee2db8aff31264bb7f0b353dff66d4af9640a928a17d51c031a, 0bf722c41ede677165d2c15b59056288314636dd68f08f60cf4196bbcfd05532
DEBUG DEN: 0efff170497fddc5b715fe624c976fe166a7bfecda95f2c81525142faa380634, 17ee45883dbccee2cba582b6b20ac510628c6dbad1e11ec19e832d779fa0aa64
DEBUG DEN_INV: 0d68a008e8ac953cf12155abda49b59ef300c28e92adcb4fd6f0cfe710a995e2, 194b02d407549b1087849c3213b74db2e8ce366574b2570510b987246e319b7c
DEBUG LAMBDA: 2881d30c31025683375f63805c6749cec037db53d1ee0751b382a0d27c4d7f4b, 076806638133f68ffab3fc1c586efe517ab05cef8880219e70793bab5273718d
DEBUG DBL p->x: 05d1aabd5e73bcdf9b5ca460951cf4d58aaced324af33d3eb77708a7522d5551, 2ab9c968765d81bf483c60ee355b81d5a42e69bb6e61f45148fb645e27bbf9a4
DEBUG DBL t1 (X^2): 183dfdd2ea67edfef319c33a207bc8cdf4c86a5c3ddb12e6b32a8ebdd9f2b033, 28a93a5ef7d8121dcbc7ccebeeee029f0c856fcfd68bb7e0efa07da380e46094
DEBUG DBL M: 1855ab05de0629d320fd03f7dff2020c46d7d483511f6e26dd5f2022b55b1352, 193312372524f605f2b6db56c9c75721f68d7a4cb2bf928856a060bcd1b3272e
DEBUG DBL S: 02a3d0d0153c62bfbe573a2b7c9f9d8b4719ab37e1398d5a51e4b05e276b97db, 0501234d31dde1a598c9ca978c12ef5fa30ccc2a17e5ee9da1600604e8a97f2d
DEBUG DBL X': 2e80c076e54ca6c6974da8f73092dd1f074f6486d9a40f554b37a0f2c331b0d5, 17dd2dd4fb6f6cbce76ac796394ff385a8a62e0fe4ecc4194302aa12aa31718c
DEBUG Q->z: 1be538628fcfe29233017b8bbf86c1b04f5907055459d02e1d826e1bf0082e7d, 15f37e0af149a499645a2368feec6d6e1e7f0e5cdf3252d2a89ee88f397d4334
DEBUG yQ: 08a294ea89218447b51d54190325d1d5447f6c45014731b254467465f485f5bc, 09ff5155a2292cd5a14d10a42a6f8e4e0aef597178edac81aa68f44d7a11fbc0
DEBUG DEN: 114529d51243088f6a3aa832064ba3aa88fed88a028e6364a88ce8cbe90beb78, 13fea2ab445259ab429a214854df1c9c15deb2e2f1db590354d1e89af423f780
DEBUG DEN_INV: 070aacb11daf75a210a0c92fc1ed87eb022ac2c3dfa8576c832ca8332780b583, 066497112e26cb496a1f26f0b3a28b083ecb002c7d713adbae5ece221a031ee8
DEBUG LAMBDA: 05f825615e25ed99100c185c4d9ad004833b91a42aec1b7faaab2d965e6826fc, 021c5362bcf10f954bff7fb2d90b0d8955a7c600fd0c1ca7c0386f00deb6879b
DEBUG DBL p->x: 1ca3f54e51e3dcc6e41209a040be782e471601c5ad0e340c9082accaa0198712, 1dbe8de8f7c744ba778b62c18229af17ff5482caf85133e5d266b7274c1765e4
DEBUG DBL t1 (X^2): 24544c68a74932531012b3c407b79f05cd159ac5d766dc3db22739b323bda92f, 0419236108f79f8affe432b60ab47d12e2d11c0f5fefe1f046d1acd00aa01964
DEBUG DBL M: 0c344854337856a5bf978fdf14242c56383dfb2eb550ff9e9e3494ebba3f00ff, 0c4b6a231ae6dea0ffac9822201d7738a873542e1fcfa5d0d47506701fe04c2c
DEBUG DBL S: 21a74f2585ce72b735d49d16ee109cbb2b35503d4d98ecd2be8f7f3384e898ae, 0c682c3c8858ca511cb423cf01aa79504603443f3b7fb284a347bd1d4f082919
DEBUG DBL X': 245c26279f96459724e92fe9eedbabb8b514b86c76674bf2e991ccff08798a02, 111aa7165f298b46d9e8f9278f4b0b134e7db3182023853a113e78983e158d61
DEBUG Q->z: 172728ddcba2585e3c79d19b5a68fccc92494f0c0a0d845859be8b95ed198b64, 1e193eba7709c6de035a649bfdcb639fb81fc5568f5ee16aec22875b59599a3e
DEBUG yQ: 2b98d4042d5a023d7cb0efc134551cc425a5a79202159b063e9e3d1004b378e6, 2d79d335984b1e4568cceea312e3944c97096fe460dcdfd7fbaf757bc56befff
DEBUG DEN: 26cd599579826451411199cbe728e12ab3c9e4929bb96b7f411bee0930e9f485, 2a8f57f84f649c611949978fa445d03b969175375947f522bb3e5ee0b25ae2b7
DEBUG DEN_INV: 0c441a57715f783eb09660ccf6fdc7074eda87065d74f95786a5b525f45a6010, 2733f6ddd275c7227ac3555beb755c538c78558017ce1790a50183dc3ded9d7d
DEBUG LAMBDA: 23489fcf0c95a882c9f75dab546bed68f0e2a82d3f450cdc7a53f4cd5a95f9a1, 235cdf0b91a0784fb1309a86445de40a06cb7c7a11a6c76e83b2aaabcf076e18
DEBUG DBL p->x: 109528b33c5ff64dcf285f1f274053ad2d335fc94ac641e5ae3a51411e941d66, 19d9bbca928229340b20e6ded402c866b179479a0e96ed302e88d72ff9e3adfe
DEBUG DBL t1 (X^2): 08fd04c6a9485071d7c5122ad20bab6cf6d1044f9c30071e73b3e5bde9664c14, 2c830360d48860b7ee7562f3574e5e877d103642e5fd7c01cf233dd084c1226c
DEBUG DBL M: 1af70e53fbd8f155874f368076230246e4730ceed490155b5b1bb139bc32e43c, 24c06d3cbb35e1d45abf9d6d02e86adb482dcda5e114deeaf528a143dd496cb6
DEBUG DBL S: 2540b5cd58d55cb72f1c29863d257320767a5110c04e331d34cb63716525bb0d, 0044feb43b6daf1abd3689caf546b529df1c8b1ebc610716b479aac4076d56ed
DEBUG DBL X': 19ae7b53a19002fba224892e905828c09f1a257dd9a2c43d72719f46f1d77661, 1770f1418bf5490f6621fc4115b3daf67b4cffd4affa1ab22090163a5fc5c0e8
DEBUG Q->z: 2526b778b14b8d86f64d46ae7222e26630757a789360e3374ac0a9c163fd3af9, 2fe282ecbbb8ced17aa948f2cd70c4f8dac604adda1cb5dfe5f62e58b1917174
DEBUG yQ: 11954f48379d3cfbb52ca7e8536dd9ed99bf0359e0038bb16893063814d47639, 171f80c34ffaac7145436b83ef1ecf5e911d0637bec63d85ff022d4434918700
DEBUG DEN: 232a9e906f3a79f76a594fd0a6dbb3db337e06b3c0071762d1260c7029a8ec72, 2e3f01869ff558e28a86d707de3d9ebd223a0c6f7d8c7b0bfe045a8869230e00
DEBUG DEN_INV: 02d0c966cd4100da0a49be3a45f9943d1f665f3b34214d5906af11f668c7bf11, 1d5d4e40ce178e281dc0098c32d269cc0350ad68b873617da8326acb8e982d39
DEBUG LAMBDA: 0d487a01c661a8a1a8ef70ce19f54cf5e9aa21ef9a7644f46eb772561c37da33, 2892977f2a81b18b78f346bd8f2b9ce52d2dba36c85d8b3785aa126fb76ae27d
DEBUG DBL p->x: 003fa7aad76bed1a210a561f2a1a60b94840b9fd388d6c053d7f5ddb78369142, 2194af634da681113c24632f1591d574ffcc27a5d22d05a58ff6e94b12cb19a3
DEBUG DBL t1 (X^2): 07eaab1ae3c3de63d86b44e7bbaf4664940f545885ae786e10d836a876b9df31, 2b1a2d7612212830883f44593c1691a95cf8e24aca046de382d94c54ab9fb4c8
DEBUG DBL M: 17c00150ab4b9b2b8941ceb7330dd32dbc2dfd09910b694a3288a3f9642d9d93, 2085eb7c7400383e281d419eb1410440e7e7d1bd8d29b490104accd051e523ca
DEBUG DBL S: 07cb5e0cbded2587683ecd91330e6a7b97d221c271100e855104c4b7c512f9ce, 2a4225f9af0bfdfd422e3711b11b29fc1566d88874947ea0c5e81f4901bdfa9e
DEBUG DBL X': 209325a2953a810f97d6a2982850a5b0303fda0520d8042746b526d4e0fdbc91, 0acbe81fef887bb6f7a2405225e8ea5bc93945ecddb84d8132b5735e0f741570
DEBUG Q->z: 17764d15a157bf10138d3bc34e743eb9606b0c08b8859d07d62c0caf60baa310, 00858736aa10209053c906e1a59505729080b0ae05840c44ea115cfad6ab49a9
DEBUG yQ: 08c9cbb50c9a8288cbc20803c08e5df9dd1787dabf85ca5354ce04317b3b19eb, 03c84b72ad56ef501f547428f4f24358ffcfc41590493838742c3e45e2dc003e
DEBUG DEN: 1193976a1935051197841007811cbbf3ba2f0fb57f0b94a6a99c0862f67633d6, 079096e55aaddea03ea8e851e9e486b1ff9f882b20927070e8587c8bc5b8007c
DEBUG DEN_INV: 0274319c0724a83e23d3bae654d6cbeae5108ad1b4c2022adae73a74476bb73f, 1a5b439c79e50f027117f3c8c0cac2cd3916f9ee609f2ad92f961955c8ab8584
DEBUG LAMBDA: 1f69022c208296b942054954178729532cf72110a0f903f69be77d6ae1f14a31, 17a220d46f9233672aada92df15f3e42e1b260d6d70abb5d1552b16305274e48
DEBUG DBL p->x: 209325a2953a810f97d6a2982850a5b0303fda0520d8042746b526d4e0fdbc91, 0acbe81fef887bb6f7a2405225e8ea5bc93945ecddb84d8132b5735e0f741570
DEBUG DBL t1 (X^2): 1bbbec033e26b15938c7a453ea296bdeb2a1056794cf52387f6fe9bcf3059303, 1fd1ef5ae25451abe952666a66a833702da39e92924dbfebd1b147498712390c
DEBUG DBL M: 22cf7596d94273e1f206a7453cfaeb3e8061a5a555fc2c1c422f31200093bbc2, 2f117f9dc5cb54da03a6ed88b27741f2f16971264e77753638f349c5bcb9addd
DEBUG DBL S: 128138d27cfe4caaedd79721c07a541d2c5dffb39a989b1be05ee324f8dda080, 147de48010b1df24fb8c801c76010a42caaaf4351bd49c0cee490223664fe296
DEBUG DBL X': 08ce65c494df8b1e2f414b35b8cc7911ccf0de5e373a1c052f063d10df9637ab, 2f43d2dcfd88f1ab36b493bb872d578958dd700dcac719be43302614ae1c9925
DEBUG Q->z: 0a53f1557b166ce63170ec56bfa545a0c1a3c75964f017155ed71e4facd18965, 02c6905f4cd811a838068f5f9207339926590f1fc7ea51ecd22228110221ea42
DEBUG yQ: 160a7bd59f65caf7ac93104ff7a9eb972476a72afe17e78bfdb3708f57fdd412, 2ebdf73cc73d7594e787685c4e9a587373fce397822f3b174569ee7fb4c0ad8e
DEBUG DEN: 2c14f7ab3ecb95ef5926209fef53d72e48ed4e55fc2fcf17fb66e11eaffba824, 2d17a006ad494b0016be8b021bb3588950785c9d9becaba14eb350e891045dd5
DEBUG DEN_INV: 07c61b5770bef47694ee86d669a42f90c063e449c76a7a758c91b0d8c2852b40, 1fc66586b730d4c3991c705be41dbbb7e2027a5832696410c503a5ab11d7e2a6
DEBUG LAMBDA: 24fd6ea66689a2c1a7258a1da5ce5c8711d0619e7b62275d040a87631d4842e8, 254831421c1ab351bb7d80801a7cb9ae12022181f016492510319c4b8fd45ecd
DEBUG DBL p->x: 1b9947ee7623f2cb8d49b328f7dd226de94fc619f34fcbd6a0755f3974488ae1, 09fd446aff12dea44588033fc7995a2aebe03b98d0150c2587b09520a788d754
DEBUG DBL t1 (X^2): 0fb774fe6c9cc220fd024ab97447e42a33f2e698943b06130df91127ae71c095, 2f3e9b8eb4f8156cc920dcf69b824eeee8e8a7ca69696deccc82b308a1edae5b
DEBUG DBL M: 2f265efb45d64662f706e02c5cd7ac7e9bd8b3c9bcb1123929eb33770b5541bf, 2cf335c65c84fff2eac20b76cf843c118bb7223c6b58b4abed4700ec34cf1083
DEBUG DBL S: 193f550908f75ba2d0b96c14c46e5fdb57e9621f0cc1bc310491ae83204ad4fc, 2b3f594c89b40ba4e15f98532d7b6ebd8bdac8d534614a6879b519b6fed540a2
DEBUG DBL X': 0a5d48b8b398565d0a880de2607468d0b772b3a25873a121f25fb8e271778378, 27d589f3793cf568f8dd7fd477b98fd60ec82fe636cf142a3a59b1c487be6e0a
DEBUG Q->z: 266501721559057e04eeb368b705dd770a90ff6550ebee29055cd56a5380ee39, 2c157450f62932c04f3e309e818fcb748d056e75bd17225d20ee56d30f900959
DEBUG yQ: 0c7c52428684ff6fc4549074cfc4ab44b9d68a2297c7d01443c50729ba8f6de3, 03b08a8b9917e8601e957296662d5c28e0c62794de688e9ffe918570348903e2
DEBUG DEN: 18f8a4850d09fedf88a920e99f89568973ad14452f8fa028878a0e53751edbc6, 07611517322fd0c03d2ae52ccc5ab851c18c4f29bcd11d3ffd230ae0691207c4
DEBUG DEN_INV: 2e8ebd6b65b41aa94b41b2ca81117b1f995664433b03a817ead1496adaf3e179, 286621bfee7103ea6fd22d4e0f07af7f2d0153f43f77be2ab8fdee12a7c22f03
DEBUG LAMBDA: 0b1ba341c04575a34adc5897beaadfb3e1cb8baa5364bea02b7f6caecc40e5ad, 0ab3bfa9c597030aa8e2b0dd27bc3e0ca30426dac37cbcf7167cde889e0864c6
DEBUG DBL p->x: 0a5d48b8b398565d0a880de2607468d0b772b3a25873a121f25fb8e271778378, 27d589f3793cf568f8dd7fd477b98fd60ec82fe636cf142a3a59b1c487be6e0a
DEBUG DBL t1 (X^2): 1578bd260c214c055132a691a0c97512c18e2d09b725b2f2a6dad62f5ac5ba23, 01625c242ad11af3705d9059731c8bc346475d70cbd0ca2017f1b7fac3b57aaf
DEBUG DBL M: 1005e8ff433243e63b47adfe60db06daad291c8bbcff4e4ab86ff67737d43122, 0427146c807350da5118b10c5955a349d2d6185263725e6047d527f04b20700d
DEBUG DBL S: 2930996c1bfd832fafb435884bdc73c621d543e247d003515a174338f5dc874f, 22ae5c94c1e04e9e46064c379a341df401529c5b16fe8c3529a496f9f2231470
DEBUG DBL X': 04833e114a2694961e12a99b2c205defcad42b4e2e82a4474fe232b6378973fd, 142bedd6b44d0c680bf63389b2f3909530aeedb5721628cd72c68f47839c9cf0
DEBUG Q->z: 0858e974fa802d716f2ec4f75211d77ba17a1753ddb7a57efe041c8a7b551e7d, 05b5b3fa6fac4a87c693c7b581bd705e45ff62095a56ec178197d5814d654ec7
DEBUG yQ: 2b07577d31c3941b7cc0692a952dccb797e558098b067cfcf369dd1ed80f1437, 1c85283e7a78288d749c8804fc3b30f27e2a38e08d0306155c96381267ed7dc1
DEBUG DEN: 25aa60878255880d41308c9ea8da411198494581ad9b2f6caab32e26d7a12b27, 08a6020a13beb0f130e8ca5376f5098764d3072fb194419d7d0be40df75dfe3b
DEBUG DEN_INV: 21ac63b304a5d909eac83b4825428ddd61a1bf1b6660c48aec1a58b43a11673c, 1c79b58bf3d6890e393a1a32b2db59f6f4ce1221139b00af30cf6891c0aacd9b
DEBUG LAMBDA: 0b1a1ee90cfc29c0da4c5c995a722a6875db12013ea5ba8895580120bdaaa308, 0d232ab38485d85091e58a2a6812728bbc637d0a3f7260c5521f9c7363c49c7d
DEBUG DBL p->x: 277f8357e0101365a5d7a9db925353356f544b5ad18440a7ceeac0b747a9fb7b, 07d1299748aa1c176187c983fea7a6dd1d87a0b9ea92caaf71fcb5c748c23aa6
DEBUG DBL t1 (X^2): 1aa6f6e789c26b455ec85564a870c855a916e509f08284eeb53379c5ea93e39d, 1558190a81ed2e44dc7ca59717f3edc47d3b1af6a048a50d5d96099538a31be4
DEBUG DBL M: 1f909643bc15a1a66408ba7777d100a363c3448c6915c43ee379e13ae73ead90, 0fa3fcaca495eaa4dd25ab0ec65a70efe02fe6527868249adca190a8d16c5665
DEBUG DBL S: 20666a3147998a11b9fe7a85eea8f1ab3209c391c17692f624d16248da83166e, 102229bc1aeeff9bacd75495754f0d462663679f59b8b2a3241c3d55eda70bdf
DEBUG DBL X': 2e2f6f0d068f9e6ff7448964587fd974862bbda7fb472ad13a25cc83c62ee2ff, 201a89fa845900c9123682e4e9be4586a205f71412c2fbb5261e60ec72a69763
DEBUG Q->z: 2b73273dc0d7bde6c8b1ac842e79c81b2aedc9a5342ebc179f89cfece413f480, 2e14b51f56d2a34492b04dbef223a0d0ef013bcc6ded73c9931ce234050824a3
DEBUG yQ: 26785c2e096bb7e5b6db93d00698d049491dbdfe1ecdb40e4cccff46e7071933, 1fbd59e75816b11cbd765652a559d06934a1e73046563a2f93758efb3a78930f
DEBUG DEN: 1c8c69e931a5cfa1b566e1e98bb04834faba116ad5299d8f5d797276f591351f, 0f16655bcefbc20fc29c66eec9324874d1c263cf243aa9d1eaca91df9c7428d7
DEBUG DEN_INV: 2486837a29cf0de7e351aed93252f7b3f1b99d1076c77707060a9de0e06ec3ad, 0b38780ac36fdf6ca3e50a380e601b66434eaf45924be5edbca36cce75062c3e
DEBUG LAMBDA: 2d69388d651665e063ea374c73ccf2f67d961288358e4e58e90c9b0b9cc351f3, 069d850a4206a28ee5c0468a592f0951b4570d00883c62a0dccf7bf9c8b5be6b
DEBUG DBL p->x: 183f3ff9a9361661ba91c47751772be6d45843bc33969ac47605226df2abaab9, 09779e750f00adc69444f808b7883786be29b51177a92f903637a31ea1689678
DEBUG DBL t1 (X^2): 20cd785993deb3fd2b660f0d6192a896c6500f2e25ee607c7d001dc214cebabc, 0420791e300c7047957ccf3a26b64f001febe246a710c9a1a046e39bd9751116
DEBUG DBL M: 019fcc26f938dba41191a1bb21b5490923ed5867a0e78c5afebf41188d7235a6, 0c616b5a902550d6c0766dae7422ed005fc3a6d3f5325ce4e0d4aad38c5f3342
DEBUG DBL S: 21d078ce0666f4ac377fa36c07c95388dcb66da7ef6e7a80130c3fc26fa65f11, 2463d571e2b16b27d4d12b225f8513cbea6818ad12a05178827695af77847725
DEBUG DBL X': 12555ccfb4651779461b5323b9dbd7f6ec3905b321d013d7d47e9a91d1c7cc00, 10fd70f05958075c993c0e0953cde39137d0d06a29fef7dfc9b3558f4e120aee
DEBUG Q->z: 246ba1c78de729b2bb1f96b3b83e9be9d051f601fb26aeef21d7cea142a02311, 233504d5819c5d80b28591b8a927f2a527d096f913c2f83eb43679a47455843d
DEBUG yQ: 075b7a91fbbe72ce8b6cfeedb569d8a2f2506c19364af5cca9d2d0ca643953ba, 154c86cc453e6c4f5f77f9d532a0184bcd641e5f6149ee0b567e6fc8baf1eb65
DEBUG DEN: 0eb6f523f77ce59d16d9fddb6ad3b145e4a0d8326c95eb9953a5a194c872a774, 2a990d988a7cd89ebeeff3aa654030979ac83cbec293dc16acfcdf9175e3d6ca
DEBUG DEN_INV: 101270f9996456b69d1f37a43de20a133120b3c580cde337ef5e1d803cdcafc5, 0140b0c1e2906dacdfbe632e15063f7959c0166cf4095a6bc57367821129ba42
DEBUG LAMBDA: 1caa86fda3e84baa7d4aa581b060b7b5c7d3631357a0b733a782833fa1a730cf, 1aa5791ff1dd7fdf8fe7a999dd04cd7406a63d3c87f78598c4c822c462be80dc
DEBUG DBL p->x: 036c20fd34c5c0f3b93d3997605423748aff50000574a678e8ef9700193f48e4, 2096e5145036fc7913d2fc222d825eed843d88684a5b827ed89a7d6d79b15867
DEBUG DBL t1 (X^2): 109e3eaad6bcb007c63b254506d32f7138d1ade2e2a74999fb068f66caad1036, 1ddd99fecc9d8f1b96ac70171584d102540df299a164dd8b097f81f7d83ac226
DEBUG DBL M: 01766d8da3046fed9a612a1892f835f612f39f173f841240b4f3221d878a335b, 29347f8984a70d290bb50a8ebf0d1aa964a86d3b7bbcce13e05df9d0b033492b
DEBUG DBL S: 05fc18575adf546760d568870877263812e61bde613b6ec371f9d0f3eeff00a0, 1db3d735b2abbb965fe8d757375d72bf4b6b0128dd38abab29fc7eae242fdf3f
DEBUG DBL X': 246af85d25c555d21d0abd22beb0b93c648e9579c4d6d2e2c1d943d17d916aea, 21cd5a13136da428fff3fb9c703f0d660b5ad7b42be16e5ce65deace726e4fa9
DEBUG Q->z: 078ab4eedf02184de359171647782b43ae712ab8a0f954252cd97b01181af3b9, 28837c23734197684d4588e209b1c0f89f95ecf8e77fb56d1ef070fe06ffc6a0
DEBUG yQ: 1db15be2024fc9d0572b23481efcab64429747cad54844f576902e7531d3cbc6, 2cc8efe9f5f3af3cbac32fd6089195d55a0b99ad930a134284d15dd88d36debe
DEBUG DEN: 0afe6951236df376f60600d9bc77fe6aedad2504421ebf5db0ffd0d38b2a9a45, 292d91610ab5be4fbd3619f58fa1d34d1c95c8c9bda25bf7cd822f9a41f0c035
DEBUG DEN_INV: 0b5db900f603ac6c91be9e65b178d6550340417d0bc835a64729e140597a6cb3, 1600574814f46f864facb7eed87871e39b9ad4167844e2db36173ff52091fdf9
DEBUG LAMBDA: 1fe3d9821ef8a00a56c021abbbf9e7875f0c9fbcf0cd81fb5d71ff484a4dd654, 29ce1dd1718343116421f965343914c293161ddb427e0e61fc6dc69550ffc00c
DEBUG DBL p->x: 20316ec6cc635cd980bc1b7e11cec504d5a7b010c293be968f1b02bdf0f1ef42, 25bef6b3dd6bba4a3f153b1174397b8abf36db5c744bc6524ace7a2e0510d056
DEBUG DBL t1 (X^2): 10e05b6d32935d4e8a4c302a0b9ffa0715b03f447b28a87202580dceef2a3931, 1e6f1a6e9116f088f949e7a0c2dca357f490a5775b1ded2ae64868001984acce
DEBUG DBL M: 023cc3d4b68877c1e6944ac7a15e95b7a98f533c09082ec8cae79d55f501ae4c, 2ae900d8d2133171338d712bc71491aa463085d4a8e7fcf376b8abe974110923
DEBUG DBL S: 20f1cc1556e54baeda34b76980b0809c3d350c6ab805e1deb8ce575e4f619b77, 2f466c64f6b149c961f7b2a7d72724504e757f1a6b9064e8ddfd12bc156aa736
DEBUG DBL X': 1b64a3b64a2fde86bc0ae122049d5528c23cbd9b5d621f74b5155958077fc410, 2a0391d97a0263660eef0c13ff03d8b52444658e87dc50df31f5a5545e5e2e3e
DEBUG Q->z: 1db5422d728214892bdb89c922d4bf5122a33dffce4087276f59083bb450dbce, 096993f16379d72f58a59566a0ce4733e23ca705b84412f389b1575f8bee1782
DEBUG yQ: 1e601d420645587577d185974bccf9a8f25c1b142404d0191b7fed834425a66a, 1c116636322b24c26fdae38f745363e7ffa8dc4f63a0a85636dcc9a5300657c1
DEBUG DEN: 0c5bec112b5910c13752c57816189af44d36cb96df97d5a4fadf4eefafce4f8d, 07be7df98324a95b2765816867256f7267d04e0d5ecf861f31990733878fb23b
DEBUG DEN_INV: 2b8cdc43a421b68127f764055f7e0441b4f9b2ad0d19a09d8459de570b039c36, 13a828960cc97542060057a9c2d808c6b6371c515b6d4b3da920f10b80755fd7
DEBUG LAMBDA: 1f41c8148bd674c0cf24c40bd68bf957521ba2a20a17f133309eaef2322e8d12, 00631ca90afdbb19ee51e2bdee395bfa7638ad6f8db0d246b6fd104084640056
DEBUG DBL p->x: 1b64a3b64a2fde86bc0ae122049d5528c23cbd9b5d621f74b5155958077fc410, 2a0391d97a0263660eef0c13ff03d8b52444658e87dc50df31f5a5545e5e2e3e
DEBUG DBL t1 (X^2): 1e677317a8064b8ab784a5b147c7465a852b7fe4306d59fd759af6a736d483c8, 263e11b59b5d9ab39019a60fcd63e43cc0dd3b41585048bd803f4f453ed053b1
DEBUG DBL M: 2ad20ad416e142766e3dab5d55d47ab1f801151b28d6436b24b057decc008e11, 11f1983b0fb58fc73fac66c26528fbfb1394dca1380d451e087cd5a20b770085
DEBUG DBL S: 126cf7ba61593476c242fcb18283c6e54d17afda900ae5a939f6f2653f2c38f5, 2d192a6bb7445de4c7d1f6cb8e2bfcf7f28dc9994930f4c1f105651cb1a135a0
DEBUG DBL X': 2a1ee377cd677b94329d70043cafe9b9a45f8071b232e942c215dfa5b4c52465, 0421644c5d203e5c42d3bfb282753d9468ad3ab4c1d298e42d75ea9c860b7d59
DEBUG Q->z: 177e32661fcbb00c0f76118f099d7ade9fd1d1823d4fcae720df99024dbc367d, 1d393b5756e0942b39485e40fcda1db8cac5399e5ed6295260b6519790953949
DEBUG yQ: 2ebdbb9d1574f884d9835fdd83fd0a61699fcdb5d93640a1c7078f74d581bfbc, 00e9319216e0854ac789f37af38a67636ac67ea2c8863bd65a417a6e9477d041
DEBUG DEN: 2d1728c749b850dffab67a048678bc653bbe30da49fab6b651ee92d2d2868231, 01d263242dc10a958f13e6f5e714cec6d58cfd45910c77acb482f4dd28efa082
DEBUG DEN_INV: 21a96a92ad8b21fbc19a0db74f94208fa3b1f270e6c9c5f23e9ab3935a5cfee6, 24f5d4348aaffaceef80ef7cba4ba656817aa1668504e9fcefc6f4aa18b75736
DEBUG LAMBDA: 0bb75220dbbbb03434707d0df60e5b7076310acb36ae2011950f9d008f7f220b, 122df34d409fdd07ce2476aafa5bc1b0eb2006745107154dd5e457e40e936969
DEBUG DBL p->x: 2a1ee377cd677b94329d70043cafe9b9a45f8071b232e942c215dfa5b4c52465, 0421644c5d203e5c42d3bfb282753d9468ad3ab4c1d298e42d75ea9c860b7d59
DEBUG DBL t1 (X^2): 2b0e24e5b2fd79e4385d88b6588f7e4b8b4c4db8386655d46f800a2e57035b45, 0befdcb6f05800d31e556eb4a7858b3edbc50fe24a10a8cc8bd43f99ec0b022f
DEBUG DBL M: 2061d1cb56952d5938780eb606abca2772e21405d84f6c62d63f065d54101741, 23cf9624d10802795b004c1df690a1bc934f2fa6de31fa65a37cbecdc421068d
DEBUG DBL S: 1c77f7d077fbb1c3eef76a82dbcfc74b4452f685fe989414e26dd33694ab6f36, 05afabc4d3c9eaa971d6c3b579964228fbd62dcc50f777e8d2d625bbecde7959
DEBUG DBL X': 28c2c746bc2227cf0a9b54679e5e54a6733ecd775e0096708bb7399508814f3c, 0e9a6ac40970f9ae5f392e35baa546dd7be8c84028539d9c387496c21f993959
DEBUG Q->z: 173621fd770676369325df0bb04a40477fbff4204f5b47a09c4521c43d0d5dc6, 107c43bc4136d3ac74dae8b73f2b9cc3e7c5315b5c400cfe9ee682089a921c50
DEBUG yQ: 21870761385123c5d54a8e7a063d8dbebeb454d1ecde98dc31cdbbc737791b19, 04102acfb6367d01e8d916629cf4888dcb4bb869a0a9d5276b4e97357a6f4b06
DEBUG DEN: 12a9c04f8f70a761f244d73d8af9c31fe5e73f12714b672b277aeb77967538eb, 0820559f6c6cfa03d1b22cc539e9111b969770d34153aa4ed69d2e6af4de960c
DEBUG DEN_INV: 0a7e172c85a687a71467e64cbb823f7ecd931b457760da67f6cf79dc495cbba6, 18a3076c960c47786975e9885374690b276a9e713c3aa8e9152b768455217d48
DEBUG LAMBDA: 2a5b3efb997b26cffb9ac325bbd72af0945efb13494bc975bf14bdc0738ac740, 2199e8c5254c6c6da16ff14d388431f6a9338e5fe0429a60ab6d2fd2d42d9b93
DEBUG DBL p->x: 192fd09c3cad08e9d2b565a8d746cc7f324dd9fdc5b2c21b25f84b069734c041, 2272015941f6828e23a004cc8563c66a4fb5957e6bfc0090474a3e889743399f
DEBUG DBL t1 (X^2): 1a5dcdf98131d4f7afa8772bea18a0e801f3cf78399b2422696d72009ad79d01, 0206e520bf9a41c64efbdcd4a002cbd2f8b3b4fc1208901c6f61447fa0832908
DEBUG DBL M: 1eb51b79a263debd56a91fcd3cc88a5a6e5a03d7445fa1da0027c9eaf809d9bc, 0614af623ecec552ecf3967de0086378ea1b1ef43619b0554e23cd7ee1897b18
DEBUG DBL S: 00f8a2117359b68096054f21b7e0a3f9ce7e20a10cc5fa1c581af69f429410f1, 0cbf8c613813b7bf8a3e06d17c12e52e86586991e2adbf18df040526bd04fbb9
DEBUG DBL X': 2a4eb4f3c3b50942e066fb812a3d11fbbc56dd5a18fef41853ceb3f01856bac4, 1b660674155bf10eac413330b7e09b16d567df5e5a9423ebcc609f7e6a123788
DEBUG Q->z: 168a8dad9fd9f92f61a89b560c25ac1023a8e1512872f383e16c73fbe02d3dfa, 2c8e18ada42ef1e940fd573ea4aa099745de72e022b821b3cdfba3a241cebac6
DEBUG yQ: 1550389f7e9b250f721e6932aac8f33d8438b2f7e5ef9ce0a91ec889a479e770, 25b816bcf1808e491dd8f3c24610bcb762a83e5b1da0f9bb716ae03d67c47141
DEBUG DEN: 2aa0713efd364a1ee43cd2655591e67b087165efcbdf39c1523d911348f3cee0, 1b0bdf0701cf7c688361a1ce0aa021112dcf1224d2d028e9a6b53463f70be53b
DEBUG DEN_INV: 2da9fbbddd7363b2a3ec838828a0bb709b112306570df0011f1bad37829ebfc3, 117955522905652aa554b91340f5d2a39035d850981463b18798ce41d8098061
DEBUG LAMBDA: 01d4703f322f887fb6e75b8048ab7f7fef42f038450b85d0207aada3791475a3, 02b3c348e65b52247bc0b19d6259729d80ea40e9ddcd9e300e3c910794d9061c
DEBUG DBL p->x: 2a4eb4f3c3b50942e066fb812a3d11fbbc56dd5a18fef41853ceb3f01856bac4, 1b660674155bf10eac413330b7e09b16d567df5e5a9423ebcc609f7e6a123788
DEBUG DBL t1 (X^2): 021353524e287aab06017fe733918f82d5b31f8e753d563081cab3d47f94eedf, 2cc1219b17f999c7cadba9b6718bcc4ca6b49ca5fa3b28a591505385825e95ea
DEBUG DBL M: 0639f9f6ea79700112047fb59ab4ae8881195eab5fb8029185601b7d7ebecc9d, 257ac7eb85898d03eff271b651a0b42ac51b00cf1dcde4d63bafe262d621c730
DEBUG DBL S: 1ebfb19692cea950b9004b5f2d88dccd56bdb1bb42efa8a2f61923e558683819, 1b2faf3be1ed12e20a3519e79325f9a4d4bdf15fec6a4d88cae0588d30f8db4f
DEBUG DBL X': 25eb6eccc8280cc8d237b9bcf95f410f0a625d39300cd4fc4a724a3b66220a7b, 10e75c8c75d715b1cb746754e5575bd3178b28a301021dee33ef7da5e8ccb818
DEBUG Q->z: 12aeeb3a4c7abdf1871707bbf104ffecd544f17f93164be8eeedf0be2c1dee0b, 2ff40816b25c296f67d2b36b2b50f6a7d39ceecb44849e263290279871a46d00
DEBUG yQ: 2fd3731f20f5748f24038fae37a157823690e32c19755a3138847723722d98ff, 25d54307ce29f1b193d0042f4a08a4e7c657b6cd7485d528bf19698c1db309bc
DEBUG DEN: 2f4297cb60b948f48fb6d9a5edc156a6d5a05bc6ca78e9d534e862300bde34b7, 1b46379cbb2243396f4fc2a8128ff171f52e03098099dfc44212470162e91631
DEBUG DEN_INV: 0b6342d87fdcffd4cb07a049465925aae435d74d78bda4d42131743aa9c8c739, 189b7cbee6876d47ef184ca6536005103be9d75278a1428dd4fb562cec3b4695
DEBUG LAMBDA: 1932a3441d797a702f56a547ff45e0384cad4039c20831a10ef3b65903fe58d0, 01cdbb43b280940f80ad48eeffebc892eb23e4d06dccdb6f0ea747d77660fbd1
DEBUG DBL p->x: 25774642875b8dac05e0cff451605aab4e9bdb7c8e6b28e695c7e780bd580ab7, 1c6e26bf2bcf3948e25615e8de1496914f91c1a6a4330f9564150cc84d4e4c51
DEBUG DBL t1 (X^2): 0367782741ed53d0ca159331a600b4c92d93f58e56c559830bb538456540ea20, 2b48a929647c5fb2e83f61c8e64196d7d7c7973e4fec8006629380709f556ae4
DEBUG DBL M: 0a366875c5c7fb725e40b994f2021e5b88bbe0ab04500c89231fa8d02fc2be60, 21115e966b11dec5481d99edafc213cc5853f0981ee1eaf8af7969242d06461e
DEBUG DBL S: 0d7a70e8b15380258ffc0cfb52583c096125ef28549639e456bb76dc9bfbcc7c, 2a8b13adf7808038815cbc1d483337cb736cd20e5821c3e9e1853d77f66ae7e9
DEBUG DBL X': 25d3cb915b68e135a5fab939ac873b49a00b36d938cef5ac4bd0ca164ef92d43, 1b9e7827ca52cfb9c98e2efda6a2cd22402f337acef15f0a0b0330671963077b
DEBUG Q->z: 0804205168bb18e2128e57c83e79e783b288f11f9b0255df5a1bc502a19daf71, 0528d1a48bc8edfa29437073b11c1e9130ce98fb4d2d292e57144bfbfa50d677
DEBUG yQ: 120ce13cff1e3989227434f4768a3db29175f0f27dc8167ca33eb5fdd6ac55b7, 299029365cce470f5806123e1362cbcc6f0271667d7d11870e7b5538021435c1
DEBUG DEN: 2419c279fe3c731244e869e8ed147b6522ebe1e4fb902cf9467d6bfbad58ab6e, 22bc03f9d86aedf4f7bbdec5a5443f3b4683783b92885880e0d61e592bab6e3b
DEBUG DEN_INV: 17de979c8cefc1b1241b4ab6ba6417c1ebe9f56054788669f5afb6498c13009e, 0653de8d207d9d6705003c436f106855843bb52ea6b313987ac4160561100142
DEBUG LAMBDA: 1f52e620f42b00f764926b3c2dc9b4ccb04f7f754ccd531b44fd647935b2cbc0, 037b4266f01a534d8f430a556cd66f6720d5633ec644f1ee7859987e56a0b670
DEBUG DBL p->x: 2aed6e31e573429c374acb9e1000312676d62b57966a3ae0412a3a8e23f044c3, 09868072a95b8b8f0e0deae8e1354886c8f027a7ee25a1f7015e92e0bc62d14b
DEBUG DBL t1 (X^2): 18ad1f7619b0574e26bee2711efd584886a501ce6443f09d45b697944c126544, 0762be5c58fd523070c9987a102187a7f6444c1c01c217399567573393e8332d
DEBUG DBL M: 19a30fef6bdf65c0bbec619cdb76b07bfc6d9ad9c45a074a95033aa60bba3285, 16283b150af7f691525cc96e306496f7e2cce454054645acc036059abbb89987
DEBUG DBL S: 17beb3a244e976af0069e24eb8dca498b30afe4c68bc4b044c5f3686cf711122, 2581b3ca92812e8605544c1374ed1595eef6bf97c2b437fbb836128e29aa07b2
DEBUG DBL X': 036fd811632a07ba1bc1a451571a316cf57e9bf6c90849e689b3397777e974ce, 03a82842217ac009c7373db911d398307809c1a94f241b2e1ef7fbbd8ac21e60
DEBUG Q->z: 155223aa64f75e1465056a6322d1c1419c899c4d12d08d6cde1d7d9b438ba4ed, 15bc71b3a7d0ff5c00e98abea344897f5b0122cbeb238a2976add90598bea6b0
DEBUG yQ: 08e1417efdab78c57a489678a2552e58a31714650574c667aab1d1aa322e1ddc, 17f0b6408bb1b54752813bfbfe027f41152e11ed0074e387ddb696568ede3953
DEBUG DEN: 11c282fdfb56f18af4912cf144aa5cb1462e28ca0ae98ccf5563a354645c3bb8, 2fe16c8117636a8ea50277f7fc04fe822a5c23da00e9c70fbb6d2cad1dbc72a6
DEBUG DEN_INV: 0a8d4d065ce4e8ad86bb98b73a97090e5432cec54383d499cefc6d0241f36cd4, 24a20cd0dfdb9a3025e1c60daafd2941619ee87a4fd004ed46d8245bfc8aa2ef
DEBUG LAMBDA: 2e4bf98d58005d635a1d4580011884acca640f1486812ad23c04814e0d0cd5b4, 1f822e88b6cba4655e8eaf4ac53a4e91ef2d0e8cdc66908f931ad70d45ad558f
DEBUG DBL p->x: 248cfe4440332e886d635a7751f8a9f986db66dd0138b868bb476c46ce97331c, 0e5f2d1790428c76843ca2fa3e5906ddc14b2595f693298ab8d51dbbd9f449bb
DEBUG DBL t1 (X^2): 05f74e9268a6aa80218641cc06dacffc87b621b12685b6107b284ef8bb560600, 2811ccd457fd438d731dd6445f2a53051e4c07f82ab35386a5bcd1d481cbc99f
DEBUG DBL M: 11e5ebb739f3ff806492c56414906ff597226513739122317178ecea32021200, 176cc99745948a54e8b8f7601a7c48542be142c5af36657978f55d4fd469624f
DEBUG DBL S: 1aadf2a52c5249b724ee0a74dfa7200bebc83edffeff43f872ad4a7c513c6fb3, 2f2b841d87bdbd1dd0d63e834252fc7f1f828f3e10f52bd6faf65fead132ba8f
DEBUG DBL X': 240cff97714cb8f4be8627bada5c3e9eb680e6d586bee341873523777ae72505, 13e1b1e0b59e438989f69920d84689c4d3feba81305e8bdbaa34930d393e01e4
DEBUG Q->z: 0179ae3f53d728b3863319c53247029478245de1b1e21cd5f5d1221cdb62a7ae, 13eb990afb8e2b95901808bf0a19ee7fdab039915025d2c454b3528c1a9ca4d4
DEBUG yQ: 1b909fbf2caeaa71ba7115be4530b3eba48163b2540058cac03d2bf8edd1e46c, 258de455bc72f98d07c334bfb0976e3637bef27fc9891bfaa4c9ec13739f09e6
DEBUG DEN: 06bcf10b782bb4b9bc91e5c608e00f79b1815cd33f8ee7084459cbdb0326cb91, 1ab77a3897b452f0573623c8dfad840ed7fc7a6e2aa06d680d734c100ec11685
DEBUG DEN_INV: 130703bc0a4d352da4fd8726eeeef86aa87eae0977c49dd1ae02eca02b34473b, 003a7436f1c046ff65fd2bf1f25a80843479d179c4f47a55fd6467a9eefef410
DEBUG LAMBDA: 24dd556a0d8b0175237e1e86079958b5dbdab568c2c5c9611c2e146b5e75ceb8, 0be45d641f67acc073d5f76bb854cd97e1d54b0a9f936799818b63ed4e4bc2f4
DEBUG DBL p->x: 240cff97714cb8f4be8627bada5c3e9eb680e6d586bee341873523777ae72505, 13e1b1e0b59e438989f69920d84689c4d3feba81305e8bdbaa34930d393e01e4
DEBUG DBL t1 (X^2): 09021dc221303c523ebd64d8f3382ca89e80896e5c0bdd65d6cafb5c19803985, 236b947a5f41ddba4cb1c417e4c2536a0bb519ce51e44cd444ea9952b1ba89d8
DEBUG DBL M: 1b0659466390b4f6bc382e8ad9a885f9db819c4b142398318460f2144c80ac8f, 097a20895b6258db7574c0daab444982f41c784824c95162567eb3ca6435a2fa
DEBUG DBL S: 1e2b5b91e268299be60781cb88dd87c0f76b7c6beb2a8fe7c6abbc261dd7ef74, 194cc057a417899d0935e41583779515f99f62dbcbc82cf028103c244fd8ff52
DEBUG DBL X': 260ca1f2ae595897d2910c00b5953e186acf713a0f7d44028915b7471ea49ec0, 1f3832d0d134c98f16232ffff5fe58aeccc5bc6823d2e65220cc03319d0af974
DEBUG Q->z: 1a87d9b377e811084333764dab2d3013f821137b2c81fd37109d3a62fa95b696, 073971d1403f753f6a0c31e6e93f5fe635eecb9b5c8a80f7a703a093502aa76e
DEBUG yQ: 076f537f4015a3ced9a2c62a664dcaf0d9ba4b388a8194adc9221a68da245833, 090db88bacfb38a75b9fc279342b80c333992cefee1d8d5a1fbc1c1eb019b17c
DEBUG DEN: 0edea6fe802b479db3458c54cc9b95e1b37496711503295b924434d1b448b066, 121b711759f6714eb73f84f268570186673259dfdc3b1ab43f78383d603362f8
DEBUG DEN_INV: 1e15a24c43aafd74a1d32e27965f889dcc1cf5767df3d36d9c42b1b28a211a5a, 200fe63c3b2f9bd598f7b5e84f0ab1e75c203ccc8ddd08ebb7e17ff75aa3203b
DEBUG LAMBDA: 19f637fb1596e82ebb4bcfc8982eb83660302449d43046e1748a91e6cd9da210, 2d8fa3586e011b8824b475ca8c8aa8050e3eb194d88237cbec17157ea6607c38
DEBUG DBL p->x: 260ca1f2ae595897d2910c00b5953e186acf713a0f7d44028915b7471ea49ec0, 1f3832d0d134c98f16232ffff5fe58aeccc5bc6823d2e65220cc03319d0af974
DEBUG DBL t1 (X^2): 2c9867e6d8d72b79b7e3983e07ff71baa05e3760bd9b6ae4cb41cbd2f3c6c1b3, 225afca29b4d2419f06d48fd49afe9bca0da82e412d64434e835876e58c9052b
DEBUG DBL M: 25009acec8224219b70a3d4d14fba474b217d0ff67eeab93e9844b4b2a5a4a8b, 064859020f842bfa60a74f8ada0d0c7ab38cb389679f3784405f7e1d596114f3
DEBUG DBL S: 07dc0bc5d445a88567da29dff6cd03560dafda487580bc53ec4f976f63936069, 20a9d670e1b5d34fa5f46bed5239300460f6dbb555ba43e26195de6634a9070e
DEBUG DBL X': 2a79464fc3711599f47146c949b9302581da69866c7bcfd6e39d872f5afbbb3d, 0d98e4633cca8de7e5af2b9ff8d006c96bfb75f3afb6921c961a70116ed2150f
DEBUG Q->z: 0c8d4abae28ecaf3e716fa1dba5e44d8ff3c1624835a9bed07c387b0cfb54d4a, 012d6585bde10771edf35cadfbc434eb98450c1a319898cf68f3f51b5e5ea3f2
DEBUG yQ: 1dd3bd488c5f09ccbf7beb129dae00b74ced2413037480ecef65a6936bb45ef5, 1f7e7bc6b684db1d72522950505d67fb4c467255b1cd7b8e8820828837678e03
DEBUG DEN: 0b432c1e378c736fc6a7906eb9daa9110258dd949e77374ca2aac10ffeebc0a3, 0e98a91a8bd816112c540cea1f397799010b7a19fb292c8fd42078f996521ebf
DEBUG DEN_INV: 241781201a330c30f7923f422cb5cee12c0348ac26d4c656b23f96b8be0aeada, 131d40cbf7e125617c4a7d17cfc87f87d2c932b75ecef421a65d6bd2c8f67582
DEBUG LAMBDA: 2bff7ef0497a8f60e41f47dcffdd2e311dde5f4feafe4f747ea5578913eda1d7, 04b8875909a3fa163984f293ec491e3eec2212fee877465d0ae1b697bc8f697e
DEBUG DBL p->x: 2a79464fc3711599f47146c949b9302581da69866c7bcfd6e39d872f5afbbb3d, 0d98e4633cca8de7e5af2b9ff8d006c96bfb75f3afb6921c961a70116ed2150f
DEBUG DBL t1 (X^2): 144ab8d908083f8f21060c13695325e64655e5a10aad6b9884fcdc1db57aa587, 2a10216159108f326c4471999abfcc448e566ab09eed60c4854adef5de98ca0e
DEBUG DBL M: 0c7bdc1836e71e83aac1de83ba7819553b804651b796783c52d6084247f2f34e, 1d67c73e48ce6d43d42cc95fcd3cb4127c006aef0be48d33179f84b3ead0639c
DEBUG DBL S: 22b53f95cd52c09e31842ca14fec2fa5ec60c5bef9bffe993c745f3405bb6a5d, 0e7a716c7ac7637c33b60b49a056181414189d65046265d67255304957701e26
DEBUG DBL X': 1c1738798f5733622fb75b0877182739be37c60abd55d250e77b030da23a43f2, 2831ad2746694192455ac388b2578f3a82bcae3be375d76fca3b946f86cd44fb
DEBUG Q->z: 10e1d56e155eda58a76f5270726b00e31b20b97537a46b0b3df8d742648547d5, 1c80d811cb761a6f803f777e19e9d14731d552d78797ebd3423ca878a7dc974d
DEBUG yQ: 25ca34aa9510fc74b4604684a3efe08e24054ac9d312bdec75713f77cabd2ce3, 22ee8be68faff1e8097b39f63721dd8ead4518c8c5426a4288e3d5c3ea70ef4b
DEBUG DEN: 1b301ae248f058bfb0704752c65e68beb0892b023db3b14baec1f2d8bcfd5c7f, 1578c95a3e2e43a65aa62e35ecc262bfc308c700221309f7d5a71f70fc64e14f
DEBUG DEN_INV: 085edcbdcf1d1468366da22e57f9f18512e70420d837af6f57e2e3dbf6ec5110, 1f001b57a81bd8b106b0a32189cefb7f845ef5874b574044279087e5f04f4c7f
DEBUG LAMBDA: 18c72b1ee39d3698f1bcf50d2d4f39b1c4db5164770d4190875b3c06aa2f44fd, 2d1e3aa3df10e5b4ef39f8a6be1f7c176813a6190f2e45be330748e1aebcf697
DEBUG DBL p->x: 1c1738798f5733622fb75b0877182739be37c60abd55d250e77b030da23a43f2, 2831ad2746694192455ac388b2578f3a82bcae3be375d76fca3b946f86cd44fb
DEBUG DBL t1 (X^2): 045b676a5da3bef6ed8eaf5aeff4013b5bb60ba0257911c984bf1d6eee026873, 0fce98ad563306a74e93ea491063a41e427ea250c7c41f21c863be3e697047ba
DEBUG DBL M: 0d12363f18eb3ce4c8ac0e10cfdc03b2132222e0706b355c8e3d584cca073959, 2f6bca08029913f5ebbbbedb312aec5ac77be6f2574c5d65592b3abb3c50d72e
DEBUG DBL S: 1d90264214702a6e15eedaab2f4949be38e4cb0bf249082a578586e39fd68faa, 1f704f1f8db32bddc217a54c3ead393f5083177183499c08ea59920a6bdcedbc
DEBUG DBL X': 0f6f92eb13d58807dff3a6753b7440ea3ea71d9f2ef2631266ae6d9b61570628, 171aa618b6886f892f7ecc283239ab3d7ab41299f8ce9daaefa734595b3ede5b
DEBUG Q->z: 20f2fad546fb3b66f6533c2b245b13d5c558cf930bf874defd36952e8e575961, 2cfb87e1226324ec0261ed459ffa2dac1f3ed445dd03a973e1d5494864decd1d
DEBUG yQ: 2358a0fc6c81745ee11fac92785fd69671befd16dd354c43ec390c2f4d3514fb, 1c99766e79a0d92df2ff602fc2cc2f53d3200d46e6ad1f38d1f75fa5c82079ee
DEBUG DEN: 164cf385f7d1489409ef136e6f3e54cf4bfc8f9c51f8cdfa9c518c47c1ed2caf, 08ce9e6a121012322dae7aa90417064a0ebeaffc64e873e467ce3334b7c3f695
DEBUG DEN_INV: 059f5736f131e31c488e0ed3fdfcbc33dcf21fdfd075984609fe72087d338867, 236260f4979609c2d6dfc0f46186c9fd773f9d8070b1a6bb119f3569fe419a6d
DEBUG LAMBDA: 2fc6cf6aa1ede11b6a3c49bc73fd559cce7864fee924efcacaebda96f485938e, 10f2b8b010eaf262c2d4fbc3ecf95a736c55f021cd09d60c9ac9f5aaaa81f804
DEBUG DBL p->x: 0f6f92eb13d58807dff3a6753b7440ea3ea71d9f2ef2631266ae6d9b61570628, 171aa618b6886f892f7ecc283239ab3d7ab41299f8ce9daaefa734595b3ede5b
DEBUG DBL t1 (X^2): 0c766a8e62c9c1448230807f3d5996da3126990c3f7241463bdf2a76b9ec6cd2, 2776407a496a63c8a6135fd29f90c5f8711c970f2bf570f03d4c7c08da433a5e
DEBUG DBL M: 25633fab285d43cd8691817db80cc48e9373cb24be56c3d2b39d7f642dc54676, 159a248919dbeb068199940adbafa12e2452f00ab2fcbdb63fa45becddcfb48c
DEBUG DBL S: 2ad8e0fed59c26edeff5929ff994d823aa06ea9b08b392e338120ce65525b919, 1dd44b59db4b1b98ad9f6441911aac111ae3ce20a5fd8c5cd2357e6c145f0a10
DEBUG DBL X': 070cfdd9a97de80ed844ff7ed60b18fb0fe2a032d12bde31fad283d0a3074475, 21c1c37d72ee2457fe6a23a1f6558b1f7934741a2da574ea4655156c8e8e0f85
DEBUG Q->z: 1c106751d94125fb4d4e552f216e7720987e8505beb10c2dfd2d9c0394b88ce7, 29121e4c9efd520ca44aea0b89830b008d10041c38de87440fb1e9001e092f93
DEBUG yQ: 163984af01710f694b300ffdce65b06d6b4ced5ca03f2f24f8ea1ca8f9f820ba, 10ced7945b8f71dac994e72e6bc89687dffd3432bfdb75261aff50810c28bbc5
DEBUG DEN: 2c73095e02e21ed296601ffb9ccb60dad699dab9407e5e49f1d43951f3f04174, 219daf28b71ee3b59329ce5cd7912d0fbffa68657fb6ea4c35fea1021851778a
DEBUG DEN_INV: 2d7a41d667da118e3f3e7bd6b5b6cdfc86679c65cd59264714af3d608dbf422b, 16d7dd04023c4a5ff95847698196b26f54b64bda0b2c3ac378eb179f1ff5abc2
DEBUG LAMBDA: 29fda4e2ca6b476b3e79db906a0be2dad076ac027f23fc58f800279de5de4203, 0cb9feaecff35615aa284f58857e6249760ca4b25d7d6751443d777fdd0e0e10
DEBUG DBL p->x: 070cfdd9a97de80ed844ff7ed60b18fb0fe2a032d12bde31fad283d0a3074475, 21c1c37d72ee2457fe6a23a1f6558b1f7934741a2da574ea4655156c8e8e0f85
DEBUG DBL t1 (X^2): 1bfaf786cb69aa03cfe335dbb9a52d621f3ec2e68a0bfcfb00f1c28b0add188e, 2c1c0fa12347b7c6d061453b5e4b4ace35c9e93d6601b2a4fc72651d99e5430d
DEBUG DBL M: 238c9821810b5de1b7595bdcab6e2fc8c63ade2235b22c63c6b4bb8a481a4c63, 238b91fda773e7010083444517df2faf725ae695612182d47d16172b1cb5ce99
DEBUG DBL S: 06abb17014f8df342bb1fb10740522356c32a315523c1dd5a53dab01b10f47d5, 17da809f6b3c1ada55d59161ac2940fbc5807d20621660b5923230452c001a2e
DEBUG DBL X': 2f78da3d1a1e68f36b164426e96b39c4ab8f459d950df5aa6fe377b30f9aa026, 1b1d655c06263d361ebfff0c41fdc75743f971c5e4621d1d9c392b2c986f4739
DEBUG Q->z: 0c56223f54459ed48e38a498f6ba35fb0eae15559b9ccee48ae3375e6ebab2b6, 176f91b374af226e16d4034d78487209bbc1a83dc2ea3ec949adfdf790af5abf
DEBUG yQ: 08304bcc4193a9550ad15f63215c6f392489865cd4c420a2612cb1b5a2ff2afb, 1cbe3579aa03269ea2a5d36e3f8804fb8db33628c56893bf91ad6a4f0bc12d22
DEBUG DEN: 10609798832752aa15a2bec642b8de7249130cb9a9884144c259636b45fe55f6, 09181c8072d4ad138cfb6125fd8eb19983e501c0225f5cf1e73a48873f055cfd
DEBUG DEN_INV: 1853fe4aa5fe948e27a7455a661d223a987c09178b5e32aa4d4c70cccb4cc039, 0f9742bbc4ba3aa10fa98da1a8c3434c7aefe15abd0c2b16559255b8fa5caac5
DEBUG LAMBDA: 1ae450c143de800dea57f69178656d01158994ded0b2ce21d7bc98f40d915376, 2cade66f41c97529c21befa0e16bd01d39c1f97f05e229de34006ef545e7cf5a
DEBUG DBL p->x: 051911c653c33b66e13093c24087d01a23eccd5bcae456ae130fd04f83fa03ed, 2baf5a98607ccc55bc2618433d01e804b62184a86f39bb5be2505fbf873e6980
DEBUG DBL t1 (X^2): 0a0f899e9cc988afd6954049d83b4d6fedd7a0880a3003394af78d6e423848f1, 1fad373a5febfc9409557b19adefae1cab8a4ae6cb8165d3dd7c94d7acd70067
DEBUG DBL M: 1e2e9cdbd65c9a0f83bfc0dd88b1e84fc986e1981e9009abe0e6a84ac6a8dad3, 2ea3573c3e92559263b02b96884db1f86b1d7622fa1266ee5c5532702e0803ee
DEBUG DBL S: 0e1fd6ec777f0c15677b8a73df90d9da84d4fdc3191ef628ca5a55976f1bf530, 2de72243f3a010a9bacc3e1c7f5886d9a3617d5cdd3dda339a98bb352a2946bd
DEBUG DBL X': 29b1a69a37f7505af8404f04f7d9c77256973c0344be4744d65d3f32dbe5651f, 2160431db007c982cf64538da3f44dccec7be77cef3d39378d560b82fab20615
DEBUG Q->z: 217e5a5a94f6dd6689cd103a80f4cd214431d7fc032e78d369ae4226a4d632ca, 143610c9d1f7890528206e945d7f8fd8d7eab330c5825d9e0d0e53ca9b63993f
DEBUG yQ: 2429b0e4cad9e1568a929633ee88285e0b4a935ee5b36451d740e713f1134a1d, 2a7071ac55b481d4e3671c91a1442b506365c6f6e26bbde6f4531e42771890a3
DEBUG DEN: 17ef1356b48222835cd4e6b15b8ef85e7f13bc2c62f4fe167261421109a996f3, 247c94e5ca3763800e7df36cc106fe432f4a235c5c65b140ac85b06e15b423ff
DEBUG DEN_INV: 1c2cb211ae7e1b042b80787457225e48d6e6a0956c4bee7af1d2095b055ba123, 1bb6ce50acdd797d744a8956d16ce571c77f064db34bed3a70cba7b045351ff1
DEBUG LAMBDA: 2e6ac4548276aac34c168e0098dce9f487c2808045d01f26f1f0db370640115a, 1199dd23fe937c9cc9dfae323fbcfb2913b605b4c592887d3a56275ce550ad10
DEBUG DBL p->x: 1553fd95853fc8b8fcbb46446a2be80e3a8e94015510e067819d36641500098c, 263239c0c54cee50e13b9d5105f1d34cf68f6422c43a3ee12d50e19e03fce2fb
DEBUG DBL t1 (X^2): 2ec58cf159ae010e907e0e28dc2224e8366044f0d9b91b4aaab1398dd7cb282e, 30081a5eaebf0f14d29561b802bacf039ed3cb2b994363e04bebfe85b236541e
DEBUG DBL M: 2b8809ee4aa6c2d840d99f0d9163bdfd741df9afbc47bcc587d2947bd6677dfc, 2f4fb23649d9eceb071f99bb052dbc4fad788c5ffae696866b82e36365a901cc
DEBUG DBL S: 294393e7f15e7116a18fc5737f22e903fcbe7637e3c29836b47ce595294db353, 15a7e0c3961ab00e3c0dc56c43f4dfcf8618d66b30e6f398a2e2a540047a6ccc
DEBUG DBL X': 05e3029100468a3097d71753cf400a5b6ef5dc5b58b579360042ae73ec6d28ea, 28c9ca22cd968d585c7b3652ac40babbef83d104fe8fc376774f7fadd4b1c485
DEBUG Q->z: 05715209c12f43bc85b2c27ae8af7439b7f40f027ff8446b29816403451a7c44, 163b01857464908178836799b61c6f942ac09b3efe988eb4e7f8b22decf17519
DEBUG yQ: 2aa2831debaa91b490e92e5a21ea45a90a450bacc72c8864a327989eaf78cd39, 08d81845668855a742e35a0fc48e00d12311c9b888f60d7dcd0be435e8b37138
DEBUG DEN: 24e0b7c8f623833f698216fdc25332f47d08acc825e7463c0a2ea52686749d2b, 11b0308acd10ab4e85c6b41f891c01a24623937111ec1afb9a17c86bd166e270
DEBUG DEN_INV: 18efa6c9976f4ba5c2aaab31e45ea0ad511b1528493989620e4e5a8ff0510962, 14c9e883328004db8fd3320b53f2ef13bf392a16a46553146ef3b23ad61a2262
DEBUG LAMBDA: 2964961aaa94bd0dc2ada37f6561248a543b3f3fd4e4021172bdf347c043eec2, 1bffea6ccc34567339f23bfca2e049687be8ef163fd8a19e9d187da825885a62
DEBUG DBL p->x: 2ae1abffe8d837008994193daf711cffa284049aade8154b445494177188dac9, 1c5f476ac5ab9d9170bb0701f98faf5d9e5530b9945c855d29c435f8d99d8a96
DEBUG DBL t1 (X^2): 0522cc775399eb99f3c783dd83edfd35207f9614cbd4776c5efdae41b23b27f9, 0c22d6af4e51b7546bc1e972b359c1f9be1f96d813a9108bfbaa155063e54736
DEBUG DBL M: 0f686565facdc2cddb568b988bc9f79f617ec23e637d66451cf90ac516b177eb, 2468840deaf525fd4345bc581a0d45ed3a5ec4883afb31a3f2fe3ff12bafd5a2
DEBUG DBL S: 0b8521f4305f275c3fbf2521fff82e1f7aed7ace70cbe754e85c644a9619c0ab, 0f28533dbc4b0d423e3163d9c0ffbf4ac0cc7b65bb49be6592389f185f816aab
DEBUG DBL X': 2e5cc899068731fda9bbcb3a2f6944678400ac896d7429abe8d39aca861cb066, 2629e47bb61884af93edf9e557e3080deafd866dbaf3d2f52210bc07cb862086
DEBUG Q->z: 0f2fc7dd27cd28ef034e9310c3fa72e811590501b00a6d33943322a18994b7ae, 2594d7e105c6bb03a6787835c65ee48a584605eb948770a217117b1f80ae51ac
DEBUG yQ: 1037f5bf96db01987e8e22132a1ec713c9cfb091dbe04631b805f2b7531dfe96, 114bb58e3eb87a4acd513d28883b33ca7a1d1eae8a713c255951433f71b5fef4
DEBUG DEN: 206feb7f2db60330fd1c4426543d8e27939f6123b7c08c63700be56ea63bfd2c, 22976b1c7d70f4959aa27a5110766794f43a3d5d14e2784ab2a2867ee36bfde8
DEBUG DEN_INV: 2cd4f5c049f078cae22a311e49d29b9aaad19587c434a97f642c33c944a652a8, 27cd64d5f75d27e1f665e24c6269342e0e6dd36c34da2150990ccc0414c803b6
DEBUG LAMBDA: 0cb920be3873a3f32fc38e795dd6c49d5c71b21ea213f47f20cfe9d83dff4317, 26e22b47f3617a87a7fea56a7288d831b09aa4713e5a9441d1eff6585a9ae109
DEBUG DBL p->x: 2e5cc899068731fda9bbcb3a2f6944678400ac896d7429abe8d39aca861cb066, 2629e47bb61884af93edf9e557e3080deafd866dbaf3d2f52210bc07cb862086
DEBUG DBL t1 (X^2): 294b027bc49771de6bed364073c94a0c1dd17a2f58dcfc223031816a697283f2, 2e1b6ed663b99f0f51717db4c9c9648a3884bef7ad91a5e37d616febb0ecc995
DEBUG DBL M: 1b186a8d8b631547d327175458592d692a71996b39b35f4c18536c118b5d9148, 2989af9d68c99cda83b3edb15a597ce37a8b67c437d15c8fffe3379561cc6231
DEBUG DBL S: 27727017eccdcfee6f19bdc98f76544b3f1290a900b76ff4e313624247cb9ba8, 198af388b9c015139e202a9220ed0f401260399bdd88aa55efa7295d84cc088e
DEBUG DBL X': 2543283a37e8cfa8bcd97aca48db45939a681bed9e8d547ee9b4e4dc4fb5532e, 0de6a54db470d60a3fee472fb82c090165502782df6d7217f35c6379fb48875a
DEBUG Q->z: 073a11797b3a3421521729d6598d75b068b7b4767338d356a63ee9ada25bcffa, 00c55e147132b47938e4ffaeb6e6c036423d01626c3e8e1f8f49178297b99c45
DEBUG yQ: 14c621aa8a0274e00f865de961e8656ccb92373d3a5d6e487c1d773843523026, 1b87e54f07fb9acb3071b0dece6cb98264c9a7e28fbdf894904754d1af692266
DEBUG DEN: 298c43551404e9c01f0cbbd2c3d0cad997246e7a74badc90f83aee7086a4604c, 06ab7c2b2ec5956ca8931c071b581aa73211e533b70a269be46e1d8c86554785
DEBUG DEN_INV: 14fcd8fb79980ec4ccd0595621098f7c0546c0b63698bb3eb6543a8d04d7f513, 029910be0c0f501d060d5347bbdf93187dd10691c486efad31ef326b21dc75d6
DEBUG LAMBDA: 10173e49d631d04aaf88ef2dd8d57cb40574e0ff49793a0e568f04aac33797f0, 09e58363131ee664a7f5d1c9c53b8a64a0a6ed84e4670e88058df5001d154d2c
DEBUG DBL p->x: 2543283a37e8cfa8bcd97aca48db45939a681bed9e8d547ee9b4e4dc4fb5532e, 0de6a54db470d60a3fee472fb82c090165502782df6d7217f35c6379fb48875a
DEBUG DBL t1 (X^2): 09cbab82c3d3016b7e63704e44ca086e42bd9d211e7900cdc5498772f4adc88f, 05f1c0778f0f8b65b56dbc197bae1873b6f3a57ac598f75fd385d6406b887760
DEBUG DBL M: 1d6302884b7904427b2a50eace5e194ac838d7635b6b02694fdc9658de0959ad, 11d54166ad2ea2312049344c730a495b24daf07050cae61f7a9182c142996620
DEBUG DBL S: 181f96f910a00780b85e18f7f85919cab9524d3d8e2d194c48a15d4af06bc5df, 27e73fa9fb2af1f02deb1e9d044993d9c7fa1b001ebdd98d12d53239ec253513
DEBUG DBL X': 0917ef3314dccec2533ec6a3edf5abca494dbfd3228b3fc4ce089926b05ca402, 03b90d3086244ac27bb14ae7736d8ed2a9ee53362a5d367e887002f506253c79
DEBUG Q->z: 12b2d3f927f362a0095beeef171f550e06402ccbd259d65732689b96b67c9af5, 178702fb8dfe0288240904133ae226c50ee9b19e63ab66a4f34195dcced01935
DEBUG yQ: 1c1bba08710cbbc8c3979463050ef5ad5f859986d968f9103d79fd4d48e44072, 1fb3d68ff7286afaef2becc0ea9a3f78be6e9ee4e442da817c8e8a961c7453db
DEBUG DEN: 07d3259e00e7d767cedee30f889c92fd2789c87c4a6027933ed36e83b94b839d, 0f035ead0d1f35cc260793cb53b32693e55bd3386013ea75bcfc8915606baa6f
DEBUG DEN_INV: 2a020226a02036246070e5fc2614a79e33ead5780e96a77590150197a02908d4, 19718a342e4709f5499111f78a607fc547da19686345fa1b5278e3ce3e470e5d
DEBUG LAMBDA: 2ae593f215f1dada1098a90e38aabcaf896911e71b2bf2a50526a000b2f78d55, 0a25838af384aad6372a4183aa14527f6c4e51f23610be41a8a7b3f5a6059199
DEBUG DBL p->x: 018d0b1c1a2e44d58ec9cf02e29cf2bf5ef3198dd0559f857490005e118820db, 22c81ec7090eebaf598e733ca362f5c732563e23a8f2d845f1c8d1e8b8a220d6
DEBUG DBL t1 (X^2): 05f49c17bf0be359f76c5ff5dec8add85197c7c335a81f097a9394b420c0bc8e, 160b47f1de739027435278eec6857d710855664a22dfcd5312e109264e0bd9e4
DEBUG DBL M: 11ddd4473d23aa0de6451fe19c5a0988f4c75749a0f85d1c6fbabe1c624235aa, 11bd8962ba29104c11a72515d20f1ff5817ec84d002d9d6bfc828f5c11a69065
DEBUG DBL S: 0bee46e7bb2cbc935bc668339df1b43126b5c4e88c7c36bc698062bd2b6a5954, 0fa7f787792606d23fbc8626e35c9a9391adeb2bf95a54fa88a7d7c851f95651
DEBUG DBL X': 2a16621a7873faba165afbd3afc57e6f31e16540132153534844bcb73d2b9f43, 17e41f0908024b3621f6ec33c1680e53fffdbb5a92037efeee6ab9530906a982
DEBUG Q->z: 16f3c38015a12e9859ac26857b96b249eb7a092f6a816c5ac1c68c991a47db65, 2992c2af714015ddbbacf75f9ad14273dd12a67c44c8a196f52828fe74f83aa3
DEBUG yQ: 23831540cf9ff4324f713f3be1878245570a3e4adbebc74c28ca738d92db1537, 159686c7c29da0294e40554951b2e9d1aedbe888085d0e6616f497c0500d9372
DEBUG DEN: 16a1dc0ebe0e483ae69238c1418dac2d169312044f65c40b15745b044d392d27, 2b2d0d8f853b40529c80aa92a365d3a35db7d11010ba1ccc2de92f80a01b26e4
DEBUG DEN_INV: 0198a5624808b652d788ab2dd8588468963e4334771e789ba094ef0039a1e66e, 0051489b1592ef5cb77ec372b10baff782eb172ff7adef371a246f1f3fbc6235
DEBUG LAMBDA: 1c44aa757e30c3c0a9a55f80082ac6c2e1560de48ec6354bc67d0fa10bb65380, 09e904a86c9e77209dd45a59e5aec0fffe2fa1f22dd8ade7f585ef144cf48fb6
DEBUG DBL p->x: 184a62a8e2180d82704db2a230ebd20625913f5fb6fdd0e519d83ec8442b9326, 1db6476956b4ea8cb48ddbe9df680ccd70aac276a96658b45c3fbae6f3ac0ae3
DEBUG DBL t1 (X^2): 05b0d47ad502f6b8d62671bb0594e793339ee69f6dda2a6b68e5e695063d5b8e, 0816cd1ceed75014201c6289275a48fee833ec7390cb286ae643f81a338371a4
DEBUG DBL M: 11127d707f08e42a8273553110beb6b99adcb3de498e7f423ab1b3bf12b812aa, 18446756cc85f03c6055279b760edafcb89bc55ab2617940b2cbe84e9a8a54ec
DEBUG DBL S: 1da3fee3514b7da8343d7f252ffb7093cd69fc86ecccf4c125ec4addff95c5b3, 04ef21f267f4209bf67e8fcbc4abba4e4e7a86ddec377480669a3cccfad6c968
DEBUG DBL X': 2a2a912364f1276aac61b0cb3cedea81d3f8a0fdb165693895ee54cd76242cbb, 00008db4f4e8200047d5ae60b13d0550ab26bf41a193752f7328832ca078d058
DEBUG Q->z: 0288e97464e75dbb9cccd5b1c243ef49d1c9fac865332c8fad7cedebc5ce31cd, 1610ad629a40a0b323a9b18cb23c5a7fcc865335e389fb7c272d423aea36a600
DEBUG yQ: 1958da39d28be422920a242ad3ee6cb006590d43c1e4ed73ea65fc07d3209822, 25dd67d9abb1eb3a59967da2fc3762808a67335c272044ea67ecd388f18f4c03
DEBUG DEN: 024d6600c3e6281b6bc4029f265b81027530aff61b58105a98ab6bf8cdc432fd, 1b5681407632364afadcb58f76ed6ca37d4cfc26e5cebf4793b91afb0aa19abf
DEBUG DEN_INV: 16114f9bc6b32161da216f64bf3f91ada027aaf8423a4ea1e199b38d9a8fed9e, 1e4b028a723bc657b83715b6b8519aef818260a5c9d7b8062fe588ece7f7abcd
DEBUG LAMBDA: 0a2f3dc82b4fe358c55cd5342cfa25cb059358b2370a208730ce46daaf12acf3, 02657438817ad8baec90ae1e4ea9942d9dfc30876aabce0b30a8ae3859f420e1
DEBUG DBL p->x: 2a2a912364f1276aac61b0cb3cedea81d3f8a0fdb165693895ee54cd76242cbb, 00008db4f4e8200047d5ae60b13d0550ab26bf41a193752f7328832ca078d058
DEBUG DBL t1 (X^2): 25c4b5713df4cdd20ade202795235b84298cc3c82dc94706e90cf9ab03e59f04, 0a5d7526a41c4c7c6b84e1a3b6d1a4844ac690101eedca15b3617491ebc07e51
DEBUG DBL M: 1085836df77b2922aff9d509bc6761d14da37635b8783ffa42e5d4d35ab6e27e, 1f185f73ec54e575428ea4eb2474ed8ce053b0305cc95e411a245db5c3417af3
DEBUG DBL S: 2545c0912afb5389f7860f3ad4eff8f06396a0bc975df050327b84fdca8bdeb2, 2561dcafb2fb62f52ad8f1329577dca2347e0c89518e1b51e1944b83807c113e
DEBUG DBL X': 163ca256491990ad19fc65e6fcc8ddfbc56b1bdf1d0bf9c989829f0702709db7, 1b883595c0a988669d8c386fa86a163fef6dbcdfd032d1708eb37c047a3d6c4a
DEBUG Q->z: 1e0cb98efb79ca8c40d560faab646e9a6be2d55f364396b27fea15d55a527e92, 0bd1b5b60778ad86832cdda381fc2f7f17f9c7843f9937509cdce53b018d4c40
DEBUG yQ: 234b6965781654ba19deca0e24f11ba19e7e450725627b230d3316d1b2df8f43, 2b2734860471bdb14c523982648b4113f22b377db17d4442fe3266d338b4ea48
DEBUG DEN: 163284580efb094a7b6d4e65c860dee5a57b1f7ce2532bb8de45a18c8d42213f, 25ea1a9927b1db38e0542d4e479529ca4cd50469fa88bdf8c044418f98ecd749
DEBUG DEN_INV: 13f86772d0c6f7583def6a4b90cfad5dc08420b48c9b3e83bdda4bb36f15ffd8, 0c19eebb451862c51650000db66347f33a2429ea5e52bdfd4c82ce241d1fb07c
DEBUG LAMBDA: 2708a6765b482bf504954cb963b485ae05296ce3ade95d0b6eb285d333817448, 062620ead37d691ff7115c80b26cc4f1d9ce3e951ec6b300e985600aced0a118
DEBUG DBL p->x: 1888d611fd5e0e8d505bcad9ae9231edb3e2bada84af94efcc5521c1636d7e89, 28d825d2f953f61f997d17960d746e6bdc399ebd952fa0290226f19516a8794e
DEBUG DBL t1 (X^2): 20064b48412f8935ca9674d53a51b5c7b69681e770409d3095f16f1e875b85a2, 253b486026bc32de022744860b09823c3fdce198acf53a3ba990079368506ffc
DEBUG DBL M: 2fae9365e25cfb77a77318c92d73c8f98c421b24e8500d0485b3c144bd95939f, 0ee93c3ab1d1584695d542251e19d5f99093cfa735fc1998846efe8c87f75566
DEBUG DBL S: 185eee69129d8f2ddd6bb4b2e85770d6ff9f1dfb0e348819b99edef3b435544b, 2dc0c70bae3532ccda9380789514282e46962d672c45c67ca437e0c7e0301d9e
DEBUG DBL X': 01f78b9d1e24f18046ff1138a8c6f5e919d06ac0183f4dd27c5040561618941b, 051663c3e2a1fcc6f4205212b5494dc204870d4f5675367fa5ee9c1bb6915c8a
DEBUG Q->z: 1fe4f86e15aff7c0cf4e3420f35cec8026da714a65edc147a5a9b5a3a0ea8d5b, 0427646c405dd8262ae57d39b001f3e491fc05e665b3c8b2079e05c68e5124b7
DEBUG yQ: 2d7f72482d2bd61e40d25c4d1ec719f8e109d6889ce14061fd6f40e1bc8e9fab, 0eda3e44422932dfde79e0873895ae321d2f89772b0db7c99a8e834a61a5dbe0
DEBUG DEN: 2a9a961d79260c12c95472e3bc0cdb942a92427fd150b636bebdf5aca0a0420f, 1db47c88845265bfbcf3c10e712b5c643a5f12ee561b6f93351d0694c34bb7c0
DEBUG DEN_INV: 22e13411855c6ca9b5e1c3ec8e276f5add5e9c00d53e11ed1307fa02f26331e3, 2e56bfa19d9e833a16130ca106ce62e8598c71f5933116bbca7f9e0391d0a1a4
DEBUG LAMBDA: 2b89561016cf1a27359c0cfc1f962ccf5f80ee513441c8d24da129f9ceab75c5, 16f0ed22e6ce36100fe621e31c244d3b060140c0a42b74c20780ffb555cd294d
DEBUG DBL p->x: 277d12f7b2ddaa8e4340989d4faf22843d3f961e09cff8074c649819a5b0e915, 18fc19aafb12141d4043b835756766ccda98a5d15738fd8e79b83b5e9033ffaa
DEBUG DBL t1 (X^2): 2f716a24929768fafde03f796c1493754c2e9c9715a5496112e5d415f25eb7cb, 06868a0439b5c4eb9ecb98cd95c4b206aa20e7590160903ff483281e293d7143
DEBUG DBL M: 2d8ba187f562fa9d890032ff413b09a4b58900a2700c4708c070641426222cd3, 13939e0cad214ec2dc62ca68c14e1613fe62b60b0421b0bfdd89785a7bb853c9
DEBUG DBL S: 22c5c5d7c2fe5d59e99d75f6e17d0eca6c2834d39e2fa14b9916f7908e0426da, 065308b5bb26798c3810a0ca70091994f5841307248ec65f39f9d980a7ab5399
DEBUG DBL X': 089ba2c0cc883b5bb4c5ca3fd28340879a96b5b6ad02e6e50b9e1e8ff8e21371, 038cce9cc0f39c9a1fba9a3ee56a385dee797fae0dccb10b30bc82c3acf3ea3f
DEBUG Q->z: 1f72a7d1ee3f7057b16fce19da491117373ef494a26ba302a1f7552760a86dd8, 1ad6ff8f1901ca202a6dd8d53408e3040ca7ff21bc6e9bf74153fcc83d1d6ac0
DEBUG yQ: 02df4be9805b4c1d31efc7f5eefeefd55c7e7a429d08f644ec369d0f30dffa21, 1559bea88b161be3b32dd9fe81d68c0d135019124c8c47648e3342a8952becf8
DEBUG DEN: 05be97d300b6983a63df8febddfddfaab8fcf4853a11ec89d86d3a1e61bff442, 2ab37d51162c37c7665bb3fd03ad181a26a0322499188ec91c6685512a57d9f0
DEBUG DEN_INV: 238cee44cfb9a82ea6c72cc6a1dfaf3f6c8a9a898b4ff63618206bf8db15a31d, 2bfe0b5576969c87812f034714267f017de5abfe49b31158b7d746ea925acded
DEBUG LAMBDA: 030215629dbf4f7e8a1569893a4d15ccbe7402428332999d57c383e0fdb964f2, 10f6a1a0928e2912c2cd4ac9f7aa0d55ac65e7040a2fc42c72c96e45572d62df
DEBUG DBL p->x: 2935b4a8cf1e88e45ea69b5b666e3347c39648421a74c2c2f6a48521d559252a, 1243a4e1bd70bbf3047a3a5f5e51fb3872104c3aaf7e828b754010112f237b17
DEBUG DBL t1 (X^2): 2b5fa26527d1dd8a832b446f2b4a5b214a5ce4a83ea3fa9d3d096111a1d3887e, 1c12085160a4d2e5acb30b1999fbf1acc6e0eee823f6d6f73567b5f4df74944b
DEBUG DBL M: 21564a49b512584c18e141e07edc60a8b013d8d5eb085abd3edb0b0734809eec, 23d1ca8140bcd8874dc8db964c727ca8bd2162270372ba58641695c7c5e0bf9a
DEBUG DBL S: 0cdec65121cad1e87747874fc48a66cb66bba64bb667459b61a90b72dcdffcd0, 0801386e64a1fff70bbbd6e09d681a91196baf4da41412e58c46ef68f0bd2f0e
DEBUG DBL X': 10417684fb15a77cd2fa461a366ab7cb43876c0132c6a4718615f5552336f6ee, 2002ba9c1f1adcaa50e5b9405e2de0d6b069d00a6c61286cf6c2851d42629838
DEBUG Q->z: 2f8b45e02901dfe4e477cb13d9fd46687cb9e100b40572360a3dd67deb5161b8, 133d21fd5dfed6452ddf4575b880024ba24478706e3fee81819becd0aeeadfbb
DEBUG yQ: 1d92eb791f25c5d3c01dbe42fe13502170659e4e873ac9c8f6063ac6cfa969c4, 013544bcc187e34b335fff3fbcfd9edf4db605624d916f20dc42db8fbddba552
DEBUG DEN: 0ac1887f5d19eb7dc7eb36cf7aa547e54949d20ba603c904afebe976c6d5d641, 026a8979830fc69666bffe7f79fb3dbe9b6c0ac49b22de41b885b71f7bb74aa4
DEBUG DEN_INV: 2c43ff06172ed0de05947a169000362300729150555eb031f57bf23b0c847fc1, 0b5b778f072ca4a7e60fe68dc5aa1e6a6429640c5ecdec7776d12f5abd045668
DEBUG LAMBDA: 2c6f15fd4728afabc996327ed0a6ad7380bb853f7b75d20a437dcfaa9c8e9cf1, 19da2af046216438ad92ab4fc198e4e1af1dc0606d90ac63e256ad7fdaada82d
DEBUG DBL p->x: 1e1c29804d1a691f25ed7a65bff446bcc589e18f26984bf55e4d1d31aa39aab9, 0abf064eb24c627cc4b73a232fbef3d80d7089b3b12237ef6a12aead19a3ca72
DEBUG DBL t1 (X^2): 083a592a0565e42353bdb8569be2d43669abe18002166b3c653454e46d0911fe, 0f798154d4c63c35b0229afeb8d1257e5b5240d6afaf8bb8f2bfe21959e7efcb
DEBUG DBL M: 18af0b7e1031ac69fb392903d3a87ca33d03a480064341b52f9cfead471b35fa, 2e6c83fe7e52b4a11067d0fc2a73707b11f6c2840f0ea32ad83fa64c0db7cf61
DEBUG DBL S: 2c21796e6d5f5e38ac301e1805c57001f74c7e16af4e45bb8639c8aa7cdc54f1, 14afddb49ae93aa6d6f977e361aca3070d7455e1daafee8acfc9a5b77bf55198
DEBUG DBL X': 012a9b91d0a45acd617290cf41a8f61eea386c0f2aa8ad45b4c49023a64b861d, 05d23ce77e4647b8be458c579a3ae9e73b15f452e912398f08be0b37213164b7
DEBUG Q->z: 2116fa8d43aa8219d39aec460b122040edbd96f9e1417bd17d962c672e803e38, 1c32de89b3cd145ed21e25c715080041805a32c58eaea6a668ea24b680f9be77
DEBUG yQ: 1be5bd4a7cfca0b56c81eb245cc8588d2802b1eb3d7c72b6fdb4c2bc34065e5a, 0350e4b7e59fc642f469487ee209270445b1a9b04106dfea559f7e0d96bd4ba0
DEBUG DEN: 07672c2218c7a14120b39092380f58bcb883f94512871ae0bf48f9618f8fbf6d, 06a1c96fcb3f8c85e8d290fdc4124e088b635360820dbfd4ab3efc1b2d7a9740
DEBUG DEN_INV: 082966a87a56407733318b33f6784c3b5885cd4afe1bc5f178dd9c41396ef22e, 11a0310f67b557b7cd21859b38f2f14d10aa7324e1cc0383268987eddb9c0fb0
DEBUG LAMBDA: 223efd9a343605df398cddd2e3af82ae554757ef32b0a7a0bd78c8e3ed6f6006, 03d786b6182a3c4bb8c5898b9c95f107dd975c6b4b22346a7ac1faf07b9d9e66
DEBUG DBL p->x: 07575575d9ccb73e2f2ae09b8e666af4648ff86677cd73e0b29fc4d255b65a90, 204f21f546a651ce8a4a64e3aee2a939b096b342c70297994add168fac422341
DEBUG DBL t1 (X^2): 098df09e4720d84b78361be31d31ef65f97ee5f2fcdb6afd7dca843064e8d9e6, 232a7241fd491105da90f268b053e52b1a09feed306c7467e43f0ca0064fedba
DEBUG DBL M: 1ca9d1dad56288e268a253a95795ce31ec7cb1d8f69240f8795f8c912eba8db2, 08b6b9e03577f2be1f124bcd0df8fec61f1b27a4c061c81d347c0db261f5cea0
DEBUG DBL S: 28d88d1e9b53eb05ebd08575e4e9c9b94e4011890f637f615d02a6c5d16376f5, 1b3eeccf25ac7efb17d28c13f44a9f8b19c83a05b5c09e4d6f0411722792bf14
DEBUG DBL X': 0f212f1cd385ef8b353a05f870833c317f2732efc74f18603477b5803b633ba7, 26fbc5a139138751efcbdf914aff683e259c06575aab3cf93de226bc47f16677
DEBUG Q->z: 0d08548bd7ce433cc43c1657fd2a1afe45dcadb3dc85e130c16ec7c8129c0ad7, 1c173436f68f60fc9a823b2ef05c8ce9a7849d49fba823d8c77941f28b43f9a9
DEBUG yQ: 20983e0479c5abcf630b402b0fc841c30bd204fd4778ed9b162097a353c94bb4, 0ed23f9c8b3cab71497f610ffda2077c2a73584b725974b73df969b9291d06d7
DEBUG DEN: 10cc2d961259b7750dc63a9f9e0f2b2880229f69268010a8f020a32fcf159a21, 1da47f39167956e292fec21ffb440ef854e6b096e4b2e96e7bf2d372523a0dae
DEBUG DEN_INV: 1f8c5a0745c2b96cac0454881013196e4a1e860d9274517a5de76ead09ce4fb6, 09c2c8efc59c393169ffec3f12fcc720dec25eedfdb7be2e88f385eff78fd75b
DEBUG LAMBDA: 1b4a42124a3c720150145b9b191af2b4ba8c9d26a60a516de1a9ca4c8f5149a2, 0748019d78c473bd9b7016e9186887f1aca702a00af1918e6ebcae8949f76dab
DEBUG DBL p->x: 0f212f1cd385ef8b353a05f870833c317f2732efc74f18603477b5803b633ba7, 26fbc5a139138751efcbdf914aff683e259c06575aab3cf93de226bc47f16677
DEBUG DBL t1 (X^2): 09af1e08a5e92bf54eb50cda23e54f69f5c3edf8c2b97035bb0c76b3d044a429, 2aa8526ebdc104850d14f9f5abd02e493ebf626c575de38db88d4d1d72a8ec94
DEBUG DBL M: 1d0d5a19f1bb83dfec1f268e6bafee3de14bc9ea482c50a13125641b70cdec7b, 1f305a6676dfcd3bb69e6274006dda208d3b52223536158eb166cf2aa700cb2e
DEBUG DBL S: 2eb7149a6dc6f41ef41b18db3ed31125836434e53660990944241422be9fed9b, 040b6e1532c81c36d7206ae196bc945b954ee86b760ee36a14d610660500b5f0
DEBUG DBL X': 06fcee0ea302d0dbedc9cf06395c8836a300b1898512824232ec2e228f903996, 0416cec240fd0d569a49e57c7f7283a570cfbd18815c80a92c0945f5280bd908
DEBUG Q->z: 23c6a9207d05226b933e4d4365016f9dc20a007b8a94282ab99a5739223c6a85, 28b5861cd90aeca8e12006531b90cec8b917e61c2a508a31e74820a76210fa65
DEBUG yQ: 0c0d0d928827c4a97fa9ddf67cd9699748f3e6adeede0df2b0b14845dd62ebac, 0930c4cf2ebf0597ed2d8ee376bf0fe43ff6cd4ce71395791fc359ecf6e4cf1b
DEBUG DEN: 181a1b25104f8952ff53bbecf9b2d32e91e7cd5bddbc1be56162908bbac5d758, 1261899e5d7e0b2fda5b1dc6ed7e1fc87fed9a99ce272af23f86b3d9edc99e36
DEBUG DEN_INV: 1a6297f63f16a4040fb27361a08070efeadd60d52f4a2c0069a23868cbb1ae1c, 03830352aebb96a68c7000e542d91daaec5957ec5dd30cafc978be60f40eb5f8
DEBUG LAMBDA: 17a33cb19a6cb6f3c65a0a8246b19030b46514f47a4ea4960d97bf47086651cf, 00761d6207934b6fe4af8ed9d9757d23435dfa530c337581ad3b1a945edaa896
DEBUG DBL p->x: 06fcee0ea302d0dbedc9cf06395c8836a300b1898512824232ec2e228f903996, 0416cec240fd0d569a49e57c7f7283a570cfbd18815c80a92c0945f5280bd908
DEBUG DBL t1 (X^2): 0016535b78e1d858221163a0e33fbde4742e8842c051ee260448af3bf6c0efc2, 0c0e512b372cdc33f3653e29179fd4b4a80bd6dcdf116e0b759044bb5f0999c2
DEBUG DBL M: 0042fa126aa5890866342ae2a9bf39ad5c8b98c840f5ca720cda0db3e442cf46, 242af381a586949bda2fba7b46df7e1df82384969d344a2260b0ce321d1ccd46
DEBUG DBL S: 1db903a1f1eb9ec855952bf85d1b367e386103b60bb1b0bd6d81702896095922, 1604e16ad941e5e010e28543f494c018105a20a1f411d83ff7f6ebf4735eb801
DEBUG DBL X': 2fb6ac59e1de51afaa18384414c7c91f92787952e616c866340bbae36e1b1f67, 143287acaf27b91d60c93a1c188e854f6e3611df684d8b082b5395ca2c6847cf
DEBUG Q->z: 2d2a1c659074a3899cc976f18662ac6bfdb2988695cac65e659bd49fbe5616aa, 2411fea88489d75801d55f79f55bbb3cca161bc700160a32d997b10cfe5d2a91
DEBUG yQ: 1ad3754b27362bb2cea4a7adc3422a36c731180d1ff55fa5097ac57da3f6fa04, 216cfe70bc910da073d3fb143a427082942e2eb9e2d7423dc4ae3903c999d1f0
DEBUG DEN: 05429c236d3ab73be4f909a50502fc0ff6e0c588d778f4bcd6d4fee46f70f6c1, 1275ae6e97f07b172f57b071f30388a790daf2e25d3cb9ee4d3be5f0bab6a699
DEBUG DEN_INV: 02621462d87c06ec544cff976de6630629544169b5681c3d8f50cff6df13d64a, 1e3373eaef77c8a131dbf1977a0881b7901f17f024f68f97e2e7df09c1e99349
DEBUG LAMBDA: 299d3f2481f7b5310e87d38e8f60828ddc2b76674d1464be722f72ee5e5615e7, 1ba5698698f2737b851690832889fe3a3b58b2049cc5296fc63eace5c50666e8
DEBUG DBL p->x: 042fd568049fb28013c6f7bc9c582c68719727d17cafd382f3cc7620e42e734a, 2ed2961085c793f3b2ab2078cf053c8bf8c9b3a9ef61beaa9dfa86a418c343dd
DEBUG DBL t1 (X^2): 2c7afbead5fe3124bd0126a5b94e4846838a4354353b7cceb3cfddb207a8780f, 1dd7cbbbca56d7ff504e330ee6efd0e471407381f12926d8df01a3f0b9e40e59
DEBUG DBL M: 24a856dabf97531ac662e88428e828185b9bf4d9cecee151a32e80e865ff6d9f, 292314c07dd2e7d4389a5376334e1a4fbc3feff46b09a9fd60e45fbb552f2dc4
DEBUG DBL S: 24d222b9a6de8892b8a29826c3e1467b3791fa6b78178af7c68a09c127567a3d, 1f9fe0228d74e1ead0bd2a4842e60670c1dbf0e2998c4a0a13c4c63f99abafc7
DEBUG DBL X': 0a70d16547b3268782539bfe8c8b40cd027fcadc26f6a812cf7acf9d75610ee1, 0efda14c5179400aa0164e4f1a8aa4eb703411200edb01548333ce03f242f34a
DEBUG Q->z: 025f6dbd95bcc1edc301a5e88c85f240cd30bcb05576f0cf3c1788ce82d2eaca, 24e9853c5cd0a8d07d59e787d49a0b9693787387fc31ccbf1ffd5b714344893d
DEBUG yQ: 2523ce17434a005e6bafe9045bfa967501d24c553a588706baecbe6ba9e24e91, 08125a0d9bfcf614326f88f9bb00bdd462e362467847cc929c4f3dc8c66c6b23
DEBUG DEN: 19e34dbba56260931f0f8c523673d48c6c232e190c3f438039b8f0c07b479fdb, 1024b41b37f9ec2864df11f376017ba8c5c6c48cf08f9925389e7b918cd8d646
DEBUG DEN_INV: 29518e47400d9f0f02303bac7f7271fffe95267bc815ced906894686984b6002, 2297891e5e97c79f35b2def47b77d932d43c8c6709dca6606d6693c155542a74
DEBUG LAMBDA: 1ad4180dd53dd82367c3a00dcc4e896d345f42229452d24842ec1767327a5f30, 24998b216bad3ebc6888ee44d77fb5c2b5a35849657ce49e9c9a02be7f0e02d4
DEBUG DBL p->x: 1625ce0639779f5a2d46e9a9fdd4639e4e52b0145b6288d2df9d1eccc6af401f, 1648a2cd124e4a78551995c0ad4898670b47f1ed68ccb30c590a5527d3c7ed2e
DEBUG DBL t1 (X^2): 029d812623fde4c097ba6c05da581c68ac230f1e85e961254b000c9baebcc5e0, 288c988e260f865f0524d420aa20fcd15dc596cb53d618ffd4de23d5083d0719
DEBUG DBL M: 07d883726bf9ae41c72f44118f08553a04692d5b91bc236fe10025d30c3651a0, 18dd2cc4afcb52c99ecdf0f4fb6045b8ea4def3f2a9eb5e50659535167bd1abd
DEBUG DBL S: 01505643fcfc85cfb211124101102546a674e45134e963dc8d846a3dbd96fa58, 1c2779ec0093c84c6400ae73c6155327b59af14f5b3cc3110aa22706aecd8e2a
DEBUG DBL X': 1c6b47d07df62b2474b231ab65dcf3c50b57927528bf6b9d0d7b853c9e3e8256, 04fc3e33e1805d08e3a0b7a65b81cf4ac8fe6dc73384af3e4daff14ba7dffe28
DEBUG Q->z: 114257ccc736c3e3961cff0df91f19a0c8f3003e2bc0e57dd0989a420ed1db8f, 26eb2b45201b177828280d9aa3851e8403df862cebb0d0ec72df91a3640a9dd3
DEBUG yQ: 03b8b1d3ea2e7b7e7a87e3c60a090a8d8808ba577c868d847b1b817e57ee3635, 186ca34dc3363d75f72eb8e9aeeedca9a4147086579c2a71df61518a5c22143f
DEBUG DEN: 077163a7d45cf6fcf50fc78c1412151b101174aef90d1b08f63702fcafdc6c6a, 0074f828a53adac2360d2c1cdc5c60f5b0a7767b46c68a5682a216fddfc72b37
DEBUG DEN_INV: 2c3f749bdee306043418dee0bb6f07ebb1720b609ea94f67c2dad312ba2f7ca4, 2a15e14fa43292da7f65d56f6856ac11bb18df956b45484d9d6936f603a02e4f
DEBUG LAMBDA: 27c2bed75817b02a7ab7fea6cbb43edad78725e6c14a83b5ed3df0a3359c459c, 28789a8d489e53ce505418da67951b4df4d54b8122176402283b2333be31766d
DEBUG DBL p->x: 29d4a3b7ad27c61cf4f5ebb3c3ec24ee9a83ac5dd0e5906d50f473e051f0c229, 17d53c4db1025a1613e6a89ecc925e3e2cbb712ca48d422bba1434657a613db1
DEBUG DBL t1 (X^2): 02ec5493ff51f2458ce5e3d0f26c5aaae7e972199c84390adce9539b23c5f176, 2cf5659810f9bf5814412afe201eb65a20a0ab26b497e0ec5235deb1b67f0ecd
DEBUG DBL M: 08c4fdbbfdf5d6d0a6b1ab72d7451000b7bc564cd58cab2096bbfad16b51d462, 261793e27089fdb4cc22f58d5d59725332df2c514ce40daa7e6083e7728331d9
DEBUG DBL S: 15a085d35d1a851d8b3baf610f50ece618c782dc036c13788c7b659a985d8369, 2457b2b4bb5124c5db1cd3b4bd6d9d06b8dd012b058586c25571597d9373f9d6
DEBUG DBL X': 2ce700c2db10ab5a1fbfb55c515a52c688ff844f8e4cd11d9bccdb100cd8101b, 065e5a095db4083ddc1767e8ab20e55a4b5583d8dfd9c574aa26da175c7f56f0
DEBUG Q->z: 08f14c0eae1d76a69435624439806cbec64e003ea6b0137905ce833503f4e148, 12ecad99cce964a92672c7481c036eea5f50d57ce762918f9e98f5ee3c39faa0
DEBUG yQ: 0142ba2c059dcca79adc618ed14f02f4e5945f67cb846e8fdd2b3a5f406cdd8e, 2b36c7a3ff4b88a4d61c2dca9149f082e1efca6a72b7fbb24f980e39d9cc76ff
DEBUG DEN: 028574580b3b994f35b8c31da29e05e9cb28becf9708dd1fba5674be80d9bb1c, 260940d51d65711ff3e815dea11288a82c5e2a437cfe2cd7630f905cdb1bf0b7
DEBUG DEN_INV: 04076dfdb1da5cd5f76f2ef54c2a149661bb734eb07f510886ff2bc4ed1e9d4d, 09d9a82dbe7ce9fd50c63881b73c188f47225121b066169bd002c529d4b895d3
DEBUG LAMBDA: 0cbf27c0abd40afbb481b7086fce6dddf2827e5e1d024ce67ce1209da7e54fa1, 0b5e60e28d306ae4cb87208f6cc3295e3670560b2d79aaa8f534ff3d83c5c4ed
DEBUG DBL p->x: 2ce700c2db10ab5a1fbfb55c515a52c688ff844f8e4cd11d9bccdb100cd8101b, 065e5a095db4083ddc1767e8ab20e55a4b5583d8dfd9c574aa26da175c7f56f0
DEBUG DBL t1 (X^2): 05c37c2225d830391523faa2ab00216a77fc393a90b529327cb277f6f37f2b68, 0bb7db13389ce7d831814cdf16f49807990eac8d1eca8c3808ff83d19c5b88d6
DEBUG DBL M: 114a7466718890ab3f6befe80100643f67f4abafb21f7b97761767e4da7d8238, 23279139a9d6b7889483e69d44ddc816cb2c05a75c5fa4a81afe8b74d5129a82
DEBUG DBL S: 2a9c94878123a3cc570f23d0c51a80304f269fdabde095b82a9d872c2efb2957, 070242c756051d17863deb52834158e316b0c55905c7e7b7268f6f1657823e9b
DEBUG DBL X': 1525a1c0169666c058c93e70ac83a72e9670a11728e7292c3dac75023b6481f3, 17cffbeb592044d0ecfb5a6acb41ed3e7a860d4349328d4cd0de72163af49830
DEBUG Q->z: 29a879f2731f67d0b63e1ecbc6a47a75448516234a32b2304c2c9554b89400f1, 00be41a6b2045eee31fd8071c40eb65b664421ac37b9ff4481a3a6b2d53c6782
DEBUG yQ: 1ac67f48abbd05d9a565a0f11a006572b94795df4243fc9346e4ccd0a4b78a3d, 0b0f189889b1cbfcf8f0eadce82e56c17dfd927c8f8ef385af32fbd93ca642b2
DEBUG DEN: 0528b01e76486b89927afc2bb27f7287db0dc12d1c162e9951a90d8a70f21733, 161e3131136397f9f1e1d5b9d05cad82fbfb24f91f1de70b5e65f7b2794c8564
DEBUG DEN_INV: 246b978e26b886d06c13ae791af88dee021f53d68f7cf9604e6509d399a2ab6b, 19466196691961cb3c5d4eb484566e8884fa295db3975ab4d9878f1856da2b10
DEBUG LAMBDA: 0a1eec9a8c5a92e4a38b631fba05c437f3b09c9dd77f4f52f745db17774e3dcf, 0db405ad0f99ef63d2f2a3f263edd682ab8b706f7a6270d8ed523bea279045f7
DEBUG DBL p->x: 027fa56e6077c3fe03834ae6ba5a3d52d5bcf9bb6d9e27d71c2e6dc0dc38f1ff, 0e6b609b1da26d6721b8fb8e8b8bbe759a5b4e4aa6a268265d9bcf1e292bbe45
DEBUG DBL t1 (X^2): 2888ecdffbc85588fc016370e89175b39ab4822ba91de4ea3dc2fd3e105b3f27, 1e8c048b691f265da80c01fd5be588c0f7c19a606b2a1fe9fcb2cde6ec9f3480
DEBUG DBL M: 18d229ba30f5c04783639ee5b6b1b05fa11ab1602a7619a44107df8c8017c2e7, 2b3fbf2f5a2bd2ef3fd3c041922f41e54fc3648fd90c9530b9f7dd9ded60a039
DEBUG DBL S: 2a4779aee4c121086454e498909eb831369a72f0e7c49c8d8a1f5472d00b8ce1, 1099d26dd4ebe10be771c4e4cfe3769bb9b531fe0a5ac12229577835b59db720
DEBUG DBL X': 25e5b52a9f68e963902e239c628e586802b6dc3b469264bb82278f40c53d337f, 0a97831cd6b6300cdd15caca693c13686aa903c684afd69f333dbe6b26af35b7
DEBUG Q->z: 15da2e2f12cf550c0f12558e83055aa776f9e694ba74f48e9d37a80b308ec532, 18a701b0f59f6df44d881fbf876951431c3d2c66213003990f9b84fc22d436c2
DEBUG yQ: 0b9778b8fd9d8a7af163c375be1429a04cec716bb2a5a891869c83d8490cee44, 1e41302fa5e03953004508f62ee0f7340dd55ce78836e4438ff4034a130c1e15
DEBUG DEN: 172ef171fb3b14f5e2c786eb7c28534099d8e2d7654b51230d3907b09219dc88, 0c1e11ec6a8ed27c4839cc35dc40960a84294f3da7fbfdf9e3c77a7d4d9b3ee3
DEBUG DEN_INV: 2e22f365a07578880b2bfd4b7fc479fd849361700ec49f69be40395ab6d1acd4, 18f68afd0e83767392ebe045e74205c64dd8e7d71f0e698479fe88cc239f46f3
DEBUG LAMBDA: 2e2bf3b75ee91f83411d87910c7bc055f5d1b6016999dd929b52c13c8991fa33, 044363346570b2818840d6c95d295d0fe112ca7419e83560664a856b7610517f
DEBUG DBL p->x: 0aa1758aacc2116b6836ec4bfffad2014a37976f48fd9e472c4b651a79b4f705, 0e32e99178fdd0d003ee08f95fc20ce47d3629b906ada917e48be6aff81f6ba3
DEBUG DBL t1 (X^2): 29c2017073dfc06e757146e23230da8834240437db66fa96dfc35f6e3819f36a, 1ad89e9d04787d9d58eae70a8892f0244f75e557beff3cac4c722a35f46fdf46
DEBUG DBL M: 1c7d676b993c00f7efb34939938fdedd6d693784c1515aaa2709061cf753dfb0, 20258d642c37d8ae52706f691837780f56e04575d48beb77a935f28b04d2a08b
DEBUG DBL S: 078a3e4dadac36da23c5f15debbfdafcc162f7b3e04782c2cd2211044630aed7, 174987b20d4e6174b5296e0e55631b64466fdf7d045916133ce1800ba789fa7f
DEBUG DBL X': 1b9096a32370fd8fc7302823c30b70d059b84e8140617f0c179b0b02c4aadfca, 11d525cb8fe946a50f54fa1d370912b086ff81b63093144fddebbd03bcf7b360
DEBUG Q->z: 2dbf12308f37a68118cd1847794a9daab07998243099c705349a322e305d5965, 15fafc5c2a219443698417301a7421ad27f4fcf8d5f8fbc356fa5b9f103a51c3
DEBUG yQ: 02ef4227c3bdcdeb2802cd93bccbfa5a82e05beebcea4685a6fd0097b4422cab, 12ef57251602d25166ad0e8f406c3cfd3e27016bf76e311b87d7fdc18e8210ae
DEBUG DEN: 05de844f877b9bd650059b277997f4b505c0b7dd79d48d0b4dfa012f68845956, 25deae4a2c05a4a2cd5a1d1e80d879fa7c4e02d7eedc62370faffb831d04215c
DEBUG DEN_INV: 152e11fe1f0117769da65e677bd0cb70b9221bba59d692c8babc0bed3f9a8cc2, 05c955b3fe1c9934e142e10989ec539ea307a53e20be2f12b97b73493d4ba3eb
DEBUG LAMBDA: 10e3f011aa1ee40e98c7ae025851cbe54b5a8ac666ea5f1c1af88c2b0e42f858, 09d1cd40b0ba9a671319ec3b49e5052083200c7b53779eba9c8883d3a5c6b8af
DEBUG DBL p->x: 1b9096a32370fd8fc7302823c30b70d059b84e8140617f0c179b0b02c4aadfca, 11d525cb8fe946a50f54fa1d370912b086ff81b63093144fddebbd03bcf7b360
DEBUG DBL t1 (X^2): 2def603435603e3408e9ee5685e2512f9e3399e00e8d0bb0f98d94f5c875a7bc, 0bd17737f267adf9d48fa582a4689c332fbda08127de72a2fd2c9e254518e47f
DEBUG DBL M: 290583b6ddbd7a48aa1d3f968ea442d3ab97f87d5ac38df87467a6b3a866fca6, 237465a7d73709ed7daef087ed39d4998f38e183779b57e8f785da6fcf4aad7d
DEBUG DBL S: 046452d7c62d590a9a9af3e5936edf73b3d7331dcd34baca08e17666116ef9ce, 0c59edef61b83ed06949eae7f63e89e8868e482eccd1f8cbeacc49dedbec1030
DEBUG DBL X': 2c0abedfaa59356317b55d556a70880dc173aee6148c2b512fd272dd8311cb49, 22058b39b49a9547b7e4ad1f625c981d067227d6179f040265870388742395bd
DEBUG Q->z: 09ef6cfd4c796f7e447a7a1dad904276b76ed7159a7991d604eecd9c87812038, 1a946964b683bb3349f2f2e565774f38680e459672dcf843687b4e8e40f07b81
DEBUG yQ: 1df14612661ea12f22ff486a98ed1dc1ff463e8e1e5d84e2c7941fcb25b94d02, 1587c9dcf3fe42be031b54430672907500b6d372b360917e85659f30ea3aad61
DEBUG DEN: 0b7e3db1eb0ba2348dae4b1eb058e326670b128ad4493f385307b37f72f59cbd, 2b0f93b9e7fc857c0636a8860ce520ea016da6e566c122fd0acb3e61d4755ac2
DEBUG DEN_INV: 0d1adeb0af20ea437ef4c24839ab91385251300c4e3bec891cca6ae0da9736e7, 05c42a85c516a9a9b01882c139aecb4b4d36be219a0816f9aac39968f902288b
DEBUG LAMBDA: 06592db04a81deaf9d535d39e99a4a807fcf998d8aed9aabc442dd1688155822, 2dff83b7c5baf3c4f70b3fbaebd9bee640509868a59ec9ec68fa40373fbd764f
DEBUG DBL p->x: 2c0abedfaa59356317b55d556a70880dc173aee6148c2b512fd272dd8311cb49, 22058b39b49a9547b7e4ad1f625c981d067227d6179f040265870388742395bd
DEBUG DBL t1 (X^2): 2ce2ca37c440d79f853abf12b94bc6d9e5fb02e16bb15c255b35614491f0e5d0, 149391362d3c98c0f56a746a0ba55a9ea7742b4d1131710b294ccc20731bd49a
DEBUG DBL M: 25dfc1c18a5f468b1f0fb1cb28e0a3d282ee338172307f55995f0ba004d8b6e2, 0d56652fa6842a1927ef1787a16eb77e5edb1755cb2288943fc5d84a80d68087
DEBUG DBL S: 07258bf2ea1d7936c86a239186e0fa27f9a04f60c11efae117578cf1a147023b, 06010d37ec7bb8289f3351d327a9f121a0f6f94917231876f54db9d13912438a
DEBUG DBL X': 10413412edd5f833fea0b21683a4cc8e66b782a375f87459360a71de056a0266, 1c9f245e0e87ecd9e8f5ccb1844e0a8bac44fd2765632466b4ad74f19294af66
DEBUG Q->z: 08e00c25c873435efb5c5956b99f8e8e557deb8d6cd66a12ba3418ff874d25cc, 037c9e5ec1d0ac95daad0c3972ac3c1072fe1e5bd773dc26ebbe1dff8e78f1ca
DEBUG yQ: 1e7292f29c5b3fc9964aa73898ff3fa9aac71c811714aecf014eaf9153dbfbce, 02c7751616a0612f8258221c4003d07c360d4d22bdf97b9eb4f62ac92457d662
DEBUG DEN: 0c80d7725784df69744508bab07d26f5be0cce70c5b79310c67cd30bcf3afa55, 058eea2c2d40c25f04b044388007a0f86c1a9a457bf2f73d69ec559248afacc4
DEBUG DEN_INV: 065f8f8011ea0088017c303861a54bfa0fedc746325379c02409e48f7256417f, 2afcb797c970e81814a6aef6193b0acc522e1801d966824a6e9b793ad4497a38
DEBUG LAMBDA: 1ff3b6638357e03049b7234c85f2501609fcc669e979f18b7b3fc4110d918ce0, 04ae064665d78517f6e2c0102a187dc0f9515bad5f2660a5aae6523a28ab4b3c
DEBUG DBL p->x: 10413412edd5f833fea0b21683a4cc8e66b782a375f87459360a71de056a0266, 1c9f245e0e87ecd9e8f5ccb1844e0a8bac44fd2765632466b4ad74f19294af66
DEBUG DBL t1 (X^2): 2e80a16f265db8241909e2f72243171ece5a6219d1501729a09323bc1dc0b881, 2e70283fc28759865d3c7746cc2b390ba31881d8aa0f829aef080e07286cad24
DEBUG DBL M: 2ab94767b0b5e818da7d1d7863c694a13c0c512aa30cb06269785306a8482ef5, 2a87dbd98532cc3fa714da67617efa67ba46b0672d4af2b654d711e7c84c0cde
DEBUG DBL S: 09a315c2095b895d374daa4f4444a7902a44e8c6d334b409d6c2373f2fdc0ad6, 1adf82ea0490d458ad5b6de4b4c6bed64eff4e74ee99aceb77a31bec8a4a1f43
DEBUG DBL X': 1836f7278fc759fccda403ecb67c7edf94e867a7445f8f60576d3b27892579de, 0fe21c06bce9812b0752100f45655d053e82397c1eaa11812d9b1724198ca797
DEBUG Q->z: 0e1b4965df1629da7cdeafd1fd6f3a231a65a2d53fe836b5e25b447997961c44, 0f4f1b0af5f0ce7d416d70ee58854c1b5b5baef0774111ac31a9583d239d4ec0
DEBUG yQ: 1d4ed8fc3fa22ff1b16a758338874657436c29a40ccb95a4f1895debe6af249f, 1e2974320f4ff9d34ee9f9f08f9d52a9b79fddac2526abe4db01fa8fdc186869
DEBUG DEN: 0a3963859e12bfb9aa84a54fef8d3450ef56e8b6b12560bca6f22fc0f4e14bf7, 0bee99f13d6e537ce583ae2a9db94cf5d7be50c6e1db8d3c79e36908dfb3d38b
DEBUG DEN_INV: 208c9f7c48ce2a584da8028583ba5fdb1890493f41945f38cb9fae6978888aa3, 2f592c0119100b8c477e2e59e86413141bc7244228a363c466060c3f689f8fa4
DEBUG LAMBDA: 2d2afe037259dbf73b57c578c5077d3651ec6b49641bb65808fadf0da5574f67, 1ed730bc69378cc8a408ffc39cd04491386eea24097dc92b2d12d738b66f0741
DEBUG DBL p->x: 1115192c61bba8ecc9e8f49611c3753f684e8a313478fd2261d860dde31c0808, 259cfb5f65ca6457d9a97656fd07ca303594a9f5410d5db26a16b81e1f1b6109
DEBUG DBL t1 (X^2): 2e1c7e30c9bc76b385195eed8f95a8809b546082b3d2ee435c6cad9c3b03f1ad, 106086ec96477686792eb401e51cc0a0e82f76b0520328404d4e33d55c87332b
DEBUG DBL M: 298cddac9ad223c71eab915babbe48c6a2fa4c654a9535af9d04f0a70011da79, 00bd4652e1a4c369b33bd64f2dd4e985210cf97f8d97ae33abca0f693d189c3a
DEBUG DBL S: 262de769ead95d9bd594ac69a412e0ff24c0b9079c3026d073f2ec04a75487fe, 1b23147e7082b1fca249ffc0819ffb275fce9c49f65554320bd2482b083f4b11
DEBUG DBL X': 2f5a1edaeca728f65eb6ac964a3755202ba337d3c1d468ffec666d3d8c23c7ea, 25befcc21e91ee77e3db78b5935484039c1aafefda04e77280946e18e5959e1b
DEBUG Q->z: 1b90699b08372b6962c8afbef0f7830229d0f25d26959e396283d8cd19c1fd5c, 109ce2deb02de83f5ada60978567668a52b1bbb3dc9a6d004c55ac240d21730c
DEBUG yQ: 18c7ec370f0eba82553a48778239876aeac3064dea090589f1b32870a219719e, 20211d33f2e19ddd536ec83d7ba77f16ef377379254585d4f75b9b9ba954a673
DEBUG DEN: 012b89fb3cebd4daf2244b3882f1b6783e04a20a6ba04086a745c4ca6bb5e5f5, 0fddebf504919b90ee8d4ac475cda5d046ed7c60e219411cb296ab207a2c4f9f
DEBUG DEN_INV: 1f129d1a867c8b5f6e967813b97de05bb437123ee9e714839d34bdc287c4d062, 235e9d4442f75e918481c031b28f572e21a2726d0707ac9447dc397ff2a3ce04
DEBUG LAMBDA: 248187c016f9c4edfcac00b231de20c957c04b4c89fa9e4d90e6525f6ff92303, 0ca721c5ced4a213c95db7986c1fd0811206254fd3418b591c85f13f5f30928b
DEBUG DBL p->x: 0571ba1ce23f73f9033371b8350173ab8312dbcd39d1f3ade5f8ba7d4533c16e, 113b675c1ca6053f3abc9ed686d489aa62221ebfdd64bd5e98ee49090aa55a65
DEBUG DBL t1 (X^2): 137920494261a1c336c0b96c41aee539b866d052634a4248fd15980138bf7144, 29cb9bd8523bfbcb9b913dcf75d553af082b69122c8e4b6eab83695076793b70
DEBUG DBL M: 0a071268e5f3451febf1e68e438b574f91b30665c16cfc4dbb203becd1c15685, 1c9a36a33450b30f62132e015e7d4a51e97f6613b4c74d318a4923c3b271b7c2
DEBUG DBL S: 081f2282dde8901a602906f31ba9e5205fb87625f0b3de47a68e0c8aed578628, 22d164440fb307afc44a1ac6a59ff8f6ad327d79bb4b8250590fa839f1fe0df5
DEBUG DBL X': 0431dc28e2f48d559509a34f98efd9b415a515742e124b0c83433904da7b20ba, 2df9d5c4e14c3388648b8eb8d853363a101b1ab75b2c0dbe14afb249c8ab3a36
DEBUG Q->z: 195d2a092e4811cbcdac06902431f179b6c0257b88c002888ba74178eb109448, 2106106676481a498be7921e707a8ba1cebef627f62387df9101c1c076fc3883
DEBUG yQ: 14122b0c7c38c5a422f2dcd28ed247cadd5f9d2bbfe39bf78e545bca87a0de27, 0e5d6fd3f491a71191b184b0a48dbddf71cae71af549fd3e6d3903c3531e04cc
DEBUG DEN: 28245618f8718b4845e5b9a51da48f95babf3a577fc737ef1ca8b7950f41bc4e, 1cbadfa7e9234e2323630961491b7bbee395ce35ea93fa7cda720786a63c0998
DEBUG DEN_INV: 0e6d54a47ea08cd6b0bf1d6dbc5b1c66f30d89dce78a5de4e65bb4def0329c8b, 169d53a9f36994e7fdd8203b3c460d41be1aeb36525aeb04308a00e752716660
DEBUG LAMBDA: 0fe8fa55ea5511dd3bd09da2875796106818974b84b1b80f449e6f7705573499, 137ea3e3418086d814c24f6a1cd3f8000accab84c8390b2e8d7668584632b990
DEBUG DBL p->x: 2837d22922f6a2d04dd031cef113a7d653c93e2eeb93dbecbcdace90a7730709, 2691462ecb9952b2f62303920f9a305fcae8406df57150564002044ba9c91f57
DEBUG DBL t1 (X^2): 142b5b2aef84903ec6e310903f0f48a72ed253e9a3905688b80077fd9e62294d, 2e3bc38d38272a3a0b3f990dd2371eeebd4e3383bf373a7a09099a23035d3703
DEBUG DBL M: 0c1dc30ded5c10929c58ebfa3bac8197f4f5912b823f390cebe0dbe202a97ea0, 29eaadc1e6123e5ab11e3fbc73a2ac1108e7c5686cc21a53a2dbb63b591daa7b
DEBUG DBL S: 0ca1a1055b78de6681b4ececf27e2f07ed459ebc855d96337234b2482049a782, 10b0f91828729fc5473cbe6e336d0bdf3e62df0a0aa9b2e58863bedbe1f96aa1
DEBUG DBL X': 102965c056329e531ce57bd375fd72b7e3c8e1bc01908edd969f20ba5796f169, 15e51db364b8c8680ec87c54f2390b23251e3c982af31123373428f31211e321
DEBUG Q->z: 17b5c69523fb4bb82c5f5ee4a10db830cb6662d088a1ec2f7fc52800c89dde38, 18da908f888c7658fbda84bbf5b86a5853c4b83a410e44b80dd133cd95f4fa82
DEBUG yQ: 22033393dcb9e0fce1a585b4b72693a0a3e4ecccbd0c8b15cb993ad84b8ea9cc, 17328ca36110c8a41544eb9c597af334a5840308335ac314b2e4d4e1b09127aa
DEBUG DEN: 13a218b4d84221d00afac5b2eccbcee3b0486f0811a74b9e5b11e999bea05651, 2e651946c22191482a89d738b2f5e6694b08061066b5862965c9a9c361224f54
DEBUG DEN_INV: 2f9579b34425199b0fa1b77778ac331bb9a60aaa281b9c1a6c858da0fb1d5ff4, 1a2fb141d02b898f7dca70f9fe1ba7bde72d439347585732b1242f2d6c131796
DEBUG LAMBDA: 1269587bc3275fb18bce00047a7f590a7fab29c9b721f4c8de94df99848c4e67, 0d509737af24bfad5c7c01ddc111d7576cf1fdfa656d9414c6bcdd618c7f2214
DEBUG DBL p->x: 102965c056329e531ce57bd375fd72b7e3c8e1bc01908edd969f20ba5796f169, 15e51db364b8c8680ec87c54f2390b23251e3c982af31123373428f31211e321
DEBUG DBL t1 (X^2): 0dc17811beb89cb0fd59e66372ce341559cfa6a189f8164bba1c956e74377d54, 28457d94bb09b388dfe00edcf124ad88d5d19fd3085069f7fb2275fbe874a0a0
DEBUG DBL M: 294468353c29d612f80db32a586a9c400d6ef3e49de842e32e55c04b5ca677fc, 1807dbd86eb9da472effa129d06b57df52720a56480da8cd792649c60863e752
DEBUG DBL S: 092c764b897b7dbf591253e7b6aebf38fa902efa57fc54784a63bbf144087f57, 1cefa2f881afd0d035027eb055a5adb70009f56aaa5e9f2d36420715b39780c5
DEBUG DBL X': 10fb9985f397b946db68b665f2686e24de3b8e396fb9a1bde9a515f46da13419, 0e36ce5b9ac6d64362ff57a1279511cc6354fe474702d75d158d2f9aa036e793
DEBUG Q->z: 1c08fb8b10f10e7cd7f83fe18cde693458f59b653c981dbcb2a3f89c7b78e047, 2ef9b34081ed1d9b0c8b05a8b28585d825fe3b8fc6a6578c7aed24241e47593c
DEBUG yQ: 139738f81258d42175ce3b1faf4d57a2d87d8aad7cc724a530a147a7b68ffcc0, 23e8158317e483574f370d065648dc5c800cc6d46e972cbb55d6e3d1b27bcf5a
DEBUG DEN: 272e71f024b1a842eb9c763f5e9aaf45b0fb155af98e494a61428f4f6d1ff980, 176bdc934e976684e61dd4562b10605b6898231774bc8ee96f8d3b8c8c7aa16d
DEBUG DEN_INV: 19620dcba354df2c88c361a355ce38ad2e5c9dbb9f5947ce5b96188f364b32ae, 252ccbd5c807b5a2786b0579f411284090d8fd1f06e5d68d66a894efeea8d884
DEBUG LAMBDA: 095c38aec90dcbd0003c2201ccd66ff57eccd7be71e4e84f8c3026424f347a37, 1c67e209e7bf10ef4dc3461dc7e1a379b36e7bace3a9748a614bb9d33d997556
DEBUG DBL p->x: 09ecc6da7d2fce66b9402adb0f0330a0d5a1b7e28a6566a56706fee619003723, 1a4bb34f2896da9eb9339ad2688afbac208292874f34cb849adf906c4e53ec88
DEBUG DBL t1 (X^2): 2aa019b2227dbbbac286d00abd65c6e660ad224344bcaf7056c5cf614faea84f, 2e1ed90e456b66d41cfbb4cb0bab9b7f227a69053c1c425fce9c3aba3625f16f
DEBUG DBL M: 1f17b030a515f2dcd6f3e4b3352ea3f7f30491a6fd5279368c1055f63e11fe5f, 2993ee450ddef428e65292f4200021c2386c65ece3713204f3939800f177d9bf
DEBUG DBL S: 06d5a24288cd04f7b8ad8aeb6c39d5d8dafe3dfbbfc2684da5bac9406ee577a7, 19da0f8be9de6447e548a7a72052c23649b156976a650a8dadaa5780fca331f2
DEBUG DBL X': 08bdb6e05bc1d7a3dad241134ac282bd4b26b75e72d75c50ad7a49088f4084ad, 07056c699c75e21b102fce11642ca6dc873c71b0bfaa50092ef2bc807344e3f2
DEBUG Q->z: 1b30ea644dd3f25f8576b5e24788dec82be4b102a01debdf65e3ca9c7f587779, 102f9c20337b6eb2a33c6091a96d187c61250981e8450815ec89211766097011
DEBUG yQ: 012951721baf1a7b617ad8b2e9340ab4adeaad0e11d2abaf770c94e7eee72c02, 1f4a4abecf6158e6df802490e3ce99ea0ca2ae1bdcd0cbe8f2c06a8539e7de10
DEBUG DEN: 0252a2e4375e34f6c2f5b165d26815695bd55a1c23a5575eee1929cfddce5804, 0e30470abd9111a406b0036b461bdb7681c3f1a6512fcd44a96048f39b52bed9
DEBUG DEN_INV: 07af2676eda2965e2dc80ee0481b33eb5f5af26a6ac8adcded77bcd5f4ebdac5, 18edad117f295cf527581d13000b3e5c10bb9c92466fd753e17c7440082de6a6
DEBUG LAMBDA: 1431b07f38e1ebb3452c51410a7a801e14e71ce68d03ca2f0990d0764bb29af5, 1de4bc79f23f2e1888c9a6cc2fe8ce62057d190515d78bfd0ffd806810946809
DEBUG DBL p->x: 0c6d3bef4b502a52609fc9693a5ade95420820a1507151a55cc5398c0a6b27d4, 0e04fc08a10e11826e00e26ee74e90e3c018bcb282628401d12f4de9f0070cfd
DEBUG DBL t1 (X^2): 1e1531e0ea483e82c210defaa4759ab9230d0ab7ff06a2676085bd728f39dfdb, 11c03a2e7c1b160c2b5aefccfd7714cad94c1efffd2014d405132a55d0608036
DEBUG DBL M: 29db472fdda71b5e8de257396bdf77cdd1a5b59694a21ca8e570ac40d530a24a, 04dc6018931fa1fac9c089b076e3e602f462f26e8eee73eed318f2ea98a4835b
DEBUG DBL S: 0ceb5adc70420b4f37eadcf46e02c9e186a85fbba12cae64c05dbfb01360f63d, 0e223e801ab5b51666d944348398ffa89d522fc94c71c3ccae96ef1a0fa054bb
DEBUG DBL X': 06532168ccd91949a69c94c38ca823da99e53d6aba6e865e718ae2d57d5e3082, 13b05d30b5efe0a2b51e997a773ff40e25a0fbb10fce158ed1ada77e40798bcd
DEBUG Q->z: 012dab430f26ecff1604ac354c19b942345680740188d9dcf142873fb8397e1f, 1817cd01d1c6ca535f0b838e9cb5ba134078671b658a2d23e24ed97087ed908b
DEBUG yQ: 2a8acc9f07febb1e2fb9cd3ca23c06c73f852e98fefe681a354dd9d9b9fe538c, 2b80be81f092e08ad0122a22aa9c9f30d0a7f22ce8fb9ef01b648447739459c7
DEBUG DEN: 24b14acb2ecbd612a72354c2c2f6b530e788f2a0958b05a72e7b279c9b7fa9d1, 269d2e90fff420ebe7d40e8ed3b7e60409ce79c869857352faa87c780eabb647
DEBUG DEN_INV: 0e3a6130666c3b370fe70054c34c18c03c6be55ba740b07ddff65ef3f164118d, 236c6686eebbf6a4959a465136148613641854ed9acdf1aa993696d69f34881e
DEBUG LAMBDA: 0849e6849585e3f54dc4d395145538dcca638ae086d882b3a436813c5190816a, 031c37a80c0c8ba0730bc8b526a2fa2c1684827fd9c4045b319b69d4ec80398c
DEBUG DBL p->x: 18b2bc9c765761dc45fadd8b97868bca2078dff56fe1a1e46b6c8153191b01d5, 185d6195e0c03c4ac87d01d5165b87c9497bf3654b312ab8f3dba344d7dbf7f1
DEBUG DBL t1 (X^2): 2c6efd25a4e455f342ab8cc1da074a8ae413aa32f925501162dbd191803b4c4c, 0d1aa7c34ad6803d2b396e75793e372b970a8fa2e0ded715d4e892a25fc2bbde
DEBUG DBL M: 24845a8b2c49c18657621ad88b132ee57d3829761a8c5b19b0525c86cfb7ea56, 274ff749e08380b781ac4b606bbaa582c51faee8a29c85417eb9b7e71f48339a
DEBUG DBL S: 2202122ea6a1143bb853a9daf3d79dbfb3e47e2ff442726882daf22b9f8c64f2, 011ca50c2e0829809d7d3124049357a0a7dd11a5df35ebfabb2a4373837483c5
DEBUG DBL X': 12fa378f5a0892efc572f7547d10dc951110f78f2542efda5797f61314a46efb, 045c10a609c77bcaf56af0d475378290949d30e5763f9ddd364a6a08a741f8ef
DEBUG Q->z: 10226ea5298c66f7ccdc441d4ff4a4dc188dfe96acaf57b53d4ad2e953df4e69, 10b86f37a043487259e4b8770bbedc9a9aabe61b3305942863d0cf0b0b3afabd
DEBUG yQ: 00526e5ba32fca4077158b567f55033d47b81f6cbb2c8e6dfb737044c74f189e, 0531fc88116689b85dbf8314cd425d388ac755ed9e3ea4cc69e83fc8ee08012a
DEBUG DEN: 00a4dcb7465f9480ee2b16acfeaa067a8f703ed976591cdbf6e6e0898e9e313c, 0a63f91022cd1370bb7f06299a84ba71158eabdb3c7d4998d3d07f91dc100254
DEBUG DEN_INV: 0e80666fe7cec350b533b0e2d59426020e7d69476f2d4e344bf04be6d8cddad4, 2992b4a8296cd8e51b8b3a93550e8a33ffe0072596ca16d41cee83e157aeb2e2
DEBUG LAMBDA: 25b5ab78216f4d5feb843665670e5415241a5091c33deec675e949b8eee7989a, 03d6a148b78ec5bb9bf6dcc43b6d8e8fdd4bc0b7f3f7d73f20343f0be6f3298b
DEBUG DBL p->x: 12fa378f5a0892efc572f7547d10dc951110f78f2542efda5797f61314a46efb, 045c10a609c77bcaf56af0d475378290949d30e5763f9ddd364a6a08a741f8ef
DEBUG DBL t1 (X^2): 1b7e44ccad9d5812505b9a1a15e346ded5d2a38caa1552f663670fb96b9b5477, 262d4aa36018658204f5d9c59dcafa734ad2203b22f88a5937fdd275f440b2af
DEBUG DBL M: 22167ff327a6680d38c28897c0287c3ee9f6801495ce2e55ee14a3156a55001e, 11bf43045de5f0329e4101e3d65e3e9eb1738b8e980609f12fb85f342bc81d7f
DEBUG DBL S: 217db479003977af50ec82dd0109ad2288a9f861dcc380afe531f750c3f3d564, 236a37cdb136d8d4a81207d17afe16cb5b54b2ae4342454c5fb42d62bdcb1c7c
DEBUG DBL X': 17d0d62cb8c15854e8c9d5ce325171d2eca4095543dcf3c66898d91f9751ab44, 1954b8f3d5b0c386b779c416348d3f04d9c2d0d28fb370509498a047069a641c
DEBUG Q->z: 2f1bc56dc5ee2ee8f5a69433d237b16974920ec2ff44ffec956c49f8160f36f4, 0792ba8554618ecdfeb9801e6b956c1de9849f2a3696c9969414297ae0dcb921
DEBUG yQ: 1031c44eed43a50b2cfa6d323d85ebf6add50d873eaf50ef71877beda1229a64, 234cbbf1235389c866691eed97d0271ea4cabb1acc76ecc4ecd6ca7b28229151
DEBUG DEN: 2063889dda874a1659f4da647b0bd7ed5baa1b0e7d5ea1dee30ef7db424534c8, 1635296f657573671481f824ae1ef5dfb2140ba4307c0efc9d8d08df77c8255b
DEBUG DEN_INV: 292246bb321a470a7568d78bce02682f5b184ee41b1534d3f159abdb9b3dae24, 0421fdd569a2389ee175f83cd0ec59dfe55f92df667ecea4e182e987c1ab5ff8
DEBUG LAMBDA: 2eeb046c36df6336648865b8852897dbeea207e54a080d4c9b271f6892494ef6, 218628f811a01a548fc3c9a3b7e4628349fbb2559118fa404d76f236641712c3
DEBUG DBL p->x: 28449794718f8b1fd353412825c912dbfc6c0262f370b43cfb95df1ee163d5ec, 01cb9a0439edbf2129f16b4a1f45e0c4e26ee963c5a6508121d29f9a71bcffc5
DEBUG DBL t1 (X^2): 228a5307003e013aa8cf2cd300dff51d88b2bb63bd5c5163ff9be2ee043a0050, 01dff8b713f32e48542ae655ba4bea27c89076299a9d03f6ba8e3495219bb0bb
DEBUG DBL M: 06d65c2f3e56c35c89ccfb0bff9d2e9d6b155d0867315f118692909c5bb40662, 059fea253bd98ad8fc80b3012ee3be7759b1627ccfd70be42faa9dbf64d31231
DEBUG DBL S: 037f6427a2ac282aa7586081334146ecbfedd80e2611f0d11cda345bb750db0f, 0a3a60384ccabd0eb2eb8ca28f87a93bae52602033718807ad90ad29205cd143
DEBUG DBL X': 2cef83b941b987a51a4c0e9ccadeae6ec2abdc04fff6d38cca427f8dbac866d2, 24638970b2f5fdf7efa7c33fa6b5baab6a7d386365df3a5134663ae5346501ed
DEBUG Q->z: 19f790dffd2ac4903b5496b90ec92acf26a87e958fef6b46f5ce849133923cf5, 031110a15f1a5aa28e74088357d8cc874827d4efa908c39227d84b559d92a4d2
DEBUG yQ: 02e15916867983a65df28c0b92252e491319885b78092615da8f000f1af64e99, 1a93595637dd64682267bf6389384e1c09bd42c56b1070fab1dfcfc1f286b44e
DEBUG DEN: 05c2b22d0cf3074cbbe51817244a5c92263310b6f0124c2bb51e001e35ec9d32, 04c264398e8928a68c7f391090ef43da7bf91af96daf1768279f136d0c906b55
DEBUG DEN_INV: 17e1c09428082046a67af22301d6db8e81537a8240c31a5cd1163be3581c2fbe, 0d07ff0bd2566350e0268bb4800ef85dfcb473e1ec63853d48ce1b6f198dcfb2
DEBUG LAMBDA: 09b3df073a2d717afe598028432807a323cbd593f8bdf50c61daeeac46b7eecc, 2e38fc7bd7a24b0d050be8d074a935845418b3030bc4e3def9be8aed86037c3d
DEBUG DBL p->x: 2cef83b941b987a51a4c0e9ccadeae6ec2abdc04fff6d38cca427f8dbac866d2, 24638970b2f5fdf7efa7c33fa6b5baab6a7d386365df3a5134663ae5346501ed
DEBUG DBL t1 (X^2): 26515002584cd950ffcb9ed38f052444cfecb501b765f04845e10ad487a41924, 192c7ee61775b461eed0bc15aac180126f06c1dce99f2a58a4312417075b3ebc
DEBUG DBL M: 122b532146834b9f8ec2510daa0cbc1340c349e2554e3bbe5962084fe5f250de, 1b212e3f652f7cfc1421ee8a7ec327d9b592db05546bb47cb072e02e3d94beed
DEBUG DBL S: 1fc79e514cea15e320193c771ff4bfbdee44c54bbeb71f567addbd2a0ee1bc30, 2a410365efb141f4442eecd9a6d28d134922aa60326bc583e925a913101d0653
DEBUG DBL X': 0d142b479415f71ea85590e4a32234101d47ba424fc9c7aedacf47f53f6cfebb, 0679528b6ac3aa74f884e103587ecfdd65dd1b05c799628b740ad03388e2e4de
DEBUG Q->z: 1203efc0df053575ea4f8936a85bf840557c56280daf1b3f9fe8495d4c232df0, 16e02a338bb0e9ed30089b632cbc5e4dcd4f1c8c97640cc7bef196360fda96c9
DEBUG yQ: 14dc5d20c2e260683b6a879697cc47b1df26958ff6e1f682f248550f405a13af, 07a1a6b1dcb49a0b5b535d0a6faeebd63dea034b223de52cd5056662cf148233
DEBUG DEN: 29b8ba4185c4c0d076d50f2d2f988f63be4d2b1fedc3ed05e490aa1e80b4275e, 0f434d63b9693416b6a6ba14df5dd7ac7bd40696447bca59aa0accc59e290466
DEBUG DEN_INV: 11e97cf2669c36a708926f5cb73f971c2af335a180524ae4214812eb752c88cb, 172fa4058ec287ac1943cee8acae5e9f50e7bbbd6952bf1fb110ed71c0d98efa
DEBUG LAMBDA: 2448ca4f80c90de7f054e6c0e1effd633cac44ad1c8156a4692d1d4c9a4c1172, 2b985b8ea1b5bcf76086f0af27248041d0208abb933a68ddd19a574c05f0efd1
DEBUG DBL p->x: 13683c7f8f2f9e91f67d9e1bb5413a20c8d325ecbd4a2ad2ab2747d7adfe444e, 02f95fa0e197b15d2cb4ac49b3e764308754fe5107c204a6ee2e70bd5b7a560a
DEBUG DBL t1 (X^2): 01a2719ca804bc7125908740a04a37a557a29aab1870c9b9c364717f75a2b908, 20b95bae6329f7bde9ea7b9d90dd9a62c6ce3580235a1e8e7dd9ebdd2f230e3a
DEBUG DBL M: 04e754d5f80e355370b195c1e0dea6f006e7d00149525d2d4a2d547e60e82b18, 01637625671aa6e64d1ee76baf961e6d2567cb5d992ac691014cab69dc6f3020
DEBUG DBL S: 2fbcafdc766dad58970a66b8b37ae07ba4ac4455560943bd6db2e9644fce45d8, 23c3394d354924f5ff42fe3f0a036fcb669c648ccb125af287a9cb8b7b6091ed
DEBUG DBL X': 1af513b3ce36708e9075b1aed8f9be54deba5633dd8d7a6e53aa7aa29a2fa335, 259e8f51f2c1dbcfa1d39754b8d0d68f1f3efcbe3442977328294d7bb77b140b
DEBUG Q->z: 2102af4d96213620e8e3dcb667cf0c798ba8c72804eaf0abd94e291fffdbd0cc, 2016f975989e950ddf8dd4db18ddc0b53e20e692b1c56b6933e9526a4a10c394
DEBUG yQ: 2c6fe1dedddab9aaca16cc6e5175bac561c018ba2a09ffaeda3d410608bfe550, 10a68ac8520844b29d19611e7aece5015ac379279adf49030c6ad48d50478f72
DEBUG DEN: 287b754ada83d32bdbdd5326216a1d2d2bfec6e2eba234d07859f5f53902cd59, 214d1590a41089653a32c23cf5d9ca02b586f24f35be920618d5a91aa08f1ee4
DEBUG DEN_INV: 01ee07e4941b4e841ad377d5c11394b9bdb7fd5d72681c9a384e5a9019aaffa7, 14343eae1256947b492fef9bb33a651a1fc7c66e1a3aa776f5d3e6da78bcb1cc
DEBUG LAMBDA: 284ee72f09ab8d6064d030080c18d96bf40d33d8d1ba24856aff831c1c12f6fb, 2567f88663a57876d2ca7a1776415f849e658fefddf1055c84792d025c062850
DEBUG DBL p->x: 1af513b3ce36708e9075b1aed8f9be54deba5633dd8d7a6e53aa7aa29a2fa335, 259e8f51f2c1dbcfa1d39754b8d0d68f1f3efcbe3442977328294d7bb77b140b
DEBUG DBL t1 (X^2): 05ab26d3298d81a7d96e5cf60a60c755ae2ba83910a3bffb6bd7134b70859fa7, 16681bf63aaa5e65ad45449b58854f6957073ff6dc6d2ec80d8d0b9193d2b9f1
DEBUG DBL M: 110174797ca884f78c4b16e21f2256010a82f8ab31eb3ff2438539e25190def5, 12d4056fcecd7b074f7f881b880e95de6d9455532cd5c1caec86969de2fb308c
DEBUG DBL S: 040bd39a082edac2d909bcb88898e1069421958a83a4e36b2608b833ee0b4098, 0aa97b58f58b633a35b03f5e7b5794978a6347e78301be35c5353853a5c0c74a
DEBUG DBL X': 14b1f1d8a0c4b70539a9cccfbe08f7d1f23bd5cd8dcff453dda2e6fffa6baac9, 1e56f848345867021016ef08ea924ea566cce3760f51ef70f941a828e252dd34
DEBUG Q->z: 2912d1e8d45d50e8fbbf63b4e78c101845c91aa08101a027ace1c5cdadfe494b, 00da6176b1c2a7a15ba66a3c8d06aafc850d35df889b5069b7b263752176facd
DEBUG yQ: 055a01843eadf98ffabdc4917e4ca876b0fffbef4f9df25ba1e7ad0cd385aef0, 1b925614c2f70670f0f1d3ae2b8cd59c0ee2510f17c30a98531fc6c1980b569f
DEBUG DEN: 0ab403087d5bf31ff57b8922fc9950ed61fff7de9f3be4b743cf5a19a70b5de0, 06c05db6a4bc6cb8299361a5d59852da8643378cc7144aa36a1f016c5799aff7
DEBUG DEN_INV: 00a01bb4faad3d241da00926e63ad94c758bf858ea2e78f1a574221d8390147f, 02dbfa064763c2f29af7bdd85e9232ade02a6da8ec80e3cca5ddff80bb94952b
DEBUG LAMBDA: 0eb6d904c260d73502c89336bb2ee41f5fd29fdcb776a7ab861d999dfa872ed8, 0f8bcada5e4bfcf34e113ea9653aa3790c54982844a0f671f816aa33a42dfdac
DEBUG DBL p->x: 14b1f1d8a0c4b70539a9cccfbe08f7d1f23bd5cd8dcff453dda2e6fffa6baac9, 1e56f848345867021016ef08ea924ea566cce3760f51ef70f941a828e252dd34
DEBUG DBL t1 (X^2): 00af89fa9ec4578132ea5e752c07a2d05ac34fdaabb64758f4d7c04ba3031ae1, 1e74423ea43012369549066915a7e54bc8d921e6feb8594bd0ef6974a4e44de1
DEBUG DBL M: 020e9defdc4d068398bf1b5f8416e8711049ef900322d60ade8740e2e90950a3, 2af878490b5e967a078acd84bf765785c309fb2393b7415636adb047162fec5c
DEBUG DBL S: 0de59c7ec6457b650fe642057ddc54f1cac934148e5986bbd3f657858a86bcb4, 150cadab38f6d179c9baec7db21729732f817ff4c990a43a1f0bb99f5793e1e0
DEBUG DBL X': 28114c4b2eaac0f6b419c3ed76a95fd36b792b959ecff24a9762ec1a437ef8ca, 2886c6f2e2f9f1e163c3bb4c549a06fe2e2ddc5e3324b786b45857e194842337
DEBUG MILLER RES: 1d68d15eb8d29a91f404f3d93df6476bd754ace0c2b73907619ac3d2d3f4d6d0 245f600bb0db372362dc9b3c88c73611d949574fd5acc86857d2d16541463b2a 24015d8817ef72bc3e77b8fc3c93397893599f156655ed9d0520d04f9f708aff 119f71293f5209beb4f45bf7ed8561db0501a4c781a9a40d57e64ecf60b9dc5f 0745d3fa17b68fc0aea2f8cdc6f264a7ba6bc8158123c71bf4e4c09927571100 18bb6a797e59303060966f223edbf7daf340ae067b8cb0c24a9a1664e74ee921 1b377db7134de4df0880e6d2404cfee88ccb4164683e2d2ab31454bff23b57a4 06f9c2a563cbdec4f2c2e6e98d604d8ca88d40c72fb6a2f622d1a1d51f357311 080b792561431b21a183ac7f8e0fac56c4b34650ce21a8e40f9fe43eab056927 054e8ddfa66d5f68240f2408a68521dc6050f0e79f6362972e00dc788445ccaa 286f95d4497abc2fef01946e5d056812f4e8d23c551966989e6328fc952e4655 0f34aeca4b53ae904c1663e153293c9d819757646a79dd00552d2fece938224e 
/Users/simon/ws/cc/colibri-stateless/test/unittests/test_zk_proof.c:60:test_verify_chain:FAIL: ZK Proof verification failed
Running Tampering Tests on Period 1601
DEBUG verify_zk_proof START
DEBUG A Bytes: 218eb0be1bf5441afc21b850e5ffbeeb371d354c9bdfd5e08b08000c8312329803bb264aafe8a8a597d3ca3e5ca03084ce4f87e943eb3ee5971f54969ffca5a4
DEBUG B Bytes: 259fa5ee9c36b47dbe8d0997f257001e350fa3e3f0e654a26dd987a258319f612cb0d77b861f6d0362483433e44cabb9a093e3c4cddbc12c84a19df83ef9c641237aebe663d70f44ed8c160d56aec6092e0c4c916bb41a995f0d0825f47584311e3b2123dc00a282bb470ebbb1caef04a41777eb7d0433bccdbdf589a1e4da7d
DEBUG C Bytes: 2a8e81c21e1545a765af60303b43a59a459fb9ce5c303813638857c3ff0cbb4c29d72f8f1f27071b9f13623b92f138b862321528919810dc9d8c01736efd33a8
DEBUG VK BETA TMP: 0e187847ad4c798374d0d6732bf501847dd68bc0e071241e0213bc7fc13db7ab0967032fcbf776d1afc985f88877f182d38480a653f2decaa9794cbc3bf3060c
DEBUG t1: 1332783f1031bba8729bc0c6ee3ccb84191a58c17c1c97d58ba29694d0019dff24c67efa6c76d260082ef0158bfb2fe9e0e7f81374e0c7b9efd7141d65305cb3
DEBUG t2: 1c337e373de1c5b3aecde8790ca45041c7adee6a337004fee333229b75a39bcb2858e2e4aa3d0de3ae1c4b5e4241168102a89becfc7e42e268b3db6bd4c7f0dd
DEBUG L: 21b08a442c009630a7f62e835488b37594d4f04b34a1a564e332026988333f470839740da6164828deda3ed5a6bac73566d12fc5506e664d998207fa64ad82db
DEBUG PubHash: 17cca5d68c183d9be705f6fc3b9500a98071fb826c3879f5763132c0c6da2528
DEBUG Q->z: 0000000000000000000000000000000000000000000000000000000000000001, 0000000000000000000000000000000000000000000000000000000000000000
DEBUG yQ: 1e3b2123dc00a282bb470ebbb1caef04a41777eb7d0433bccdbdf589a1e4da7d, 237aebe663d70f44ed8c160d56aec6092e0c4c916bb41a995f0d0825f4758431
DEBUG DEN: 0c11f3d4d6cfa4dbbe3dd7c0e21485abb0ad854591969cec5f5b5efc6b4cb7b3, 16918959e67c7e6022c7e6642bdc33b4c4972e916ef66aa581f98435106e0b1b
DEBUG DEN_INV: 28255b9e2c213b28c0608ff61ba9dd1c7ab86000627eb5dd48cfbda78da87dbf, 29b782b6be1f7950ff9ed80e509e6b3d192a0f416a8f98e65f41a3e9ab5c4aea
DEBUG LAMBDA: 12dc07872b70fe40cc60decd4b0d1635920ca4eaee893582865dda6c388136f9, 2d6c19721c4d9a28010f3c415985af6c52bc2dd1c3f5868ff75f8df6e34cbdd5
DEBUG DBL p->x: 2cb0d77b861f6d0362483433e44cabb9a093e3c4cddbc12c84a19df83ef9c641, 259fa5ee9c36b47dbe8d0997f257001e350fa3e3f0e654a26dd987a258319f61
DEBUG DBL t1 (X^2): 13a5699e30e0f54417a007e5b11e2b518171cdd564357d92f86978140dbc94bc, 0602648d1f63d0342b44f37619402fb3f21416c11745ec10191bb704d97e7bf7
DEBUG DBL M: 0a8bee67b1713fa28e8fd1fa91d92996ecd3feeec42eae2bad1bdc2550b8c0ed, 12072da75e2b709c81ceda624bc08f1bd63c444345d1c4304b53250e8c7b73e5
DEBUG DBL S: 1d2370fe48f93ce4fed59e66b059a46e9b7067bd6f457b2b1e8fca126bc9602e, 303678712f80d1d149107bcbffb525b93305139636376f3db20f3a2e8eadf873
DEBUG DBL X': 16635924141ee20fb25ca086aeac2c4fc0f81af2b8b3eece482a82445cccd86d, 0bc33b3818f4c0d3fd0f1238a181eeb1fb0f0682755c96d1a9c355fe212575f3
DEBUG Q->z: 14bd952ea01726f27e736997e9661dbb809aa11a6ed720e55483f0b9cb24b685, 0ccd7dccff9a5d8641fdded1e3c474761659614395d4e2e701420d6617da8e1f
DEBUG yQ: 2041f711c59894b8d4be0d827028646d96f8677ba9ded00ef6d2168ff4f03140, 20628f5d165ba0c4be54b9e6a9cf06d36dbc247926dffc31f1a816140f384074
DEBUG DEN: 101f9fb0a9ff8947f12bd54e5ecf707d966f6465eb4bd590b183a10911636539, 1060d0474b85a15fc4592e16d21cb54943f6de60e54e2dd6a72fa01145f383a1
DEBUG DEN_INV: 2de7be09bb04e147106144f3680256a16bff803c801f37aad9182e44c7f2777e, 28b26d1f2512c72345bf621d2a813c58023b2c318e5a528d40e653ea697928d4
DEBUG LAMBDA: 26d1b1b2ea7e5cb06f58553f6530b92a15d5802a1bc5cbdd45526ba0a6a98127, 1c9afe5ae431476ec951c98325d1793b77e79842bba9d56f8d7223061b8782e7
DEBUG DBL p->x: 2609c42195698cbc983c654a48b0b2e6dcff4d179c6253511c89ac367867b6a3, 0fd2819deeb567936983b9f89e340dfcc753ff82d975ea0acd6f6c802c2791e7
DEBUG DBL t1 (X^2): 10b5749a9156ad1586e8de0fd4a436e74e718e72090afc3e050d8aba8788b91c, 12512c5e31ede0cc1907332cc96e6b10b0f41d7f6e32bcf8650944f7913e927c
DEBUG DBL M: 01bc0f5cd2d26716dc6a5478fc6b4c5853d340c4b2af2a2cd3081418be1d2e0d, 068f36a7b498023a92c553cfdac9e8d47b5aedece2266c5bf2fb42cfdb3eba2d
DEBUG DBL S: 192a03836628337a0106488b705b573cccef8961f6f36c0574866f0214ae8a3b, 1dcd53dbf79d6aa6f74be26baa96aed8aa2e38018cb22417b8be6a5484acc543
DEBUG DBL X': 18d967861b53b9f428fc1cbc0a881298dbef7abb619b76da26d2c2805113c64b, 1a76d4d9cc22fd85900907982ecd783ed858aa1c401154a0d62f08a93d6daae1
DEBUG Q->z: 0be4ab0d88ec9e63c1579736dbdf07cec0e1a6e3456aa5c3133c426d74cdae1d, 12f37988f47c460d763890fb103971f0467325423390d58667a03b92c7540bb5
DEBUG yQ: 04b90b941dba78589e0b445912165e8380f05575ccdcad845b653511b91cebe4, 0db34bc975cb19b96013276717c3d4e9a7b7aabec75f2fb3a93bfd004d2229bb
DEBUG DEN: 097217283b74f0b13c1688b2242cbd0701e0aaeb99b95b08b6ca6a237239d7c8, 1b669792eb963372c0264ece2f87a9d34f6f557d8ebe5f675277fa009a445376
DEBUG DEN_INV: 0dd1e25cce5ec5addb54de554bdae111dedcb604d7c47b7ea338b36ac14e9586, 2eb0222bbb5193583fec7a91bade332d1fe0ee5819159601b1cc3317134e8953
DEBUG LAMBDA: 01c3a7e810317530b780cf5d317dd74ef8604e0203665f63164b07d86474f555, 1fa0fd4949c5b179b9d51fa72f1b16c1d9a44e5f85a6c6a8aaca52209786c07d
DEBUG DBL p->x: 18d967861b53b9f428fc1cbc0a881298dbef7abb619b76da26d2c2805113c64b, 1a76d4d9cc22fd85900907982ecd783ed858aa1c401154a0d62f08a93d6daae1
DEBUG DBL t1 (X^2): 1dd57e95c7ba4a604045b426e3e773f0cb6fc970d782bf51156d69c84dfba9ca, 1d1d859ea35189f09ecf75a7628e965ee77ab35a700f6d2ab72da4730a8f244e
DEBUG DBL M: 291c2d4e75fd3ef70880d6be2a350374cacdf1c11e1673660427b14211760017, 26f4426908c2fda8241e1b3fa62a6abf1eeeaf7de7bc7cf2e968614247306fa3
DEBUG DBL S: 263aff921b5bba577c83e0e469bc7c4337b510a9c2f34120e56d1d3c50086dc8, 08293848302d06d9ece8dfd69f62cb18a2ae040ac74a50142b6c354732cdfecb
DEBUG DBL X': 29df1b50148a58ee3e6518015b20addd602e7beef32e01a3ce81581b99c91acb, 25f46c6a918ed15c8a780db043562d93788fa93a41120cd993d6ce605c25529f
DEBUG Q->z: 174af911c544a6b54ea184aa641b541496742b3e515630fcd2b7a01838905c4a, 03314ca55fa86d01d02210ac904a774d239a5b6b56ec4883cb54ba9eb2210dcb
DEBUG yQ: 0891c6cc9891216f1bee63f3ae5ca84a93fbc75792b15c18f2f40e19e36a8d1c, 115f244a71641f5432a0fcfff91ce10f15e6157b03bf84f1d9dec955065a5e1d
DEBUG DEN: 11238d99312242de37dcc7e75cb9509527f78eaf2562b831e5e81c33c6d51a38, 22be4894e2c83ea86541f9fff239c21e2bcc2af6077f09e3b3bd92aa0cb4bc3a
DEBUG DEN_INV: 1484373ba90728747c557c1bb3992cef3f82b5fddcdb5c927cb5694db0494692, 0d1bd56a602f0fe9aa64c057ad3d4d16e3cf3fb53d5b3d7429773c7358289eeb
DEBUG LAMBDA: 26f182ea53fb33bd26be228e90faaa53cde9fa40c860637b152dbb70665a965d, 12398ef15a6d53fab4d2770c0f9ce967995bed0ddb9ac38e294c3c733a2cd69d
DEBUG DBL p->x: 29df1b50148a58ee3e6518015b20addd602e7beef32e01a3ce81581b99c91acb, 25f46c6a918ed15c8a780db043562d93788fa93a41120cd993d6ce605c25529f
DEBUG DBL t1 (X^2): 138fc8b6edce8835b0536ac8f53569261cd100346e153d8b198db835c7df5f77, 2a81c8fadaa6a4b69b4a3db278e90c948512a904a5770a8858d701b3d6ba96ed
DEBUG DBL M: 0a4b0bb1e839f87758a9faa45e1ee314bef1960be1cdee1410889c8a7f21211e, 1ebcbe0acd90add0613e2daa67b87502603525eb1f818a7e9243ecedd335ca39
DEBUG DBL S: 16327b4f9a840f08d28017c7badd38fb916d24e3657168103f76b1d5941f61df, 224ecb96451233486de54a1847c64ccc9eabd6bfbc49cc550ffd3479304aa022
DEBUG DBL X': 2b8bd7f7e6f03569c7fe5c157fd70069b0a840b71eb54fd37a2ae091a1456193, 0c9a533128111b7a05717dd2fc09b00bbe8d547de118edc6e2eb9f82e849c925
DEBUG Q->z: 07e4f679bcc45ecbcee4ade0b5cff0f0435048c8bf3d16e37557c3a9c01d68bb, 185f8a5a232b0713d8572b2807ed3bd446ffe39071e91d3449b38f1d36be2f2c
DEBUG yQ: 08827033f5d07b4ea4fce79c64da8fdfd28cf4f5338214e1f508159ebec88a20, 25c14988b0482551410c8409f6502c92aca0fda7d107d5cc4394737f4e630e83
DEBUG DEN: 1104e067eba0f69d49f9cf38c9b51fbfa519e9ea670429c3ea102b3d7d911440, 1b1e449e7f5eaa78c9c8c25d6b1f00c7c1c090be399de10b4b085ae7c4491fbf
DEBUG DEN_INV: 2cc2f8ee35f7fd12608a5c680afe8da6cfe0bd5916424696ea67b0be21918829, 17d48aa18420e6fb7d3553fe577abf1303f428c4249b0bee3eb1f2ad3c00eca2
DEBUG LAMBDA: 0001530fa17c91dd180c5a709a0245d56bf7cba1af2842fa1713ebb7f6fd7500, 0b92ea56f1f445e5c176ac3cecee31f9b1cd070886aebf1d0fc588d9f749811f
DEBUG DBL p->x: 21eb4ff123f9030a11b710e898c47273256ef4b65274173970f6c7fd5878d6f8, 05e31ce217d4a9513df80c2dff19e6fb145eb77243a3cc972c38129f3827326e
DEBUG DBL t1 (X^2): 2b027a470db7e844038fbbbc9c1aa0161202a416f5f97022cdb5dec84aad66ea, 0aac608bd9fce5e00b6d27d37b41094366925f20aaa6ceec6d6f7fa7debb1c04
DEBUG DBL M: 203ed1ef66c478789a0ea7c8d14d2f87070517221108bb4df0e0842b2f0e3a30, 200521a38df6b1a02247777a71c31bca33b71d61fff46cc5484e7ef79c31540c
DEBUG DBL S: 05444df6de1ce3fd7fe8491b02d13da1427849404a58ec118a167a57ddc57a1f, 2af33308c310f3c8c582c659fe27c66193061d964400e0111913e9527b1b9fd1
DEBUG DBL X': 028591a419b47b72b10abb2f2b85a62fc250f8946abdcc2744929d3d39fdad15, 2fae385ae3e839baa5093bd7cc6019e7a6414763345041cfef20558dee09b69b
DEBUG Q->z: 253fd110a822733dc550eb3e1211620fc9ab412eb76a40d067812563e8b5c1d6, 216184bed9bcd3edbdb39deeb3719320e834c6c0d243d2bed6de81a923907668
DEBUG yQ: 0fadde1384e3e1b3821fa6b62016392a07dc1646f2504f865fcb7c643b922610, 007990dedff0704ea6b57f696800230a9c22cf364fcb685f30940582df656e3f
DEBUG DEN: 1f5bbc2709c7c367043f4d6c402c72540fb82c8de4a09f0cbf96f8c877244c20, 00f321bdbfe0e09d4d6afed2d000461538459e6c9f96d0be61280b05becadc7e
DEBUG DEN_INV: 1756f6474ee63b8fcbaf54a115e1fb88aa20f3fb17003161cee53a14685f5e5a, 0fded75d7bff1d0161900bc5a6357e0a9b0aa9b6c4f1a9baa2051a99b61185cf
DEBUG LAMBDA: 2f1f3a57f23937728f6987106552fd53bfcd82a33c4298b69392d6781e89b4a5, 21fded31b54e924388a863cd0900f3ff9a9f14c8937dfccd743d387edefe537e
DEBUG DBL p->x: 02026216392e03d470cf78281b41154d48c95f6e4eeabad6d5feefdd730c94bd, 29bad9408fd49e884dcc734ee34d71bc936d910c8fb0c4581a191b0b303a4f14
DEBUG DBL t1 (X^2): 2d7de2e9bf9b73ae0f3f5d5055f53b7281d6dd4e94626d6700a3c53a897c5129, 09f6fa38832c99f93c64cc5b2005c9812067bd5fe646f47f7eac52e86c6fac24
DEBUG DBL M: 27b10bd77c6f1ab6bd1d8c83fedd019c5681c2c8ec43b31a89aa3781eb7af8ed, 1de4eea98985cdebb52e651160115c836137381fb2d4dd7e7c04f8b9454f046c
DEBUG DBL S: 1a4b7bbf18c9a7a0a6098e64ca896d066e1c62fb7a8e61d8e6ce7c05d8325f0f, 21f6e7be44c424bb42f61e4f6fa0cdb999cf4f5b3f7e1a44d7930160f2002687
DEBUG DBL X': 04b92f3344e55001e9749f75959d22bbe7478efcae4195592560f423ac6729ca, 0f58b35b21c8b9b96b6d742b0be91050ae6d16885e1837898993a7788915759c
DEBUG Q->z: 256fb443aba33da83bf59423ef8581b301a8debf6afb4fddb28241fe505cee11, 2bbeff71cffb412f6922dd5d70252a9b425ebec3fa67eec68058ffa1da1c1d8e
DEBUG yQ: 1d11418ad6c968eba144f88fe6febd942e05bfc5bd242af7ef37c1745ac91a69, 17913ab22fa771ff340077c745dc61e4eb2f3e57149a4c0c5edbec5c7700068a
DEBUG DEN: 09be34a2cc6131ad8a39ab694c7c22cac48a14fa11d68b62a24ef6d1dd15378b, 2f2275645f4ee3fe6800ef8e8bb8c3c9d65e7cae29349818bdb7d8b8ee000d14
DEBUG DEN_INV: 08a5ee1e31c0360de2868f78024f28b9fc35ae97b2cb0f3e7361ca68cd834c3a, 1854ed6ece846b72981ddb496290a406b0ad1172a424efd91bf2dd44d43f796d
DEBUG LAMBDA: 2bf5f1e8a2706b10604bc34835153311e706be628e1beea6c08e3b6d4556f67d, 300990c882f0c5459e5dd01a65f80e8aa64d55b3501fa9df5cf27acc2564d275
DEBUG DBL p->x: 273ea22e9b58da73b0d30461c642d3ef39246b9c160b6dfe7b2bf1db0fcd0046, 238aa6c759e477379d45fbb1551ca3a8c2742e8d03a8caeba331da60acee8922
DEBUG DBL t1 (X^2): 02a23e6057d1b6532b6a6365bd67ef155f3e91a68bb6ba155318de88ba620440, 207b793d0083d83e756de3608357894d2e228388b701f6ab50d7c2d238baec52
DEBUG DBL M: 07e6bb21077522f9823f2a313837cd401dbbb4f3a3242e3ff94a9b9a2f260cc0, 00a9ced13f284867efa91eb48703eb2c5b64b57754224ee77a463048f936ca68
DEBUG DBL S: 03074d1908754c775d4c157afd781f077225a620828a3c20cb4eef974c68d6f6, 1aee3c79a4ae8574cd8a93f58eb4d351123a81911a6fad59793158a60763736d
DEBUG DBL X': 22e4835f6ee33630438c94fc2d5ce046d8580518c2e0a6c00eba7b0936a18171, 24b7c3750682842c7051b4e849d8749a0efdfa624fabe7af17bea5025b85f267
DEBUG Q->z: 214fdbd0f216537e496aa7924f67b91b3017e8a3654b5501032a5445a34e04c0, 2336b15bebd1a92429d0472d17fd2454f8fc1a64ae1c94f8ed057e12996ae125
DEBUG yQ: 213bdd30e970768ae2d2ead856f1f6ea176c6a93326bafb5967e9047ba5c5649, 23ea4d6198dbe3b9fd62854ff75ca1b405139be1d8e55ef7fe7a83606f9c686a
DEBUG DEN: 12136beef1af4cec0d558ffa2c62957697576a94fc6594ddf0dc94789c3baf4b, 17704c505086274a4274c4e96d37eb0a72a5cd324958f362c0d47aaa06bbd38d
DEBUG DEN_INV: 102e5085996ba9e3fcf9861e7621984ac0e5dea2c04a043a66cf53086eb04f59, 2352dd05380071cc9693b484c0f302bbba511e246d6674ecfcb1cb3ce3278927
DEBUG LAMBDA: 053f2f881de39585a98bbb98d4feee9bb8dfa874f44faa99017efd5fafa9c98e, 10ccab580edc8f5f79e1916df8c225ed2571a8eaa41054ad71af9b2ffdb463ef
DEBUG DBL p->x: 22e4835f6ee33630438c94fc2d5ce046d8580518c2e0a6c00eba7b0936a18171, 24b7c3750682842c7051b4e849d8749a0efdfa624fabe7af17bea5025b85f267
DEBUG DBL t1 (X^2): 079bde41d110c483acda81896388040b7ffabb659a06ff19aa847f5aec52792a, 22540f5ba099684fcfcfb4e9d059e72bb54734bff234504decd9f555d2f7849c
DEBUG DBL M: 16d39ac573324d8b068f849c2a980c227ff03230ce14fd4cff8d7e10c4f76b7e, 0633912d1f68f89bfece93506e0b04c7f0d2c91d05b95bcf4e4cc7d3c7ec9346
DEBUG DBL S: 133b59cff074929bdda380976fb1430d5978031cae13de0c6e668c018b3a8355, 1bc5d580e470fb8f219e7bcec8766318e76bb0d83d16386ebc81df750bbfd117
DEBUG DBL X': 178692a6a3db59b78f7d99b20a69d1baeb0ebb440a18e4e1613c08c3a1818a98, 1796ca4fe151bf598bd51b1b0f32297259e5ae83fde80c817c55037a27775a2a
DEBUG Q->z: 1084a9246b2f820488a37826750b06fc1b4e90874779a10f6fb2ecf535bf310f, 16a2813fe1044fcb3a12a88718e35ecb4693bb89d74bc9a7e7f6eb5f994754f2
DEBUG yQ: 1ee279ba0cd6a3e3108dcc92ed5320cfd87ede1782127c526d92491a639843c8, 16b7656e27c45ecee1491ade6ef8b6ae76d698870b9e3d9cacea23e8c0dac87b
DEBUG DEN: 0d60a501387ba79c68cb536f5924e942197c519d9bb32e179f04061deeb38a49, 2d6ecadc4f88bd9dc29235bcddf16d5cedad310e173c7b3959d447d181b590f6
DEBUG DEN_INV: 0be98c61cefecee351d31ed25bd4acc83db820030fcca278fe24cdcb4b6e297e, 25d2c599614d404fd6f3e6de1e7f695bc866a72a9d1888cb4f9805b76301940e
DEBUG LAMBDA: 2d3084e23186c8cea2282e47d69b70fb5568a9e58034187ed940dc7ef3638d18, 213ec237f468a0746c8fe5004da491bf5434f1cf437a9aa4fb5829e4adc3109f
DEBUG DBL p->x: 2486a66841ed533f27dca2bd3c56481903f5f17866bf7df97d82061d9c3508ae, 1f220ee8b43951b1b563336d6d3912f570bcbd619a5e3b0c69982cc9a6f7c5f6
DEBUG DBL t1 (X^2): 1bd0bd410d25f92c58db740efce160779ba9a1a2e2214b82b91a381501674118, 115e69e3ae555f27199e7227d8d06aa2bae069f2ad87af7bd9ae3b04f36a3d2e
DEBUG DBL M: 230de95046404b5b524216767522c9093b7b7a573df217faef2e1c282bb8c601, 03b6ef3829ce7d4b948b10c108efe78a991fd346a02543e650ea24f801c1ba43
DEBUG DBL S: 2381befe377c41e6f73562df8a5074847626d59b00ffdca30eba366cb14f1cdf, 17ca58213da18c0a081108ccd72f6cbf6aaab40f07dc662e9d1d89dcb8ef03a0
DEBUG DBL X': 2ffcf220b06aca54d122e17f7f41c3025a34641e3f473727436a557c93d2da46, 09ce4567148d79778f54debd2167bc42f32944ea1ddc8340af84c69ab9c0ba8c
DEBUG Q->z: 3005e97a8ac1ef2b086fd6960012b0c057ac476eaea394c9fe2121dc2bff897f, 2eb011d75a38ae062e80860f3532b92d64a30dbabf28e1c4139c0674095bd39b
DEBUG yQ: 24670a5c701d45eb545f8355c6dc289ecb3ea7294b049c35ef829ac6703a5def, 256edf7adce33fcfcc7181ec51130c3e042b5d9601ddc34f0f68e6efa00e6c71
DEBUG DEN: 1869c645ff08ebacf06ec0f50c36f8dffefbe3c12d976ddea2e4a97607f7be97, 1a797082d894df75e092be2220a4c01e70d5509a9b49bc10e2b141c8679fdb9b
DEBUG DEN_INV: 0702389c114038d6461fa1f36f9076e80975d55f98f028ad6fe922953517ee9b, 0c7ccf3248d1141951da265c67f7939cdf6c4498716a22ca8eacb81b37a252cd
DEBUG LAMBDA: 144e67c2e0b25a4fd63953532d02e7b506dd9afedb85649b811277209384b178, 2f5bc6c15f3ab989d12b468f6de8f34ee3d280cc07472ae2d2f68a03aa5d0969
DEBUG DBL p->x: 2ffcf220b06aca54d122e17f7f41c3025a34641e3f473727436a557c93d2da46, 09ce4567148d79778f54debd2167bc42f32944ea1ddc8340af84c69ab9c0ba8c
DEBUG DBL t1 (X^2): 1b1b0556abfd8d2e38ac73541377932db493be648571b9c83ccd5e406bb2e772, 1937d947bf00d596c0104d901d968ee9407afff03f55ff489b296cebc38fe32b
DEBUG DBL M: 20ecc19122c70760f1b51445b8e5612b8639d09c27e362cb7a478eaa6a9bb90f, 1b433d645bd0e09a87e0a2f9d742545e29ef953f5590334c955bbaac7232ac3a
DEBUG DBL S: 0ecaeb5b434a0d55568abf8214d2ce7aa5a9971990db0952df9e2f2cec297398, 00cce8d859e4249a75976e627be130cde024010120e8da7c216157dacd0d980f
DEBUG DBL X': 06cdf6d362aa01571eb8bc0ac485fe02efbfb58a58eee1d8649add9fb3edc53c, 086cd42c62f92190010262f5346297cfd90cfdf0f1327c9d0ad5812710ef399c
DEBUG Q->z: 08e7896ab4796ac5ccde6673bb04773e8d0ea249b431e02323a8a57d86a3ca74, 1be0528e323bb8ac2e087e6ba83ded7dc332abca37147bf8b3d3d0b76b960eea
DEBUG yQ: 22ea814c3d351edb58d3b62139798bbe46fa8891d579698ef3125a64d2472c6d, 282e3ef0fb1c3ed401647d9ec0242dec7dfb1a4dfb3610f6a22d67f377e602b3
DEBUG DEN: 1570b42599389d8cf957268bf171bf1ef673a69242810890aa0428b2cc115b93, 1ff82f6f1506dd7e4a78b586fec7037b6474ca0a8dfa5760083a43d0174f081f
DEBUG DEN_INV: 0c0c30a22b39119e3d877da0c67ce307fb2dece9b2642b25bad4a4a7908ab1a1, 2e15ca49f55c9d9edc3c5902add2dc2ec7c63b2be6a239f21c6823207803689d
DEBUG LAMBDA: 1abe698734a263d67489e3676b4157d6ce85f30acd84f7c59eca0ded78840225, 17efb9211ab3de520233d1ec88060d079a7ff61f5589614530bc6e41eea5f1a1
DEBUG DBL p->x: 0899e7c8de906fb1749d97d98ccbd6776c957639eb659e7f6ef9b925920100ca, 1e41a3014ca49806d07288188c7aba6123fe4f91c2adbc3df79dfc6d1aa9dfc2
DEBUG DBL t1 (X^2): 000851adbde9cedf26b70026fcf14f6835fa2e18647fee002fa53822b0778fc6, 1ec244f23de82455864b44febd5a7f97091b7ab6080baa9e9fe5938aed22f400
DEBUG DBL M: 0018f50939bd6c9d74250074f6d3ee38a1ee8a492d7fca008eefa8681166af52, 2be28063d886ccd6da918945b68e266783d10590afb1354ea3902e89eeebdeb9
DEBUG DBL S: 255f9508fab7244f06dacd2e7f2919a11b390db061e8f4b37286b0ee0d19724a, 05d15dba00dffb72025cea13c0c7c86ca7aba6ead9a21e6d7153638505ee2b75
DEBUG DBL X': 2b778322cddfd28fb93bfb3d6ecc43b9a30b14a937ea3520a493ae7e7d0f576c, 108460cbaf90ccb8f3a23af3ec41140eab667f099142e982433160beddca11d1
DEBUG Q->z: 2e903809bb38e8efa01b446152f58f5479df2de1dc5fb450d06b64c4aa921406, 0076bedf4c9d4f72f3acf1afa922d4e3084468fe4accb65a4482cc9bd0727418
DEBUG yQ: 23e5fee3cd172e0e561554d9abee268c4745480e7c0d6616a8e915db72d19222, 1a5ad2137a2768f9673524e035e7e6533fd940826cdd3195cef8764b917c7565
DEBUG DEN: 1767af54b8fcbbf2f3da63fcd65af4baf709258b8fa901a015b19fa00d2626fd, 045155b4131d31c9161a0409ea4e7448e83116737148989e61d060804a7bed83
DEBUG DEN_INV: 3020fe1710211722dd8ce62aa58ba3558229a2e59a6d5277e04801b8a9052968, 252e8ec130d2ae556bdce3c1aa0531cc641a4c755aec860c4e61907288604a97
DEBUG LAMBDA: 279724552c33f716a2816f731577debbef78d4e4299e8addfa2fa80d2ad112ac, 08f8b4e55fa686948fa41d186700642d9c7a38a86b0f85863ca783c9f5313f15
DEBUG DBL p->x: 2949a39b23339857f56c793336cdc14b41650627532024a6894f90de922b0800, 0c41a66b87b3799cb0554d480bf00841406f8e7a81b8bcbf126d5a1154d1aa39
DEBUG DBL t1 (X^2): 25852704ba41290be0d8935f17375bfc639b2e6a6d411458d50ecee242b5c51e, 19d295e020b9a7aa79e336a4dcc522d1da745dc586f168882316cbc1974cf73c
DEBUG DBL M: 0fc6d8286c603ad031e92eb042a36339fbceb61c76dfa7f006eb5479172754cc, 1d13732d80fb56d5b5595e3814ce1017f7dbaebf2c626f0b2d23d72ded69e86d
DEBUG DBL S: 2d0ec8faed9ea6b59a8b71cecc27461c69fbba66545c1c8babf84c50e9676432, 16b4cafa442912dae30814bef66e2dee7803b79cde7bbe36a95d1f0927ccfc85
DEBUG DBL X': 2cda26485a13be7ed01146e1c730c0f250b2bfabc387aa99dd550890185b68f0, 184a7a4a7b8e8ad2d11be3fd1e8a6450f526505edb1bf0124260712df58eb0fc
DEBUG Q->z: 1d9f1c23c0c0639d72d45b4b69814e96d6c4c5754a4627bf13dc0dd4a66f85ce, 28a7e61239158f178a265a762a1e72633fe4ad74f1808499f62211ef83cc25f3
DEBUG yQ: 0bc655a318ea7e56ab94ce320b7f3faddb29e82949a5e5e6bda272392414d176, 0ab6a62d10926659ad9b39ebaa3d3ea9fc6e7b1168a7c41ad874a2665f4e5946
DEBUG DEN: 178cab4631d4fcad57299c6416fe7f5bb653d052934bcbcd7b44e4724829a2ec, 156d4c5a2124ccb35b3673d7547a7d53f8dcf622d14f8835b0e944ccbe9cb28c
DEBUG DEN_INV: 18865928ba41d6d13fb549ef0ac724cb3776335b799f363935f3fc2f86d14f4d, 2fa8e9ee995f40e1f752529ebe9641c615119c3adcdf9a90f48b0b181d7a609e
DEBUG LAMBDA: 00917d0c0c6b5594d0ae3177e3c45ff6d248888a833462130388b03cd7107b69, 0297052802ada0179ed7ff736b933ea1737ef03ad72fd68a8eb7fcb4fb87b6a6
DEBUG DBL p->x: 286969bc0d0777c5da41780baee195df421619bd654f4b79c8a7f4eb0f2bce35, 173d69eb7ff838b7fc2ca087dc8abbafe3a0ea5cbfac60d12c2a198195cac723
DEBUG DBL t1 (X^2): 05f7033a28bb77754ff032c5f9e63ade39d3e9771dd5c0b10f1a65cb03e8c5e8, 0e3f911e1534cdb67b2f6bfc54d31c900771ad67dc81c4f3d701b121ddfaad89
DEBUG DBL M: 11e509ae7a32665fefd09851edb2b09aad7bbc65598142132d4f31610bba51b8, 2abeb35a3f9e6923718e43f4fe7955b01655083795854edb8505136599f0089b
DEBUG DBL S: 2ef19ac23c8cc21ac836ad1c06ba076b2d4a3e3ef573aa0b8a5a503847fb4d85, 0da34cd406c632755eadb7fdad8f0ff33452dcd681e142fa13523234b4d444a3
DEBUG DBL X': 0f55081bbcbc61f5835d1fe947e484749957cb59f9c7c2a10617ab8fa674808a, 04bfff892e897ca26a633976bf487fbe440c20580109bffd84bbdccdc6c5a550
DEBUG Q->z: 14c85ce4faf1656f16f52fec2163dd4c439fd858c59ab9f1ac46f928cf6d60fc, 116819bc05a613091ff6622daaa40b93ac4fd256af7019262958576d52418173
DEBUG yQ: 10d98d907af2f87a529764cd5d478644afb60912dff909b11b02fd9d1493264f, 2fb6af295d25d99a37823fe6ba527d1e1095a7498ac8d114408c27bcfc4295b0
DEBUG DEN: 21b31b20f5e5f0f4a52ec99aba8f0c895f6c1225bff213623605fb3a29264c9e, 2f090fdfd91a130ab6b43a16f323a1de89a9e401ad1fd79b44f7c36320082e19
DEBUG DEN_INV: 23be17741a4fae731854a48e4532b047001d53860932caf1edac74a30d6640c8, 1221189c45dfad74826af546abb25849e9ae63ee97f8bc808a2777c90db8527c
DEBUG LAMBDA: 1a85f9d2bb5c30b623944b8537081d4a2ee215f0e919c9b113b53d4cf221a6ff, 19f8716dd7fc5d3f29c7309d36d5440cdf767bb1c4cf9e7364e17996e08311b2
DEBUG DBL p->x: 228b859a7f0340b57d32cfee50f7839f3a38fa709a77fdde9a1f9014e84999e1, 04301d68c3af3752978d1b08c224dd4dded312cbd6ba3433b3479cb8877278e1
DEBUG DBL t1 (X^2): 0f60814ea0d8c8e9652299e6e41ed3a9ee1f635641f5cf0e1cc92f3e55112dc9, 1bcb2bfcfc1165619603afae585b1def62b8273be747071cd09eaed503971af2
DEBUG DBL M: 2e2183ebe28a5abc2f67cdb4ac5c7afdca5e2a02c5e16d2a565b8dbaff33895b, 22fd358413028ffb09bac9548790017090a70b224d634ac935bb80683248538f
DEBUG DBL S: 2a7a0ebf292f70ad12aa01c8c0a551e7399ca62499208c806a797d6ac2dfea9c, 0a9ea304ec178ad9c6ab181e3192030825bac91123990bc4717a9236b433df27
DEBUG DBL X': 19373f5ab0b1a0f9f1cf3e26b5bc0fcfd478ae8361e571fad94b1ab2a4966f0c, 1489560a53aa70cf7267b417b2a16a059905445bf3f0125f1cd7b3fcfa1cca7d
DEBUG Q->z: 1233e8f94ce657d373c9b03ec18c1ff263cf9d7d5a49a422e9b1dcf4e469f5d7, 0279ce58a620dc0a024d6cf77376e515ce6eef75d895e6a3639e41df5ca24b52
DEBUG yQ: 09a7bd31def51e57ef60839f916ae6899688c0e2320895aadd7b9501f46f8e5c, 2ea3032a277571fe8836d9a68084384588a29602f7dd259ab7a0e8fb18c8e9e9
DEBUG DEN: 134f7a63bdea3cafdec1073f22d5cd132d1181c464112b55baf72a03e8df1cb8, 2ce1b7e16db943d3581d6d967f87182d79c3c174874880a8332145df5914d68b
DEBUG DEN_INV: 15247e10c318228ae4adec24ca1de7df819acec786dce4241ccc2dbb373828db, 170b514138e99b7a5005664bf439e28bd221804f0d47b4d1a1513ad8522dd938
DEBUG LAMBDA: 218c1f4537715906cc4cce9f6c8cf8bb903a26afb49b25635717df1fa02bc738, 263248c8e4554225886fdd8f8d32b7844d1d0b2324213510433474f0b723a988
DEBUG DBL p->x: 19373f5ab0b1a0f9f1cf3e26b5bc0fcfd478ae8361e571fad94b1ab2a4966f0c, 1489560a53aa70cf7267b417b2a16a059905445bf3f0125f1cd7b3fcfa1cca7d
DEBUG DBL t1 (X^2): 037dab364b66133bb56f9718de29fa8b14675d560064a3bd5e6c57ce97166c7e, 19053f5f0db9dbec8c2b63473199f6d6cc85b467f46fada5dc0c08639d44286d
DEBUG DBL M: 0a7901a2e23239b3204ec54a9a7defa13d361802012deb381b45076bc543457a, 1aab6faa47fbf39bec31e41f134c8c26ce0fb2a674dd3e6458038d13ff4f7c00
DEBUG DBL S: 22b8ef4a833c80f329fe4c7a7f2e26460eb140b22281d8396223bd7f02c781b0, 1fecfcd2df1ab78f57cb39eefa5cc8c1cac91ba0d3b22fd95c60b5d16e35172b
DEBUG DBL X': 0b945a258c42b5a75d7df178ab06736c7e4459cc318b464822375ae107a34d95, 2a5f0d2df809dd1f47af5dda1c32857adc23966e74f749da5fc53ef5e5be0f1a
DEBUG Q->z: 03051bbe9751a2b0ca5ee11ba08570da7a6f2f34cb5165bf1fb22d3942146102, 1796ea964570dc7c6a44c55f0777d0e03f0f506fda9ee4450245141e8dfa2c71
DEBUG yQ: 2b4f2d05d9a9b1c6a50b057314e8af50b7a5c035dd6fc96005fdc02a5cb57060, 1bf0a1d5f1f0dd6a8d9314e689bec66a195c4fb01ecfc188c128ba8daf7b5d6b
DEBUG DEN: 263a0b98d221c36391c5c52fa8500643d7ca15da526dc832cfdaf43de0ede379, 077cf53902b01aab62d5e41691fc34769b3734ced52db8844630e9048679bd8f
DEBUG DEN_INV: 018c586a33870475f8dbe4dd3cc6aacacab0d6e980f67f7e858956078875c12f, 2a03e1567a26924f0657e08fd056c6fd2d3b3b76d6ec913d2541f6a7583b8a5d
DEBUG LAMBDA: 13ba8e7cc9fa874f5828138e913bfb9e0ee7e5420f5f8d1e1c51bfb4222294c2, 1f4627be24706c5bbface98e426afeb500c5bc379b29768277efb984c9ff434f
DEBUG DBL p->x: 0b945a258c42b5a75d7df178ab06736c7e4459cc318b464822375ae107a34d95, 2a5f0d2df809dd1f47af5dda1c32857adc23966e74f749da5fc53ef5e5be0f1a
DEBUG DBL t1 (X^2): 1946b939b312e129823c6fd781a8d9a7a68243ad4bee0db0a10b76b614ea5162, 28c04f9e3c905aa7b6135a50f4e2bdb6ad7482631098a34de6f4ab4d0fe54220
DEBUG DBL M: 1b6fdd3a38070352ce6509d0037934995c0560767b585e84a701d80b6641f6df, 197851f4f34dcfa3b1998385dba58868d95ab20660e654cf3c9ce9b97eb5cbd2
DEBUG DBL S: 053b9a66f13f01725cc05d637bca44937e5178c86012c90fb343216d97369e98, 051e0406c61f3dae02a1084fbb0afe881131d418dd1ab89a76e5fbad45edecef
DEBUG DBL X': 2a8c061d4f20bb3a6fd14b3ac724d3e5f02b180d465b1983c8522841dcfa55ae, 160ab9db3ca9000c896898e7d131911aa277d57f1f6ee62a22adb5deae045cf6
DEBUG Q->z: 1f0b1d9ff22aa1aec43aa15b9505bfb9aef2a98fcd75e6d0bee57c890f4ada3e, 070bc5e7c49e7f8463032f93ceedcfefe2cbe0305add2098bc1fe3b6244dbeb2
DEBUG yQ: 074636bea45c25db3ca39cd93d0272a8796dad81689f195f6b1232836b9a2d70, 0b45a79c69486dca2de102fa98dafb580ee7b8f14af628e37cde33fdf5ab26b1
DEBUG DEN: 0e8c6d7d48b84bb6794739b27a04e550f2db5b02d13e32bed6246506d7345ae0, 168b4f38d290db945bc205f531b5f6b01dcf71e295ec51c6f9bc67fbeb564d62
DEBUG DEN_INV: 10b922b1e0fb3f8aafc821c9d8c9ae898df04b9c0e66ebb07311e8a6ccf0549a, 11bebce23476afc16265df44a0328f041bacd4ce1c60b5bd5708107abf034f0a
DEBUG LAMBDA: 05e60fa7786cdf94a05afef877a93303353ed883ee4e13f524917af8d8b52dcf, 107deb904974412f85e3cb14a679d316bd2dec5827fc23e0001c45bc8d2a7153
DEBUG DBL p->x: 0781fc5c19cc5f0f4e05f7ef25c9ba65c2f6527854883649e2180dbb656e5487, 0d8a3aab4220a62f4b014b1d7aaf4f6dfe464c91f5cbda6ab36db75c663a9022
DEBUG DBL t1 (X^2): 13439e9e0ef78283a82feb78a5d45d9120a4c3254a9875f677e2af1c99b2ec7f, 2c47b0132ce98d4b72ba6bc3f62b9ec35b4205ddf12e09e6aad409f661c7d479
DEBUG DBL M: 09668d674bb4e761403f7cb36ffbc055ca6cdede775797562b87813ef49bc836, 240e7353c459678ee78eb7dedf802b8ee2c33c7702a68899883b05b5745d82dd
DEBUG DBL S: 299d7ab7c74a4f64ca2220c98993492400a0dcef23b68def754138a583dbfe33, 2658e5bee8a21f931238f9b60e7ee904bd770ee850d8a6e12bcf28cf38fdd18d
DEBUG DBL X': 2724a65f7fa2276761ac49aa5feb4d5b7ef61fbf5e175dfb10033b00fbaac606, 2a9fc41fd6da7dbef716886ea1c15d7fb39729757ea53f7e3c130aa782bf4d6e
DEBUG Q->z: 1f1dbf83f2a27d3e7c6ff1637826f4f97c6350da0ced8d9925efc35d0af1900c, 12c041042e3615e1e2523dd3bb40dac425aa8b126f92afd62b6aae55a5c43daa
DEBUG yQ: 11b14185a0d453031d9efe7cc95a7daefdff46fbf902376031f480f12fe594e9, 0bcdd96e31530abde13bfad742029444c283f7b80660848dc39461f1b58a76ce
DEBUG DEN: 2362830b41a8a6063b3dfcf992b4fb5dfbfe8df7f2046ec063e901e25fcb29d2, 179bb2dc62a6157bc277f5ae840528898507ef700cc1091b8728c3e36b14ed9c
DEBUG DEN_INV: 1c8e306412cc650cc7de2ee28743052eb60c86217b4f5f8112ec6a84ee90c2be, 1ebe0d0e68e09d9052c7d68a14349a4297dddb07d69f7221bb15f41d41599d6a
DEBUG LAMBDA: 109d1f2bf5652619cd4457d0a81e1ab89262c525d58507c1f71fbe6a5ea2a30b, 1e4e17133a1969414d70339db78c7a302c9f9dcd1137f647ecff18673deafd4c
DEBUG DBL p->x: 2724a65f7fa2276761ac49aa5feb4d5b7ef61fbf5e175dfb10033b00fbaac606, 2a9fc41fd6da7dbef716886ea1c15d7fb39729757ea53f7e3c130aa782bf4d6e
DEBUG DBL t1 (X^2): 23d16e75963e875fa368e236065205dd5671580bce0c092456f527a40604af15, 11be223339454f7d4d62284c8a85e6923bc54f988ac854edaaa733f511c0b890
DEBUG DBL M: 0aabae7b005855cb799a1b350ff360dcd4513300994086528c9e5ebe611412b1, 04d61826ca9e4e4e2fd6332f1e105b591bce843837e7343bc3d50fc85cc52c69
DEBUG DBL S: 0bd036b19ce205ed1b6d2b1e5deb9a1e5185248526e90df53a1b8075bd96adf0, 1a6fe2d7a9200d008cc0f7973f76f10a4d58f688799b7023dcc061cf8ea178bc
DEBUG DBL X': 1613a37c4a9ca956fe751093b4b2109539b0eff80d9d758b02f22fa233fb5676, 18128827224d5cd3ea318f2b086abece7ece9e635e9d2b3be6daf0f969065745
DEBUG Q->z: 2f82f4f9f0c7ed1e85d52263ab7f0d15878bb6d3c0fa21cfd5d2eadbaf1cf64d, 2a4efa9b176d9a664a74eb1162e25ebccf1db0811d4b2fc386f956a5344f6d24
DEBUG yQ: 103e9b12f7cabc749fde1fd2129960236b52b66fc095a546f232b22585a56740, 240e5509d3ee6f0bf9e4f1a3090a83d5b966d8a84d237877318f7cccb46a5c21
DEBUG DEN: 207d3625ef9578e93fbc3fa42532c046d6a56cdf812b4a8de465644b0b4ace80, 17b85ba0c6ab3dee3b799d8f9093af4ddb4c46bf31d5266126fe6d829057bafb
DEBUG DEN_INV: 1dfc1dd8b85c63094ce2be84bc99478894c77a6d09bd582bdfa373da64bc9842, 0d8bf65df8662d40a121277b0d09713ac1ce2c8cea8f5b764cb28f0b1f5b77ae
DEBUG LAMBDA: 0ccc02d698b9ded9af62dea20effbe69b95be7013961d31ebc3b8787e89b35c6, 0963d8d44e546172170ca70eaaf20c86bf44c6ec37fb0094000918c48dcd2f81
DEBUG DBL p->x: 1b061dd83f55ee68455630b0f21987b0c6f8e17df6aca6ff8d9c5cfe1b4576aa, 125244424bc397e0ffd47a5776585b1cbd52b6341a2b565e95f4879e6cc6c3e3
DEBUG DBL t1 (X^2): 15879b778cea34a2f67f78a0ce3bfcae716c8705ad14fb76a3dda22297244039, 1a13f6c5c122f42bca8bd2d43f96d145cd8df886437285b35d362bbae178df2a
DEBUG DBL M: 103283f3c58cfdbf2b2e242be9329dadbcc42a7f9ecd27d6af785a50ecefc364, 1dd795de62373c59a75332c63d431b73d1287f0161e5c68cdb81f719cbeda037
DEBUG DBL S: 22e1d2c8f78e272495dd265783eb16a957a55c5f894af3f9e6e7b044af817fed, 1cf8b9180335fa3e34826913a76d04ed8ebc39ea603097e1f923f72684ff7a59
DEBUG DBL X': 121ada2ef5a1640319ed09092b4b154d233d26837078018a878772bc087d451d, 250494f0aaeb386dfb37f0a23637d7e4c310e0fbfcf81c6b8c25f5a44d12ce55
DEBUG Q->z: 0ea8771ee4f58e7363faae019eba0e9d25d1a9f668b27c39d8f8bf47ce5a2f24, 0c19c189bb1383d5729d37ec34ed6a631fd9617cc316a86cadbd3eb639b2fe6c
DEBUG yQ: 22377b3d86d33a5040840a52920347d21b2652acffb1c32fd188a9f7735879f7, 2695eca04eccedf4b2f11d67952d819c860abfff4e4392dc87a8f754d88ee6d7
DEBUG DEN: 140aa8082c74d476c8b7ceeea28537469ecb3ac896f1bbd266f0c7d80e33f6a7, 1cc78acdbc683bbfad91f518a8d9aadb7494156d34155b2bd3316292d8a0d067
DEBUG DEN_INV: 1d735e4894ecb0bd77012d2488d820cd435525b291a93d8300fab3a3eceddd6a, 05eabad31e004b5d022ab535336f161779c3b5af5a94390df06659ca429e2ae0
DEBUG LAMBDA: 210c5faeb556a9ddecf091dff4bab66cc69a6face4aeadb346e1bdabec1df014, 19e3471034131fc56d70051e0eb571d366a748012f46fa749c61b8e2771e87c3
DEBUG DBL p->x: 1e5e8671e54c425b37361e415222c2b3d8989aee6f009600613400c39b665413, 1c5061163380524e8d7145ffa1e36a5fadd2a5182d4cdc5b6024524c0153075d
DEBUG DBL t1 (X^2): 0eb2abd0edf450ce8230521885fc36983c3551474a9b5ed8f0cb111e0272c21f, 014ee267b116a9d7f5af168a63a04bb62bccfca536022d91d8da6987f6ee906f
DEBUG DBL M: 2c180372c9dcf26b8690f64991f4a3c8b49ff3d5dfd21c8ad261335a0758465d, 03eca7371343fd87e10d439f2ae0e3228366f5efa20688b58a8f3c97e4cbb14d
DEBUG DBL S: 1fe7a010e5cec950b275db0d8ce23f471a5108d7a0cd4e2aed1c48e3f5d22bfa, 2436fb371e53f8f157f898e17c9053b7a94703e9dd58c2e5999dd380225b333b
DEBUG DBL X': 1d22a33a2e1b0aa5fd1b24dd074943dfa7607b7c10a965191041201a28009358, 29ace1c9f1f0c7ca278aff5b29689a0b4e895bfdea4997a21acb80bdeb1911ac
DEBUG Q->z: 0dcc239e9364a0165d67fb56188d5838a4a947fdcfa646bf45d832acb0aedad0, 0ccebc6af07e1a38bd42ec18e935aa7e94e4ae3b13053b8d7e0b3f1569ccc77d
DEBUG yQ: 1ed087bf2be3d7cd36bc55f557934f32e55810b3bd4aa3c571fb8f3c7b2cea11, 120bab3984039e80505fd0f506f082d0b9b07bd8b9260cefde4d6a31e44a2142
DEBUG DEN: 0d3cc10b76960f70b52866342da54608332eb6d612237cfda7d692621ddcd6db, 2417567308073d00a0bfa1ea0de105a17360f7b1724c19dfbc9ad463c8944284
DEBUG DEN_INV: 1e6d4da95560abeb72db482c7414049e55f10a88a89919660b37a034869228cb, 28909f993e9508fe61bb8e761a1ad3100ef6e644907e22fb9bfde6111770a21e
DEBUG LAMBDA: 0931af8819d675fd99f728507ed4503bdb75fba4120da1163019f69322a6787a, 0f989345c5d3ec33ced9c066291bd2241c0230fd256f6c8203440a91d776f073
DEBUG DBL p->x: 29f312098ffd5a5d89c328cbe30ef70743baf577ccd6b578b5ee5d2329b85129, 2aade2591ed147ff78ea3ec6fac8bcface4bdad2bf2ad2c4b2c91adb3d95dc2d
DEBUG DBL t1 (X^2): 15e59aec146dbadbda2811b23b9b8d71ff57d2fbcdf5f29d206cb68b6f94603e, 2b5397b27e4f4ed0e487d81463ea1cb3ac824a8484a1f4ec7954f606c93547eb
DEBUG DBL M: 114c82515c179069d627ef6031514ff866860e6201700d4a2525978b76402373, 21322a31b88aac1f3cf6fcd028bba55fd6840a6abd0249aaf3bdc9e6aaa5dd33
DEBUG DBL S: 02f25317ec000affdb06a5c9349a7917e059cff42b78843634f312572fe12f7b, 00199eda58802a76023c6f3bf829597a41e8be9a02e7333c209b8e4fb5cae45c
DEBUG DBL X': 0a4142fd8b15e84173b799dcf34946756241f4b8cc4cdd618b1aba6abc3a2c05, 222f1f32e982e16fe1f14704c65f8b31173abf9537420a77a0454bb4e1ca76ba
DEBUG Q->z: 111d5c9b53fcb4d2df7fd30f723af6a56bac416961da9410448cef7255b231e9, 2d2344c4318cd916a48adaf12dce8a009c9d71948fdccc474517ea810b6d0cab
DEBUG yQ: 2dbc947c6eac17a5e89ed9433d79e25f5e9821b94491d5a8c619336712fa60c0, 07d8f1f82bc451e36f9cff70d1ae0692c8cf2cbda6ab350eb8f1b9e5fb8ccbea
DEBUG DEN: 2b14da85fc268f2218ed6ccff9726c6125aed8e120b1e0c45011dab74d77c439, 0fb1e3f05788a3c6df39fee1a35c0d25919e597b4d566a1d71e373cbf71997d4
DEBUG DEN_INV: 24de0b17ccfd824794e28c8b3eaa45cc8d9c78bf6729f7c9a9bafde8e579b230, 15545d80b8b43783e2d33e1d813eb82885d8490ea66f7d8e1f21e107b4b1bbd9
DEBUG LAMBDA: 11f085b34e047235135382984ada28749524e87ce293108171fe8d1e53a6f856, 2d307bf1011bb0d2bf62b579a6326631f72149b3d389526adb042d19e7ea9ef9
DEBUG DBL p->x: 0a4142fd8b15e84173b799dcf34946756241f4b8cc4cdd618b1aba6abc3a2c05, 222f1f32e982e16fe1f14704c65f8b31173abf9537420a77a0454bb4e1ca76ba
DEBUG DBL t1 (X^2): 0f16eb1b653aec4b67fc25f65788fb83fc242de852eb4a156f687d71b20a53f1, 250194ae8cf50546aca2540ecf0d19bf90a54e0bbd737ec44f7243924fe6d766
DEBUG DBL M: 2d44c1522fb0c4e237f471e3069af28bf46c89b8f8c1de404e397855161efbd3, 0e3c2125e47bcf80954670bf6a249c8382ed15006776e7327615b2893eba8ba4
DEBUG DBL S: 24a60cab49c74411d1b9b8b0931a45e628d308655f398a4b34ed7b80a19c6f15, 1ca82901595237e299026439939f2fa18e1d98f26236d6db4a22534d4d0a8257
DEBUG DBL X': 28466cfcd238755b067c2c3982556e68ec1f45828fda67b056b11d2a1f11a697, 1515195a8985543ef852412a139bf0ed7a126b6490eae785563df09675d9346c
DEBUG Q->z: 100a828a2ac9deeed6a57ce133489e9ed635044ae4d98f3903ae41b4bfd4a1d0, 228b6dfa91c4eb2164228267cdfaed2ed479299d851f14f8f935c2b75fa0da2f
DEBUG yQ: 1c4b9739419fcf6a367224f412493779b1522f2193df660b4b73c340769ef37b, 1a37cd69a48635ac33f8a60322089278e393f76bc9c1fdf56965f7e3d6041797
DEBUG DEN: 0832dfffa20dfeaab4940431a3111695cb22f3b1bf4d01895ac6fa6a14c0e9af, 040b4c6067dacb2eafa1064fc28fcc942fa684462b12315d96ab63b0d38b31e7
DEBUG DEN_INV: 025d6a142c0e366b6fe4fa0c88737cb996264797605f75b306e0d1b01a4a1938, 1ae9e09d3b53efb5453af0fbbdf26b3e9e39bc1658ca8d9bb9c5c4038700cd83
DEBUG LAMBDA: 29e79b16b45c0095c561fe4e7fc2fa62008f681fcebc58f1383f709917bfe3b3, 14f53d8366575c1e1e1b85a4a1c4045ab8f6eeb824821f67cb16cea6abd9af7a
DEBUG DBL p->x: 28466cfcd238755b067c2c3982556e68ec1f45828fda67b056b11d2a1f11a697, 1515195a8985543ef852412a139bf0ed7a126b6490eae785563df09675d9346c
DEBUG DBL t1 (X^2): 1575f15c36e957c6f5afa08a5d0493c9016e97bf47910d9d51f84d2aed09f9e7, 0248e000d6b439eea3fbb389a15ccb377c6f756ce9df56b954803602a862b89c
DEBUG DBL M: 0ffd85a1c38a672b28be9be8958c62fd6cca5cac6e415e4ab9c85b69eea0f06e, 06daa002841cadcbebf31a9ce41661a6754e6046bd9e042bfd80a207f92829d4
DEBUG DBL S: 2a2c0a73c8704fc84c2c7a9f27606e1f5f77534aa40ef94fccb92ca1b43e0ab4, 271b5c9d720a8ca8a45ceb3c6f8a0fdd3ea87545ddf9da07b020b61555d71140
DEBUG DBL X': 1349019428676a66897e3239375a8bad4e8d8d3a80c192be27d072bd0c49ddf4, 19b765b37dfbec5036ffde2e134ca61a9deb3c80924ef62c68b684c8e92a38a2
DEBUG Q->z: 2b7922eb4c0f4b2762d75d5fdeec016dd5d91e7e35f49321f407f95a4a7ba63d, 2f6549f00b8f83f4befd0d5a825900b08fae1ce19064a9d5da624d632ead8b0f
DEBUG yQ: 0a90eef7a00f1c597e1b73173135d49a34e42d4ef76e3626546eceb43632de0e, 2fece1ee48f1873632d5c7fc10dd890c27a4ad50c51b207712ba58d7319b0db3
DEBUG DEN: 1521ddef401e38b2fc36e62e626ba93469c85a9deedc6c4ca8dd9d686c65bc1c, 2f757569b0b16e42ad5b4a41a039b9bab7c7f01021c47660e95425978ab91e1f
DEBUG DEN_INV: 26f30ce56049e6c3d4fc22e754af1a9047ebfdfdf5b27c94d1f3f89717e11e77, 2194ffa361d379b555c464ac449797c18c2f4dec50e814dc3dabaf2a42224121
DEBUG LAMBDA: 2a1e469d99d29c598a7722468f619c5749310874201cfc1cbdc61eac419a4a19, 201e32d86c7190fb12df33ed6daea197916d7d1551e8d4cf812852e50c1b9a16
DEBUG DBL p->x: 1349019428676a66897e3239375a8bad4e8d8d3a80c192be27d072bd0c49ddf4, 19b765b37dfbec5036ffde2e134ca61a9deb3c80924ef62c68b684c8e92a38a2
DEBUG DBL t1 (X^2): 13c50515938529cd688336f685a70b7d5fa2c1e958c003a2b67aae7d1bf36b25, 0dffc6f8d1901adeaa0c1453a88e223a890a4205aabd535f5fca56072f838f51
DEBUG DBL M: 0aeac0cdd95ddd3e81395f2d0f73ca1a8766db2aa1ce405ae74f7f607b5d4428, 29ff54ea74b0509bfe243cfaf9aa66af9b1ec6110037fa1e1f5f02158e8aadf3
DEBUG DBL S: 0f471667c3de6db39f2ca61f5ca13823eb0eb6c94264291b98f79b0aa1e3d00f, 2f16b232e9597c30496cc22cfa373b82231a890788a5b5d005d76e8325254166
DEBUG DBL X': 1386704d281b2e975c8ae515a7037625e82f8c23a9d9ebd29cea914c27bbb08e, 0185f061b077ddf4b8274fe08c1c0209c8400d131a884369529a61bb49148065
DEBUG Q->z: 017b117366f81279c7b4935a85d906dccec70ea7918b3d1e084d296e85251baa, 070be352ec915312a63fffcc3d7658552ac1ad9db81c35d3419b3c182dd6a7cd
DEBUG yQ: 22a75b7661f2d9dbebd9fe5fbe484ecd0a2fb3e91ad27aff8adef183d65f5cc0, 088b0e2963f46f709bee18c22cfa0d3d01194bb397e3ad9e08c00e73f8f70d2d
DEBUG DEN: 14ea6879e2b4138e1f63b708fb0f453c7cddfd40cd332b71d99d56f0d441bc39, 11161c52c7e8dee137dc318459f41a7a023297672fc75b3c11801ce7f1ee1a5a
DEBUG DEN_INV: 04452f44ee5134fa8afb45986a2272cc86d662c64e4e0fef8017a63c78ce0912, 0d1b6ce63de306e4bfd5d89419576cc72f10efb21fc86e5fee8d75f610bf8a05
DEBUG LAMBDA: 1da3e4ae15af82336b1eed67b210bf2cf7c7b22e097221baebc2a61f19d446bd, 0d3da3e541fe55db59c8418004defaec649f787cdbd99569c1e1a2f0f346ee7b
DEBUG DBL p->x: 1386704d281b2e975c8ae515a7037625e82f8c23a9d9ebd29cea914c27bbb08e, 0185f061b077ddf4b8274fe08c1c0209c8400d131a884369529a61bb49148065
DEBUG DBL t1 (X^2): 227a006e96a3db46f618e993abb1e993c7a832f7ae999edfb3655ff57a21edfa, 02b62e80fdaffa37dfc3bbc9aaa187dc28c4cfd4eeb5ded290711fa196f456dd
DEBUG DBL M: 06a564660188518171aa314e00130c0027f5c3c43ae94784a1ef07b2bd6bcf60, 08228b82f90feea79f4b335cffe497947a4e6f7ecc219c77b1535ee4c4dd0497
DEBUG DBL S: 2f6b39316d29722aec89d037de456544ebb22b593b3aa7d9ae38f33c1089aa26, 2a0cefa65170bb53600ef8aa38195e05229629aa877f8f7cf2db15de9837b0b8
DEBUG DBL X': 25d883a6561ad58cb0bf391a1ba045f430c6ce61d3c6d2c76e701284dd8febc3, 00608d1a8f349dfc6c4c1db31b9ca29bd4c839c7551b326ae5d6d92dc63bf4bb
DEBUG Q->z: 0fd47c8e396f2de7b969e5ab78b75f98b0352000468547dfc67172ae1d02303f, 2135b6cf7c05610cb0302d66255fa6fe14b1fe4371ae10543a0c2d741a66ee43
DEBUG yQ: 075258f364181412aed4ffc4c3dbe5ec677e3b252c5b28443e31bd0b8ef86843, 21b9eb42b60fca047308f21a6cd40baecd97c9f33804734bd057f81b40eae4d2
DEBUG DEN: 0ea4b1e6c83028255da9ff8987b7cbd8cefc764a58b650887c637a171df0d086, 130f88128aedf3df2dc19e7e5826bf0003ae295507971c0a648f641fa958cc5d
DEBUG DEN_INV: 20253821effc6935a1257f17fd1a020475d0665a13802c7bdfccc5894953c63a, 1277aa9d12e381b54208efc1b413ff196b1a886dc8b56b9edfd32ef5f6373c33
DEBUG LAMBDA: 20bf0f91ec183bacb9f52d0a0e0e716ee142bbeb13aa1c160d1235fe40fc09da, 1f3ea1c6c2b2852fc0e7e1c942b294140f66243b52559fd71bd01bc331003cb9
DEBUG DBL p->x: 25d883a6561ad58cb0bf391a1ba045f430c6ce61d3c6d2c76e701284dd8febc3, 00608d1a8f349dfc6c4c1db31b9ca29bd4c839c7551b326ae5d6d92dc63bf4bb
DEBUG DBL t1 (X^2): 0d029fc8ddfd766cc1b5fc39033d327f396239dfe1214d2d1c1b2aeacf850e39, 1a17f1376be78e28972a2aae617918f3941d2a43aa4d29499c4226de2a661c12
DEBUG DBL M: 2707df5a99f863464521f4ab09b7977dac26ad9fa363e787545180c06e8f2aab, 1de3853362850a500d2e3a54a2e9f27d24d614399675b14f98a5e883a6b556ef
DEBUG DBL S: 2201a101f849cf28ddc1a0642122df673895cb977e13a268603523fa3735f579, 184198ebcb2ab6b1c314dbc05f0112f44285c91698f3b43e5cf8a0e8eb763363
DEBUG DBL X': 13680f67818f1e8d75a480d6bc9af19b8e7af38be18dc168f646700aebf6e0f2, 20ea07530accb491c7b0f984b6f85a62b076d5c1503b343445f1218e928f9739
DEBUG Q->z: 143ecbf6fa0638dfd253e53db1e06210fb07309687f170fe055e5db3ea4316eb, 1bc0d44bbb2ff3753fb1e46746a71c07cd06425ba12dcdfe8b395e513f168e68
DEBUG yQ: 20c2f2d8655b1447a9dc282b6a90d5d688c194e812d0e0b078fc7390bf476c3c, 1cfea5ffafa2b2365981eee931705d0394ccba991be8287358db6b0a7b92c3c8
DEBUG DEN: 1121973de98488659b680aa053a0534f7a01bf3ebd2ff6d3b5d85b0aa611db31, 0998fd8c7e13c442fab3981be15f61a992180aa0cf5e8659759649fe1ea88a49
DEBUG DEN_INV: 157889b9a8736b5066949b390dbee25767cd7dfd7675f87242b9393b7acdd5f1, 0fa3e650f8398f14bf8f4a306ae099ac311ef1437e3603a02b12540166c41b26
DEBUG LAMBDA: 02406f5ad598a6176e502322f2e68d17a2a27a3636ad4f0c070140caf8a82783, 0fc6def218760b90b5e8357231ad5236d9855854493b1e2aa7d209d96238552b
DEBUG DBL p->x: 13680f67818f1e8d75a480d6bc9af19b8e7af38be18dc168f646700aebf6e0f2, 20ea07530accb491c7b0f984b6f85a62b076d5c1503b343445f1218e928f9739
DEBUG DBL t1 (X^2): 2bdcaf5487f4c8a2da5d0e50c2186bf1361e4b9bbf6d1fb13b6dc7c6bd12db42, 088e718df45f462567bf3279d6c69a11420a6d9f7e5a4235d9793662a93ebfb2
DEBUG DBL M: 22cd7117d57b19951e769f854346931873580db06d63c9f93a083f26863e9738, 19ab54a9dd1dd270373d976d8453ce33c61f48de7b0ec6a18c6ba327fbbc3f16
DEBUG DBL S: 28550cfd8b3253d8dd7b163b0d009048f29d737cf3ef5835c2dd8f2a9b49e874, 0b25488fe18f9ebf0fe0d6921942c62d346240ef2e521d96eefb4d7a25238ebb
DEBUG DBL X': 194b07c25b37a18506448207a3400f8a8081a63ac84bca2fb76f543f5675cc59, 0a07f567e9b884979afa4f17375bd5184df01b27ff0a770a55ba78fbc44b2554
DEBUG Q->z: 2634b421c47b8e877da9aaabf7ff3277b30679260bd48ffd5db963f6c4b099fb, 04a94c4ac8414109dcbe00658a3d805fa7a341b8760e56606715eecc0921a014
DEBUG yQ: 19fbab13cf23cc5280c14eea2afd3862ce0b599bb26b398f77208368153ca012, 06ef26acb08ce12905b36f560c29ca52e2215fce925967e5ea98165f229209a9
DEBUG DEN: 039307b4bd15f87b4932581dd4791868049548a5fc64a891b2207ab951fc42dd, 0dde4d596119c2520b66deac185394a5c442bf9d24b2cfcbd5302cbe45241352
DEBUG DEN_INV: 16d548a60ab9dcc7bf718784ccefd75a97c98195d668ef0b5f7b6339e09f464c, 1574f7b38a223ec4c72b309d560f908b368617866935530b4925c1dc4d4222ba
DEBUG LAMBDA: 0735087fceebf99a32ee4da22eeb55b68fa0716bba727c7dd09b5b13539afeb4, 08a98e49159ebcb309b87a9f968500ac458f89a2cdc9807861f2fd951b8aac1b
DEBUG DBL p->x: 0e43dc63cdd12e8a5c7109891fa5f631c1cf03ae052c5e605238a9349831dfb5, 2da93349ce2d287cfe1fed1ed5b2b8872f7bcda43675550fd41b9a565ac9ec2e
DEBUG DBL t1 (X^2): 2af6e33bf58302f31c6f1ebf6927b154ca8b5a4424587a1249920af444981950, 19ca7c063c10184fd5234497cc885276e4a129094267289584955dec70c31af1
DEBUG DBL M: 201c0cce1e25c885e4acd0d138746343309f39a99c25d91c647508af1cce5162, 1cfb259fd2fea8c5c7198810e4179f071662108a5ec3af33519f8dae79cc538c
DEBUG DBL S: 1cbc94df6e6b901cbb2af3da28ee60ec25bdb10e03495aa981e0283830277987, 00f6354fa746418a6d54b111b20a46da1c10c296398fbe8626b2a7ac7cf29afb
DEBUG DBL X': 1d19971734c3c0efff1976267f552574dfe987de1797ce5913f441084923a04d, 14e5d88853bb52fe8f1f2047b08acc899abc20a2525f34de736978b58c8c0e5d
DEBUG Q->z: 0f4caab13db26e7e2e078e505d5fd9d2d1a2cd6cd6b09439ecb238d0e3284940, 0f5c898c348c3d2015a25c3fac8156de66132f216ff5a79f089202f11eea19ea
DEBUG yQ: 292fefac0b0a612da09520bfdd8f81264c96310e017196015b6e7f6ffeb22f4b, 1a642276a3afaa994b98a74dacecbfd549e7502858a59cc03eee2ce06a7adda6
DEBUG DEN: 21fb90e534e3223188d9fbc9399da9ef01aaf78a9a7161757abc72c924e7614f, 0463f67a662db508dee108e4d858274cfc4d35bf48d96ef341bbcda9fc78be05
DEBUG DEN_INV: 2deeb98f0874e4bf19b243de176a83fb15f02d61d61c004c88157f0e415a0234, 1f8819b86e10f27425a8bde29eb245e4a2bd49310ba9e416ef665345e8389436
DEBUG LAMBDA: 2d5e3da96736e0dce8ae3dd58c3c4474e3881da0a6ae286c49c9acf1a78fc4c2, 070f95a7b166c8627bd33f2df5d33d3e80a9c27e45200bb9aa5279c2eb15bd91
DEBUG DBL p->x: 0a9e678ac741fd3b4e9400334cf0c37e2fc08560b8fb5c8405d2da2e32635234, 1184c2a2aac12c6fc2ba74d2d2bd750b31a120fc48d250b099919885d04bbf8d
DEBUG DBL t1 (X^2): 047fae83809173f74341b4539b519830ce91333a39b60f6f1b05cd9514655eb5, 170d23893224334b016f5dd1ae47dd045280a85c1d67a5b99fbbe25c65360f18
DEBUG DBL M: 0d7f0b8a81b45be5c9c51cfad1f4c8926bb399aead222e4d511168bf3d301c1f, 14c31c28b53af9b74bfdd3be89563eaf60008e82efc5269fa3131afe57253001
DEBUG DBL S: 00df0a3c28cd90687f0612c5fafecc53f065eddb7f689faa133762c54ba798e5, 0c3a24e3c71f64a6ac0f23c7304b9dae003da4355e36df66ac6a1d48ff03b499
DEBUG DBL X': 20823f875a365d37f8b9065428496bc062f1b748732846d2bff0d2c703db2356, 1defcf386341849d8ddbc9a402ce7a008c235e3a789da0ea04853416932372f9
DEBUG Q->z: 26d7d49143a1df3df2d17e3312461c794b955bf127090e5b60ea9fc42dfc86ea, 11316d0e6ad4c1e027cc8a31f0154d698ade1d625b2a7e76a32c0fc4a94bae4e
DEBUG yQ: 0c2a2b278c1a46e5b0dd41bedb76f0bd5a8c9fe145b933478e31792256ad78dd, 07adca47e62df6b09f606969e6a7832e1e34c2628eab4b9aa22be83e4a74821d
DEBUG DEN: 1854564f18348dcb61ba837db6ede17ab5193fc28b72668f1c62f244ad5af1ba, 0f5b948fcc5bed613ec0d2d3cd4f065c3c6984c51d5697354457d07c94e9043a
DEBUG DEN_INV: 29d8b31911fc05b2d9ad297a2a9f057bd0f56c6cdf60ee1ae4abf2abde4f5561, 2edcdc28ae0fd645dfeb09d146b9bdcd4dba01dcdcd77306b130640ecaac6099
DEBUG LAMBDA: 0b17ffd8849e7dfd7df4c5d4b151b4b1a9942291a6f16ba176d59c450437313a, 09bc4c0de5e4f2d6c11aa84b3a350ffb245cce8d0b23217c3e57f9d93ab24855
DEBUG DBL p->x: 11a5a20737a13242897d12e00208d7ff6fea06650dae298f19a0a61c8a9f3409, 0c06b7e325fc38deac85d0cd6541d011bcf3bab78a43de4bbfcedb3b1425a0ae
DEBUG DBL t1 (X^2): 24eabde9fb5dd3d5782aeb2f7ec1cac18094b201f135e3af870c52e62430f3c1, 25b8c3b745b5e7486416190db40bafb03a6cbbccf61fe454d4b2d9bf44256600
DEBUG DBL M: 0df79cd82fb63b2cf7e036217942af8952bb40e302be15f41ce3e084bb98e0b5, 1061ae400ebe7585bba1bfbc19205e5580435e44117c17e405d775101b763772
DEBUG DBL S: 12e0f56942b1fc1be4733f5f9d5d33026a12a98f1d11108a7d1c3847e4eefa44, 031b9d30913b3c00e11877a1ad09e95c242b15b44563b0daab616d159a18096a
DEBUG DBL X': 1f13ed49fb6df17524ece03a97abb697958d2d5a411f73574e4f1c2aa0cd3c7c, 2c8a7dd4cf7145922f5e94fe787e7065364cc6df305c0d8552ef3c81f799bdfd
DEBUG Q->z: 095f982257c0e2e129debff6b822d384f66b0d7f4fdc4cef47d25490f42c55c2, 2a444b4163e8c1cd9eb79f8c9e05dc7d78dcf7927e475034d212855c1a3840e0
DEBUG yQ: 1923963dd7d477f079ba6397ab981f383abec3dfad6ed540d73dda9b8c1adb70, 2b2a83dc7f32a4b7a842c8357df497dbc1e70cdf6bc3bef03be6994bcba754ee
DEBUG DEN: 01e2de08ce774fb73b248178d5aee612ddfc1d2df26bdff4725b29203fb8b999, 25f0b9461d33a94598354ab47a67d759ec4caf2d6f15b3533baca680bed1ac95
DEBUG DEN_INV: 17ac4efa223392848e57afc7b7bca272f87ff1f74105c45801696a6da4d1bdff, 266ed3c78854a4246c7f0146b930163f2bf04c6ba05ea251c686263e6a8c19fb
DEBUG LAMBDA: 0da743905b7beb6466238a7d0fe681919575017bcd69edef2e5b5e7021d489b4, 03d56b04c8bccc104c939f94a0406a23ef2225477496a321f1f98e99829b45a5
DEBUG DBL p->x: 1f13ed49fb6df17524ece03a97abb697958d2d5a411f73574e4f1c2aa0cd3c7c, 2c8a7dd4cf7145922f5e94fe787e7065364cc6df305c0d8552ef3c81f799bdfd
DEBUG DBL t1 (X^2): 20ba0f07a129e576a0ff2bb50fb94e4d5bc3b651c70046493ebf95ae21a4c3cf, 01b330549260cd0d8a4cb8f398cfc307081ff84cd121ef3cd36c5a1954db8f09
DEBUG DBL M: 01659031211a7010725cf7b22c293a2ce4484dd2841d3dc143fda8dcb3f450df, 051990fdb72267289ee62adaca6f4915185fe8e67365cdb67a450e4bfe92ad1b
DEBUG DBL S: 27224ac340bf3175ddc7c57d3663b5e31868c1cb3448822c568596c82c4114c5, 167d20c1b4b9a2fb472a649c33b9141f4232191fa7b739d8fd775c972a90ca73
DEBUG DBL X': 27e32358f566346da525ffb881dbdcedd816f060bce7bfc803c5f436a27aa601, 0823f2b2c5dcbd11252c847d65e9c9e302d4f1117c8a2ded06de755ac881a95e
DEBUG Q->z: 299393f8b23fa22ec97362f1cf4fa36aecf50e4f0c0180cb5c394f5ea1142049, 240a50b379801341707a014c4a90d140179f9ca1a30bb3a0c4b085c40bbf1c01
DEBUG yQ: 10f7f9ff50400efb18972780faaf2f52ffab9a7f31b4bd09f137bef7d9278f8b, 011a0b588729c16300848b87c754f03c28659eb5796faa00584a605249e570da
DEBUG DEN: 21eff3fea0801df6312e4f01f55e5ea5ff5734fe63697a13e26f7defb24f1f16, 023416b10e5382c60109170f8ea9e07850cb3d6af2df5400b094c0a493cae1b4
DEBUG DEN_INV: 1baf5854c91dcc03826144d4199b9b60060ae744b3b1b9e3ddd88496ffc2b50e, 0e2527c8ece24da79db929f5ae0865f4f27a2568e65a5e8d6e6e147253a68459
DEBUG LAMBDA: 215e42daaf5329a2816dd0d2b9b5a08b1eca705adc8e2ff07bc6c08530ce21ce, 09485ba2fb2bc522699372e4947b5e64d8c9d197dcca9bf9b441ced7a90da11f
DEBUG DBL p->x: 27e32358f566346da525ffb881dbdcedd816f060bce7bfc803c5f436a27aa601, 0823f2b2c5dcbd11252c847d65e9c9e302d4f1117c8a2ded06de755ac881a95e
DEBUG DBL t1 (X^2): 0489eead2101efcce8efaf976993ba32d3ff700fce522c5ba438050492537882, 1d63e30ab33e8cd3ef98bacfd09c57573ceae0f8536e2a5f79f3609936d2b565
DEBUG DBL M: 0d9dcc076305cf66bacf0ec63cbb2e987bfe502f6af68512eca80f0db6fa6986, 27c75aad388a06521679eab8f053ada81f3f385791d8b49131b995b4cbfb22e8
DEBUG DBL S: 13be6a77209a3ca5c69b60d4c98d8c560125ea7e8e8b62411c8759a881d29367, 2a817f3ea44088eecfca0e6cbd7d6cd595e2072474dd30fce9784fd9184c17ca
DEBUG DBL X': 2933fb90cf02b033f951e1b2ba8c00edd33dc011afede0839e0c5763e9fb8291, 2bca57a5741f8fe39d592edf1750774ad74215c3fd0738297b115adc583f10bc
DEBUG Q->z: 070e922a2901d65eec0c9f6a7b3b17d18eab1f4df59f8471f9f7ac722a57f89c, 2bd5cd3b62347f6508584318d030596474b136fe7b813532df1b860828a35142
DEBUG yQ: 1e94d6f1046def55c6a4f07fe0dc2ac6424d923135162ec20f3f79a8a59df08b, 06a24c337703041362d476e2dbb2c3aaf44fc6ad8353a85fae9d4e6135006817
DEBUG DEN: 0cc55f6f27aa3e81d4f99b494036fd2eed19b9d101ba92f6e25e673a72bee3cf, 0d449866ee060826c5a8edc5b7658755e89f8d5b06a750bf5d3a9cc26a00d02e
DEBUG DEN_INV: 0e80ae3fa5a3378b4ce02bceae6d27d07b7a736a351f8f994679d8148e98c3a3, 03c9a342b43065524021761160617d9f0c28956f05c3f92475dbea39891dfe77
DEBUG LAMBDA: 20b044c2da52e5beb2239c13177d2668d60a2e7ddbd4186a6df733131043b4c0, 2b2bfa9c64d4633500d3034bbf610eb8c0090b1fddd1d51f6ad402a8d119a998
DEBUG DBL p->x: 13751e33e3b2c8e11a16961b84bb9b5f09d382d4ee485992b40f47808eccec38, 2f2b7bb8dcd0e9f00e7fdb8ae7aec8bb9441a9f12c092ff5d923366b9a89bc8a
DEBUG DBL t1 (X^2): 2acd262ceebe5814f4031529564d86de0054a66deabae1cd154c7634c8ea48c9, 0c9aa1d6fb0180dcf4358766ad1894d3089e064cd14c99c4d010b935b90cbd63
DEBUG DBL M: 1f9ed5a109d7c7eb6b68b40effe5e3ded1fb1e26ef4d104cc7a44a70a9c4dfcd, 25cfe584f1048296dca096340749be7919da12e673e5cd4e70322ba12b263829
DEBUG DBL S: 08d1b493fdb872add31f51241996bc94d3a945fccf54e58a52d5fe614e530a4c, 14acb5edefe86442c45e091dc71279635efa2909ef34e14018dace2aa6598da0
DEBUG DBL X': 0dc16cfe07a244022595e1b7d8cb78a946835637154c129a7fc581047ba83d03, 17c22f530772757d596314e40bbae47dc6b3fd48ed9a72bc62559cf6ccda0efa
DEBUG Q->z: 0779a29f4557e0b5e0318519e97a07f5a3b42d3e285b107a49899222ff164b0a, 167489868343132d0257604af7b881da0f2cc2100f6d9405349ec72d6a43ffda
DEBUG yQ: 04a97e3a1a7fc3ffc6f2a77ff2b839c73d396689f27eb0217b5c57a52f0d9d2a, 0eea00794b47a7f2e95c966a6b431f9758a1b67ff6800857bcddbdf9656f549d
DEBUG DEN: 0952fc7434ff87ff8de54effe570738e7a72cd13e4fd6042f6b8af4a5e1b3a54, 1dd400f2968f4fe5d2b92cd4d6863f2eb1436cffed0010af79bb7bf2cadea93a
DEBUG DEN_INV: 23a5f997bf9c95f27864ab41155047a95085516b14c1d6d36157868a4d9bdd4d, 1b9dcb546003b3b194d3e4666deafd7a37ade1a89cf6d39d8520a17c4e5e8d33
DEBUG LAMBDA: 183cf1d996f0f55d71029dcc21f1859df799d772393963936feb8ff515d38da1, 0c4985d4a68b1604a75bde58b7aad2bee1d30497a5610e6356d4054482729d18
DEBUG DBL p->x: 1e808c0fbf142f478bc027dc267ba07e63252eec0b85dfeef5e807685326bfb6, 2a0368aa3c99caf3b4f8863d2dd6080180b27225e4b358edfee9ff693105e9cb
DEBUG DBL t1 (X^2): 0996e2e834eee6fa598b93350046dc73dfde685a97d41590f5cd48f89b362de9, 24408bc36d2c038b361d91d447b6ce5ac4b494e0bcb9ccc395c3366438ac983b
DEBUG DBL M: 1cc4a8b89eccb4ef0ca2b99f00d4955b9f9b390fc77c40b2e167dae9d1a289bb, 0bf906648520ca4e31b82a0fd421ba551f1ae97f6549d13049088afef90bce23
DEBUG DBL S: 0b906efdc072412801ab47d62b62a1f583e077435aaae3fd9b7997b0b5a4dc3e, 13fe3accbe8b5a30af350ad8dfe8060bc704f965e3b7802ba8c85a2595b27b51
DEBUG DBL X': 13f28a9fb9c85f67907ecd473b78e1456392e136631a23682c0d4f9256aa6712, 048947428be7a3e766fa8079d978b056ec2beb8b04212ea609e273de7c19f579
DEBUG Q->z: 14246d891c3a83038f9a3f69931a646440dda7b3a124edbf58f57efa52063d9c, 1fd9c4db31a92ac93e4058f519cf65dcb391035470d50c4f81c378f3c6368fe8
DEBUG yQ: 019c2cb4eed98691b20057fccd96d1b547eb2d6ad3c6c75f207d0c3f2d998a8e, 270ce07a42d0bcd110c3be2b5b4f3bcf3fc38caa511d5cc64cb4f3f96524e205
DEBUG DEN: 03385969ddb30d236400aff99b2da36a8fd65ad5a78d8ebe40fa187e5b33151c, 1db57281a46fd978693736a0351d1f40e805aec339c8eeff5d495bdbf1ccc6c3
DEBUG DEN_INV: 2045ec20333ce11d0c22dddf1ca63ea226359397a304ec9b43fae84416f23891, 276d7cef3c6d1962179fc9f451ed863ba50d9c4b89ed925f894bd5240e861ea0
DEBUG LAMBDA: 12730f3ceef6d383a2b48180f5b2319ef2baf6f3bb4ec96313c80c548ccb2c44, 061e694abe426dcdbd4713227badbb8409e3da0c395c428d130bc96abe2fc925
DEBUG DBL p->x: 13f28a9fb9c85f67907ecd473b78e1456392e136631a23682c0d4f9256aa6712, 048947428be7a3e766fa8079d978b056ec2beb8b04212ea609e273de7c19f579
DEBUG DBL t1 (X^2): 2660a3d2f674909dae3d7e7ef3208572d50ef0bab4ec278ab850b38b852231e8, 04254d3f7e43b21a05410529f0f902c88c95db23d46cb4fca98b5843aac456f2
DEBUG DBL M: 12594e9320fa71859a17f00fd65edf9d5029fd0d4de0e185b0b10274de6c9b2a, 0c6fe7be7acb164e0fc30f7dd2eb0859a5c1916b7d461ef5fca208cb004d04d6
DEBUG DBL S: 28400f02dfdd8e4de5b0e5ee30c5a848e59c46b712b05fc962fc7dea85713e82, 0b53d3db69307d44ae9a680668776ac608e740dec95d422f1628ebe8c3d73fdb
DEBUG DBL X': 171d31b45d1cc150384021a00861552069ea57aa4f5e98e35168dec06627c7d5, 07977009f84ad1dfc2751aeae0aa1152d2a320ffeb8c6e5070c38c0632fc3479
DEBUG Q->z: 03b9c22f5fc115e2d4ce784214af028b06a9e83d91ef5c8658dd6a4863e12fe5, 2181d7da85b2444b39283bc31d9fce319db7bcc3f1f93613ff4878825521a610
DEBUG yQ: 114ede0dda58883069801c88e5ebc8180a8e40b81aef94e6f23a55a04b9ab566, 1762067af20b48b18e7d19910d90a19c56488f68c5939e7eb29bf376dd8a7bdf
DEBUG DEN: 229dbc1bb4b11060d3003911cbd79030151c817035df29cde474ab4097356acc, 2ec40cf5e41691631cfa33221b214338ac911ed18b273cfd6537e6edbb14f7be
DEBUG DEN_INV: 14f5e9ef7217ef11310c017b3fe9571f6ac8d920ac1e80163ef25b5ab95f95b9, 0d58ab97bcf96be5c24ad39b1183715736a36d2b6ed247f5ae575abe23bac243
DEBUG LAMBDA: 15f327a042530d5d9adc5895d120b32937a5e4784674e0a8a3a11fa9f1fb9bf3, 08857a40bb2054c80eb25b046baa553fb31a6634b94d83acc857dec8d7f4a4ec
DEBUG DBL p->x: 07d7fa41f7392eb552a5f02939d1ed8f67e5ac3f9fb85818a3e7dd6ddfc065cb, 28727a096a45c7142b16ea67aa53d41d43259d552fb17a31922ced26ce642679
DEBUG DBL t1 (X^2): 107a44e7f7fac899a35f8750b4703dc77ec394097b11f3b5b81193efa29943c6, 2ab91d74ab871b985efe7eb1916798ba51bb90401088622b46aba74a72ca0121
DEBUG DBL M: 010a804506beb9a331ce503b9bcf60f8e4c9518b08c41093ec142fb80f4ece0b, 1f62bb7840321275ac5af0a7b1341973c62fdb9d60b591675bc1ddb1a76408d5
DEBUG DBL S: 0e5f1a2433b8418f3cb6b685b1e54b11fe300c996ad496efeb2e0d8499108297, 1b24121ee272aff84e9b5c0863d16eb6650ed7b5b24934777799194987544807
DEBUG DBL X': 28b8fad1b687ba257668f12ca49ff3b3b59735efb7c2a72d11d45b1a5728bccc, 1de1497fa58e896f184b525df950838ceb35a1c81b879fbdbe17467aaf6fc991
DEBUG Q->z: 08a3fb4ca2f8a70a5082679a7556e737f6c9bd9c0f3fdd7d1b2ce8e53326e403, 2c847928012689adb5247f72b7c8685bd96f8d153dbcf45c7e969a267e3a2b49
DEBUG yQ: 1285a414fefdd15030a22ef1c5a84104d2f4af3caabea5c42f73d9360c635d66, 1f32f4142fd9674e33d1925ec4e0d9865a637c7a131eec77f91c17a42f574bd3
DEBUG DEN: 250b4829fdfba2a061445de38b508209a5e95e79557d4b885ee7b26c18c6bacc, 0e0199b57e812e72af52df0708405aaf1d458e62bdcc0e62b617a33186319a5f
DEBUG DEN_INV: 07dc6a5cd18bae09b3d1f22748ecfeacdd31f6d77281cfede61e9615d8a048a9, 1ed94a9b03917c2b954a6df89cfa8016e40fcc844397b0bf8a56dd6e116ebb49
DEBUG LAMBDA: 028df6558ce4e64fcf73c23d26ffe5c78605eec55d54c08e517c910dc7aa216d, 2ab8901667b48a50487146470b61d50eb482785396a1151e05a369447fc9be7d
DEBUG DBL p->x: 2d3615fe20642f9cf27b4d2941cf0a9eab6881e1eaedf04e567dd961c984d192, 24a66bce7ba6420e401c600b5c5e97c7f03a9ec7687048d5debb68b559e33d7e
DEBUG DBL t1 (X^2): 0655258a4a700a833167b3af0b97c50bbeac70df3652ebce88125ea407f51d7e, 08281d01fe12d6ab03bf1a1eb9fddb201b5b7c4c0e084e753d43015f1e04fb0a
DEBUG DBL M: 12ff709edf501f8994371b0d22c74f233c05529da2f8c36b98371bec17df587a, 18785705fa3884010b3d4e5c2df99160521274e42a18eb5fb7c9041d5a0ef11e
DEBUG DBL S: 237904de5f25467e4b1a78429811fbadc93fe86e5ffbe4cb3c227590a74e53bf, 2494bf8c0d07989f5adfffab91bbfea5be64f7e7fe4eff6c470dcd33dadbda35
DEBUG DBL X': 1cddd3b3a7bb1d063123c5869ef35e8daab5f6aef3f5167e2ea82118e7523a65, 30495a986d34225b4fcf666be07e1f9de0eefe67d6b1f7ab9185cc7534b3c027
DEBUG Q->z: 140d4013035a5412def584d04cc5fb0be6804a22bb0bf3c21d31300b49351a9b, 1694a52e04afa01b4ea8c540943ffb137a35cb1337d969daf26042484fae3e09
DEBUG yQ: 27e21111755ca4db3af23a9ba2f8e471462c3c0dbdb6f4a33c4ba2cfd6fe2795, 08ea1d5352d6779c6a1201e690cc9d61c3c9dbb542abe287f7f9c1cdfea07ff8
DEBUG DEN: 1f5fd3b00987a98cbd942f80c4707084f4d70d8a12fc1eb93c76b988d57f51e3, 11d43aa6a5acef38d42403cd21993ac38793b76a8557c50feff3839bfd40fff0
DEBUG DEN_INV: 049ced8c1616bf278a994636c6d86620be3e6b246a004364b9f6ccdafb18ce81, 060711ca36a1b48d6be20c09930a68cc0ab7e3bcaca07abec6a68eaa6d037083
DEBUG LAMBDA: 15697e63b1281618c2781ead9911467ddfabd34186abd38d4a0dee88819e3def, 269aeaae29a2bdea93080039c846da5f698acaf163c73da1d1ea9cecdf3511f8
DEBUG DBL p->x: 13d68f9dba3896864452bc98762fed343fa1013dac147bf74f646deabebc8b05, 116bfb534d590136f4376776add7fb7e792bb34c0717c101d4ee33ac82cd55ef
DEBUG DBL t1 (X^2): 1c87ea716697012c544d6bb45765171df78bec7cd2c86666e9766c8ad8fe663a, 2cf96ca78125aa791b31a4b83a39c7e873d6f7a67c4a700573f60ea917dea571
DEBUG DBL M: 253370e15293635b4497fd6684adecfc4f225ae50fe768a78042b989b27e3567, 2623a910c10dbf17e0f462bbabaaa6fe2c8211d0a3fbbaf5e3a113cd96a1f5c5
DEBUG DBL S: 238a22015cd0474f4147bbb71cacf032e48adfde57ca5d76ea6829e1a0db00fd, 0408a058765bbeea6ca11a414cc22068fa65e2e8be306e538a555c8f2d02d6ae
DEBUG DBL X': 1eb1de661fbe9f2785e7006ce12c8cceba148c13866ea333cff42928c3b17398, 0702d9c46db191eb3c12309e0ce8d62460e5e486c7f9285d73c6e6a45030eced
DEBUG Q->z: 29d29bb39384b822bd7c8e9df5b6df91445f1cf52702bb645d5d655206739241, 19292881c23f87bea868951a3f45c7e7d2432746311bbacd2648dd6dda39a874
DEBUG yQ: 028af5058a942aad99d05380a964f92b1ead10c5380ea5ad187ca10130e40fab, 0e6ee3117c49cc75faffabbc2bafc11e6686e9682e1c4abb58f5b3abe5f3aadb
DEBUG DEN: 0515ea0b1528555b33a0a70152c9f2563d5a218a701d4b5a30f9420261c81f56, 1cddc622f89398ebf5ff5778575f823ccd0dd2d05c389576b1eb6757cbe755b6
DEBUG DEN_INV: 01b1e05cbe10a515237fc9d9cd2efbec51a70233b4362c52d2dae4c7c96d7030, 2e3315d661d3e6043f1a01bc2d34232f4cf8b05ee651b373b54b52934f2ab2da
DEBUG LAMBDA: 271788c8a4dae5afd157b60c7e7db3eee427e63913fa934abda5789523e077c7, 17c8c9e5df80e7b38fb5c7e88fd4604c2be70e622668edd964e01af2958f2d15
DEBUG DBL p->x: 0231150f307ef7f212897254be6c8ff5478202d8af19b3970ea2335bf18746a3, 0e0386cc02cec9078eba32380248dc53b96a1a6abe44d304b189ea8358ccbf4c
DEBUG DBL t1 (X^2): 0d367aabd5096d6a4e74774f853757b21f1ca23c0e07db532846b40692ed83ee, 259f8da2c2c4755e7a2d0d77e3ca5ea62e6ef63523973ce14c35d5caab9b62f9
DEBUG DBL M: 27a370037f1c483eeb5d65ee8fa607165d55e6b42a1791f978d41c13b8c88bca, 10160c0285ea1fc7fde69cfaa85c6b375c4a0d7c99e221896c60693251d82e5d
DEBUG DBL S: 1adee3bd19fd11fd81469b8ca2b47d741d62770a6daa72e0b19c58774a710a94, 29ea6dcea493c27b8a740df0887f8fb5653f65beed9fb7de2aee400653ff0e92
DEBUG DBL X': 2f963761b8996afa075841b44985f720fb76a9d65effd954fc4fbebae5596cbf, 2a03af0306e9c8784e98c3b2abd74ba44958c3e80075a659b3b527bb4274c9d1
DEBUG Q->z: 10e275875f05af19cc079e3cd3639726d34812251507bf9d02dcfb22ae8f8583, 297b66c37d54af2201266e76363749f31505498777372a3a5c999577c0bb4a72
DEBUG yQ: 1c71b8442f4e69a9dc127a03264347957b2414c475d454585c603398a9025111, 1d154052879bd92c26b7db518902239769ce1c7d4dbd882ba46062dd224f5110
DEBUG DEN: 087f22157d6b3329ffd4ae4fcb0536cd5ec6bef78336de237c9fdb1a7987a4db, 09c632322e06122e951f70ec9082eed13c1ace69330945ca0ca039a36c21a4d9
DEBUG DEN_INV: 1829a516431b2fda01054c19e0b7dfe1ae46a7308b3fd839a3c2780a6d4b43b5, 02f57602fcafbe901c43a69225381fbbfd02e391d2d6fc5e5bf999ad17e563f3
DEBUG LAMBDA: 1d57bf1f47da095437e2a9fb4e1431f145e9488faa9e4e6cdb73888a17c0d344, 271edac6e8bcb6f14557d4e9b7f9d062c0a56a07daf2f384652693dedd2bbc8f
DEBUG DBL p->x: 067ac27a5457a6272621102ccd9854920c6edf49dc9241ecc2dfaa16dc9c7ea4, 058f0cbe99a4db020f8242de4efa59f81898124cba816310322080f33d385c80
DEBUG DBL t1 (X^2): 2490abbfede4a9ad6593ab702fc4376dac0f0652ff0cba51cd7235bdfedd3849, 1c405330c8eefe10cecd8bb33da654c1ff4bf7b54ef003362cbf1bd2a62d4dbb
DEBUG DBL M: 0ce9665a074abcb4c01a76e38c49f58dd52a3dd62c4299daf015890c4b9dae4d, 245cab1f799b5a08b4185d633771a5e866627c8e845e3f154a1cc7611a0aebea
DEBUG DBL S: 151fcf47a0a7cd7fd9e0b542d786fcef2e697e1099a55b77055c6535d2bf683e, 0be9df32d3148bf6c6ff6d79288fd2f57444eafc43744cdef1f07c58e6d1d4b5
DEBUG DBL X': 00a66e3b5f8672f7ef34a37db7955b61f83fecbf1026b2b43e373460a90222d5, 2812261dc52453c580296ec83914a6eed793a94a9c4403aa83b77455e4bd94c3
DEBUG Q->z: 0dca4dcc9c6056c4057211e415439d8cfaa1bff442e9181a261187eb8d33f950, 22c2355881eed9b3ee2f4abe40938896c9a0568eb729acd86e9dca69b52d5a7b
DEBUG yQ: 11ae4fb2e2f19034c9652952c50f10798d4795f65e59a72a6a482e8f3caf86e2, 287a3a0a12fbfe83afeecafb2e68988f725b1c0f6dfe6c592a92fc105bb51c73
DEBUG DEN: 235c9f65c5e3206992ca52a58a1e20f31a8f2becbcb34e54d4905d1e795f0dc4, 209025a144c65cdda78d503fdb4fd8c14d34cd8d738b0e2519056c09deed3b9f
DEBUG DEN_INV: 05b54b7070fb9ba3200f8d57bd5166d963ba4517954aa733f05fba98ddfeaea4, 1f1175c18a9ec5124e14c700c3dabe319bf0cca1cb8bbe89b207742d53891b52
DEBUG LAMBDA: 0ca6b5509aa972f91374fc947ede1dc518b04ba18308ab6a3536b75e62cbe677, 25e5f178c7c3d4a801fd00eac3f79afe8e3b966b3fcc36b048b9296c37b5a7f8
DEBUG DBL p->x: 00a66e3b5f8672f7ef34a37db7955b61f83fecbf1026b2b43e373460a90222d5, 2812261dc52453c580296ec83914a6eed793a94a9c4403aa83b77455e4bd94c3
DEBUG DBL t1 (X^2): 068fc4cc86d7ef39fbdb0400776edef9be5d227e052db109e1635c4f280ac057, 2b61ea057f0a182698f2e1874498ec3ebba152a88d442dc98382e7b7589ef6b6
DEBUG DBL M: 13af4e659487cdadf3910c01664c9ced3b17677a0f89131da42a14ed78204105, 215d212ababb08205a381928cac8140103e122d6d6e8f44212479ef858e2e994
DEBUG DBL S: 0a7a002839c3069b269b92c38d1f8458c26ad4b8029862e5d6c4de7f40793c8c, 19c7db68c393ab3c728f4a451fe1173cedbbc59c57420e5632cb5ccfdd01828b
DEBUG DBL X': 0b681839751b272592dfd2d6eac0026b0f55ab5b98e2f76c338e8625e83d5337, 1b3264bc235a903a5dfcf84a0194fe7ac6e3caf0883aa9f90da4c1182501a214
DEBUG Q->z: 216220141b3160617a6ca35868c4686fde443709771479980da25fa779ebe275, 074f86585cacce268803f5641ba0f965f6c03d15fa205e3a1a1e4ad705c3a5a4
DEBUG yQ: 0871410d1d1c34271b993be97998928c33cc9509eb735ca1f3dbce2c1d83a6b6, 2808561825136f87ecd2c3f0bf91aa7e6096c92bd6b26c5729bd23c95ae7d85a
DEBUG DEN: 10e2821a3a38684e373277d2f331251867992a13d6e6b943e7b79c583b074d6c, 1fac5dbd68f53ee62155422afda1fc9f29ac27c644f30e211759bb7bdd52b36d
DEBUG DEN_INV: 06610577774a489e91584088f88a1273ea5acdda0c9c13b537249383775bda4b, 15a9bb0a4f4657bb7418b71affa08e06a3c3071e2876a43537158f7e1c7beb32
DEBUG LAMBDA: 2989f3b0336b2199f1626d4134c999952609fff7cbe94bca5853b5845afcad52, 16e47aa117205c9f2ac72f392c49a2ac051e5bc97ee0fd7875de70231ec5bcf2
DEBUG DBL p->x: 0b681839751b272592dfd2d6eac0026b0f55ab5b98e2f76c338e8625e83d5337, 1b3264bc235a903a5dfcf84a0194fe7ac6e3caf0883aa9f90da4c1182501a214
DEBUG DBL t1 (X^2): 17e699f86059f4585938e4a5eb17bffe3c67323f9dee01a0dc22e43d46089d50, 1503b35b49e2b2a7f730aa880840ded35fca18becc43a52b55f8b14288471fff
DEBUG DBL M: 174f7f763fdc3cdf535a683b3fc5e79d1db42c2d71583a55584820a0f99cdaa9, 0ea6cb9efc7677ce2d41b9e19741441c87dcdfaafc5924f4c5c987b0c05862b6
DEBUG DBL S: 0407cf9b85bf7ec4bac3a73b74d316e35b9ff90941ccdbd1506d33239d852b7d, 2bf6edd2e0a1b757847292e40ef00c419ac9c4bc3b84afe64a7faa5223be6ec3
DEBUG DBL X': 2a68e9037901454715e2e7aa7b59203a99d8988972acb8a55f85509f8601db28, 271f9d0dbc775ac3c0fa55ba7cfea100fcfaa68da71279acd1d66a9a79f9caa4
DEBUG Q->z: 2d4becec11c8e39d1209c874516eeb7419bd7d30ed62d15235093b9f084bb826, 037c6f54e723d42a98630afb4ef9cb212aad6d5f266c755c69f3cda290c41e7e
DEBUG yQ: 21f7c73a86e52d78fc0e78b869e67688bb4d7f345ce5bcef79cd65cb93bb8de8, 013979562b8596cd2865574c4f1f1d285571b97e26ccca0d6a51e378be8a4e44
DEBUG DEN: 138b40022c98bac83fccabba524b94b3df1993d75159af51b77a3f804efa1e89, 0272f2ac570b2d9a50caae989e3e3a50aae372fc4d99941ad4a3c6f17d149c88
DEBUG DEN_INV: 0f28c80ec73b8a7e9314b7f43116f09be57790f92d783016f22470dad7c9b6c8, 027c25402623f4532143c24a9ce58c6700ec6d3b4d48f50f2e25c70eaa0beb1f
DEBUG LAMBDA: 27263df189ee94ca4bff66ac4220e71a9b7a85fae9b5e4b92a63dd6c3e67aa27, 1743f9b206a44b205af99585ff56ca46d8edef74b2cd3b1dc12eff4913dbd566
DEBUG DBL p->x: 259e0aadda4e41a17ad843db02ee05b282833c0d4e8bee0c297dcb1cef89010d, 27b0983476b58c604e90f0bf0b95a8a9587b5647c610eb525f71d08f74b8673f
DEBUG DBL t1 (X^2): 197bc0faaaeaf42e85361ce6930c4d8a7ccb5e8010b39ce3fe04d515b9cf3fae, 28e38db30fc6fa82547902c40399633a453d611287aafb2749014ae8ac586cf3
DEBUG DBL M: 1c0ef47d1f8f3c61d75210fd37a39041dee0b0eec9a90c1ebdedf32a54f0c1c3, 19e20c336cf1af338cca7cdf07c978f3a0b54e14c61d5c5b62c2c88c540f4c4b
DEBUG DBL S: 056e1f5e3bd4cd8175db955b212facb0c69def4f5a10c1aef2d9b05b582f5940, 046e0938df76d1ded7656f947a9f581ce458eaf77b2c7e49fbbc7a041b250d60
DEBUG DBL X': 246b7b2fe2428998ce19efb442d152fb9861fbdf7a845283a1e19c0496bac284, 253abb17085c2fe0dbc13351949e9b568d86b4f6c14de2387a0e5fc5e4a59365
DEBUG Q->z: 191a1f0a73be7a3b113936502785059ecbaedd25d938b1288b370a09a873336b, 28cc46b994961ad3921987490ed37ab3d79ded4a91f5f5306f93b653d56691ce
DEBUG yQ: 0798fdd5f6c29e8030a8b9d62d9b67515136c9771b3fb68d3ff57f3ef61c6f8c, 14b586f3cec0e2b7e27fa13a3a96d3a06dbf4c907fed8bb8f10c874987c04a68
DEBUG DEN: 0f31fbabed853d00615173ac5b36cea2a26d92ee367f6d1a7feafe7dec38df18, 296b0de79d81c56fc4ff4274752da740db7e9920ffdb1771e2190e930f8094d0
DEBUG DEN_INV: 2bb7edbc94714ba27e700dceddf2d8a2ccf243f6624740786d60b30be600e1b2, 224420da88b7a232ba65e5f055e7f52ca960a88247083c52ed1e56fc5eb4c4f3
DEBUG LAMBDA: 0618556da9d1d82de88f6a8b9ace02c1b993caa9b170f4868973b8f5150d3b95, 29ba24f3d1b1b08a90164097bef16247def4488deb97ebd412fde8e48e51711f
DEBUG DBL p->x: 19c78761bee794bc231df2894f165faf4782b455b81005d09cc238f38457c6f5, 1e80d65ee704f7999688a7f1cec16c7be6978bfb343db6e2a343330271382b2f
DEBUG DBL t1 (X^2): 1d9c8dee232a2296389116a3fb1a5c3fa71e6e61ae52ff61c698a396e6540297, 30130b87ab39a235959bcca4378d353a9e0c423b9094bdc94b409f989540fadd
DEBUG DBL M: 28715b57884cc798f162fe356fcdbc615dd9e093a287339817a95eadda7f0a7e, 2f7085b13f49a64d5032da7fa3a4eef4ab21f18fe0daa4416980c69c0ec8f609
DEBUG DBL S: 07b24018315a41dbb32bd9fe26093075649308fa7b7b95ebb45fb388eda96730, 0b461fa13e26c14dc5d6e550359a218fc81eab4adc2a39847801fee48e5bac90
DEBUG DBL X': 1d04bacaaf7eb63c6fe394423c04c35a7a898259a7ebdd9d3a19ea6a808571fe, 28dec9baa4075e5ad2b81d1c248fba8d1ff0c3d77bce52f26977b278bf3b525d
DEBUG Q->z: 0600643529ce448357f055a6e6cbebba57ac2d4b35b8778655946656fe228725, 07a9690943e1c5d9eef35c1eb5531865ad1b329948d4231ea99ad00f47cad68f
DEBUG yQ: 28b39ac0865fb70ea11b7fb6670f06064f70b4b0b98b3486ef8ddf6be8032274, 0f373e415c1160ac0e32a5042f977d3fd371be9fec0153c93008b3d39510234c
DEBUG DEN: 2102e70e2b8dcdf389e6b9b64c9cb3af075ffed00aa49e80a2fb32c0f78947a1, 1e6e7c82b822c1581c654a085f2efa7fa6e37d3fd802a792601167a72a204698
DEBUG DEN_INV: 2a01b9d953942f41682ce24d797cdc2d0aa91ef722537b50b8b12141288c4440, 19900ebb08e80837d4df0c651189cb32fcbb53e1e9cb73c7fd1caaebbac85f65
DEBUG LAMBDA: 1f5e42c54bccac50fd4f0d468dcf7855e64b5f36b04f6865384441971fbf65db, 27a6bd12041f254183fa829766d7b0cb8be02460434828331be18d0dbecb031d
DEBUG DBL p->x: 291d24c17ef53537215872efa668115d11aee4fbe6b04d346d96106b51745af9, 159b3d228686665c20d253cb94e2117d4346411e32ca941730461f800fdac745
DEBUG DBL t1 (X^2): 1fed352f15ea9f7f6029d854530d538e41f20e3000ac15de59db66dcc80139a5, 20ad32a979af059d27f6b2aadbbf6ad0148a9c53302183783e87a91fc2640d9c
DEBUG DBL M: 2f63511a608e3e54682d434677a6a24d2e54bffe9992770dd171a87f7f86afa8, 013efb16aaa9d08407438c93903b8fb50e9cffd6bf80f54e4355e33196322e46
DEBUG DBL S: 1028916f3bd960b8fb97c9ab329282357de07758067fb60ae1698c224e1271eb, 26e3fc4f1a68aca2e4a6fb26e9c896fbfb045e894e8221bceb718ead212a9377
DEBUG DBL X': 1db25cffd6125bc478d328e574e00193c8a4b989c0034c135f8640c71a84f5d9, 13ddf0037b8ff0dc2843de08732ebf8effacc78e142f32656aaba464c936e3aa
DEBUG Q->z: 1fb1d1646c7d6fc446e1fae17ba43cb0874eabf163df4e66992969da8a461ffd, 1bd498fe123026214a9eb3ee781854f615d0bab8d45d7da75f941e0965b14356
DEBUG yQ: 102a00a7f4e8aa6340e5507c0a10ecb1a261dfb8106c4695901ec322aa8d622d, 2d7ca29de9e5f3183c94852aef89d14eb0f774c8d1b931f5f87a2cc7296bd993
DEBUG DEN: 2054014fe9d154c681caa0f81421d96344c3bf7020d88d2b203d8645551ac45a, 2a94f6c8f29a4606c0d8c49f5d924a3fca6d7f003b00995eb4d3cd777a5ab5df
DEBUG DEN_INV: 04feb9fd577fc4f271437e166abe0262f37c37775601ae5042533f56be0d9d55, 01773d262110e642e95212d53e3cb2665484dd9655be970e222b4f4f6bacc89c
DEBUG LAMBDA: 24427f8c9e08df918f72ee7bc8ff5977339d3ff2c431e0ede0367868d6e435d0, 15b74483682456ec71d15270df9ebc23481b51187ef13537c5361d1ad1da6378
DEBUG DBL p->x: 1db25cffd6125bc478d328e574e00193c8a4b989c0034c135f8640c71a84f5d9, 13ddf0037b8ff0dc2843de08732ebf8effacc78e142f32656aaba464c936e3aa
DEBUG DBL t1 (X^2): 0c59e5af5c856d6776a3ea1eb19c4bc27a8be2693cabea165b1c786d15da937b, 179db702bf555f2787e1f1c8bb2b0b1ced72ea0c4c127ec4e80c3ac5448415e9
DEBUG DBL M: 250db10e1590483663ebbe5c14d4e3476fa3a73bb603be4311556947418fba71, 1674d6955cce7d4cdf558fa3afffc8f930d753937bc5b1c17c042438f50f4474
DEBUG DBL S: 09730d3851a26bc46edf3605b0727c25a39900b42efa7e092a39cbdd7198f0fa, 22221d0db4e3d2447ea7b393fca746af6fe7567c66993a32f307643b2c5e548c
DEBUG DBL X': 27038bd109984daa89d8daf7f8a6928f4f8feface2c7b669055f4d4da101d69d, 142d033e97acc38d0b1c61a7d11015823c7ed426ff0f62f82edf8787f4fa49c0
DEBUG Q->z: 07cb4c0a0fe259653c1b5d9bd7ff3e4ea57f5cc18ff450e6a08dc35eb962b257, 2e1641c913d4cda38b1ba0e9333162c22bd14ce634a0fa5093c4bf512a4e11c2
DEBUG yQ: 151e1acf3bfc0a5b387671a79e8d8f848d0c6017c1c204a4ae799ba3a2c9834a, 29547b77f0a8157f307e498635b028cf7bb185a027c2a7db31be3f9b4812f9df
DEBUG DEN: 2a3c359e77f814b670ece34f3d1b1f091a18c02f838409495cf3374745930694, 2244a87d001e8ad4a8ac4d55e9def9415fe1a0aee7138529275bf31fb7a8f677
DEBUG DEN_INV: 1869c4e270ca235d0ff2db50f757914fff7d1ef63363b56ae01b78c6987c9b91, 04e424146515a80252d6c76d5e8d7006967bb2f574c226e2763bfc5315c18aa7
DEBUG LAMBDA: 08499a68d29a7898a1b5558482f9446ca011c3a68ec4d6f094a9ab6b48625ee1, 01ef154965f2fae06a81281e8c61c3b785b76a33f6487e49d0af3edfeacdf5e2
DEBUG DBL p->x: 0b4f9fb221abc2b693a939f5574e1b90b7199204440c16f3effccfc2f5539fc2, 1ab63c06a41f4fc0ae728489c9d85a575ebacc6b077cfc5ad29396b7d4c53d64
DEBUG DBL t1 (X^2): 07eb4b208a44f3bb1bf01ff8e2f5ed3b72d45ab1b716f416058546115f1ebb84, 0d50089571b99795f9d5621a98f68aac6a8c88931093bcff91dbbd25432ef35c
DEBUG DBL M: 17c1e1619ecedb3153d05feaa8e1c7b2587d10152544dc42108fd2341d5c328c, 27f019c0552cc6c1ed80264fcae3a0053fa599b931bb36feb593376fc98cda14
DEBUG DBL S: 1ea4062f64b6dc24995761e977df2883b9541db4a7b6773c4131cb749c2c0aab, 1ae15fa3498b4058412ff2dd2f7e093e43e397ce19cf7a342570b48765e0ba02
DEBUG DBL X': 1944fa3ed8f897a0bace4324cd589200a09ffbaa6f9ce1e0cc72a41bdf3c122d, 01e8eb8d7d5ca2de051c4a09c6f235eec82cdb57facabf3678d40ae34452a1b8
DEBUG Q->z: 1ec7a9c826aeb26d2480cb51dc26e112f4fe5c7d1197df5e8fe5c0fcf3a034cc, 1ae0fac3fb778afe4c8ab55454b15180d037e513303be272ba14784f5acf5c58
DEBUG yQ: 099a405db68b7a18f5664775503975bf0b399011095a8d0e85dfe54aaebafa03, 179a64322c0b697f71de4b3af3217e75a434d4bc29884b382dad1f2d0c6c043f
DEBUG DEN: 133480bb6d16f431eacc8eeaa072eb7e1673202212b51a1d0bbfca955d75f406, 2f34c8645816d2fee3bc9675e642fceb4869a978531096705b5a3e5a18d8087e
DEBUG DEN_INV: 2ffe85c9b460efbba41ebf6aaa01396624cbea6eb6b69b682e1d1124bd1d2be8, 00ec39b53349bc00c9fb3e7b462b662ce6f136b6006db5da15e88ef972aa2613
DEBUG LAMBDA: 20b93d4f5f134686894e42590847ab71f39daf6fb0ae0af687c54f5d0c66f2e4, 0d2b297968f556acb4c098efdfd25704c6765b97aad1ea41c6e9a94686afc39e
DEBUG DBL p->x: 1a1f1716b9b89a0ddd999801d0c9f078c8162ec0b48c8a35a88c32ecf1789407, 05160908643d576f74ea20e3acc6740050e78586e841e6aa36603bab761e5fd0
DEBUG DBL t1 (X^2): 21a8b21fe49f55143abee3ecc224e2667110f1b0f34c675a7a983676e3cb845e, 29ff85337da0f896b62c89c06cef6decf59e0461c9174cb80c013c62016c796a
DEBUG DBL M: 04317979eb7abee93f9c2059436bf678242ffff00901a0f4f7878b36fa68928c, 1d35f2b4b67fa970b1e511d443cb990bb1d738028a62510dabc29cf8534b71b0
DEBUG DBL S: 2a90845a4059617deb1b24500a3fec33d55a40a5f945690b6b2fafb87f6b843d, 20d8b3a6b5bd0276f237066cc352896863920e47ed6da15bf9e9b83ecbb4bb29
DEBUG DBL X': 28cf7fe160c3ed63059c3b8bfd2eab9fc5afa666a745a86e25184a0d716ecf85, 021d335f09911825d4848d0085ee6a613c3ef705a109aeeff31330a4dd702488
DEBUG Q->z: 2d5a6ffc8d8c517df433ddfeb8334388979d32a77f5aa03dd959e03623eb1e2a, 09434636ff9ea483bdc1f745a33e376517b7e159cfd28d92dd799561fad7eba2
DEBUG yQ: 09b486184cd42ad3e36874410c5a78c814ce32ade7446812bea5afe072b3fa71, 1c37137c205b5e3b75399a5b4f86454a71ee78c8417375ddb387dc0db9b3d39f
DEBUG DEN: 13690c3099a855a7c6d0e88218b4f190299c655bce88d0257d4b5fc0e567f4e2, 0809d8855f851c4d3222ef001d8b32374c5b86ff1a75212e2aef2c049aeaa9f7
DEBUG DEN_INV: 077281d1ce0277146a40a40567efa904686c4947cf19092016ef8295e524db95, 2485b578b89c6c3b75ae966058bde520eda846d15ff04fa8dd6c2d5b055cf410
DEBUG LAMBDA: 19190bdfea922f2c92b87766481db877ed853af449d243c711afd1ae09cda027, 00fa02374ffc66afc33cfae8e2560b949ce1f50e8d9f6a93d22e27a6a22fda0e
DEBUG DBL p->x: 28cf7fe160c3ed63059c3b8bfd2eab9fc5afa666a745a86e25184a0d716ecf85, 021d335f09911825d4848d0085ee6a613c3ef705a109aeeff31330a4dd702488
DEBUG DBL t1 (X^2): 24566301d6eddd712f00d2e6911f23da8c7965ee629b5a4946f0f95e060d634e, 25c0e100e6b3ddf97eecdcd8c070d7b1c4d6a0ee137a1bce83fded7ddc5c2833
DEBUG DBL M: 0c3a8c1fc26658001c61ed46b05abad476695ca856ee79c15c91d3ec612e2f5c, 107a061cf1b859990c260b1d3e4fd65a1f810da7698abe5113b8b04be41a7e0b
DEBUG DBL S: 000a2d3f51fab87fa6af58ca68eb15fa61783b9d66f092db88558178a806770d, 0bdb4825af55d37c339be3d1f44f6fd56f8048b89654dda56c17ed78c122a10b
DEBUG DBL X': 20d106fc309fc1f6d7a1e6cfacc90b2f4db27f68fa40142cc163bdbaeab9a569, 097c49f6c4f9113cdb41eafdaefb0a2b354b18c6ccfb10bbc57e7e79f6992a0f
DEBUG Q->z: 14a97855b5af452c6e7ec949cc439bc1ba02f42581cb1823846841a61d25cdb4, 06f4832fc34a8f418147d4309552d9e497b2efc66b93c0a0e2347b6ba051e4e7
DEBUG yQ: 12b7d8ca838875da785e5da4db6ecac4c4a2be47db4c78fcb18345648d3db6ff, 00fcec2704a84d2d2759d382de4723b30c40f0b313c1199164e1043cf1a968c0
DEBUG DEN: 256fb1950710ebb4f0bcbb49b6dd958989457c8fb698f1f963068ac91a7b6dfe, 01f9d84e09509a5a4eb3a705bc8e47661881e16627823322c9c20879e352d180
DEBUG DEN_INV: 1cba574d1c2769889dfdf2c88be448f7b0d913b77b9af9abeaca35f4ebdbdc96, 28c0f9bf80ba74cdb935607f61acf240431eb26c7c0c95d77ac0e012b2157593
DEBUG LAMBDA: 0f198cd9e19e04916f9b51d6213dc9aefa85b9b99d699930d7181e3b01b2ad88, 0459f8f657ca444d0ec066ef00c49b17deba2c997f6eedfb897cccb2de80cb16
DEBUG DBL p->x: 20d106fc309fc1f6d7a1e6cfacc90b2f4db27f68fa40142cc163bdbaeab9a569, 097c49f6c4f9113cdb41eafdaefb0a2b354b18c6ccfb10bbc57e7e79f6992a0f
DEBUG DBL t1 (X^2): 186cfdd1f2857bbace81d81ed2ff51eb8402412eda545eb11be85726f8624ac2, 2e7a1a9b63cd55649772aefb0e5fc7efc2384e235d2098c8c0d649f6f5c30d8d
DEBUG DBL M: 18e2ab02f65ed306b33542a5f77c9d64f48558fb268b51861798795e10a9e2ff, 2aa5b2ec6904bfda55b78184281ca71417a61547467e353fca41c5b7304f2e19
DEBUG DBL S: 0eda6cad9b830da69f2b8fc58d201894cc0a3cf62c801d106b332c5a3fd90cbb, 06eca3802f8b87ab1aed752bc75862b35d562b8150ccca147f1553ba0fac133a
DEBUG DBL X': 03570f92598a4d58fbbce3ee922a07bd27b3abc89bcea8309eeeb3e4fc05f015, 0bb25a1d44577f6c70489ed2b3f822f8b5369b960ba3cf041f54b567dcbb5465
DEBUG Q->z: 0d3d88e7906c7727f80e86efd993f5df18e83fd286919e220043fe8e6578de98, 2eb7e28cdf52442555b0a69c6f46839be3c6161f21508cae134d1861dde44dca
DEBUG yQ: 05f7b4d302072f15609f64150313425e4c2b1b9664c33c35ccd4458467598773, 025390ee1bb004d995b7dc4206e6738d76e91552203eb74f4601b8eed1ff0908
DEBUG DEN: 0bef69a6040e5e2ac13ec82a062684bc9856372cc986786b99a88b08ceb30ee6, 04a721dc376009b32b6fb8840dcce71aedd22aa4407d6e9e8c0371dda3fe1210
DEBUG DEN_INV: 0ddba54f32a2bd6ffd7e2a7a59efa8809ab856eb72a50102def1c7cf76563da1, 0f4b38fdaa5257847c79f0b231fabb3fe7aab90d624b946213561ff982b0c906
DEBUG LAMBDA: 00177e770c7e21d7dab9e47cd11c489353ea53c758c42106e0b40502a81921d2, 15092c8da7dd6115fe3d40402363d104fbde22aae25c215a54350d4d8b27a653
DEBUG DBL p->x: 03570f92598a4d58fbbce3ee922a07bd27b3abc89bcea8309eeeb3e4fc05f015, 0bb25a1d44577f6c70489ed2b3f822f8b5369b960ba3cf041f54b567dcbb5465
DEBUG DBL t1 (X^2): 2500a47581d318691820204d0cc97b6dfa50c4b6c851340e81733d8a11ccc17e, 2e0cef241fbf2dd2fa903d64f31e6b19a620bb9739f76d34533f6793e17ef6a0
DEBUG DBL M: 0e39507ac31608e7d7bfd57a2359c18ebfef7901881007110c18a070846c49ec, 295e30869cda49257f102cc1d6589091c35f5da2dd02b282817d1e8df382e952
DEBUG DBL S: 0010e9c43a72b3256df812b153cf6d6c4c110f69a4ad26c28ecf7bbdaaf45545, 2ed9153fdc73150f394a1cca0118eefbb4e8ce1e76e7bc4ed9e6a68075a6c26d
DEBUG DBL X': 102ed46dc5c2b4a4b27d8eee670670b73da7888e11f38fc6497d5b1fb6d12c72, 03d0b81421eecaa096b143efb701d7190e9f3e2aaa82b0dc6430271d3887066c
DEBUG Q->z: 1c9fff28b1dbe81d22c0c9cce45d422c327217341336e87f82f7ef674503ccf7, 0ad0ec8930c7b82a3b4ea967b89c620431e3b0b87f6a48689d9f0882a7cbb995
DEBUG yQ: 0708ee698ed5d786399cb08feefb6be6e270ac610b9f121f7a84a8bd4af5cb7e, 12f48aced4b8c871d860a9aacb29753ed878ed1cdf70731f2e024f575f4962a0
DEBUG DEN: 0e11dcd31dabaf0c7339611fddf6d7cdc4e158c2173e243ef509517a95eb96fc, 25e9159da97190e3b0c153559652ea7db0f1da39bee0e63e5c049eaebe92c540
DEBUG DEN_INV: 2889f91a2b2a0a4fe47b7144b8380df5c2b80f32971b81ecdd8eac12ba9316d3, 0e1b9249b0f76b844899d4a7653b5621b2f0c8851b1bf337b176c3b1542202dc
DEBUG LAMBDA: 06d6c7bb087583ca2fc892a354a2321a16018f82ed8a40254ece22d0fe42ee93, 04cbfd05fb1bb16e376714bb7ddb47a889ff68d0a6a5734d1d06464928c9d6ad
DEBUG DBL p->x: 1e9e9f81b61985c91c40fc2dce8f3b9d45622ab815c14817d13c90be516d039a, 02d37b40bcf52cabaa17ed1e4638df65257b873e868648baa7dad3e854e7db32
DEBUG DBL t1 (X^2): 2d4c4c5a64ab609a45500e631bf8d518cc03b23da197c113b5f96cfc2da8e31b, 0dcdd60c54b470b2ef4f2e80527e6ebe69b72e040eb47a29946864a3d7705743
DEBUG DBL M: 271c48296b9ee17b5f4f9fbc50e7ce8f3508419613e3ae20a9ab2ec6d800aec3, 29698224fe1d5218cded8b80f77b4c3b3d258a0c2c1d6e7cbd392deb865105c9
DEBUG DBL S: 14ba3089ce0fb68fb3e89246f0abc7a9ae60d016ea752d3177d6ed5ad3c8b01e, 26a9592ff533564075711eac0423afbe065260c1ae078026882da715cd2b60fe
DEBUG DBL X': 000aa62a89db78a20dba3e3500386643dbb183cd1da6de85697bb28c693092d3, 002be2c807c7985277eb93e5fe62b3fe4d378767bed7b3d326199c570d1bbbd1
DEBUG Q->z: 08a2b9aefc294a6d828c72e4dcf5bcb7da772f94d86bfc516df2d8ce1d2d7d14, 2e003d96bb0a680030fea0a0478160eec8354678c671bb79df8b0f055e5d2c59
DEBUG yQ: 1abe1ac65d382a53ce9e918f7f1b698a1028395769c2023d73a83953c6101f2c, 208ce7b7b299e647aaa14434991b75f3373366fe4233cc7a3b340a36eb483728
DEBUG DEN: 0517e719d93eb47de4ecdd687cb57ab688cf081d6b1239edab2fe690b3a34111, 10b580fc84022c659cf242b2b0b59388d6e5636b1bf5ce673a478856fe137109
DEBUG DEN_INV: 1cb8bb68d2e4b55c0c9fdfa8f99f44bd2e52f090f82abdcb9c197b010a80cc52, 0d051b5c392dcdc8fdf8d2d2461b87ce25b9dcea161cb67abee9dd1cbd163941
DEBUG LAMBDA: 07de53bcc1b93870d5d8f98e8cce1eb67c54b416b8b5238f458463306225b0a4, 1e97f5f5f48ddbb0b3c17230179087be399811e7326cffc93c66e178c318681d
DEBUG DBL p->x: 1c7d41c85bb7c6f9a238fd4a3267c2547c2172f6c8ec26c2e1d9c24c29419625, 13ff52c83176461f7ad047de76a79c485d7adc5e0ad5fc2a2ca69ad68acf95de
DEBUG DBL t1 (X^2): 24cd795205cbf210c6cac89c36457c0b9ef2d6bdeacc4e4998e0bc36e6a2ffca, 04d37478643cf5d2ca3cc22a65e36d27886e555f3f3c7f597877c38884aa2c67
DEBUG DBL M: 0d9fcf104f0095dee3bfce679fcdc367add5af16ef8155c252611c7702ef04d0, 0e7a5d692cb6e1785eb6467f31aa4776994b001dbdb57e0c69674a998dfe8535
DEBUG DBL S: 17dbeb27d8de457b69948fc8ecf4530a064d69c65a3c4a48eb87335bfd95d03f, 2c5aa131c1634f81006ef82af2f9645a24c97ef7ffc035edab7c421964150bee
DEBUG DBL X': 120689119694c3b263df00f9de98614daa64eadca217b0f5c11ee5a7caead71c, 1c255daa9f7fbe8ed5b847b112dc8eab0c47af35a38343d170b1cd9e48311073
DEBUG Q->z: 21779f5cd929186d5fbd46ffc01fae4812eb25f5a8669a4ee84d37008d6d440d, 1e600d37ded2ae22c6758a738373c4733a33e83db469af7fc21242eb314e6440
DEBUG yQ: 1b2a354b45a906fbbff3d187e93e72b5f736a323e66806148b37801ad179d66a, 164c2b7ad0b4d38898723a818de2e68e4c68e721e5324ec3ca58ff7b89c72406
DEBUG DEN: 05f01c23aa206dcdc7975d5950fb8d0e56ebdbb6645e419bda4e741eca76af8d, 2c9856f5a169a71130e475031bc5cd1c98d1ce43ca649d8794b1fef7138e480c
DEBUG DEN_INV: 20738735973b52dc0bcceab14d0063da0cea9854e34f3ec2f2070c70702598fc, 26a4efe3b77f48fdef6dcc4f0cebb47127bfbfb05f0c08058ce4aa2724a2ac6c
DEBUG LAMBDA: 23cb5dcdfe03f6096628b0a8dee1c5273361600cd20d5f4d8a30b56bf54f4ffb, 007699a9ba8e46458d6ac5ef32c50a07dc34c7e79ea5a8a8a04de63693111213
DEBUG DBL p->x: 22c89776d960db3d6e685764cf9b07e70e2a1de1e3c30cbad2f6c35b53a7b4c5, 2de417bd53e60e52e5b5f41972b84fe3451442ed177e5874cd860796385ad2ee
DEBUG DBL t1 (X^2): 050c9d821d7302cc25a915f3c50b3f4577804d4a88991ed2fcf5877033098641, 130dc1d7f73e3814545082e670da0c9d59ddbc456ee3569378eacb08465af73d
DEBUG DBL M: 0f25d8865859086470fb41db4f21bdd06680e7df99cb5c78f6e09650991c92c3, 08c4f7150489081344a142fcd10ccd7a7617ca3ee438392d2e9fd501fa93e870
DEBUG DBL S: 08af08823779d1af643af2422c2714362e922803b195e256a42b582eee70bed1, 2a549a795c1086ee87570149b0cfafede76efd45e96bcf1c7113e2e635aec552
DEBUG DBL X': 01fa5b0d168b8ebd0e1945bbfc5d13d0d9e74f3b23ff0db954cbee41dfb1ea64, 137c110a006a9ed2c5e2f6cb29d4c81d331e4abdf7e5376554b071ff1dd72acf
DEBUG Q->z: 1e169cf6c874cee5b599acfafcb75ae45afd2e495ae744db4f95aa0a7162d634, 16cff1c534db8d0c37251f7af775984085c4fa80137b2ed6cbd5d7c66380d7fa
DEBUG yQ: 265773cdb786f1a496b572f8542da80edbec89a55dbb960dcec4d84279c728b6, 22788fcd31717ef2b7851c7cce4dabed78a49d05a462eef96aa358b6c958217d
DEBUG DEN: 1c4a99288ddc431f751aa03a26d9f7c02057a8b95305618e6169246e1b115425, 148cd12781b15dbbb6b9f3431b19ff7d59c7cf79e054136599262556ba3345b3
DEBUG DEN_INV: 1257c059eaa379ae5a608880fff8fb1cc51fa4e067a08ad4d2be039cc846083b, 1a030045d8810b62873b8475a83f453b2f39da3834da8063de9a1ec94e99a4ba
DEBUG LAMBDA: 11cdc1b34fd0406c012a22ac8556b4074acac54a278a348e308d0674d5bf1a3a, 11a9510efa55a52f76589a52daaeda03d1d78458af53262d9e5e68b24a99c95c
DEBUG DBL p->x: 01fa5b0d168b8ebd0e1945bbfc5d13d0d9e74f3b23ff0db954cbee41dfb1ea64, 137c110a006a9ed2c5e2f6cb29d4c81d331e4abdf7e5376554b071ff1dd72acf
DEBUG DBL t1 (X^2): 29758c01b35e8087547f3c8ee95d63f5a1830292e2420764ea7ca9f5457bd321, 01ad5040177223e51c575d1a41fe00e5d9e3db758d448e1977a91b34058d0449
DEBUG DBL M: 1b98071f57b841428cdd2a3fb9157b25b5863295d5e281144734e5b21f797ed5, 0507f0c046566baf5506174ec5fa02b18dab9260a7cdaa4c66fb519c10a70cdb
DEBUG DBL S: 15822ac7ea69793b1f3bd3577014fb2ad5160dfc1939744f6954844f37099c9d, 1f29d25eca8efe887ab99a85bea040d97d876fd49c6ccd4a01117ea1d4bac857
DEBUG DBL X': 248947ad99d0b3855d2b8abafdd653663ec87a9ec95590c564004aa7d0e7f71d, 12b6eee09c98dd999afeb9f56528ec260a5250e3835d12e87ff91f0fa083da5d
DEBUG Q->z: 05919f40f7ec722f5aba3ffaaf32c8007f14dff0c98cc089996bce7a9cd26948, 04f79095804f2ecee2232b8bb0e3b6206b06a27488b8a8e90cede9bf049344fe
DEBUG yQ: 1c3d66de9c6c681d1bc06c5cc67ac461ac21d92b2ecbed6ba7c73cf0a1b11810, 2d2f3390d35be82852cb0e3ef8dc1d7aeeca951d5d61334fb9fe7575bc5c2d78
DEBUG DEN: 08167f4a57a730107f3093030b743065c0c247c4f526104a136dedca6ae532d9, 29fa18aec5863026ed45d6c77036e2984613bfa952509c1237dc5ed4a03b5da9
DEBUG DEN_INV: 20a6cfd325e4a64e56ab4d04ecf63637a73905797a1e096fc2ce1cec25ee7992, 172edfe5221650ce7fc5865b5237068d5c46378f881967fa9da6ba02ed0a182e
DEBUG LAMBDA: 23e7fde88b6ee8c7c5b9fa5bab9a28cec39be6e6500fd67737477da2a4addf0e, 1d30f6fb9fe19b6f757d8372fca2855846f70404a3de9e0b020671881ad11fc7
DEBUG DBL p->x: 161ae37de800e65d86009dec8c6934a0ce5b9022f09e485214fd64f53be1d140, 093e0dcd74ffc7ec0c550048355282a21c20fc72ef6a74067a11b991032b11c2
DEBUG DBL t1 (X^2): 00ffd17a577ca67505e2d0fa9d2df1ea9ddebda39912ceb4739d8fab75dac9c1, 17ac168d03d72e04b96951572d5fa040f436ae5e1bdea8ba5b2e44b604984a75
DEBUG DBL M: 02ff746f0675f35f11a872efd789d5bfd99c38eacb386c1d5ad8af0261905d43, 169ff5342a53e9e473ebae4f069d88654522a088eb2a2fa1d56a420b354be218
DEBUG DBL S: 1b610d01bddca390c7bed1a3a12fbbf43f87d58c848612241051379bb55d9dc8, 15f6137d9647d58a1a6f102a7c361c0f0ec0196a030e7fcec16c84b4348d9f35
DEBUG DBL X': 02fc29661a89d9367be606bb81ca6100908faa1ad8fa6e61a52d419a5b1367d0, 27879c1b72e095ea2d6ab89e8605b3f44785fc7fe77ca539dee9e393c3ea76bf
DEBUG Q->z: 16457b866d86aac27520d8e372a54067af1e827e9df9f217f7b43613f9a8ca97, 18682162e9abc7e6c4b96c2f42b6cb2f5101cbd85dfcb2d09c6d53758dce3c8b
DEBUG yQ: 1e5d708030d974e5ca0a31964a71314c753c8652e3c9cf0cd77533f73290ccec, 203ab565acb57cdcb06b8362b6cb86212c3db1ea4a886e4ec68ff86a166ca75d
DEBUG DEN: 0c56928d808149a1dbc41d7613610a3b52f7a2145f21d38c72c9dbd78ca49c91, 10111c587839598fa886c10eec15b3e4c0f9f9432c9f121050ff64bd545c5173
DEBUG DEN_INV: 148dd52fed199daabb232df551bbd9e4634c94172a8fbf466914eaa436993547, 0be38efbd29ef28ccd1e2e682b6c4919e7d3cedb00d3bb336fb25014333f3c4c
DEBUG LAMBDA: 0e4c79ce6f36e50759923610a6d4e4f49b8b04f732b3973033d23b3b7f709a7e, 1f1f255e926eb2b8e525015078478ba78b95331b74513b8f11b988fc4b5d95fe
DEBUG DBL p->x: 2597a146549a9b02c56552845e34b0c08c45463e3ae70ac3b8e6dc3a87e686ce, 2bdccc979189e5460b8c86bbba533cf4be6fd6c21010084de6b351f7c845d6ba
DEBUG DBL t1 (X^2): 28a6fdf149dcba0b0654fc4e8202d0615603f1b2e141ada2e4a906c3035fa2ea, 02ca433f278b0f09332e2fd0b044d2ce29c4824342476d76938bb6ed91d53d75
DEBUG DBL M: 192c5cee1b32edcda25e697e8305c068d308fff5d2e173ce35b9fc1b5924ee30, 085ec9bd76a12d1b998a8f7210ce786a7d4d86c9c6d64863baa324c8b57fb85f
DEBUG DBL S: 0c14acfafdffbdaa39960ed79ae5c81344323ea8689f9ac2331b44a883732b1a, 0f6f08f9d21ce461affcc1ab6c3960b1d270ed1815e890b6c2463b38f13dcbe9
DEBUG DBL X': 06d9627907e6296d8a372caf97e649adb6da195b05bb53a5e7982456be99d7fb, 2a3d67981208d32bd3182bd94cc564fb10176cbdefcde1a35dca046c80d3b674
DEBUG Q->z: 1cf1477f23543b4cfb7ff026ad1a36062993c72f001f377a80268c805f3699b9, 1d47b8991eb2697fdeb09be905dd55f8f26f19e31cf27226c7dd505ec0770382
DEBUG yQ: 0860bf88a9110db0fc768a9675f2feec9233f7cb0a115a68b0eb53e88ad65d4f, 1d90f74ef7cbe5b2b07a3a1da60c2ace237011ed42a5e29f9da925a1809b5797
DEBUG DEN: 10c17f1152221b61f8ed152cebe5fdd92467ef961422b4d161d6a7d115acba9e, 0abda02b0e662b3ba8a42e84ca96fd3eaf5eb9491cd9fab1ff31bf2c28b9b1e7
DEBUG DEN_INV: 14049dba56b635e19044e2e86e2027c30887372157bd3fa10485faab463d0aee, 2a7b557b1ce3dc16305c3eb9e030cfd9a908947c39b3443f77193a145f0348e6
DEBUG LAMBDA: 1c357e6ae91f09aa2a4e67ce4d01e9ab4f17509e9a4a70b398779040816c8d5a, 1675ca37566283042f9f33c5bf2a5d872a82894d6744c36abb80e8d75a020215
DEBUG DBL p->x: 1a2b4b9a924a0384a4280c75812a4047544d9da9a2c2d20d0ecc5693c5edab93, 00a9bac861d5fc92607e6ff3f07cb0503ff7b38e279265feb5fe87c6ca6acd7a
DEBUG DBL t1 (X^2): 062ad628ed504d0113364ea5ca236a0415faa15957e00a7f25cd92ba2bbb8e14, 1c382fa57f1ce88787e58b544ccabb0371fc2dba2b266237927da21ded57dc2c
DEBUG DBL M: 1280827ac7f0e70339a2ebf15e6a3e0c41efe40c07a01f7d7168b82e8332aa3c, 2444407d9c25196cdf605c4664ded8acbe731e9d19015c197b585a42ef8a973d
DEBUG DBL S: 0ba072e5ea86709db66981c2beaaafe10f5e9abde8232790c504ef29fc2222ca, 287fc57cf590f0d40c751c5f8917e23c31c55afd4d2eca85ffa99e03b0d8020c
DEBUG DBL X': 26461f8e11e81f70cefac62817927d0dacfa1218dd213694f8eaa6b008b539bb, 116aeda74634002ac0b25b8631f8c6e962343d5c9f25e7a5f6646530c1173312
DEBUG Q->z: 08ee773b7b0c74ac604985ade8588e9ce4047265bd2fbf13de706a6271898647, 0fa2ae78c363cba78ddec61d29efc28ebaae0d9b9fa2dc90817336f00eb4cdba
DEBUG yQ: 1b8ae2b0ef85aaf721ca00b2a845fb9534a4ed204b4d64c99814d0af0290e0bd, 066a2c3916e57a761a6d072b81e1b687ce53a7b44a29e8f15d45088837f63245
DEBUG DEN: 06b176eefdd9b5c48b43bbaecf0a9eccd1c86faf2e28ff05f40915472ca4c433, 0cd458722dcaf4ec34da0e5703c36d0f9ca74f689453d1e2ba8a11106fec648a
DEBUG DEN_INV: 172d17473fdc5e209722931330e36aa8906f07278fff8abc04557c463effacf0, 05010092dc9a223a1f03025f2ce1f41bb8d3c3d5e2592dce1fef573f7c5133a0
DEBUG LAMBDA: 019031e4f6222dc16e27b3934ba06d8cbeb0fd5fb56da910adbd0d3afcef7cec, 2497cd1b21fb5d2e7775ec1a50d8908f0467fec600640f9c4734daa93456aa1e
DEBUG DBL p->x: 26461f8e11e81f70cefac62817927d0dacfa1218dd213694f8eaa6b008b539bb, 116aeda74634002ac0b25b8631f8c6e962343d5c9f25e7a5f6646530c1173312
DEBUG DBL t1 (X^2): 169a1acc6ba0e65bfceb95e4319dc81a3f855954d961a97bf8427e932a3be9b3, 1254fb593f49e4183304c07e832dce638359f84fe6b70a3438b8e450fe84af2b
DEBUG DBL M: 136a01f261b112ea3e727bf61357fff1270ea16d23b331e6aca6efa2a636bfd2, 069aa398dcac0c1ee0bdfbc5080812ccf28c7e5e4bb3540f6e0a20dc2311103a
DEBUG DBL S: 19d6fb5c789f34860b635d0c42d8f4c3dcd9d9c10744e4fb938e1c2563e4f7d4, 0859a957cc06c5df6f394aba0a4504ecf6d978229927784e3267ca6fbf2610b9
DEBUG DBL X': 20d448882ffd4ee32fec2f62cbf8bd696fd62d1f4e16f9c0a2f1f74cfcee7d47, 0030bd1398c8fe2c15ccd003a8f18f71f58f8af451686267a37128f256c149e5
DEBUG Q->z: 1d97e79fe831ea0e0841655b5bcd3ed909661cc363d7134cc995d76d4ea3a015, 0e22511a4cc3d6149eb13a11970cea9370e4f8dd56e38a27d1468087e4455138
DEBUG yQ: 0f081f5ad8017c759dc3695cef162bfca216b4f0ef3fda793b3f1f3bcde1328a, 2dbab7f4d2d7890cdd59ac7d0ea262b12ebdb38662c721d63e7b7848bc625acd
DEBUG DEN: 1e103eb5b002f8eb3b86d2b9de2c57f9442d69e1de7fb4f2767e3e779bc26514, 2b112176c47d71f0026313439bc36d04c5f9fc7b5d1c791f40d6647aa047b853
DEBUG DEN_INV: 0c15ab818ef36980e34da578b55325ae1db42a3c03018069606c6c0258ef2d74, 2f5d4a309193d7d09a80c3e2bf52d502b3928dd2fae90be6981b0d08635d1d5b
DEBUG LAMBDA: 15a810d890f33d1985d03e13f244de8f6e82cef14433196a956a2ddf89b3040e, 0b5babbf4306e6177bcfd811f544272dd47c4439939e60520695784cbeddbfdb
DEBUG DBL p->x: 2d00423e5f9bc0ace69149c1609796410291d5ef04b3cff01da06d8dbaa7f27d, 20c85e0c1f3d4d388b8b4bc73a73e134a0ef614a9baa15b439a067098791192b
DEBUG DBL t1 (X^2): 0d2e3bd6af39eeb871ab72d39508218d432c6042c40c2ced067a3dfe2f4fdeae, 24920fa93b72900665174af9b368bdefe8a1118e9908562d1159a2d8fd8f7c52
DEBUG DBL M: 278ab3840dadcc295502587abf1864a7c98520c84c2486c7136eb9fa8def9c0a, 0ced9215eff46fbfbea55580173789148ae05f88fa356d6cbbcbd05d47b47a68
DEBUG DBL S: 2e0508a85a739b211391484bf0f1078793eaafe77cf13190fb41ba9c34f3b52f, 2da8bbef5fb1dfe470cecb97eb9fdd9876df53860847c8e80db580acf6127e42
DEBUG DBL X': 1e440d417062ca751642264ba822c30acef0662d9dabc9adac92c8094c464b35, 02e6c655f7f4b0c08ccb0aa9077508f1564fdb7b5f419190e156ee453b39ada2
DEBUG Q->z: 12a595a0f61e366101ba03ee9758dac3fbf024162a3f3df121a506b0e64f3329, 215e0d7c687bcaaac768503e044ddab174ef2a9282fb21531ac0c86f485b95a1
DEBUG yQ: 17f57f6106e0e2cb5b833627f687e6eae50faba07c121f9f2423591240865440, 23122cbd02541b1b8c3fb57616adc468d5e89a5760a54619f17504ba0a58d3ce
DEBUG DEN: 2feafec20dc1c596b7066c4fed0fcdd5ca1f5740f8243f3e4846b224810ca880, 15c00b072376960d602f2535abda3074144fca1d58d8c1a6a6c97d5d3c34aa55
DEBUG DEN_INV: 1d46d28ed36861a4cac93640aa126723c7b8d41bb4fcd87063df407e104b1e05, 13d0a038709ba5861e7ac3238ccb72ae82fdf4adfbae8cec4e249533b4220835
DEBUG LAMBDA: 2bbca8ecca57b96d4d0e18d8960efa39ffaab8c364590853c97bc708266b533e, 21ddd73e0a3bec352eea0310e93257b6f8804933fc14bf74377bbff4622a04b1
DEBUG DBL p->x: 1e440d417062ca751642264ba822c30acef0662d9dabc9adac92c8094c464b35, 02e6c655f7f4b0c08ccb0aa9077508f1564fdb7b5f419190e156ee453b39ada2
DEBUG DBL t1 (X^2): 2d7c519853795d1a5e98d9cd92a84a6410478ce0ba38a137b9e3411ac539f172, 1637aa3dcd23ef8cd17ce6adbdb2cda9fc3c456d9ea0b7214f1e473a652823c0
DEBUG DBL M: 27ac57e33808d6fbab2a01fbb4f62e7101d3d17f5dc64e8cb568ab229eb3d9c8, 1242b046863a2e7cbc266e52b79710a05d3365b773705ad6b13a499856fb6df9
DEBUG DBL S: 258fc6f0aba8513b14fe5a4167b77a250d36adc50b3a35cfa93173348603d593, 1fba6ee3b5cc58a8de4430f52ed0bbebe4e95db44f5e271e3a5da6d72857ad4c
DEBUG DBL X': 035405b10efd8146ab5c75577f8c876294a29d5b64f5d762664e968c93e426a1, 1733df2fa8f594f2d5551d9899d63bf1da5debd58ce44893ae3de8f4648fd2a0
DEBUG Q->z: 18920e9149d441ea9ec76c3ae5c7a8ddc53338b7de43e266ed01efa671a30090, 10ad62deaf0cd08183e6625ba2fe0d08076bba446cc4eaa200a5a5c86005a94d
DEBUG yQ: 2cfcc01c9c712970b95d2399f3e3f97821b9c0badac68281249a6fdad8488995, 1cb8c6a09f81d0eaa147a7b4a27f9070a6e5b6ab8b42856dba5cd1b3484976c4
DEBUG DEN: 299531c657b0b2b7ba6a017d66469a92abf216e44d1b3a750d14539ed81415e3, 090d3ece5dd201ab8a3f09b2c37dc883b64a02c5ae13404e3899174fb815f041
DEBUG DEN_INV: 0064180e102ca0a1ba7a7df172891c8f777fd0ce8e43a418ae8bae58911d79f7, 196797b84ea453a8348f672d7b0d3d47608b86af2a3ce405c0ec79336b6ecdd6
DEBUG LAMBDA: 0ff44209b5ba1110f09015ef8296e7a934107e6c29e306a393581248221acbda, 025c2ceb84ace7d79ff2b718e0b015f68b27632b92d228fc788dd1a5d9289b11
DEBUG DBL p->x: 2bfc5ff73369159d357fa74dbb8e152dfad027e5dc9a3b3ca9f59efc75be14b6, 0f3eb84cd8687ab47dffc1ae434972b38b054ff12f9d2656935ce6d180a3d945
DEBUG DBL t1 (X^2): 2aa25460236154519d81ec93bc83a8452e907e3eb407caa347e8ebee5a53c8a0, 302cfdd34559495f7dc102755d8d2bd90c7fee96b76a847fb7bd502589c61722
DEBUG DBL M: 1f1e603aa7c0bca167e53a4e328848145caea5994b33cacf5f79ab9d5e015f52, 2fbe5c940da89bcb08a27bf315a4d2cff67cf6a1555bf864aef6d842ec584ad8
DEBUG DBL S: 1ee9db466d2cc3b30723f3beb4e8b13fac292e063528bf4a207b5a1d27663839, 077462c1211897f7d7866e645e49da63fce4c6cf97d4bf1df210b4400018c6c0
DEBUG DBL X': 2c731b51681c17eb189dae7ca426f7f615a2defa317334cec4d02a0fc795563f, 21c02a050832b60f3e978c9ba994d6066feaa34108622a60d9d8a0aa31f590e3
DEBUG Q->z: 07b7f6dbbe6f4c417261525296d9ee2b35cce5a834f6cee15bcd08d90d8a3b13, 21902b6fcbde18c0f7d706d9beb229668b6ce17a29db2fb9361107a0be095b0a
DEBUG yQ: 2e5bd57c9c4c938d4d66034db270e60d7ed7d8d7d01ad7143c331c169247552e, 0bfc78e5c3cf18c11128238303694a3d84096a6fe15103daebd9041b17033e7d
DEBUG DEN: 2c535c86576786f0e27bc0e4e36073bd662e471e37c3e39b3c45ac164c11ad15, 17f8f1cb879e31822250470606d2947b0812d4dfc2a207b5d7b208362e067cfa
DEBUG DEN_INV: 1f5dd1d298ce84fb4b275ef7e6d13d835616f741a9f2d8350a96419064173258, 016611c334bcb2d0d27d9317846725ab66afd01337f713a7361c1562cb177fa1
DEBUG LAMBDA: 0ce8605e2144267c102c6454fe2c111907238c2c0c5211a918f4cb537c4ced9e, 2cc3926ff986193b5293629b6f9239bdc5fe4ee732c35bcac0c13b131626d622
DEBUG DBL p->x: 2c731b51681c17eb189dae7ca426f7f615a2defa317334cec4d02a0fc795563f, 21c02a050832b60f3e978c9ba994d6066feaa34108622a60d9d8a0aa31f590e3
DEBUG DBL t1 (X^2): 29cec4b9f184a96a27e3cadbfb1aa7fbeec9bb86290dcb8c69c9e28b2e7a5f48, 11439593c1615d98e552fb7d53dde305e42b47e6b3087ac76f6ca33aedbe3a8c
DEBUG DBL M: 1ca3b148122abbeb070ad526ee4d47389d5a5d6faa45cd8ac51c8f73da75234a, 0366724862f278a0f7a8acc17a1850b415006d22b0a7a5c912255d99f0bdb25d
DEBUG DBL S: 0e0ea65a5f81c846a130e513d3e382a90fdfd4a2835f8fd6418522d14de52dfb, 26a3d64cdf417f86c9e7de2854acb8b4fc490cde1ed4088f02d8ca2ebb653ded
DEBUG DBL X': 2994cc55633be4a42ce2c85d1050c5b4429d6dd23c119d87da0f7ab7bf29afb8, 16cc52846e904595d1625b84c122ad02b20e31aaf49cb98255681cd8b8f79107
DEBUG Q->z: 1b7d0d33b8c8e2b2a0d544bf555894164c19f50d570d982eadb45f07b8970ab5, 2252b01b478bd05e157542b0f4dc4897666b85f19693ccd10a49aa70369d8f23
DEBUG yQ: 218773ae00d89b916cb57fd5f7b3019852fd410e37449e957e0c3ee306235899, 1d60f0138d6a042de12ef810f84856fd9baafe4545cbcf5dec3b12a9486e4404
DEBUG DEN: 12aa98e9207f96f9211ab9f56de4aad30e79178b0617729dbff7f1af33c9b3eb, 0a5d91b439a268320a0daa6b6f0f559d9fd491f92325d42e9c55993bb85f8ac1
DEBUG DEN_INV: 20ce54f941d86c4ffdc001669c10ad7dc436535553ac9175ac2744b549efe085, 14b0cb694dd97df9960a28730cd625fd2ef7c9a2f6337828bb5bbaecb31d84d6
DEBUG LAMBDA: 180b1607e52be1a195330661040b4705b7900a4d1a3eef1117d1fee21f7a03b8, 25435146a407f31f77e6381dcf66d7478411e32d678a81b80114f9c99d50c16a
DEBUG DBL p->x: 2994cc55633be4a42ce2c85d1050c5b4429d6dd23c119d87da0f7ab7bf29afb8, 16cc52846e904595d1625b84c122ad02b20e31aaf49cb98255681cd8b8f79107
DEBUG DBL t1 (X^2): 0dfa5a945d5e9ac4c9c3433b6216d22e30eb74c5b923838b326550b41f68d3f4, 16257738dbc0859b7264f7b614d75414f92af7c9c0ee1b49432cac0a4ff6a301
DEBUG DBL M: 29ef0fbd181bd04e5d49c9b22644768a92c25e512b6a8aa1972ff21c5e3a7bdc, 120c1737b20ff0a89edea16bbd04a3e153ff7ccbda58874e8d6578081766ebbc
DEBUG DBL S: 026eebdfee7d858f21a577e44247076cc2344804f1d1b32f5272aa660337a24e, 1e456254236a933da2b741a8901d18d064adee1ce66fd754aab5c97d7f11051d
DEBUG DBL X': 2c625b18462f6ffb83c1a395df9fcc81e04b076c0bf5edd5680b1d793212c7fa, 06151ab76a3519ce4d7fd57d011e926dc577b6b745433602f474f2adaebbe731
DEBUG MILLER RES: 10767f2b87674c282249dad145e82dce0569a6cc1d84140bf816d6bbee0de43b 0e14d54480939bd74dc8d55e18711475bd3cba31af99fcc6119a7de825831755 05b3aeeaf7e6d0b6e1f843a2de59d7a55d018a2570efe19d7cbdf80eb7ea1bac 1e8c412e295302c17dd0e5871ce18fb5959228d214b35ed9ae379e99fb89be3e 203d487ff459138ed31e023085a6b608c64898328d800f58771b50c404a041ac 303a79c9c074f41e7dabdcac37f54d90ce68d0014b032e6d57ec7e7ed5e5fe6b 205913e82c3a65664dbedb8732ca11ecc74e117d0452812032b62a1076e612eb 03ab2ca04566a2f93feb3ac0703065e1741344269c341e57729754f09acdb813 0eea6a97e94a0254dd6c4ccaede52ab4fc40e5ec94e697ce28a23dbf0b84198a 03cba5fec673b73deaf78918dcf87cb733d8898fdba16e099f4d340d89221dac 0e0d71f3e5fb6359a15d7d36e839aaced9116b7fb92e9cf9bbd81d0bcb1c1c03 0bba2457b20c666dd7aeb7b2c127b01dda4ec59455f5cef67e1480c3ac363d09 
DEBUG Q->z: 0000000000000000000000000000000000000000000000000000000000000001, 0000000000000000000000000000000000000000000000000000000000000000
DEBUG yQ: 192bd3274441670227b4f69a44005b8711266e474227c6439ca25ca8e1ec1fc2, 01909cd7827e0278e6b60843a4abc7b111d7f8b2725cd5902a6b20da7a2938fb
DEBUG DEN: 01f357dba7512dda9719a77e067f5eb08acb71fd1bddc1f9fd242d3aeb5b423d, 032139af04fc04f1cd6c108749578f6223aff164e4b9ab2054d641b4f45271f6
DEBUG DEN_INV: 2357d155110d6779959a8f6aa11b833bdb89bad068418b80728089780294aa31, 14ac2e8dc6b8d4e2c5ed3a4778526e32760219e06beecb0defe6d3ceb28bad42
DEBUG LAMBDA: 28740d492632c38f3bd3c90ac14dcf48e9204889ebb29cf5e488422959450431, 190baaa9a658afd407cfe4c67f9e2c6ca2c26b173f96bb87e9166a1c10062d63
DEBUG DBL p->x: 03ff41f4ba0c37fe2caf27354d28e4b8f83d3b76777a63b327d736bffb0122ed, 1cc7cb8de715675f21f01ecc9b46d236e0865e0cc020024521998269845f74e6
DEBUG DBL t1 (X^2): 2e05f14efcb1ca81d4fd3e638e28297fa2c96a3ab4bcb4505073698cd85a7258, 10bc9b962703233b3693ac333c1f339e863cdaea454304749aa15fe203dad320
DEBUG DBL M: 2949370733b21f320e572fbda775cbc3b959698d4d5287d679192478d8155c7a, 01d1844f93d7c987eb6abee332dc427dfb35262d675742d093c3938f33137c19
DEBUG DBL S: 013795fd2ee0a4566baa75cd37877c4bf7a564c2755bd42eee1cf7ad6f4bc49d, 199917e5faa4f56f3fa4c41bc46c1a60bd87ced052783b2d1d9c24cdbe7cc199
DEBUG DBL X': 2b9a7ff8a75a1955be53fc3614fc87b76b266b0c66b4ff3ac1538fb472dd4b3c, 141898908ab455ca91f3ef5e054da03a49eeb03eae6304d3560336a04339255a
DEBUG Q->z: 22386dcd2de172c71633c45121947a6c0f3a6dd3687b81cdf7bc68c7c2ba04b9, 2a43605e584b7d0147c1bc97a546a5ac264b7940428ebd00aaf9a7d1769ee15f
DEBUG yQ: 2431ff07bfb79616158a6ebff5de0df6b58b0e84989dd6f757ad6d781b5080b4, 303b17d049c2623e8e4ce0937b45faf52f52ce71ae20271e646b43d61f326f43
DEBUG DEN: 17ffaf9c9e3d8c0272c497c96a3ac38fd394b277c8c9e361733a4ed95e240421, 3011e12db253245364497b70750a9d8cc7243251f3ce83af8cb5fb9565e7e13f
DEBUG DEN_INV: 236f2044e6dc9f2debdf06f834809b82cb4bc3a570dbfb1abe780f83117a0c6c, 210c28bed311f853c9902b147a7393e6c3c69a1be7dd33e8371ea60793d05eef
DEBUG LAMBDA: 1c150aadc94d849641d1f88d34ea8cdce3e2b4bc71d1a347c158bc413e1977c4, 110dcc7f88722f9bbc804586f9d75350917563e8ac76efb69480c502104582c0
DEBUG DBL p->x: 10f01f49a24f9f075dec8a8a48a8b1426841c1c5f7c282c519d253f95f44a1f1, 0f083826900640dfd300e6f218d2dfbf9d176429f08c6e97fb27578871783a32
DEBUG DBL t1 (X^2): 276aa26cdfc01d83dc695c51e6c8a9b6a8b312b21406566e84d1f970ad5054ec, 1f3c37a7603359811caf9849f6e8b916af324757d25a457bd16e6fa5a67d26df
DEBUG DBL M: 15774a60dcdd1838249b8988b1574c68cb1662f36b2f6e311634d42456f70436, 2d5058833f686c599dbe83276338d2e676156b760e9d05e6382ac2da1afa7756
DEBUG DBL S: 1f525e90daa754176a0719ce4ecac4b785382f5f9ce417aa0fba2f85a86f1a25, 1f93db65584a0521cf9e9d9cef17fe8733a634aa8084c28c4756bdba733d8de1
DEBUG DBL X': 0772d3a0821819b09bcefff25cd3e2a9635034fe392f356a2261a11f86b96b84, 2056cecb2deffb047a3700a90958349f20aec185f1e94af887b86541f3fe21a3
DEBUG Q->z: 07b3cf6dd14be00764695fb83a08377c96e59feca61b79ec9b5818759c8085af, 2ea08155f6b72790b5c948cdcb8daf187f278bdb0fce4468ef7bdbe52745ea2f
DEBUG yQ: 07af74440793a9197b67c6886434964dc545803c538dc3a2fdb8a390562b25f8, 1e22f12b546d24c92e2a4fb5018f0539ce16e6c8261a08a2c5ecb5e69ff9a416
DEBUG DEN: 0f5ee8880f275232f6cf8d10c8692c9b8a8b0078a71b8745fb714720ac564bf0, 0be193e3c7a8a968a40459b3819cb21604ac62fee3c246b84fb8dfb667764ae5
DEBUG DEN_INV: 24ddeb829124ddc8a4177232721830b71cd651e683c6843b00b6409b461c6e3c, 01a5dfb32233ed9ad1a61af14ed288434648930e4fa7313722421725ca9869fd
DEBUG LAMBDA: 0ccc300aeff2486a5771873ab176b99aaf4f667a72de534f890c6a10d98358b6, 26314433b251067c076e4c2621a4443e4151196572998b9f0e0faccd2ef6fea4
DEBUG DBL p->x: 0772d3a0821819b09bcefff25cd3e2a9635034fe392f356a2261a11f86b96b84, 2056cecb2deffb047a3700a90958349f20aec185f1e94af887b86541f3fe21a3
DEBUG DBL t1 (X^2): 162651389cc2263b88a362c5aeb673d1c73d2b18d0785827e7552cc90928d1f5, 0b4c07aafbd0fb736fa1f6898d9630f86862449d858cf2d14a889a5ce171dcc2
DEBUG DBL M: 120ea536f514d288e199e29a8aa20317be3616b908f73dea79defa4442fd7898, 21e41700f372f25a4ee5e39ca8c292e93926cdd890a6d873df99cf16a4559646
DEBUG DBL S: 258252b2efa20e91e3bedd9b8c597bcc264d32f0de6ff19141824d0175827814, 2a033278ea4f754128f1bdefa83ef07b412f136ccc947e1e9645d6fc2dd3bc45
DEBUG DBL X': 153fbb4b02e415641838730eb97d6e50c185121beafb8a304e8a7542645fd2ab, 081f0867377f12d551bdb1ec00a97fdfb0619b456ccc72a65af33cc96dee1543
DEBUG Q->z: 02ce0d071777f465a11cad5ce8c6ed62f0b82f22478e7f73a73031d365d63b2e, 1382fbfb230f8cace9caad4ca132ff0d08027ec31d5c72bd79e9cfb5956b156d
DEBUG yQ: 0c01e4ffeaa5483a08cb3996c60ab6a9cc43113c8a4550c48967227a422bf371, 2f779ae672e18fb7c90ee0922282d391c04f36831eb577d86e99859642b7593b
DEBUG DEN: 1803c9ffd54a90741196732d8c156d5398862279148aa18912ce44f48457e6e2, 2e8ae75a04917f45d9cd7b6dc3844ec5e91d0274d4f92523a1127f15acf1b52f
DEBUG DEN_INV: 00707056a624024ba99517b99b4f723ba1fc74e9a7e67166b14a4c41929593d6, 0936c6f7b5c1a642b652ad2823c888bfac8ec1ad90a6c52a07bb9734eb669577
DEBUG LAMBDA: 0275ec73deee034c89828f31038dc9ee94d686d3805b07d144e14b936e822647, 1e93e14cd3d37ad248775a012a3256e0b513e0931c09adf33e3138334576e1ff
DEBUG DBL p->x: 153fbb4b02e415641838730eb97d6e50c185121beafb8a304e8a7542645fd2ab, 081f0867377f12d551bdb1ec00a97fdfb0619b456ccc72a65af33cc96dee1543
DEBUG DBL t1 (X^2): 1d8cbfcdd9bc50e7edb9cf564c5e3a1732523d9ea6ca48ca1129cbfdb7fce9c4, 1b9fd9ba7dd1abfbba30160b290c2b6c00304505eaff04797d796039c8004197
DEBUG DBL M: 2841f0f6ac03528e10dd284c639955e7ff754e4a8bed0fd0f75cd7e24f79c005, 227b3ebc984363c9763ffc6af9a329e6690f6480588b42df3c4b94967f83c77e
DEBUG DBL S: 1709ee3d5c12374796f34b889baeabce2cc02a5c4e1c585d6c18c6b53f452f41, 2223664422c26fab8882c285f7c32308995e1543ad264f7fed93ae3a0b10c412
DEBUG DBL X': 21dedad4962e6e38aef0146e80d0adfe894300ce420bfdaabc897d2aa771a75a, 300b14be452e6419a5201350dc05c9005cab2e7c5984f737fa2d3410cd72fad6
DEBUG Q->z: 11b857b7572f1adf957b9cf5ca6a3fa3989d947e1c19ce62649102d7e6b98fb9, 085ff285f201dd3b0e808b17fbbe581ec935907c08b02e35d646ecd6dde0ac80
DEBUG yQ: 1372c0b5dace3638cd1b7abfb56a32f0630bd37298868330b71909ba19dd3cce, 0413241f6b09802d40cd61f49bc3b166cb551fbda7713b7902d475c92065b591
DEBUG DEN: 26e5816bb59c6c719a36f57f6ad465e0c617a6e5310d06616e32137433ba799c, 0826483ed613005a819ac3e9378762cd96aa3f7b4ee276f205a8eb9240cb6b22
DEBUG DEN_INV: 26ebf3c587daee812901375c1742c8a165fd1f00c54bd538143a44ec85ffa084, 069076c95af26c4ee7e74f14034ea8b1d8dc2f2b3e21d76392b478b213d936ae
DEBUG LAMBDA: 1f6e6297d584ef19c62537949a3b676660a18cd214b71df556e98c47f7a99099, 09219fe79a2a7c96defd85b875b98fa7175b3426e07536afe7ffe1ccb0509dbb
DEBUG DBL p->x: 0405c30b7f2dd782d15c44602a1dc540e00d9766e292e524764957c581ef0431, 1551235feab14b04aa2dac1fb86e8c57eaa53da9cb1437afd1e07002b59d923b
DEBUG DBL t1 (X^2): 02a8f98e8d8927bb87d7234c8019000cd54a9c546b2249640e2be9da362249f2, 2c0a5b1a32a54f68d264e6a4a06802ef30e54183b4436856e29349ace9cf04f1
DEBUG DBL M: 07faecaba89b7732978569e5804b00267fdfd4fd4166dc2c2a83bd8ea266ddd6, 23567468d58cade7068e2880de35581263acef684be6a3ea2f78c4d90c731445
DEBUG DBL S: 22a3154a48519e96de857725fced6b271b12ebc552817a6056b16b27dc20dddc, 229be59699152dbc456f0e2a788c29b67f3dd390a879bd74966173c8fc3c8551
DEBUG DBL X': 2f38c9dc6629412ed27c03ab03e2431a69f627b442eb954578a7f499a70924e4, 206dbd986f0b705b33de214a9ab75e36174e909611fe9bf354e538354b3fa9b6
DEBUG Q->z: 21a9d6e2565cb4cd38f3d05008cdff7ee83d5ec34583dfc7788c75f7ff15b9d1, 1ed1b2c8112e1bd3a46fd2f7111445e3c9423c05acbd74bcb2e59081a5734c9e
DEBUG yQ: 074e7532a32a035c3b2a9fd83613189ff48b6543cba3eb17952812214daf3d72, 2e083a57415d787644fb6a343422a5a3ae0f5c59e447b92d658f3085e3e37dde
DEBUG DEN: 0e9cea65465406b876553fb06c26313fe916ca879747d62f2a5024429b5e7ae4, 2bac263ba18950c2d1a68eb1e6c3f2e9c49d4e22601da7cd8efdd4f4ef49fe75
DEBUG DEN_INV: 05b69c3ef799c222d14ce73d20a067a6b9c5d2e5a086baa529a8b8cfad7bca33, 2d2abd7d3774b25eff0e6f8c529cc07e4031b7b6705758829197df88c1e02c4a
DEBUG LAMBDA: 26336971db50f9065cbaa8ea8c9cf371907da55352da5544df9f471733cc469f, 1355e52cfdcbce53e1fc0e2118619be1e5145823381caf7a16c1e19961b23034
DEBUG DBL p->x: 2184cf9d92df5c991cec8f5e18b48b315230cf65b55d4186a33bb6aeb894a525, 2226ba5c8f7a7c48bb4a6e5049226c6eabd3ea1acdf708cfe2b9c0ff2eb95394
DEBUG DBL t1 (X^2): 2ec5cf3f817adfb220a527d9f18bec749ec7124cf4529a09971f090ba318c3cc, 0fbc69364206b900e8cad4683fbd657994d7dcffa53777394639a75efaa463f4
DEBUG DBL M: 2b88d0d8c20d5ec2f14eec20d1a114a2ad5261c40c1439024d1c02f5385050d6, 2f353ba2c6142b02ba607d38bf38306cbe8796feefa665abd2acf61cefed2bdc
DEBUG DBL S: 062b9169b8ab9bf0c6f549080c706c960b01433c0a717e9041fff7e45c2e6704, 24b69e4ae6082308951e19cbf99c8c9b24df73c205d436d821918b2e75bcebe7
DEBUG DBL X': 29b4a8f2c3fb8c13e0b30ecadc044b98b315adfb6cfa674979266305dcaf557c, 02f2b0a3100d4c29eaa1ef324a16656d953e43804f4e22bbe13d70fc083ba9ce
DEBUG Q->z: 2e5b685216807db07b57ce1e1b33a673a5a5a3892688fcfce5112febf626b659, 2b7531a1b1ab63c717c4bf24eb860aabefdf69edf567b3efe43c62d18ad5c1b9
DEBUG yQ: 2a87d477cfc33a09e4cd330586dc6c33cdee99b58a1469832ca5d1f267080d44, 17f8cc0cd7a2ac8c2a6924d6cc452ccd4e4ddfad8469cb3ee4842eb39a954a1a
DEBUG DEN: 24ab5a7cbe54d3ea114a20548c37800a045bc8d9abb708791d2b17cdf5931d41, 2ff19819af45591854d249ad988a599a9c9bbf5b08d3967dc9085d67352a9434
DEBUG DEN_INV: 024cb907f3b992d5e33ad5ead4956240ad7f451463aefe2716048e11d50a49d6, 2902c0421477fa1c76f5558fd211b723894c2a08feac962f287f28d450af8b24
DEBUG LAMBDA: 03f4cef44b7c913f53032d2263dfaf6b10c9396300282e1deda4333c5135ef3c, 1833cf92ce6c4f99a617891f49ec1524cb1146ea7d95e4899f6537c620addf20
DEBUG DBL p->x: 0b23f503bab69881c169193ebcc017bf95f61c622723932c8c63270b8e4425e4, 1a3c076eeea9d887499d73400d2e54f8e8409e04f2f6df2c396df3797a15804a
DEBUG DBL t1 (X^2): 0b3c0954f6767b6322d7551761e757cdb91c0d493217498d3291ad7ed3bba625, 099fd7b6a3a2d285b77474a27e1e8336374b53aef20193c096908b665fd0ca1b
DEBUG DBL M: 21b41bfee36372296885ff4625b607692b5427db9645dca797b5087c7b32f26f, 1cdf8723eae87791265d5de77a5b89a2a5e1fb0cd604bb41c3b1a2331f725e51
DEBUG DBL S: 03e9a7858aa57baf1ee97106ac6fb8edb98980a82fcf7dbc2dc001359e98af0e, 0e8efab4099b9102896dd88e37f141ffe5d81d067eeffef688fcfa52194a17da
DEBUG DBL X': 1cc6607b5426ffe99bd0643c16b914855f0ea61de207cd1d88421b0976c9be31, 172d7d024971d3d9d4846cb921bbdf4c5c1206ecd06512763cf984b8a9d0a372
DEBUG Q->z: 0b88d61750af354f7178ebdd573010a0134378df494df8a4d30dd8b6fd4f0d40, 032f39f535882fb13ca6dc1a87af09c1b6d7650759205d04e9f7d2d17fcf3a8d
DEBUG yQ: 26fd4a511a115b4f3d0197bd38f024326688b1b573142a66a9756e61b99a6a0b, 2119608889d4a5b85f21d5b6a1821d90727b7b7b6eca9d4f4920c0b51816b93f
DEBUG DEN: 1d96462f52f11674c1b2e9c3f05ef007358ff8d97db68a4016ca50ac9ab7d6cf, 11ce729e3277ab4705f365b6c182e2c34d758c65752370115620f55357b07537
DEBUG DEN_INV: 0d8e2aba70c44e15f480f61c57cd5a7d18c9f6421d72ad5d5f935ea9b3fadbc6, 07df6b7c147f77f4bd637912a4244c915312fb7bcbe468e736086272525aec3a
DEBUG LAMBDA: 1eeb9611c0351fdf1ae6ede1350e0e1f64967bca70735dd502784e0c59a32c57, 024737aae30ffd179c9a3877673abbac7ffd803423bc7301ccec29514460fde1
DEBUG DBL p->x: 1cc6607b5426ffe99bd0643c16b914855f0ea61de207cd1d88421b0976c9be31, 172d7d024971d3d9d4846cb921bbdf4c5c1206ecd06512763cf984b8a9d0a372
DEBUG DBL t1 (X^2): 270bb04af155ea665f02d6d0cacefac4936b96ca3126b86067a99484e28c0980, 0b394476e3a2337d5c50d9d3ca225104e23c927ea893ddfe220125b61227fe86
DEBUG DBL M: 145a73fb119e7edfac67f9055d6a3f928b3fef3bc2909406bebba560f6aa21f2, 21abcd64aae69a7814f28d7b5e66f30ea6b5b77bf9bb99fa660371223677fb92
DEBUG DBL S: 11687699135e8102ffe3243b1786763d8037d992711db01ef442df61b6f7a3e8, 2b8523175e1796adbb63e2cdefa01474d4ef6d14e7472b934ca69305d895acc8
DEBUG DBL X': 2dc01869f9496580a5a2f450bff5fed909ce5d159a42245f0a12eb3b99d32fbb, 1e1a4f9d32bca85c805bc849e6c0fdf8503beca87bd87e630f1d1b70596f0ad5
DEBUG Q->z: 0f5009f6508128a6c10004145ec94abc0d5bbed6d9a17670b42ae4937a9ed746, 16d52269d0deedd8478f3c5c98726d8d07b9d7c833e574dbdb523c0e4402b19e
DEBUG yQ: 0b72a08d85b7904311f28a28bb0fdbb9cd08d72964cfe7e30a38c0fb4662cbe9, 0916b01de9c1e9f765952d20e1c9b848ccd451eba5d6df78b364cc886877a663
DEBUG DEN: 16e5411b0b6f208623e51451761fb7739a11ae52c99fcfc6147181f68cc597d2, 122d603bd383d3eecb2a5a41c393709199a8a3d74badbef166c99910d0ef4cc6
DEBUG DEN_INV: 00d94722156092fed7de8284eb02645eb939d0a97e422bf0269158330743d17a, 2d9d5f1ac22a2050c7d8e78cfb544ff95b691542ec0df82975c2d806d89419a4
DEBUG LAMBDA: 2d91d307de1e58610e5ffe868945952fc8379e5cd13c383cfdc3a8defa49a959, 046e6ed7d77321f7a6181389759b12c16933a7b9bb3bd749cc417b16d0e8413e
DEBUG DBL p->x: 06bc71cd6bab8c86e2eaa26b9d367291fb402bee68a76fe27c7b96e1beb685fc, 097d73151cd90a6cb3abec70516fdbb1c7cab754be1e7b0d98c8fb83f888621a
DEBUG DBL t1 (X^2): 2cb36c67ab4486bcc72404f5bc138f771e018f20f6ebf05b3dfac28fe0f14520, 14a2c945b6b650e142b1a0c03f96d020180a015c37ad5fee1d6903ccce19c2aa
DEBUG DBL M: 2551a8513f6a53e2e4cb83743137fdaa2b01d84013e03bf741af2f81f1d9d4d2, 0d840d5e42f1527a0fc49c8a3d431802b09c99833e96553d1c1a7f4f91d04ab7
DEBUG DBL S: 202d666a4ae5fcf5ee11b09b3a01e38b997902dfa2562568459a82da66969e9a, 28184e887d94d8443d34a4d7d69ba742ae48fbda4ae165e222c46b2d36ee39f3
DEBUG DBL X': 08bbc4196ca07f10ebfce69a2477eb1852cee5ef80f0e7d31265af556c4e24fd, 1fffa82e9b9e5920ea9cd1cb021f187cbb8e2659be91c18691ab59dc0e236d38
DEBUG Q->z: 2d407fa8c47e94591949dfbb2c4a84c1560968b0a1b855db195885a3815a5e9a, 1609f3dffaff103e157e50244368472df6a3098f4f4125122a3146644639ffc6
DEBUG yQ: 2c2f54dadc80fc496a0cbfb3e0ba8d9f139f4e21488ea0f9a6cb60b188fcb2b9, 179b9ace91991e8e7e791ca4f8ccf9b34842e4181280cb523f945f662ec642e7
DEBUG DEN: 27fa5b42d7d058691bc939b13ff3c2e08fbd31b128ab77661176354c397c682b, 2f37359d23323d1cfcf23949f199f3669085c830250196a47f28becc5d8c85ce
DEBUG DEN_INV: 2c488920bb1ebdd8ccde810e10a0fe5f238d41c681777c3ebc36323c125c20de, 0dfc409091a61aab025c89e3f1aa2f686bcecd96a937f66f513526ff34046dea
DEBUG LAMBDA: 0548dffe65bd82678544aa79791f73249014a10a3b449b15b19ff189a590b84e, 019eb7263d98227beaf1644a94333011fe740515e9cbeeba909f9d54fedd0577
DEBUG DBL p->x: 08bbc4196ca07f10ebfce69a2477eb1852cee5ef80f0e7d31265af556c4e24fd, 1fffa82e9b9e5920ea9cd1cb021f187cbb8e2659be91c18691ab59dc0e236d38
DEBUG DBL t1 (X^2): 1d00e07df295d0d83f122fefe27c48f28b382e5f79a995e7ac40a575d12a258f, 26f1e482c0f6d40795b724a20ab77a082a063a77c9ca9c7fbc3501b9104e2c9e
DEBUG DBL M: 269e5306f68fd25f04e64a1925f3827a0a27208d048af729c8a1644a9b017366, 140d10a280813bc35084e2791d23bd5d4f0fda448c7c4064bc5decfd7ff08b4c
DEBUG DBL S: 15638df50f77b2feb64ddd4873ea8de673148a1079821a55a00f40719b6ed140, 2ac26dc0a1b7a164252c3a82f9bb61ffa3258384815f1ca406673df516c206f0
DEBUG DBL X': 23cab8f2a440625b08f51f7bd9f98fd87c2387bb948ddc86744397375c0d8b79, 05b067cb61f7bd9cc40ee7ce570ed0685475a450be8c3f67f70f7bd96f7da168
DEBUG Q->z: 0464120eb035a02aa11dd45c41c2d60648beecd8c19981957c97701a38075955, 0922053e5ce6aeaa6a3a2685f2a70740e1a78b7210cd21dd460faa2c0aaa01c3
DEBUG yQ: 14d7ef36f6e364914cfa2d2e161d687c09a293e9499cab33ad92710484c65acd, 1db6639a25a6501035ffcc675f14a9d1e8a71df6a161389295544817e460aa1d
DEBUG DEN: 29afde6dedc6c92299f45a5c2c3ad0f8134527d2933956675b24e209098cb59a, 0b0878c16a1afff6b3af53183ca7fb4639ccd15bda50a697ee880418f04456f3
DEBUG DEN_INV: 083b030a89728f16ec99ea2b9edd1457e9feb9bc3ec4e13510c9f79969911911, 2c63bd0b228b76e367a7054005a2bf6ae55f451fd78f41055c186563081ab4e2
DEBUG LAMBDA: 24d40b1f646eda1fc85cdf2e5924aba9fdf0bee2d911563555befa684b7407bb, 10a57c532bebe29bc883ac5e72e5b6117c593f292275dfa096e6a72243566395
DEBUG DBL p->x: 1d10d09f09823a026d6ad4068da80b1312ad005af88d5cf2b1fde493afc905f6, 2cbdd5b6e82e03f9aaa6f90e0eebf7e2761dbf30b52ddb4afc50befebd87556c
DEBUG DBL t1 (X^2): 2d7eda8acdea5958650de02c5dfdc3f68b4848a0ff385c66fd623f124daee9b5, 165aeb59256627f6084d7538ade771b15147be095c0d564bbf3247b93de4282a
DEBUG DBL M: 27b3f2baa75bcbb5be89151816f69b2872d604c02cc5801a7fe5a5093812c291, 12ac73988f00d7b8609819f38834fcb65c55cf8aabb6385601764b14e12f7b37
DEBUG DBL S: 074383593b58559f78227585e5d31bf334796b3e055ad604891dfc9df89f2d5b, 1d7233e4bad763bb6079963d298e4b8c3a3ac6b9ef9e11946828f2883ea8ba49
DEBUG DBL X': 2453dca7a07241fad2108bb39de233466884138ba3a65dbc7d608b9369549e7a, 00bbd5a1c3f3838ddc50d86cd2c6d161befb66a7bca6a75a041a65b27183f477
DEBUG Q->z: 2890261c9697f79184b9657ae240d5a9a8380cfb7b2a89dc9db21798583199b4, 0b6377b66f7f6f2b8930d6e4c86832af9e11419a9f826df857fccbed6dfc64cc
DEBUG yQ: 09026e6107afc75eb71d735a8ff181bd083a90e84fceb752b29d5c81ba3db099, 12ebe3e6ece8996cdefd03c775d7703e4e4fcca8a19d2344aecafc74ec97d4e1
DEBUG DEN: 1204dcc20f5f8ebd6e3ae6b51fe3037a107521d09f9d6ea5653ab903747b6132, 25d7c7cdd9d132d9bdfa078eebaee07c9c9f9951433a46895d95f8e9d92fa9c2
DEBUG DEN_INV: 1abf49d25b4784988f601be32386046a430f2ad608bbd5d6320ee5be8028b73e, 0b79adb86ea083fb77b32983b9a6a8a998688e6976a22c0146eadf330a39d422
DEBUG LAMBDA: 18b4f2dce64b16b182df4b6316810a83108089e4a938eb8de62ef470659eb4c5, 14acdfd7cbb3c1b5c41a527abc1f40d3c41485435ec22c71828ddc6c2d23ede3
DEBUG DBL p->x: 14fa1365864d6ff244f4ae081545fc07ebacbbbaa6a43c58de31d01815743914, 035d2680e6b4748291a8ba4cce9fc01b983413d46a611aadbb6d8767c1cb57ef
DEBUG DBL t1 (X^2): 051e6655b93df7d402533f2f27c18a3e02d62ab99900b2c102c304d308d8aec9, 1c4602d20d3f07d187e0b182db7bb2502ad72ceb293afd8798261b54f6b27b2a
DEBUG DBL M: 0f5b33012bb9e77c06f9bd8d77449eba0882802ccb02184308490e791a8a0c5b, 246dba03468b774adf51ced210f1be92e9041c30133f2e098c51c5e80b9a7437
DEBUG DBL S: 20618d198df84bbaee33248c954b170a68a9ba314cec293b408d946976c1926d, 20d251497e2947ede8681b636292ef15f20076cdb2763c7e56683c5d0048b816
DEBUG DBL X': 13500ae2523452a5b1e827039366216a3fb06e504638356d407cbd15a8e11211, 0b092eb578c139a8b9c50968e5fd0f80efcbe830554cb44baa2b933153b0cc4b
DEBUG Q->z: 23d4f911ad19d2d37ec2c34d3ae23b6b0f723987b7b1215dce8bb4d4e6398c90, 0c0149446dffc3960612f79460947564f0a340285bfcb75d4466c401410f7f50
DEBUG yQ: 252a213907d764ed9a82f235a2bb52a59cb3cd728fbf41175027337b5a58f17c, 1bbeaa4c3962b0bcf725723bc58ef4ae3cceba27c47a6a8857c9e0033ca81a90
DEBUG DEN: 19eff3ff2e7d29b17cb59eb4c3f54ceda1e63053b70cb7a1642ddadfdc34e5b1, 071906259193c15035fa9ec1099c90fee21c09be20830a83737333efa0d337d9
DEBUG DEN_INV: 16d785c39adf86758dbeb2035c46b8b903cd1114641e8eb353d0bdb541f10465, 03e36ced6aa2c94563fceb958aad52161f88743b1ea9409439ef8ff20e0a2370
DEBUG LAMBDA: 22d29b304fa17bd7851f4edc5c6cab48f91a5e4b20d222d9b5d1fde2f5fe8d8e, 1f45a7ecebdb6f4e616ba06c762453aa28d459ef27253f9c1d525cade3868491
DEBUG DBL p->x: 040da677d7cd7f28c244cb50ae5fe0ca020dcaace912e553067a69ad9dfd8b3e, 0b40ea5ab359d1d80fac08c69eed7db1decd45777e297d0e9bf2ab6befd01355
DEBUG DBL t1 (X^2): 061ddcadcc4962abe67a9538e5ea652999b5a07bece3929bad2d9ff990b18ae7, 18c0d898129f186c4362a5dd21c3ea0fe61c780212706896033485cd4c0c158b
DEBUG DBL M: 1259960964dc2803b36fbfaab1bf2f7ccd20e173c6aab7d30788dfecb214a0b5, 19de3b5556aba91b11d7abe0e3ca65d21ad3fd74cedf6f34cd7d05510ba7435a
DEBUG DBL S: 2b58ad4db689b7bcb0396f0346f644ece3783d72dd1b20fcb6002bc31ff7159d, 0fd5299e9a20d5c36644c035a2d832ca4eea9b657ab5139e5db0e935d4b9d082
DEBUG DBL X': 205bfe4be403ac5e85492910125a2e509be83c5deb9447b38e395ed90c94ceab, 040154489f1caf6f81e4bd7f0ff084778d122db41f650168461b64d1ccafab4f
DEBUG Q->z: 06a07569749868ebddb584f325e83f5b940f7ae049ea4ed4b9ae8ab510d91d17, 21d7866d6fd94f2bb7ac5463bbf07c846909a80283f0482dd63fd78727bcb05c
DEBUG yQ: 0b3d5d81566843c42cf4d7b410743aa245d1467157e09efb8dde53772d6d07c4, 18f64eea83b135b724c96b1f07254b01ab2a83550475d878be7eacd5cf6da342
DEBUG DEN: 167abb02acd0878859e9af6820e875448ba28ce2afc13df71bbca6ee5ada0f88, 01884f622630cb44914290878cc93da5bed39c18a079e66440dccd94c65e493d
DEBUG DEN_INV: 1785e170dbd29c60082a871117399ff92bfd66da3004b4d7099475a0f2131f8e, 281141712912811490f1089e2fa41e6c52e8f4907c5202725400c4f8e92a6d29
DEBUG LAMBDA: 108e5aa47cb9fcb87433cb0576b9ec51c8835585fe9bbbf5241923389721d891, 211bc6dd1cf7230caebf93da23efd27d0f5dadf3b2ee33234a9a9f1a8b850bed
DEBUG DBL p->x: 2eb06c4bee30bc06e78012ca567248bce56d2f33ef93222cafad1f43df372368, 0d16d103bf0578591ae4a3c4e5fb7b287d233ef60c675a19eef6e949f5676746
DEBUG DBL t1 (X^2): 142981aa47a7d5fde1115b2c89aafb10e71575515006b630bd9543f098f9166d, 24fdc75bea121629b9b2b2b792a6323b1144dcfa55a7d374895d7619f9cfa3fa
DEBUG DBL M: 0c18368bf5c5e1cfeae3cbcf1b7f98d51dbef56287a25804fc9f3fbaf26e4600, 0e30b92dfbd30229bc778cb9b4efe5f604cbc1cc3013e54323d74a203c74f160
DEBUG DBL S: 1813f5a716d1f6bc1979115fc357fd99341abc813e2260402cc75f436aff9d2d, 1233db0a57eea363601c729c27af6a500adf72cc84bbe311c1e49d213f86b400
DEBUG DBL X': 0b2031dc2dd260a607cfc67f7db148fdd52979a81136ad888615884f3df66ace, 2f7cda160ebb982ce8395d35faf03dcf1b8897cb127696ce2a1d4a34c3880bc2
DEBUG Q->z: 1b103e1f9cb7590c91a567e15aae962301a4a12467ad3026d4b9ad51e3958086, 11eef869ac0a4996c0737c9fef60a05e885541f3ef553ce8adc543a93353a8f7
DEBUG yQ: 193f74123f28c836f1f546ec6d562750581a2b94f67da0902467fe34433bade6, 076e0d45099b6b508694b2559d5d2bb2a654891ce8cbfb786eaf3713ee27856e
DEBUG DEN: 021a99b19d1ff0442b9a4822592af64318b2ec98848976930caf7051adfa5e85, 0edc1a8a1336d6a10d2964ab3aba57654ca91239d197f6f0dd5e6e27dc4f0adc
DEBUG DEN_INV: 13fb0d5b2c8efef3abd48ac10c3672e3b78f63f5d710cad7fdffa996a3daa7cb, 1d22d40e5848e8a40db6d3928c913d5de5b9fd4c72ff0ddd12bac6227488d66f
DEBUG LAMBDA: 283ec5c196ad6a498aed862239bed62681c07428a9f4b402a20774809ebec2ce, 1ad37c977ce999dec51dbf8a3b0ffa8e44e83291207a4df4683b99dcd5b046d6
DEBUG DBL p->x: 0b2031dc2dd260a607cfc67f7db148fdd52979a81136ad888615884f3df66ace, 2f7cda160ebb982ce8395d35faf03dcf1b8897cb127696ce2a1d4a34c3880bc2
DEBUG DBL t1 (X^2): 1b4a58ffcc6869208c97c4872574cba670f9f442c3522dc99dff7b10ec6670a6, 16a9bf42152c3972567ef45e2712ef3a9f7cca4f5acb3efe0704f1041c356a7f
DEBUG DBL M: 217abc8c84079b37ed7707deeedd0a95bb6c7236e184becf9ddde51becb654ab, 1398ef535e530c2d4b2c9763f3b7755246f4f45ca7eff26cd8ee46f57c234236
DEBUG DBL S: 00c0eeaa45dbb64866a38f5aa52ac7d2c44ebd0318fd51cfe2b7965996af1da4, 270433d7dd2b6b846bbf0abbc6ea628eb69ab8909f4bd92d2225175895bc3ee0
DEBUG DBL X': 14adfa0a981cbee4c11cda38686684cf8de8f5886199860b24b9f00b69f9c504, 155864de557df579b7638008b6231cd0905ee88d7d071eadb4e486fbdacbca9f
DEBUG Q->z: 0243e4ced05e0692cc6ab0733443d0878997ad4a5b47c58355ff4d9804f9afe6, 09f2957998c0725badfeb54fd93c96d113e278942d4feefb5a2407c0d2233b50
DEBUG yQ: 2b935b3f71ffad7c874f837980afac45ee3690c26f30ea59bc14347832b7034c, 0089e915aa77c97e7f1fb333e9f8b13c769f0fa141c383e6d2f7d6c7f4de1009
DEBUG DEN: 26c2680c02cdbacf564ec13c7fde002e44ebb6f375f00a263c07dcd98cf10951, 0113d22b54ef92fcfe3f6667d3f16278ed3e1f42838707cda5efad8fe9bc2012
DEBUG DEN_INV: 280045c856a11693c43b79214a44280ce9b249118d4d73d6a79e6031ea1491ed, 19fe8e719bbfd51a7d762c89b3102618d6a76779bd60d8f388a956eb9166084a
DEBUG LAMBDA: 2cf659db600df8366f281a21a1f4c3d186c57fb0d435143002324d81fdc377e4, 26cc1d4b209dd0cc53dc39f452bea301ad792abe62040c600b4c446d915cf569
DEBUG DBL p->x: 14adfa0a981cbee4c11cda38686684cf8de8f5886199860b24b9f00b69f9c504, 155864de557df579b7638008b6231cd0905ee88d7d071eadb4e486fbdacbca9f
DEBUG DBL t1 (X^2): 249538e8b4a51808340437a68ddd3d14b40223e7130b06a95f4cb3bcf540be99, 197006a9ef86d4f8388fc9e33701a10572ab653d953cb14afb88fe982fbff12d
DEBUG DBL M: 0cf70dd45b8c07c52b6c1b86a6950682ed039692683d7ee1a5a503092ec8413d, 1bebc58aed62debef15f17f323838ab2c080c52757444953b67a6fb1b6c2d640
DEBUG DBL S: 1fcd2010e1b576a9cf261f4f93d213baf7a2fd001b5fbee78b5ece85e99473e8, 1964df375600ff3607e87c4d9794084cf37e299f8f681f83be502902f7a06785
DEBUG DBL X': 2155aacf2792437b6760d2e675bb1a4ac13091e32839b2145ba42c093578b621, 029f3d8c11840700049753a8bb0d3240981e89865021bb7af7397db8404e60d2
DEBUG Q->z: 0b312eda076050277fd2332c3d7393cfa6ab0b173b2d77f05a78d1385c2e0312, 09af0d3eff49ca030c92ae527fffbf56c36a69a51d62169bde649f1882018bc9
DEBUG yQ: 026db55231271bae1553e3266fec3e909ee4998a7c03393a7b218aef9df47b9a, 0a8867a574ec7073b30e469c0f1d07cdb8faab047993694756b7af60fa16042c
DEBUG DEN: 04db6aa4624e375c2aa7c64cdfd87d213dc93314f8067274f64315df3be8f734, 1510cf4ae9d8e0e7661c8d381e3a0f9b71f55608f326d28ead6f5ec1f42c0858
DEBUG DEN_INV: 0ab2d396130f3be3285592b01c545247ab67a5bea41140584c02065f75c2856d, 0a1d31d3d5faa25f300c6ea6349f2489d9b3805d6b8c6a04824d1d08dca251b8
DEBUG LAMBDA: 0c187725b24906a2dd444afa6963d312517d509efde41ec79f32f1a1cca879c7, 0d5c6c4c11d1cf91402afc0da4966901bee0b5d03219e1211070600e7be53c81
DEBUG DBL p->x: 2130312bfc78aba2d43db168dbdaa7c9d3e4e91092f8d3d5c0e0995c7e4677e0, 273006edc28c1977a50ab6b90855241f61166859db46dca027c2adf955092f5a
DEBUG DBL t1 (X^2): 098bc48ae87ad4552251b547723fdf6a3aeddc909d00137a0270de45d5c82841, 2698e12ab8621526eced92da72b14d91f86c389cec85b22c313e2cf6b7600f60
DEBUG DBL M: 1ca34da0b9707cff66f51fd656bf9e3eb0c995b1d7003a6e07529ad1815878c3, 1302069a66c2ff2156282d22551137faba41d4b3f4ad816a1b796eb675263392
DEBUG DBL S: 2a89ba44dd31c9cabcf5d0b01aeabc9043c54ef3500a6d525731dbf0e4f30ea4, 01cab8a71a9c71dc43ebfd37e7d497ae90a6772b683542af9ebec036fb7c69f2
DEBUG DBL X': 2f91e500bcb8a270f6adfaa5264629ade0218285528589a8a5e6b155df2ebd0e, 01589818e80a9f2c6bb35f17d491d80a2bf0d0092d7d8b5fcfa1cc80cb6e2ff3
DEBUG Q->z: 045398a845a85153ff15243617cf87f4c648411f6e96dea92611296385a366d4, 148e02a77839c51ad077836c8e95e889d69538974e039b92eb1085b0d30d8cb1
DEBUG yQ: 2b8afb49ca02af79cd9b988f6bd668903ba469b8eba7398c93fb60e477bf848e, 019a052d901c83fa6f2c34f61f8e8d8c01108e0a5d901fd806cbbc5bd437a28e
DEBUG DEN: 26b1a820b2d3bec9e2e6eb68562b78c2dfc768e06edca88bebd635b217020bd5, 03340a5b203907f4de5869ec3f1d1b1802211c14bb203fb00d9778b7a86f451c
DEBUG DEN_INV: 08d1e8e1dca4bab3fd4974abdfece8de8727a96f5efc7c1a7765870255de9648, 10601129957eee1dce7e97bea08fc4575b79e5192e0da2275ea56f0142825260
DEBUG LAMBDA: 2fd93a53470647d7d331643b76d7c9c48f46e64b0dfe5a4df7b065a96b0317b5, 1c31c2f5e60e45f3b8776fad47b41ce300f224d4b220d1fbdfcb9301d2d279ae
DEBUG DBL p->x: 2f91e500bcb8a270f6adfaa5264629ade0218285528589a8a5e6b155df2ebd0e, 01589818e80a9f2c6bb35f17d491d80a2bf0d0092d7d8b5fcfa1cc80cb6e2ff3
DEBUG DBL t1 (X^2): 0dec19f91e67b680604f2033c56f751076c446fe3b8f5e7248536f4fcee80531, 16baaf0634552ada8c4ff8fdf7b2484a0cb4e465b69de2662d542f2e5ea49b11
DEBUG DBL M: 29c44deb5b37238120ed609b504e5f31644cd4fab2ae1b56d8fa4def6cb80f93, 13cbbe9fbbcde065ec9fa543659580808e9d429fbb67dca54bdc01744370d3ec
DEBUG DBL S: 1f00a903adff6a4c9b81f613da531c00cdc18b22c029cb0a5a1416702ccb7dd2, 03b35487b631a50875809f0cfd5ef7279d14e7f0108d5888971ce6ede280f78f
DEBUG DBL X': 29d9a9b63bc596b8dbd465ef5a2697263cfddbe39dd845f26bdf29f4da412a84, 253bfe5b55ee36c6709a85187d747a8cebc6199de9c15bac495dc63cd9bb9aa6
DEBUG Q->z: 09cae4f0e505a70d34e003dcc33ee5f29724610799fa122049ba3daa0ee6456f, 127010e92ad29ca434b126efb9a8dfa4e4eb1c3a72ea517f590b8addef68dac0
DEBUG yQ: 2daedd8a2ac1ddb31bc6b578cb9de2041b4056980ae708ba1e5d68cccf228016, 0f995001346b1221b8f21689508096739dec6e8d7f264aa381e2a24e726646da
DEBUG DEN: 2af96ca174521b3c7f3d253b15ba6baa9eff429ead5c46e7009a4582c5c802e5, 1f32a00268d6244371e42d12a1012ce73bd8dd1afe4c954703c5449ce4cc8db4
DEBUG DEN_INV: 09fab84111313a168a25682e08a988478f13cb0e747598ca3e50a887b4bf5d43, 1479016ccf2010c75a597d25a447b5a71a6238567cfa308f1eabae2b7a24dd62
DEBUG LAMBDA: 2ff448083862b04d60e7c511e9acd01a3903d3e37bbfe15d817783e967ce3806, 008115957c668066c14c6432fc94260f3753ea91c008736b55f095517340af8e
DEBUG DBL p->x: 103f13ae3c5085d2731c16d1c24daa208029268ffc27fd9f85aaa4f099301896, 23eadc14c395ad5692ca40dfa899160303615ec7285b6e9b54e565175bedf20b
DEBUG DBL t1 (X^2): 040b694259de61cef15ea2f97bae9b1daf1303c1ab5335c93c12566e4eada3f4, 2157483a53dbf553504b3ce18c64a37363163b754744cb1d674316ed1bddcfde
DEBUG DBL M: 0c223bc70d9b256cd41be8ec730bd1590d390b4501f9a15bb437034aec08ebdc, 033d3bc939309fa680412b37a22b399efa3fdd3d04eacc3dbd882c99a29f750c
DEBUG DBL S: 123d4d1dac099fa81f836bd6c2b496964344a4c1957a4e0d98d03a882f225721, 300c7d3a281d0115eec515876d330729dd372cf4423a2eae9ada7329b438eaeb
DEBUG DBL X': 305c4d7dcdf61aa3ba57c1779c6d58e280645743026c22a1187d86cd3f50eb3d, 1965eefebe3ca79b8529cac8346379987ee29229c4ff0c3521cb9f6ecb322232
DEBUG Q->z: 24b884999a76f8faf0bc37f2e97f2cdac494e00fd9f7216ab8e6894ea4eba2bd, 0f4094c769254047f76805c3ab49b621a15636399aeee7b9ff498a2c8d24483d
DEBUG yQ: 02472066527a07d67ecac4b7b00a28b462e20c767e6ad69c62e9f0d77e0855c9, 2c2550378b28664b05cdf22b04e8584bc76a8766bef44063f04e82d5ef90bb59
DEBUG DEN: 048e40cca4f40facfd95896f60145168c5c418ecfcd5ad38c5d3e1aefc10ab92, 27e651fc351f2c6c534b9e9f884f5839f753a43c1576b63aa47c799506a4796b
DEBUG DEN_INV: 0e7b20e56ee560b43e543bc741bfd49bd4df63c9ff662f1002bc3ceb57e8013a, 0d094f97f9f02051e1737b128b0a7c2579f000be4eb174870236a92c087eebe9
DEBUG LAMBDA: 0e96535a74df79c021ed89b7899d1f78a4a2d70c2e959486378f0ada9f98a597, 1069e3eb1c8d2e33a10ea24bffee5a8d66ecd878f4437c8c13ab89d6f764aa92
DEBUG DBL p->x: 08551caaad20f9c27cf4ae1f9c667a89102f4aaa76a2c04627cad6dae4bedc35, 2b6abb1ec9c9e433d945ec9a4722b426a054855c38ee3067418997cd14bec84b
DEBUG DBL t1 (X^2): 0c5e78a34545ffe941d07bdb59064efb73c0246a8801f4aab2353cd1d1c646b4, 2bda1ab75893a2f301e43823627f61a82432d73798aa82846dc36c6bc309c9c0
DEBUG DBL M: 251b69e9cfd1ffbbc57173920b12ecf25b406d3f9805de00169fb6757552d41c, 22c5b3404757a885950c1cfd247b743d3d95b083f91bf272d1092d15982362b2
DEBUG DBL S: 2fe664e860d39c540f24bf540760a2631e77d3037e7900d198270fdab1c0d42d, 19959762e88305c8e6ce8aa9c136cfdea5a08b2af7cda0c5281d87f275ed7d2b
DEBUG DBL X': 290877e2edafc539f59cc989c93ccb6a64b60779cae522bf2ac8ca30abc77a77, 262bb091ddcdb08def21c880d52587c2f27d26deaaed3496a3815f3876c87cdf
DEBUG Q->z: 2817feab9090dc73ca6d43ba63342321023c5bc8a84d56e9389d0b102ea32d83, 2be01a530acb137d3d8dcda6ef4698a7b8d119f2eee9be9e9365c0adefe18886
DEBUG yQ: 1fa73b241bb4cf6c795d07efaf877ea12e4f0b98bf2748c27385014ae4691158, 03400e1643760eb2868ef1dc7141228a259321c8d49e3fd302ee3e679872a46a
DEBUG DEN: 0eea27d55637feaf3a69ca28dd8da4e4c51caca015dcc6f7aae9767ef0552569, 06801c2c86ec1d650d1de3b8e28245144b264391a93c7fa605dc7ccf30e548d4
DEBUG DEN_INV: 1268723a5a551d0aac420c0b3fa910f6e1be0bab6615544f483e8d1ae4c06aec, 0797f56ff80bda6bc2251666d73b9ed93623cd1081bf2c395b2bb71b34ab5e45
DEBUG LAMBDA: 0a280d00f8f202be12a151da0922aa1c13f73269dc29f80cae4f6adffd9713fd, 03b6cc578ffc29a2ff0a7b8755797c7e9fcbd6945d1d725e6049b007c7195ca7
DEBUG DBL p->x: 12bb5140c740726faae5772b72fe539224ba65c5a6b981b245746eccee27d7c9, 2035493f60179072281cda11583802c67cac78fd44c68b768b101f14953ad049
DEBUG DBL t1 (X^2): 0e98a5208a90c76c984c1e749203db11ba4c767f7dad419a0faf9eac03a6077b, 2facb28ba9e3283b049c22f954d1a6a77504edb9ad181c690f3ced85be70af5b
DEBUG DBL M: 2bc9ef619fb25645c8e45b5db60b91352ee5637e7907c4ce2f0edc040af21671, 2e3d7abd3b46385d9d33dd7efb72433b300bf40a3664c020b575b0638a581383
DEBUG DBL S: 22c7edeac6d4876456012a2d0d5bab4da5e488fe7d630deed1b574376f8be08e, 27fe82a30448248b3cb2b7a3d6f0a08e6424dcbbe2e95af620824468817b50bf
DEBUG DBL X': 0a3a9b3bd8d6cb4618862d264802678cf8076b68000aff355490712e437aa748, 1431987e804d1d859a07aef37539853e81fd33ff5e70af303fabef9687c7308a
DEBUG Q->z: 122e4078fd52e817840ebaa6f80483852aa11fce9ac865906ca751cc1633572e, 0076142106abdc5bd17d9c84e17610b2ca4d9a420ea0a010873a2a60555e8f84
DEBUG yQ: 0ed76570f57fcfe68f9685d67a87695b5bb47fd02b822809be5b38b0ee77f9a0, 1d2491dcb2986bfaf7b7450d8c030b902f25fe0b7726a5928e06b5f7c109a01e
DEBUG DEN: 1daecae1eaff9fcd1f2d0bacf50ed2b6b768ffa0570450137cb67161dceff340, 09e4d54683ff37cc371e44649684bec2c6ca918585db8097dfecdfd8a99642f5
DEBUG DEN_INV: 124337ac13e051d79daa6fe6a7c118b6db9f4c0c8ba1fa23e2771ec87c78c615, 27de0d6e160803815de6f92a4a2ef19dbb6d089bc8ced966fc1974a8c0189ba7
DEBUG LAMBDA: 01e9eac3806f3ad55ce9f244de49856f2f8b978b094340c3862854ee8e3a0009, 295561b80dde87e1bd6a915131b5f716c9ebdfc46f093890f4ac780d24f4db8d
DEBUG DBL p->x: 0a3a9b3bd8d6cb4618862d264802678cf8076b68000aff355490712e437aa748, 1431987e804d1d859a07aef37539853e81fd33ff5e70af303fabef9687c7308a
DEBUG DBL t1 (X^2): 2f6f1189fee99d5f44b3c2d08c460c34c08daceb81a7c9f0a937c4c07bd18c35, 0e65e212429f8a68ebc38d51ebf51378ac1b7ba6aa8e54791c3eee921df8ed42
DEBUG DBL M: 2d8497b83a5997ca5d7abd04a1cf73e312a6319fb413c8b783663613c27aaa11, 2b31a636c7de9f3ac34aa7f5c3df3a6a045272f3ffaafd6b54bccbb659eac7c6
DEBUG DBL S: 0fa47f54b298f817a5d3000e502e3a224050a6a809ed1c5a7266252c5495b641, 051a75aea070858a8385c06b1af41ef468e42fbc29c6b10fb7b7bd3ea9d8b2ac
DEBUG DBL X': 24aeba6218979c10fef0eac1d6d575ef59f205a3563c726a37a31da5d539b530, 0020340f42bcb75e306f4f1158682aa71435613c465a2372cf1e263e0c8fc691
DEBUG Q->z: 2d45db0aedcb938e92f47720323f531595fbbfc179e92f7b45d254c4c7f9dd42, 1d2a0af610124488b6e681a43acf0f9853ff2cc3d3951421df4b0ad3d197cbc8
DEBUG yQ: 215312ce3678f7cb92d82b13ea025435a14f168c82980ea59cbe3dce57a6b1e7, 1ac6027945dabe8a96cb6dca170627fd396f7dfa4219e23f062db01d9e195aca
DEBUG DEN: 1241d7298bc04f6d6d6010715283500dab1cc2879cbe52bdfd5bef85d6d06687, 0527b67faa83dceb754695ddac8af79cdb5d91631bc1f9f0d03ad42463b5b84d
DEBUG DEN_INV: 02779e1c6cc9b746c0d0cb6f2eedbbdf4c8d8c781ebb8ffcd3e366a940017b64, 166c5a0bc27142c462dde7d26dc033dc7f0fb76373fc1fb29fcafc6f09dea1d7
DEBUG LAMBDA: 2be17b1b9f608504fdeba688c1fbebcdae58229f7443118e8a3bdcb65ec1d224, 2ccddf7f655efaede572e635f04bd9f8ecc70d198abda46c68284c659c5b61fa
DEBUG DBL p->x: 24aeba6218979c10fef0eac1d6d575ef59f205a3563c726a37a31da5d539b530, 0020340f42bcb75e306f4f1158682aa71435613c465a2372cf1e263e0c8fc691
DEBUG DBL t1 (X^2): 110233b2d68c7650d4f9eaad1dc07f08cb7ece93702a57095c48883e04ef2d0a, 1469a1d00963b45035fd5e9d1837c44ee2173c68fad05a39e2b2fb04e08d56a8
DEBUG DBL M: 02a24ca5a273c2c8c69d7a50d7c024bccafb0128e80d3a8ed8b90ca3365089d7, 0cd896fd3af97cc6e9a7d620c725f48f0ec44aa987ff44206bf864f7c92b06b1
DEBUG DBL S: 240d9406687b177a863706998f9ffd94cc0f9e688cd755b414b7636c15dfee91, 1060fc3360f272df68a5e1f73882e0363b0a475de6744736d661647884d73108
DEBUG DBL X': 2946a523eb81bf4acc5e8840507a0daf3e170ac86d90795d23809797b133b9b9, 0ba7d8502f5c8fb2a6f81d4d88bd7795b0c4932630db1fe483e43331179503d3
DEBUG Q->z: 1856570005b5620426c0d4fccffe72eac756841438f3e81861c8a4fb4389a5fe, 23f3506c97c436b23d6c5ba464e21c25d3c5a466f5f0591bc3a8db09bf82b69c
DEBUG yQ: 20bf3922b086568e52c16f61774a74aca04554c1e168cd849c57ee223bc52a8d, 1f5b6892c4fea68980f914c24ff0e050299d4de38a220adddc68d84a75629229
DEBUG DEN: 111a23d27fdb0cf2ed32990c6d1390fba9093ef25a5fd07bfc8f502d9f0d57d3, 0e5282b2a8cbace949a1e3ce1e606842bbb93135abd24b2e7cb1247e1248270b
DEBUG DEN_INV: 232e48ebea2e4a63892b402f4e0fb4eeca9d6d50512edf00426e943c62aeda72, 2376d7f43c2e357855c7e291e2de25421851270a1d76268ab80692116630f63c
DEBUG LAMBDA: 29bc45563f6feea0011fdda0476192cac76adf82c64a1e523b3496b3b454e16c, 0312186ebd391c18feeee10e59ad607b4bffdb85c6bc394ddd80afaf642b9289
DEBUG DBL p->x: 2946a523eb81bf4acc5e8840507a0daf3e170ac86d90795d23809797b133b9b9, 0ba7d8502f5c8fb2a6f81d4d88bd7795b0c4932630db1fe483e43331179503d3
DEBUG DBL t1 (X^2): 2681f95bb3ab78dfa96d4b3c79e30a038e7934f7e21662965138cd3932166020, 2842ef8487206491584eba0a138f967a7c3307c705220c2a62c6708be33cd2fa
DEBUG DBL M: 12bd4f2d589f2a4b8ba756486aa66d4f7c68c9c4d55f92a87b694f7de54925d2, 180031a7d2fded60984ba2b137ac12b4459642323e828f64b0123975f8bc7e60
DEBUG DBL S: 16f65378fb6d4c9a1c1efaba06cdba30462d79031fa71de72067d50c51db8a97, 0ebf4ab4181620e13cc0bff425746623e49020416f56dceb7171ef4eb7d2ad2e
DEBUG DBL X': 0a84e46c94ab0a1b8c7b17b7f73e9ea18b3f477f0ec58ce0aaf2f6ddf717a880, 2ba1bc2ff10f7dba5f1bbc9abd2cc9af18a752f793afe9c1c4b3d204133bfc1b
DEBUG Q->z: 20d15d8657e608a58d7f8ca65d4e95b37d50b4dafb9b5156c56fdcbdc4c7de57, 30419734e52d4540882f7f157f85b9c295f7f28d086aec48ae71af90c253743c
DEBUG yQ: 242019e393b51ccb5a2b0ddbf413cae07e92f6afd6cf9830672c6ab8ea7a4a34, 05bc2f6df63e14b4a34e9f7d04e75955b7e14ffe44f603b2c3a48fa420e4f99c
DEBUG DEN: 17dbe5544638996cfc05d60166a63d6365a482ce452d65d39238495afc779721, 0b785edbec7c2969469d3efa09ceb2ab6fc29ffc89ec076587491f4841c9f338
DEBUG DEN_INV: 1c1b33da323108f81ebaa9524b8229794c153685f14fec59db2eb8205ab1234c, 12faec9c5c97f51b95c12f51240685746c7c5c5b204ad9bacf783087431a86d0
DEBUG LAMBDA: 194b07a90bc91d642bb500dbff13531d71864e0b7429f9f4765797e04509126d, 17ae4efe22c13a4e8cb176074d9d3b7b62543ccebc9c336a5a5f8bcbcd6e6b18
DEBUG DBL p->x: 0a84e46c94ab0a1b8c7b17b7f73e9ea18b3f477f0ec58ce0aaf2f6ddf717a880, 2ba1bc2ff10f7dba5f1bbc9abd2cc9af18a752f793afe9c1c4b3d204133bfc1b
DEBUG DBL t1 (X^2): 25be096b07ba72a30ea3ba2d3bc3c519372e00e898c0908f873482e472686a5f, 1f49c61c9a7b4ca11f26cea8a2f80b9d3b2307e58a3da0f297f0a0c60b44397f
DEBUG DBL M: 10717f5b54cc1795bb4aa31ab0489e9076872d96f95e1c941d5c707fa63f448f, 2d7903e2ee4045b9a52426436766ca7a19e7ad1f3647184a8bb1563b494faf36
DEBUG DBL S: 099c83b4f165c358e15683471b51e4e5f296b43dd62131a179d8297b00519438, 213dec7d3f32e8513dca36359a3ef8de966143cb703d32e8590aec83c268084d
DEBUG DBL X': 1b82a2c8d30901744e4464237906f6929392eae9a77e049ce163dabe1458af9f, 22f0ca533fb43d4cdfab49370bff6e3a00a07ca4eae295f8e5427a063877c402
DEBUG Q->z: 100ed091836260efad9830e2c8b3028a363105df45e96721e29ac7d2008260a2, 0d1cddcd46216bfbf4a1139f263e2a36c303280da812e73648713b900a9c25d6
DEBUG yQ: 0f3498ef70781703268d96097cdb34aaad321a6c5981014edf3434810513ec87, 092ee4ab9e943fc8813fe628d465c4f74c44d203101d48be89d338be30e3da7a
DEBUG DEN: 1e6931dee0f02e064d1b2c12f9b669555a6434d8b302029dbe6869020a27d90e, 125dc9573d287f91027fcc51a8cb89ee9889a406203a917d13a6717c61c7b4f4
DEBUG DEN_INV: 28c3405824fc11043d5cf3e4b8dfade16d74516977ca9b2d1a1c88ffac169365, 16f20d2574d6a1e6879adbd420ea7435fc835a3f9135e4cc6dac02503a473146
DEBUG LAMBDA: 237cd0d4fe26c9df7a9fa9552451dd41a0538321c1f13b48c216563373580556, 207d95fb166fd7c10bb8e167bee4e4a8524a997430d1a7b82c1e8926e464fdd0
DEBUG DBL p->x: 1b82a2c8d30901744e4464237906f6929392eae9a77e049ce163dabe1458af9f, 22f0ca533fb43d4cdfab49370bff6e3a00a07ca4eae295f8e5427a063877c402
DEBUG DBL t1 (X^2): 2d2b110d748633b2d3f98cbd39211e877ea08415eb34ec3dda5542c43d63e4e6, 1c6b3b292c959c5408388afb0330f77abc06b4988e2319841c8b03d3960807d7
DEBUG DBL M: 26b896429b2f5ac50b4c1acaa860aadb4cdeb71ef0bb2f9f16beb01f0731b424, 24dd6308a48f34d260595b3a88118e129c92b33841f781ff19807f63e99b1a3e
DEBUG DBL S: 0983690b00f4ab8a83a5d9f8c0c2becaa9f919a89ceb5d58ba05e67bd8950bed, 1cfa19a3816480e66c923519bd6160fe55c2b5bc1b1d72adb4250acd7e256170
DEBUG DBL X': 0a7bd34a13eb38418922acf10b8cc028d26fc0d732cbb3400a96eaf17ed5e946, 1d3eaa103346834f37f2792cf20493cfa8ba9d78df458acb3abb3c692522ecdc
DEBUG Q->z: 0df309aa6a037fe8fc9cf88345f88d81edff07ae7599af7356a0d14562ceca8a, 077bcc93e3b6fdd7ac8e38944a065fd6b691e2dd2003db51f213919b736597ab
DEBUG yQ: 23210b25b959a171383a3e4cd1dd8b739c9c126d1e319e654874bbea30134ef4, 15756699f70d97fef266671ec0afd168940d08cc661e0f607faeb7424e1a8c20
DEBUG DEN: 15ddc7d89181a2b8b82436e32239be89a1b6ba48d3f1723d54c8ebbd87a9a0a1, 2aeacd33ee1b2ffde4ccce3d815fa2d1281a1198cc3c1ec0ff5d6e849c351840
DEBUG DEN_INV: 09306e6bdc4813fa0b1f8f4a987c76a83f6b412eaab61ec83fff30c56bef6501, 27c2884617633f0d1cd0c7a0016dc504b2749b51d4aaa4740dc163d80f464b0a
DEBUG LAMBDA: 2e67cecc3084e81548f02ddf8822484f79112dd310adaa666990713552955cf8, 13d31ae0b1601676685811994a8b3eb8d59249472a741a0b280dd5f9556573c0
DEBUG DBL p->x: 0a7bd34a13eb38418922acf10b8cc028d26fc0d732cbb3400a96eaf17ed5e946, 1d3eaa103346834f37f2792cf20493cfa8ba9d78df458acb3abb3c692522ecdc
DEBUG DBL t1 (X^2): 0e198b7cf8c26b5612c5c57ce50b2f59eb7fabb7984d88b66d113736faccde31, 2c504f9345177ff3bae2c7d30fed2184d4d88948a693b8533156d904e8a4fcda
DEBUG DBL M: 2a4ca276ea47420238515076af218e0dc27f0326c8e89a234733a5a4f0669a93, 242851d40ce33f87c007cc0c2cc4b3d34f86c6b722d793df1bc372e108f4fc00
DEBUG DBL S: 06d35d9ce9be9e7348938bfea35823ff230d091f3d4e7020a6912db162e4b7a2, 18a45296cb0e7c69cf9fac496ceebdeee21891095000f48eb9605833527beb5c
DEBUG DBL X': 23a9185fb7c5ea23573d742db344e9e38ebc87c83b2d25b0b9d8724d4b6dcb87, 2a8808d415958a23faaa2cc8f97917b99b98eabf4b6601a9a4973a248c2a16f2
DEBUG Q->z: 2b515b0dfa0f3ab2f78cd94c3a590dce1cae1845d51d218a0dc0f19346bda419, 27a989bf16c0a6cd665279c33bc88adb9ce7531dff2192357532222b2f0fa43c
DEBUG yQ: 1b5aa878c7b5cfe002e711303b7fc6aa5040cfc2f72a0224b5af69a39e88f5ca, 09a803c724267a4558d4b7678482a894386ad290e738d90dc42b28e71c618d0f
DEBUG DEN: 0651027eae39ff964d7ddca9f57e34f7090034f485e239bc2f3e47306494ee4d, 1350078e484cf48ab1a96ecf0905512870d5a521ce71b21b885651ce38c31a1e
DEBUG DEN_INV: 1ed063be369c0d5dd00599039854ea72c55fa1278c63a9158422963f0d094636, 20470f7973f2fcf8eef8b01d2bcb98c8db7b41ff7050471ec370270fb3c9ac1a
DEBUG LAMBDA: 1955e1d394100a8e8ec0ecae49e3a73ec98c046edd16ceaa6c5e14fb26a736c2, 272eaae15eb95aa2274a7f001f35d754be61100853dd8fdb1551b6c08317f2ac
DEBUG DBL p->x: 1ed77b1994daff1aaab361c5ead09e473038c918b17f41dde1e36dc7a818bf96, 27bc366d5f44635b0b246e7fbd0338985f4006d39be5a64c3e2031b3fd8867f2
DEBUG DBL t1 (X^2): 077a3c01489b165a0aa36a442e9ecc66d792718187487aeb3874ffc23b75f85f, 1a73fc6b953350bc9f10be7613a4d3d04a0cd3998d630ea1006cadffce7b4a27
DEBUG DBL M: 166eb403d9d1430e1fea3ecc8bdc653486b7548495d970c1a95eff46b261e91d, 1ef7a6cfde68520c24e1f5abb96d231346a5103b3fb76155c5257de892f4e12e
DEBUG DBL S: 119088911835ea58bd18bba19ea7aec1d1d528073b1b719913c005a38e744b04, 2d82f8ede1a097c6d77bfecbd221f6282da7c209dd7880f909b4e7186847aff7
DEBUG DBL X': 1b5c52dfcf536b59a02d0def802eacd65a1369579e8cce624cc342103057fedf, 2c31cf770ef17fb36628a2754b48dfe769bbc07f13377bd2a86229588a1d7806
DEBUG Q->z: 2ffb43e01211ab6b15009fdac9ff548c5cd5b4038541c34798527779f56d512f, 0dd2a5810522b301874b7db0fa96a3524d270fc2dea730fe6865e198b8bea941
DEBUG yQ: 2543139ebdaf6cda1ad33b303486a4ce3880181188837914b5d5f9772a6c9f82, 078ccbd4775cfac5cd067359b556645b1033f939385748fe6d85756913a47ee4
DEBUG DEN: 1a21d8ca9a2d398a7d5630a9e78bf13ed97ec591a895279c2f8b66d77c5c41bd, 0f1997a8eeb9f58b9a0ce6b36aacc8b62067f27270ae91fcdb0aead22748fdc8
DEBUG DEN_INV: 0f1acdd4019d7fbad945d2f10570a6a5587335a211f288b044621058676f3d02, 02bf69da969a745fa0cb78a94ee016370e1800776659a3d1b915fed570773d03
DEBUG LAMBDA: 2b4568e8ad69d8a2772cc729dcc02e2357c2b7f6217ea9a593e1c22c2ea56891, 01d0ad98897e25b6783a416579c5e58002d9eea86967f51426b0205b6531a392
DEBUG DBL p->x: 2ddcb9ee5f66b70f318c2043a2ef4c1ddf42f4c6de8523a64cfa97f7f08c1500, 2b87814337eb83f49b15e022d432d04db39f5fbe8d1dff08f23e5e8a49fa3024
DEBUG DBL t1 (X^2): 18912fb88e2fea132399dba8d6f7d4de6c63e09a6fcc31a307b6043a768ef913, 14452afd2c4fb658cd4a1509fc515526b2b8b93ed0966543b6db105a94765578
DEBUG DBL M: 194f40b6c95e1e0fb27d4d440366263dadaa373de6f2ca5bdb0180988b2fedf2, 0c6b3284a3bd82e0af8df9677372a71680a8c12b0951653de870a4f8e4e60321
DEBUG DBL S: 1d03c92bfad3a29be4e63a9011e18d932ec9cf2456837285d119addc346ecdb7, 0525863d142f020948170277170bb3b1791dcc911e910c5afa4ca6fad4244079
DEBUG DBL X': 05cdf48df29c89cbaf8f804f933aa1ce152972b4b8ed7489ec98184a49370b1d, 0fd38444a4fa56ffaa4aeed5e5fc77f9ea3ada52cb2897022c61c39b53b9e396
DEBUG Q->z: 179c5b69ca4f6659fffa5807b871ef7f21eaaca375dff1d02110e1abf1b2896f, 1478e823f23067201c709bebf669c29dc24e47010ae5bb58f7c8736672d72fef
DEBUG yQ: 2e50682963b3940e7a1023e632c1cd6544477602187f67c4cf62ff5d16b530f6, 2b7c849ceee34f70dc928816bec3b38d25f5b040aae5e321f6db7d319de46161
DEBUG DEN: 2c3c81dfe63587f33bd00215e402426cf10d8172c88d04fc62a572a354ed64a5, 2694bac6fc94feb800d4ca76fc060ebcb469f5efed59fbb6b1966e4c634bc57b
DEBUG DEN_INV: 2c3f8cad17f020c60108f4af8ef539bc115adcadfcc787078445735dab130621, 2cb03875cb026b2ec4b902557cc94fe131fdf6e5f14ba80fb720df9f7fbadfeb
DEBUG LAMBDA: 0b5141cf7542b4501ac10f388e5f216d109e6c391511194dd4d6e784b3e38876, 302ac11c7419ba181e19a3b66cfccf86b12e0d75ffd3568cec1d0e4aaf8a94bd
DEBUG DBL p->x: 077bcbf6117f27df9863659e9ee3d8c5fa8a36c4e3671f437253c693f3d4d91f, 2b5ecc8bc3218cca700b0da5e7637f54bf5a4e1b3b7f5ab875e8bad2d9d2f377
DEBUG DBL t1 (X^2): 0d414264bd705806b18a515241c038af7f5b2f6150e6b6694a076754f4c2d211, 2dd60d086a89c144e9af0e078bb179fdb38575548af986019c44fac34d9c7939
DEBUG DBL M: 27c3c72e38510814149ef3f6c540aa0e7e118e23f2b4233bde1635fede487633, 28b98a337d3a037b4c6c9ea9a011bd3deb8d8adad008fcea5c8dd81c37db711d
DEBUG DBL S: 15ada052645beaede92cdbb1026fa502c27601fa92e697b7b61b19e4a03ed609, 21a73d92b4eb9c2be62cc2c7a5d8bbb8d6e353c426506930bbc1b65d0ea2049e
DEBUG DBL X': 0af7962af5947a2eb5c213f30739d1eee5ce95ff8bb1754eb60610bc150db6a8, 1439ed7fe74ba739cd2e47d5de740c7ed463d3b688938fdff7f6451d5f57aca6
DEBUG Q->z: 0279d5d06ff3d26b4f908a0891476c3412d2782d6409db7af6af1e05f9b4af70, 1e732e00c7b85799e220525a705b632f4a1ae7035705fda1aed56713148324e1
DEBUG yQ: 0090d44fc16b1d1325f0a0319ae5eecafaf7498d50d845ef085ef6197cc62809, 19749ef0a4b7afd6813b95041d654e7c1090bada770761c7a444ec1a5384c83b
DEBUG DEN: 0121a89f82d63a264be1406335cbdd95f5ee931aa1b08bde10bdec32f98c5012, 0284ef6e683dbf834a26e451b949449a89a00b23859cf9020c694c1dce8c932f
DEBUG DEN_INV: 0d2e9a71e7798547f65798da582d653ec7ffa3810ff14fc9a24acd6a1e6ff5e3, 185de8da245920f8d2ca4bda4de51d73f26880c354ab5546dcbbfddfb533a3a0
DEBUG LAMBDA: 20051a6639e1994e0ba2ec5f58eb5574c267e833d1a40cfadfb2bdcc205a5063, 2de9943a6903a31ff95a2605667a8024c9364b1869edf51ed4f242ccb5e337b8
DEBUG DBL p->x: 0af7962af5947a2eb5c213f30739d1eee5ce95ff8bb1754eb60610bc150db6a8, 1439ed7fe74ba739cd2e47d5de740c7ed463d3b688938fdff7f6451d5f57aca6
DEBUG DBL t1 (X^2): 0b3a33750a2bf92eb845c638491a1cc6ddde1f49b360b4a4dc13eca7a612ad52, 1eaaabdc024575a030995bc1b5baec4e69de3c32fbb3e7d90a07def486633417
DEBUG DBL M: 21ae9a5f1e83eb8c28d152a8db4e5654999a5ddd1a221dee943bc5f6f23807f6, 2b9bb521259ec0b6d97bcd8e9faf6c8da6194a078aa9ecfde1f710c6baac9efe
DEBUG DBL S: 03a66ee9d1295764f2cd8a67180a0c43805b5972f1a6b4f707a7f4adb3cef0a2, 00edc574d04184c28d1f40e85c895236c0ccb7fd3559d4d940f23a9e2c4a6e4a
DEBUG DBL X': 1158bd4960de8308ea1cfb74c4d6a11f12773f35337b5f57d4e20efe966f74c0, 22bd9265870aadb6a78c7b0c2c89132c1f7340ea710f309ba6b5f917d5bcb757
DEBUG Q->z: 2d00fee0e5546ecec74251b12c29f69fd6478167121aaa739c72bfac5369e2af, 0263b05a46b93f612d200d6d569f40a4fd51f672d08df5fa3f9e94208683e44b
DEBUG yQ: 30499032dda656ba596c39f3bd60522d98eb94946e5a01c3035ebfa0f18b3137, 2eddbe659f40c570a19be07d755ee0541349a8a662adbc4fdd8c0c4e9df9641b
DEBUG DEN: 302ed1f2da1b0d4afa882e30f93f4bfd9a55be97744238f8ca9cf32b0a996527, 2d572e585d4feab78ae77b44693c684a8f11e6bb5ce9ae127ef78c866375caef
DEBUG DEN_INV: 0f344c925266551bd9903c00109a9ed22a8456142a4c9a230f1cfcf58ffc7a92, 20bfc4377cac0f35548a60dcef68ff2bfab06250db5c77f15198f56b22c39def
DEBUG LAMBDA: 200f06611ba482d35a58eba01f9633e4d667ed668c1b5a5bec8008ba0240a487, 120f0356f686b1cca96bf02d340ac09d9179d2bd1b737baa53ce36887a0e4c50
DEBUG DBL p->x: 1158bd4960de8308ea1cfb74c4d6a11f12773f35337b5f57d4e20efe966f74c0, 22bd9265870aadb6a78c7b0c2c89132c1f7340ea710f309ba6b5f917d5bcb757
DEBUG DBL t1 (X^2): 2afc89002103446b636acabea32c4170909bbf402b1624938ea0707cb2cb2e11, 2582fc999b8de203715106e78a8468763a61c2d08c71a72d6756270b40941103
DEBUG DBL M: 202cfe1aa0a68ceeb99fd4cee682139682d0689db05ed8a033a0394867678fa5, 0fc058e7104665b6e35289499c8a88a78022734ed471606dbdc15cf410c2387b
DEBUG DBL S: 22c1ae4805c2b2614f85e1bd2d6be587c7cdad1e070fca382afc1e3910918e4b, 210f09d1c2df6de3614c072d548ee2262fcbf3161c02d54bd7f8b85977b2c779
DEBUG DBL X': 11598f75fd5625210a01ef8ef88ab89b402fb8e765f16132561f577e967b52cf, 01668f469911262df410e23754017467056fa35025fac16823858edfe966e02d
DEBUG Q->z: 0b7cdca9b1a2a37bac14621043f64ee1596220e9d09c60644fa1acb70e1db5be, 1782ad8f21b570e6ebd38e65a61a6607cf07f9a2f58b005a201bc3c53d9b3c41
DEBUG yQ: 2892cf18f1fd32a5c06cc4686b60cbb525acec775a406740f0a48dd1e36a1baf, 1d7512f9323a0a143d54c83af04696863e943f943414cd1254ef0fb59b4f09f2
DEBUG DEN: 20c14fbf02c8c521c889431a55403f0cb3d86e5d4c0f03f4a5288f8cee573a17, 0a85d77f834273fec2594abf5f0bd4aee5a71496ffb7cf976dbd93545e21169d
DEBUG DEN_INV: 0f25ddacbf5074879f82840ddbd7d51dae8e94a09ded08d5649439f7d81189ba, 0ab62738469baa6523d58cf096979c80d359a4d3c451f205227e944e03e481f0
DEBUG LAMBDA: 072db3ca98adcecdf986c08773ff08e4f430b87fe62010d3086ba2d0f3a31679, 1007f7cc6bd1d2e9ddd404dd98ce96feab9667f2acd5ab4a475c7df35978667a
DEBUG DBL p->x: 0f2be83f5062e2a8cbc72e07651857d70fc621c94eb2fdac9768649b09893919, 2e5c4a32045a3cbc4ea9e028c8ba3c88d721fa7ffcb5d14a04ea4e54d7ec0f97
DEBUG DBL t1 (X^2): 00c69e06bffd118511669a4aec91c805b00fc9cd5f22ab862833c49b846b5a65, 2212b5c386b25ec2385979816ab7f8886dfcfcdbf233efde75eebff91d158301
DEBUG DBL M: 0253da143ff7348f3433cee0c5b55811102f5d681d680292789b4dd28d420f2f, 056f8464d1b3dbf3386be1173d2538de1af4217105b83a80e98b27bda6468e75
DEBUG DBL S: 132f25ae34ce69f823c95a307faea6abb3faba68986b7b465431d9e7755c536e, 0c455130fa96d9f1b785f442304750e83feb082ee86f79ee93a2245eee7cf06b
DEBUG DBL X': 1cc2ccb1bea2da535f577ed86f342549af63a7fa693649adb476258e6667da5d, 16504ad84642dcb11e703728bdaeb346adeb4daa8858f792d0b2b1bba8e917ad
DEBUG Q->z: 2b09915a2c6b0e24e6cd785443f307147b2a1cc041c5b30c6f90a7518c5ec5f2, 09aba2d10267a190995a0e4ac9ec313e1aba72ad52ca75f6cce917ed10aac12f
DEBUG yQ: 1c93d4653a510309882422a1033ed3b8c6d0600f91795fc6584e0b2a80e1bf9a, 165e3d935d78571c58dd10031e699a9712de6755e96eb4615fa01576ce4a25a3
DEBUG DEN: 08c35a57937065e957f7ff8b84fc4f13f61f558dba80f4ff747b8a3e294681ed, 2cbc7b26baf0ae38b1ba20063cd3352e25bcceabd2dd68c2bf402aed9c944b46
DEBUG DEN_INV: 01c39ba0290c52fc6b33ce8f62d332b3637550fa0bab47cbc8b6f6b71df318a4, 1e9510003194130de50a8eed3cb2d24cfeb8030305cc4474a54acd23147b99a2
DEBUG LAMBDA: 1cfac61e6b9621fb2281c36d17bf01532d28065f549d9ec2b69e27c67cecd1de, 28d2b0f6edfaa7151532f8fcb26589e73f3fcdc85d445a89ab38c7e4d6d4d528
DEBUG DBL p->x: 1fd61a1e016b572c90a389f05074b7781ec2d16c1c80a4b717e6fb4996eb7184, 0601bcdfb07c28856a51c69609e318def0ce3b17f50bcf174bdbbb58c11587de
DEBUG DBL t1 (X^2): 1fd67481a37f919f1e29a86cebab99368b726a3c191f4d85f6632d37c3126fdc, 2dc47e841a46164cf0bf55afd986416c9d092f2cdecd626c4d31e35c8294fd1d
DEBUG DBL M: 2f1f0f12094d14b3a22cb390418173460ad5d422e2ec1e04a708fb9070ba524d, 2884dea68c6f0293619d75a28990138aa818b863cb84922a6f5491e7d6c4fcc9
DEBUG DBL S: 0cc5b59415b0e6420a2b1fdbf09bdc2734d5873fb8aa35aa803d3e6d29eb6cdc, 1bc165baf79851a2b58dfe4478b8d5accada6980eada0f55e7517fdef377d282
DEBUG DBL X': 247a7c866947909c688434eeec2a81b4cd28e72bd71912f4433723935f279316, 16cfa304ec3493fa0667ee791a4cf4c17cf97a0eee8ef6521754b287cf9784ad
DEBUG Q->z: 211925f744037ff3d08eda2aed236b304a65ffb66d5c53a2a76edbf0abe93e96, 1406a34ff1f1e0d13f6ad858921e9087888b264b1f7f5aa162392ec4b4d36b81
DEBUG yQ: 2cccfeef4a7116fc895f9fe529125098bd2ea0bf7b5c2b033a3f5010fefe67b3, 2728ca7d76eaa8ad9f2070066a733a217b0a3a6e1ec4ed1e4a53a3d8de1375d3
DEBUG DEN: 2935af6bb3b08dcf5a6efa13d0a348d3e2dbd6ed8e468b79385e140b257fd21f, 1ded46880ca3b13185f09a5653651be55e930a4ad5180faf5886bb9ae3a9ee5f
DEBUG DEN_INV: 24e550ec092c5a4ceb03f3f0d15b5d9534068633830dd57b142d861c33640934, 1ec35fe91ff8e32f80234a854cc4c541b2b7de0e655359df9d86fdfbd9d4e78c
DEBUG LAMBDA: 1c03d5359bc2fe4afbb82931c01f86e1b370d20acc820457170a1f9f584a1008, 1912250f77bf487934a624e0156e99550cfd261ec80facfea602466f8c605a0f
DEBUG DBL p->x: 247a7c866947909c688434eeec2a81b4cd28e72bd71912f4433723935f279316, 16cfa304ec3493fa0667ee791a4cf4c17cf97a0eee8ef6521754b287cf9784ad
DEBUG DBL t1 (X^2): 27df803649f99eb4b1841d59a3e1bd1d4bbfc659e65d871420cc477e84a7bda5, 15a88a5079176225b0a125f826c8b140060165f732521387fd951bf572f6ac67
DEBUG DBL M: 16d5e3bd1b899bcaa3ebcc9fe8a2869cb43c7deae2350021ea23be4ddcfd3e61, 1095507e8a14864759932c31f2d8bb627a82c7542e84700abc9ec7c9806707ee
DEBUG DBL S: 1b01bbd34141db96f0066d8176c34fd2b902a8dd1ecdf7ff7500361444f5930c, 04491298810eda7f3a8bba3ae72c4ba114ddb80f7f230c12db9cb7da6e2f9643
DEBUG DBL X': 0c58bf5c28a388c0b981bc359d1b83fb2261cd882f91a5e2218cc7ded5c4bc2c, 2c00c32b18672ece65aa973a079c558f3be2f36f47b1d5a46fda48bcf3f86bd8
DEBUG Q->z: 26cce1facc5ee2f44682c6b00e4a24131b0763d3d4edd53004c6918b67674370, 250a50bb082e67d34c2d2d56ed73b20a0c5b6822b59690dfb35d3a77c7f7d417
DEBUG yQ: 2b5cb812f25e9121e20ea4765366e43ac53cca8c700a58bc7777401140bef1fd, 2226ccbdc8e490429a69045837683693a17c4ab8763c57c5275412d0256c83e2
DEBUG DEN: 265521b3038b821a0bcd0336254c7017f2f82a8777a2e6ebb2cdf40ba900e6b3, 13e94b08b097805b7c81c2f9ed4f14c9ab772adf8406e4fd12879989725c0a7d
DEBUG DEN_INV: 0da7e6f363b63764d639e917abda088e704aaa842526964e02443edb17f15150, 1a60183b92a071e63b96398d3442df0cc4ca2341b2cc32308574563eec82d049
DEBUG LAMBDA: 1a401b9c8001c6b4e5ae5cf9922c3b0511125db8fa0f42d8246d01bb2dd81802, 04c2b20c9306df182314fd83dc4c08caaa12c95c0a9bbedb989716efcd02948d
DEBUG DBL p->x: 18b5cb75b8b6803d0505bf75d3407d5028cee904bb8774fcc9d96dc46e5d0ace, 0b9f7c7905afe87f4bfc7cb696fc85cef516e8f8eaf5cca0fbdf928f1f0e3b99
DEBUG DBL t1 (X^2): 1aeaaf42af2fe3278f6b2f8baa74b62a859e5691eeb703bf997d4395285dc542, 1b8feef306b36897ce1ca152830547568a14f1d0f415925c4ddf61380ed66ee5
DEBUG DBL M: 205bbf552c5e094cf5f148ec7ddcca21f959992463b340b190573ea8a09c527f, 224b7e6632e8999db2059e41078e7da606bd6ae173ceec87ad7d979154064f68
DEBUG DBL S: 2d5aa9ae3794adbec32cd142a3b9045922782902239989e7dd8e896e59e6d7c0, 129ad962756f846b484173861cf8f8c7a00b9f25958239d09adfc3fc381d4b58
DEBUG DBL X': 26cfa3dc084aadc2953e805d42b1833aef0130c901dd18cca0a358dd5b7030ec, 27fb8b42fadafdcfeacc4240bc004bac6a1ffe473d85612c46c8414a4fdf65e4
DEBUG Q->z: 2fff5b9e8018d37409e333926841b94bb99d4245ec4a98de8f71c5f502ed515b, 23166f4ddd3e337e5fd7d74a39b5641a51a4272a9760d4c25d3498dcf2cfe45b
DEBUG yQ: 13549dee24203afb9b74872f87daa3cdda4046fef480a19f113c9bb334ec89d5, 0b80a3b5bd091060e8c62a82f0fe470a2b93f6de33a78c47bae0c8dda45af9d5
DEBUG DEN: 26a93bdc484075f736e90e5f0fb5479bb4808dfde901433e2279376669d913aa, 1701476b7a1220c1d18c5505e1fc8e145727edbc674f188f75c191bb48b5f3aa
DEBUG DEN_INV: 23e0aadb0e8369fe0af81fdd9bbf4d1d6a84f112cc573598244a094395041832, 0720ca74d11cd39275f97654ed07daa9c2d36e5114ddcb755538468f53b32743
DEBUG LAMBDA: 0ebde3eb1d9aba82527033017c1fb5b4e9519682c5101332b6232dc24ea5d3e5, 170278b178b6386f1eb6c26d779d06f6172832c954d560ed9bf9996ac32a4c65
DEBUG DBL p->x: 017c86e53109426c1d52ad44ff71c7c57b5071c2d0b4fe71dc5418642bb23926, 0040304464c56bb2f51f3481f8e7ff688788a70a31fe1eb0cfda1d1566821a1e
DEBUG DBL t1 (X^2): 0b4731edc6797f12d82bd6c3167d3590181b839e2054bd805a824f07249b6e8b, 179ae2ec0d854bbd00af819f9fee4833936bb7fe3577cc7899ec77f763ede9a7
DEBUG DBL M: 21d595c9536c7d38888384494377a0b048528ada60fe38810f86ed156dd24ba1, 166c5a51475e430d49be3f285e49803d22c1bd6937f59adc91a4dbcf534cbfae
DEBUG DBL S: 19dd55ca346aa03ad39bb758939fae0edc4e90ac446100ea0e78e4c9f8f866d9, 226c4ec5083a652f0689bee1f7f1f57e8afa626d489eac129d66b4e5c1a7b12d
DEBUG DBL X': 12aa5c259b08b1bfc0c070afc8a74f601be19846b56b303f919549a2ae0259b4, 01b0e4a163c5adc92229ab6716c4b60d887b18786909ecd02a938814c36ab9a7
DEBUG Q->z: 14981c567a50436816e040999fe0856f2642de8d46af957fc2c6d40a88ccc019, 190bc85c802dc215ea8633835328f51cb37b3f350094c96b1eff059191d8aeda
DEBUG yQ: 248fa13004a415e5095a4197fe9f6bbed93695206a3efa4ac7f0badd4c98c2ca, 196d6415befbcc2bba75325d31c156ec24e7cd020df4ce5d005d53da5e03aacf
DEBUG DEN: 18baf3ed28168ba05a643d797bbd7f201aebbfaf6c0c2a0853c0e9a3c0b4884d, 027679b89cc5f82dbc9a1f03e201557ab24e2f72b377d22cc49a1b9de38a5857
DEBUG DEN_INV: 0423d7c111219bc2f33301d24b0d4b50f31389ffb3a7c9762d7346354abce9ec, 26bdf6b43ca8af6d522725c9c4d34f30deb99257275dead772eb8af392d48583
DEBUG LAMBDA: 1d12f327dbd35731b1598759331beedbd5f50f47e00a55b31f1800a2a5de673c, 191cae949221b1ed2d00e520d1f4f20872b53645ef4008560374d5c1a9b87d9e
DEBUG DBL p->x: 2712bbe5e52cedc51403dfed082cb5ac31a1f88491902db62e98a6da9101e795, 084b9fd1890752fc79cdb7af9d42e19146cd5e57e0468a2d9c36d0afcccb75ad
DEBUG DBL t1 (X^2): 25b0907bbf12d4797d1641552fd3665703aa334a505433246a1ede57e96f5f41, 00ce9845b228757ef8de8bd9d81bccc58983035304702df76945cc0f84ecb57d
DEBUG DBL M: 1049148d7ad53d1906a238928c778249dbfbc4bc20190452c61b82da0b542335, 026bc8d11679607cea9ba38d885366509c8909f90d5089e63bd1642e8ec62077
DEBUG DBL S: 29b97c4144d915e7a742bb9a6846161fe7a28db78a6725a0ceb8a30472a6bb40, 03ca7a842917e245097269e7bfc765923fd8ac080162877fbb1b7ae0218ac13e
DEBUG DBL X': 1d0c0574ad506c5e13cf419aa1348088adea0fe9f640501c950c4c65ba06b416, 27f8b105d323c2e09d7d766318dee0901cead18e0834d7d3595733eb6400e0d1
DEBUG Q->z: 04544dbf6c3a1fcc443002dab49a097629b3941f45036a5f6229c7b01d5433d3, 21583f611bb88bba28ef15b44f3f163d94f251c47c515dd5df38af4a47925b7b
DEBUG yQ: 27639d1b0fc95d316c2531511c4d87226e60a268449d2ddc007ccc8fd671bb34, 2aa9fb04fd4f5dd63b1bf2f15d85dd1ae41cd9c443befc3562b1a7d09c1b29be
DEBUG DEN: 1e62ebc33e611a391ffa1cebb719b5e7453fda3f20c8912ac4d90d08d4667921, 24efa797196d1b82bde7a02c398a61d830b848f71f0c2ddd8942c38a5fb95635
DEBUG DEN_INV: 03f4fef9eb407ec17357a25848ed8e47b58b13802b582fbbf23650d6713bd6df, 137227794c3444a57e3982b4489130e9e972d99dd6265d44b368530941ea8518
DEBUG LAMBDA: 1e7f8cfb32542a1d1f2a7eb72425194c19d9ae37924153947800d4e5d9033be8, 0ce96b8e951bf8827f2248ef352dc46e8f6a9980c89515f234f75ff1f85f6cd8
DEBUG DBL p->x: 08d29986fa790c360db1f57bf03450397918d1cce9956e7c8bb1d29877711d92, 29960a07ff4e9aa31c1d30d08f3e0969bae1731d7bdf2783b64ead148d6960eb
DEBUG DBL t1 (X^2): 02cb2a481f85a8e91c8d77e1318c3174013c8b5e4e938e6dfb866e567e884e0b, 124114c5339797af1e3c35428789991816eabb51fbcc38deec2058b9261ab7d7
DEBUG DBL M: 08617ed85e90fabb55a867a394a4945c03b5a21aebbaab49f2934b037b98ea21, 065eefdcb99526e3a2645a11151b72eaad3ec7648af2e00f88407e1499d32a3e
DEBUG DBL S: 0b7fef8eecbe40658c5e854f8d9e299a07a1df8aefa90eda73301159e5361040, 0ddfd3cfbca24a191c683218476558318ae8a6ce97df81893b22786bd8e8fbf4
DEBUG DBL X': 2aba198e524557ab37acff8ce465f03f8049f1ad8f23d15796f2b371b7a74c83, 1fdba7be895de7dd13d786ce815e229d12b37e87c138374d5ab572c5eff99702
DEBUG Q->z: 21dc8b49d9893b396b08d836a3370e85dd35cc6f36cd202f0875a05bdee9ed49, 02148facf1ef642de066701b4c41990d2654c4f120e91475fa7d2c769b89fc44
DEBUG yQ: 1e34da9936a42bed4c8ca71758515aef7bb71f89b04dbf5e8883c20e93e1bf82, 2c24eb761dace3771f2c3d721c707157c18b13f49945eaa6fb5ab021f6bb2299
DEBUG DEN: 0c0566bf8c16b7b0e0c908782f215d815fecd481f829b42fd4e6f8064f4681bd, 27e588795a2826c48608352db75f8a51eb94bd57ca1a0ac0ba94d42d14f947eb
DEBUG DEN_INV: 0038687bcdae332d7ac0c6b98ffae7c9ec4d098d4e81aea16994ca92f0196144, 2cd0eecff8c3eacd9244bd4a5d7a9e853d63fdf5c95cdba3185da2aff9072c18
DEBUG LAMBDA: 1bbf111b2d0e5f001781ec3c74d8843729d4f5d24069c6b0821b89bb2a9f0554, 05fa10271e26b4790711f1a0fccbd5a353cb02d8826e791efb4b173070a0b144
DEBUG DBL p->x: 15a904d78282fc9a4c401bd50da7022fed199f13db7131a0dea4a0ba1791223c, 0399fdbd718a98beaa3af8e1983d50c2a2d49e000bad1143bcbc8af4c6470ea0
DEBUG DBL t1 (X^2): 07bc2cfcf707e74f77a37a2d67554d2cc896320ce9c7ca88a72bf9c068ba7b5e, 29dc0167ea2c8188e8969cd5812041438f61e3f2fe4385fa7f7ff4798a4690c9
DEBUG DBL M: 173486f6e517b5ee66ea6e8835ffe78659c29626bd575f99f583ed413a2f721a, 1ccb6751fc22444749234b13805e130f7f22d6b629e6fcd5063ec53eedd9b7cd
DEBUG DBL S: 051d0de0e2f8e269ed95f90118cb04ba48a22a1f5659f24f9a0dbf5d6a1baef4, 213bd6f5852eb96da36fcbc6d6492e2d86176906e78ddd2798d1f5c92581eb32
DEBUG DBL X': 2e42c4f03de967a5a1691c303085ec2dd2d4fb6b5b5dc3db9723eeebce06f667, 11d0ecba5959b462f3fcfaae67c6beee5510f29ae7ccd4b751441958cee66b13
DEBUG Q->z: 18e5a40ab8f080f01cce2d7b8ed5f49c58a3ff27c4a7dab4b5893a71e7572c8d, 0ae39e0a91a01e86d6a028a2a69103ad1859d0dc18ff1eaf60bf2c5fc9c54c24
DEBUG yQ: 1d3af5cf87faff5d724f1b33d679ece31384712df8284af2b9da2a40899f1c5b, 14a879b5d17e13dc4e7bfcb0f1c4a79c4979fdae339dac8fc2e9c6aaac70c646
DEBUG DEN: 0a119d2c2ec45e912c4df0b12b7281688f8777ca87decb583793c86a3ac13b6f, 2950f36ba2fc27b89cf7f961e3894f3892f3fb5c673b591f85d38d5558e18c8c
DEBUG DEN_INV: 2513c3e5a6597e3e7cae9d1caf45be74e9d6654267687492d722ddebc54128c1, 1c296c1a2ef4cf03eb7dd3e149ab69e3de8ae67171f74346da6a2298e381c036
DEBUG LAMBDA: 21234ec4a35194df0ad060615868fcfb548c17abae3f69ec6b6ec38f253daff8, 13ff817f0345e5c18647d2cb933d6e3db9e3596fb9444378d176d52a6ab58b92
DEBUG DBL p->x: 2e42c4f03de967a5a1691c303085ec2dd2d4fb6b5b5dc3db9723eeebce06f667, 11d0ecba5959b462f3fcfaae67c6beee5510f29ae7ccd4b751441958cee66b13
DEBUG DBL t1 (X^2): 1f17103bcab5fb903168320805d577acd664f62d2138ae3345a7ed522e6ee3c3, 2ac46897e947a339a9eece11330bc951b1b74236d16a83578832d0c18c260cbf
DEBUG DBL M: 2ce0e2407ef05286dbe850618fff0ea8ebad77f5fb38400c94d73bdfb2cfae02, 1f849ce1f973a9598d2bdec69620ab39e622f181a35bf4ec20575a16f3782baf
DEBUG DBL S: 0d30fa33ebe4f8c8b70fdf107605be1042a26cabf0d80b28e7706de8f04b3dac, 2f2eb9232f63716e19ccf53afc7c44d97affe1bcf0faf3097a1fe9aa5c2bf6a4
DEBUG DBL X': 044a3e1943265939b46a4f01cec05ff615dac31dbc38f2cd27981852b2f55ab9, 0846ba6c40094147c354cb59134c5b72d9968ec3b434263f04e019d443dcc99e
DEBUG Q->z: 2d867c0dfde715534db869d0c292c60eead1eb1c589df3000e91bfc2776483a9, 2457aed8f6d2e049bd68e35e9e17f5d110e11915330434e2a1d71aeecdd83eb7
DEBUG yQ: 037edfca5a46e13a62e61f1db57e5d813256d7e956aa538953f6de2b8b166a00, 22bbf9d78fa2a093487fe039001ee840fc20339868d945b468994e6c05d3fd01
DEBUG DEN: 06fdbf94b48dc274c5cc3e3b6afcbb0264adafd2ad54a712a7edbc57162cd400, 1513a53c3e13a0fcd8af7abb7ebc782460befc9f6940c0db951210c1332afcbb
DEBUG DEN_INV: 0778762cfc24b3e57a0284365b06d96e60aab768d4bf65e7dbdcd284cefb2eac, 117be817b8de94fd5c3945d7d7ffb27b38467884953fb64f5015197e94e41603
DEBUG LAMBDA: 2b9475489d44023755dcd97b957fb3a69cdc6e73db7a01b37c07aa23ba8953e6, 04b7cb44bef87415c56df613aa6c3058b68e31bc7b8de0b802426e9e89632cb6
DEBUG DBL p->x: 044a3e1943265939b46a4f01cec05ff615dac31dbc38f2cd27981852b2f55ab9, 0846ba6c40094147c354cb59134c5b72d9968ec3b434263f04e019d443dcc99e
DEBUG DBL t1 (X^2): 2d0f56c21f6c9a8e6155955482ecef027f523b4876f1478c85c21b4423111d53, 037125210f3e4d2a3a3fc9de87bda62bfb480ed7c3abf4dfdd1a5eabee5693de
DEBUG DBL M: 266567609be28f57b360349085c41c4c4ef3dcb693f0418b1905399eb8395d6b, 0a536f632dbae77eaebf5d9b9738f283f1d82c874b03de9f974f1c03cb03bb9a
DEBUG DBL S: 0b6a5998d8ba6358cbf270219b2e9db918d673194a8efb5a2a55286dedd75e5e, 210d2d2cfec4f14e1131ca02f0969918b85698bea3717dad02cbc4c80232319a
DEBUG DBL X': 17285e91e065d15b8fe1b07de4be0398942833ed3f263978099c1a82012d441e, 202d15b9fc8f320abae0860df96ae335f2b4f572c8c681b3ad881c6b32c3c336
DEBUG Q->z: 09a8f4a0f5ac1ac751e7e904d8d34d1ca0e3ce798e04fd235269086c417eafb6, 043df297e407b0efb889aeb7707f06c4c6a573e1c63d9638a393ac269b6e893d
DEBUG yQ: 241038b7c4741d821cc126d4eff4a4292df0c4401925b86bc2aa6de10f79e15d, 0f192317a4c1484c09a7ee73ef9e680e5f12bade5a6bb071e135a31fd2a42c13
DEBUG DEN: 17bc22fca7b69ada813207f35e67eff4c4601deec9d9a64a49344fab4676c573, 1e32462f49829098134fdce7df3cd01cbe2575bcb4d760e3c26b463fa5485826
DEBUG DEN_INV: 163c185990a55c5c25c79fce4e9816bce5f6c8a17b39b7ca33f9ecaa3f6830e3, 1140c26f69a37d3025ce74c64c178c33293da8836edf2fa02b7a9a218c6135a2
DEBUG LAMBDA: 061559154010eff8def14efbee247396976b3988333f780fb94638d93f7dd074, 0fd99685d05c9f85548413f3e6ef7fe1e9a53675794906324a5c5e8966b7de95
DEBUG DBL p->x: 07bf2a5e010dcc110170c065b8471d46d475ab69e5644140850f3942579fc7e3, 20cf47989acd05f409eee559f7a9981a4be914110ef595f49cc5015680d54120
DEBUG DBL t1 (X^2): 06e5efdf5af4029ca7e4a36fe7601b1ecc4a83c23498fefd07b78ad4e0cd5aa5, 09edbadaf645cc07c48723e133f5babe91efd14fb24f17c5597ffc69d68b99fd
DEBUG DBL M: 14b1cf9e10dc07d5f7adea4fb620515c64df8b469dcafcf71726a07ea2680fef, 1dc93090e2d164174d956ba39be1303bb5cf73ef16ed47500c7ff53d83a2cdf7
DEBUG DBL S: 1dc4bc1178985205c8a0654750040760fd4e060759991e562e2a3767e87c4c48, 17ff252b243e3ee374cedaf02dda0a38e6d0db52fd20ea72995aceb29732d85e
DEBUG DBL X': 014ddf478fa302984ad06ac875a46bef8aa167b53225894f2b1d292a09d88315, 04fae3ee8255cb46db436454240328670973a796a1445ce0bd8aaf3a38da363e
DEBUG Q->z: 0002b764cc7c7ba66dc0747ef17286b6e404dd60e8308781a329618b502450d3, 2f26d247cfe396cdcde87c2af5ef300e3c254caae0bfb54b0306079e66f770d0
DEBUG yQ: 1d2fda7c4cbd6dffeffb4db8719e929a03751c6a70b8312309262a939eadc155, 1158af00e477b7822e8fda9b75532327ef45f7121435e0a9ca8874a098bf7f21
DEBUG DEN: 09fb6685b8493bd627a655ba61bbccd66f68ce4378fe97b8d62bc91064de8563, 22b15e01c8ef6f045d1fb536eaa6464fde8bee24286bc1539510e941317efe42
DEBUG DEN_INV: 2916b818d46f76d4399a4af8a830e67a8249ba770d69e5bbadb627f412633c78, 088c2b8fc5d6f75f825fbc22071bcf9cafb376fbf9cf24da85efbf31d60df77c
DEBUG LAMBDA: 2cba9c1bf2dc45575c117d430bfbfbf4bff039134b8081295fe282027c3a9d8f, 24b66f2ef80c23c0286f67d3f94ba9ae1ef1e8800990d7e7af05133d0f4f5697
DEBUG DBL p->x: 1d2e3312c25d890f48ccda99ce1e6db51c6bc5f11cc06358e27f64310fc63ceb, 059240eeffbaac50823bbd69309130fd5bee020b7ff31ba10ed141b37d9c8e0e
DEBUG DBL t1 (X^2): 2d10268ad3d025aea44c8a487c49e77f878fbf64e4e86a1e39f412cdaec43c19, 089e3292069c3ebe25bbc7482291a58ee48495d1020b1485ffd7cfed86bd8337
DEBUG DBL M: 2667d6bab90d30b87c45136c71db05c367ac690bddd5a940359b203b5b52b9bd, 19da97b613d4bc3a713355d867b4f0acad8dc17306213d91ff876fc8943889a5
DEBUG DBL S: 191457ab6201209dc40ae31c06b8773a92ae81bb2447cfc27a06a1ef3f1cf6d3, 05730bd0d9900672b2ed874a1fdccdf182ee6f237513c226fe385f6b6483da32
DEBUG DBL X': 1100c6754d6e499e8a8feed94446cbe7ed78f8f2a4687a21ee608349c5dd9244, 210fb1611d09ea452969e0e879d33b9ae43e393d3d67b701042c2f30b8d22a7c
DEBUG Q->z: 1ffc1f48b2d7a2b2a0ed3c3cf55f31a1d6c44f32aab83d8ebd02110135197025, 004bdbfb2066a5c25a6b721f92864c02fbe03d728151418dba6b5418a4dc9976
DEBUG yQ: 2fc70b9c57624236335cd3d9c0cda14f5e44354f78a7a2e633d5059097d30704, 2ecfb7fffe185c28cb36d6a712486a94a878a1506034643c86041f2fff2dea90
DEBUG DEN: 2f29c8c5cd92e442ae6961fd0019ea412507000d88dd7b3f2b897f0a572910c1, 2d3b218d1aff1827de1d6797a30f7ccbb96fd80f57f6fdebcfe7b24925ded7d9
DEBUG DEN_INV: 1ce606cf2f5fc0edf64ae74912d845872321cf3649dbf77e46fc55af3489c0b9, 25e2dcac936bd1003f97489ca4fe5b595f62a98db922b1bad8ec18a4d1d5c890
DEBUG LAMBDA: 0a975498e6a3655d04542ad38a291556a32c33668b35e282d35b41cb75fcf0a7, 15ebee86d387fb417960d2a9b6e0c1f4cb4be3d5c0129b788c908ab63b1c313b
DEBUG DBL p->x: 03f22d38bd82d547d22ea7ea5ada979c80d1621da5e1bae55f59cecc01451f9e, 2c77ba3f965258fd0a480c4dcd8922334ab35568ef4d595222f254f5a788e788
DEBUG DBL t1 (X^2): 0142b05c4cac6822d28d076ffc799bf8da2ece557012aeeeee64120466e415f1, 10c7dd560c598fb98b9ce651c289c2f69cae77d44dbef8b07eeb14650c2ac175
DEBUG DBL M: 03c81114e605386877a7164ff56cd3ea8e8c6b0050380ccccb2c360d34ac41d3, 01f3498f43db0f02ea866d3ec61bf0863e89fceb80cb1f8440a0b1184c034718
DEBUG DBL S: 1d10b7f3102e1ee18b69965eddf48df8c43a62e6749e5fd19f38564d4a40174f, 147345a3aefb4d842861f927579797a4beb12aaae848e1a3b160524211bfcedf
DEBUG DBL X': 121c96201528ebbea4708e9468db4d05f1d850db56cb4633cba320580d5c0fc0, 286858e205b1efdd9881d6b84defa03eff1b853fe7e8c84f33a9a3e47f948911
DEBUG Q->z: 021eab345bc4238ffe7eb6753c7add4fedd396479743d5062c1adf8746e8e3da, 2944802d607db899031862eb69d1b772d037d0d37791e0c9f3a080a811da778c
DEBUG yQ: 23a2422ff65d7f59f3c9630377ec7c461e55d74956268b8d035f11f0ff3f7460, 0747f65e5654daaebcad2ada00a822abd6c424ffc36dac313068ae035fda1bff
DEBUG DEN: 16e035ed0b895e8a2f4280506e57a02ea52a440143db4c8cca9d97cb2601eb79, 0e8fecbcaca9b55d795a55b401504557ad8849ff86db586260d15c06bfb437fe
DEBUG DEN_INV: 1f8643c3e0f8558a3b7b7746f864f17847a719212f38f846a1297f49576a7910, 22133d51c22f69bb73308f858ba9d1b8536fd4aaf8153ff04039f1180459a580
DEBUG LAMBDA: 0df8058858012670ca7f372086ae2d47827f583ecf1fca9980ace5616913e94b, 180cbeaa19e8a1a824f8e8d18e8167e4cb95975ae5b5ca9e6185cd4b4ac2dfe3
DEBUG DBL p->x: 121c96201528ebbea4708e9468db4d05f1d850db56cb4633cba320580d5c0fc0, 286858e205b1efdd9881d6b84defa03eff1b853fe7e8c84f33a9a3e47f948911
DEBUG DBL t1 (X^2): 270967163ba4889910cf2ce7e8fbbee665891f296437323b38957852b7f20522, 1bd7631e32b5f384439179f249764b42212ff2313d81adb77a67421f841f79d2
DEBUG DBL M: 1453985cf08a5977c1ccfb4ab7f08bf8019888595bc20197317f50ca76dc14d8, 2321dae7b6f03a63126428205ae18968cc0e6c0250133e9933153a47b3e1702f
DEBUG DBL S: 0735c8f59722a3d10051a5879ef41e3d37ae4b56aa394171688623e8a180e09a, 2909ce50609a7ffcba750cdba6ee1a5a902cdc4847ce7722c90cb1d225facea6
DEBUG DBL X': 0bd48638022247099a52d830c7e830d37549e43adc3f52003f578c526c5ffc06, 25bc61cf4b909f6b51fa6c5a8d48622f3fc275408a5a928787f5b535ba0778e1
DEBUG Q->z: 1a382bd61b71d4d294ffeb7f27f6cc5da18a05aab22e71813efede2e858e9d03, 19ce767bfb8b6466993e7feb45ddb15686b3ab823b7c45dd4e59089ca7f5adb0
DEBUG yQ: 1db96be9c459f0a5078b6aca9591ddebc7f03cfb855916dd0b8faa4c0d20609d, 1bc6b9f2273a3167306608f808690c554f4aff00a2b30862fb9fb8868885d234
DEBUG DEN: 0b0e8960a782412056c68fdea9a26379f85f0f65a240632cdafec88141c3c3f3, 072925716d42c2a4a87bcc398f50c04d0714936fdcf44638bb1ee4f6388ea721
DEBUG DEN_INV: 110290eff97716c9452d099c261be68a97e94080f8af482a9dc2041674928b88, 0fde45287f6a1591b39f13aadb1cb301187816838a3912301651076b4627379d
DEBUG LAMBDA: 2f41eef680aaea80575d208de675f78072d533fc43cd454b94ced78b858e8b10, 05f1c96e534306b3c86f8b68af354e36770976ffd9f40e6251d7d904917f96cb
DEBUG DBL p->x: 1c46e5e5d9f309c7228d779f3f67eb6557c822389cdb2b6020ed319509de7ef4, 1caa18d7bb341be7461d6b65492f0548311545f1ac1d2644dafb136387e1e4e6
DEBUG DBL t1 (X^2): 1ae24299ca5b53e2c861dcc7db58bc538f0ebf5170e0cecfb015f01c75810c7e, 2e3d72dc3a3ac7809488c53725a0a27c3805c2dc929683166a9793393c845d37
DEBUG DBL M: 2042795a7de05b7ea0d550a11088dc9d15aad362ea30a1e1d421443e88062833, 29efbbaeec4d162e4cf9c4386ddf36b9790e7372e6dff428c785a17e04931d17
DEBUG DBL S: 23fb25e6306722931c4b59c3ddcde8e36f1b5649a23b21edf93379ddf64fa1ce, 29920d8b5bbe184be786b8c934fd197b94c515f497ea1b03a46337b5dd122bbf
DEBUG DBL X': 0b64548de01e70b2800b1a035b3584f6a9cab7aa6515f78dcd3882bb5c68e260, 2621fb5eae025565f555d4e128241810a523b2d8921c9198c1812e04e64afc88
DEBUG Q->z: 2cfaef9fdf19800c6c09a045c52c840324ad8291b0d40c47e0a0c11bc5b0d1df, 0e9d2fabaea2d61577ec4707f796c8034ef9732c4b27d42926b0cddfb08b75b4
DEBUG yQ: 08ee6fe03689daa2ff439c7812253a445d5cfd75dd34ebee18683e7014edaaf1, 21e3580bea348bc898ee760acd5b37617dc360697602978caf4a99afcfeba33c
DEBUG DEN: 11dcdfc06d13b545fe8738f0244a7488bab9faebba69d7dc30d07ce029db55e2, 136261a4f3377767798ca65f19351665640556418393648c2274a748c75a4931
DEBUG DEN_INV: 066386fa23ab074d688283e799d013a9ad74bc0a9eb8ac63948b327321e16017, 20c953016a6d4f5ca78d9291544a79a1343027a5f43649a5a75aa27b37c9585a
DEBUG LAMBDA: 2ce74d5442d3ed1a5fe18a9e96bef168d62b930f6691ddf0d05b77f003083ad0, 1b2ebe298a8f2b990c4c620279d7291b7bf9bb2dd3823a1ed1c087e26b620fd4
DEBUG DBL p->x: 226575bcc237e8d4dd0e83befec9c66a3d5ab76f6db677ddca81814da85faf09, 1a17694dc4257419bb07b5c9e893174a577ea490a9fdec249745accd4920aff5
DEBUG DBL t1 (X^2): 069702b51a1c4b06a68bff48b992840da7bf26752792791f9a419e2414cf7857, 0583e6307558a5a9d92647358ed334a34a942f8c13d4abe3a65a6e752797d7dc
DEBUG DBL M: 13c5081f4e54e113f3a3fdda2cb78c28f73d735f76b76b5ecec4da6c3e6e6905, 108bb2916009f0fd8b72d5a0ac799de9dfbc8ea43b7e03aaf30f4b5f76c78794
DEBUG DBL S: 14add3f49d79146b361808942bed803785f2bcc488b296d0702cd43a67548907, 0df5f47e59509e37eb3fc82092ffec8559f47073e5f89c4d576cd4ecaa604fa7
DEBUG DBL X': 2130854c498ed2a98a41794c4c537d4d699a736ce8febd65b0c714b5efd64270, 015367670838e44a5f377148891df2dd484800aaf3d25ede79d5b185c34cefe9
DEBUG Q->z: 2d0180a82f28c0e70f37b373c812d5d7916fb68184bced17e23981ffd7a128a7, 2621d5987079fb5a4fed0353d85034b6f9c4d96a7b9e8b29bb8253eb3a7ab30a
DEBUG yQ: 0381872c3253f4a83fcb7cda1150b17eff1a1d0acd270bf4feb6820648996243, 2648b8dc633cf58377496d716c6e6699363fe68d1acd12d6d29d8ceec77d651e
DEBUG DEN: 07030e5864a7e9507f96f9b422a162fdfe343a159a4e17e9fd6d040c9132c486, 1c2d2345e5484add3642952c575b74d4d4fe6288cd285b20691a8dc6b67dccf5
DEBUG DEN_INV: 02a4375aeb70f463b00350978575ed78cf50bba1034616bdae6a369cc2b20f9c, 0020f3eb7182448ac75afbfa09202247913ee0ea8ee9979a564353dfa7d88baa
DEBUG LAMBDA: 2cc016bdf77461070aaea214521340a3b4ad01a8ad07a3920629b4c875ddc6de, 14c4f0e1fa04a8d99833c47b203771ece244b9bac6935ec9d5279ca2f4b6674f
DEBUG DBL p->x: 2130854c498ed2a98a41794c4c537d4d699a736ce8febd65b0c714b5efd64270, 015367670838e44a5f377148891df2dd484800aaf3d25ede79d5b185c34cefe9
DEBUG DBL t1 (X^2): 273e7e8f36987bbd5e18bd9b2805ac2ad2154d639e54956020678ab10066c4ea, 1b32db4afa8eab81ba2c63dbcfb2a9b977ff689972060b115a3837aeaab45937
DEBUG DBL M: 14f2dec7e16632e4a9a9ad64750e53c5473d13080a1a2b05e8f587e5503a5430, 2134436e0e7a625b7634e5dced96a4ced07ccf3aeda056a6d2881af527a00e5e
DEBUG DBL S: 0e82bdeff8a7d78af719770d95300c4b9e2e44882ab83721c67ed28688a580dc, 0bf61deea02de7581b7c2637e8c8978c5cd77556b99e9b1db9aba02abf869902
DEBUG DBL X': 0d9b2c7f29d65335c772784cf24c61d6767e5223beafa1a92f86b28ba7ee5e11, 0cb85a3151310e83cc406187fcc4dc4c79da7db45752f892576172a7770fb6da
DEBUG Q->z: 3024de85e04dc82a4f3d712f8c1ddbb020116a449b9508a4dfbf944046af336a, 0b131d5a0ec529024371075911cb4a04234b0608d23addba100234c336648572
DEBUG yQ: 04aaf8a1881c9c0948ecc4f700f7f6c12b45d28a6ceab0004b2f7fb6d8bfd329, 12685614873483861ca19e74448b44b3cefc62a3c6b8e208095c7a76fce00886
DEBUG DEN: 0955f1431039381291d989ee01efed82568ba514d9d56000965eff6db17fa652, 24d0ac290e69070c39433ce8891689679df8c5478d71c41012b8f4edf9c0110c
DEBUG DEN_INV: 1f7f7a1bc811b7ee18b85d425032befbbeb6d942a6f0c9dd2bc6e1271c4001a7, 26a1092d357c7ee60c7c059db5678a85eadac2d77e6051d74e27a50e24cf3ece
DEBUG LAMBDA: 12fdc3eed1d6ca435c35fa6e861df823cb6ccb4e195da847fac153d275c99b98, 1c66f94409ed2a636a05a7429ed888eb7c5592e8c4d96b77a31a05c655a3180e
DEBUG DBL p->x: 0d9b2c7f29d65335c772784cf24c61d6767e5223beafa1a92f86b28ba7ee5e11, 0cb85a3151310e83cc406187fcc4dc4c79da7db45752f892576172a7770fb6da
DEBUG DBL t1 (X^2): 1e5e02b365980188715e56eab03c6df1d7c9ac83ee981e938a2d97e41e31b506, 0b0688fc709d2e208b4cd958d7d60cb9594230b834e9aed3aabddd85621d7cf8
DEBUG DBL M: 2ab5b9a74f96646f9bcabf098f33f177efdb9afa6356912d62683b95821821cb, 21139af551d78a61a1e68c0a8782262c0bc692289ebd0c7b00399890265876e8
DEBUG DBL S: 01ef7329cabf8156f2ef38bc74e419ee5080057d7b441b1acf78d93deaaf33c8, 13af9310d107d08575009ae228a162f694884392b94581e4827611c91a4e8499
DEBUG DBL X': 1b9fbc30900af21dad2f704dc586ff353ba1929ddc31347477f8fd07c71203c0, 0e00936334c16d7e59fdb6e60cd78d8e5abeebbd9531113e1f96f24f3ada4242
DEBUG Q->z: 07bc9e6c74e57e0ac7ceb6054a9f41c6c9277df71bfb587e28f652123e279e72, 01e0586904dd5e796608632555590b49e4580da1f649fce21a9b8b1e8e22c193
DEBUG yQ: 00a8c68a820d4ab6c3e48e28a1b9690b1869e8faf040483e2cb48fb5f7099d60, 035359060cdc99cd69252d8cf275de41638191278569875227f7c24d7be5c8fa
DEBUG DEN: 01518d15041a956d87c91c514372d21630d3d1f5e080907c59691f6bee133ac0, 06a6b20c19b9339ad24a5b19e4ebbc82c703224f0ad30ea44fef849af7cb91f4
DEBUG DEN_INV: 014c19182254a0aecda4ce1de926f6189dd448d01f13a44c1228c42b90ce076f, 2b40e6699b479b80c7caf7de2d088a065e29d51aecc4535d4b4dfc158ba89db6
DEBUG LAMBDA: 0c010259ca0472c852dde994250a58389ac3c79b4b8e39f6e247cf0ecb63807c, 222eb1471efa728fec9a9f0e32bd8a07c08242b14b7b0cc2633ae1268f5bec5e
DEBUG DBL p->x: 1b9fbc30900af21dad2f704dc586ff353ba1929ddc31347477f8fd07c71203c0, 0e00936334c16d7e59fdb6e60cd78d8e5abeebbd9531113e1f96f24f3ada4242
DEBUG DBL t1 (X^2): 15ad5c5ecc3453f886792f354e0d50d73ce19ee913b1150d5f12d9c2468c25fd, 0a778484578cd4a514f8efa108466f9f17dd2f9bae396ec76e5cd70b8216f7ac
DEBUG DBL M: 10a3c6a9836b5bbfdb1b47e968a69a281f237229d2a1749ae118012ffb2774b0, 1f668d8d06a67def3eeacee318d34edd47978ed30aac4c564b1685228644e704
DEBUG DBL S: 1cb8573c44d7f32951725471ec48e0cb86ea1dc810beb0f201c93078cf7942d1, 28629136dde0e066338a508a90848b3f10ba8e363277e3cdd37103362b35756a
DEBUG DBL X': 0cb3ab454359a047deaeaacaa389111b0fe41916d29ce9c860962933a7f64186, 21e6c1bba2092a52eb18a0b433eb7d01d51be3c6de38d6f27781b87e7afc1e16
DEBUG Q->z: 264668e68eacbe3b8c0e98392e76924355262fb25c9e2266d9974bf3f8790061, 04df370d36297e132abc242f6fe938477b969d5c6d9fd6ee41030b2232f91c6c
DEBUG yQ: 2baa1bc621986ba7e3edba5aefe99b18cc97851ce092d48b0552d999f41cd1d8, 28506bc5e281a20f7d8e38f55273a9e62ec7dab5306c92e9870c4654e0e2feff
DEBUG DEN: 26efe91961ff37260f8b2eff5e51ddd401ad9fa858b3de88ce85271d0fbca669, 203c8918e3d1a3f542cc2c342365fb6ec60e4ad8f8675b45d1f80092e94900b7
DEBUG DEN_INV: 0c9d72a004d8e3b92dca800dc7c6e8e4b35d30d4accb1c96f60d8f49e037a204, 2fc466ffbec280c6056b44569134f86360eb5200b64a067ce1c9e879d1998776
DEBUG LAMBDA: 1097b7dca8417b0d2af43cc4d7f63484b32bac6cae54f1984d54e488b6bee34f, 2e49bc2e071fb35cc28c90b9a55ef5d533d886e081a677313949ab22212ee78c
DEBUG DBL p->x: 1002dfcd46cf57f5771b340e7296561476e262b145af0ac9b7d0845ef8a77419, 15279f001a6b7982d2f662c94d52ffb55bc0450a3348a316187e7f0d0b72a346
DEBUG DBL t1 (X^2): 236cc7f81831139e3e47e8eccf442f0f8aec82bf9aaecd63ce03ad16e375ce95, 22dd589dfb3c1e88b7a21834a8afab3fafdeba7bb980fcfd0d4a7e3b289d04dd
DEBUG DBL M: 097dbb02862ffa874a372f596ac9dc7371c2b31bff28d310f1c9ef16f9677131, 07cf6cf42f511b46b645bd30f70c5103e0995a505b9f61dcaf9e6283c8dd1409
DEBUG DBL S: 088907f937d43dfa93cdc15500f61e0a48489b68a0a562e39c6f3a30460314dd, 24df16196f0eda8bf25701cb87d6234d4c9f6c784e88bc8b3e4b1c398e72c0f9
DEBUG DBL X': 1b58d6af755fde07912707247c10955d1fa862c1e6eea6770d525cac1765f5b0, 05c1f23c9b328d48bd3baeb81cbb8fcc81a35c59060cf5468efa85c3a1fd148e
DEBUG Q->z: 247312403627445157b2366ebeefaf09ab32ce83d538166b4e7f805092a14f25, 261af3ac15f351f7de2d5289eb03a29e6593bcdcab4d8026b2df588689e05873
DEBUG yQ: 08dcc26746efbdc2158978c9ea591afaf7c50b767ef88c876b672ea699f187d6, 0a0a85a27df7b524bbf9e42052fb68ff51b07ab9ac11ed885de1411e6a822cde
DEBUG DEN: 11b984ce8ddf7b842b12f193d4b235f5ef8a16ecfdf1190ed6ce5d4d33e30fac, 14150b44fbef6a4977f3c840a5f6d1fea360f5735823db10bbc2823cd50459bc
DEBUG DEN_INV: 043ae4e12c716cdda09187a26416089d7607668b71134833f004cf91bb2e7301, 2ae1f290242caa8f129351870f57bd819cabcd63f09912177943d83742d56f46
DEBUG LAMBDA: 23750bd6c5a9c22817df76bfac54ae314a73560675fb0d9aeaa4015d10dc6144, 0b84cfce7c594439280d8d34a40dbc3148c53ab3220902c414895c94c8dec56e
DEBUG DBL p->x: 104fbb514c16ebc5c49966857e9a8b13828602e3107a20a69aa0216ab4985999, 2f058f9c2d26d53d79e0a69b99c234e2fa4bfe3d288a7a7156001faabd004394
DEBUG DBL t1 (X^2): 1e1331bb062dce52afea1fa18878588d40ff840a4227bfe5bf92a08e9fee4996, 0bc637248300c5df38726d378dcbfed1878ae39c0632b5bca84ff21ddca92a17
DEBUG DBL M: 29d546be3157cace576e192e17e7b14a2b7d218d5e05752402975595074ddf7b, 2352a56d8902519da95747a6a963fc7496a0aad412982135f8efd65995fb7e45
DEBUG DBL S: 27d9b8329f14f935a13436978d2d72180dacb9f413dbd111554929449e6086f9, 0527a7b6ea2bf22de2b3c24f7e566dc90cbfb536774949a276fe2447416f5169
DEBUG DBL X': 12cad80a276845c0f196a291b9e7db9ca53f5130134c9f0f5a2a3c261998080a, 063bb7baa181a67c13ae822699abc55ef13e1d8b16ecc1471f42ef2876de5a1b
DEBUG Q->z: 18b8cb8448fd62421cecdb887593f62d5fc29b87387985b622100deba8629983, 2dc29853efe9878985dc46f809dc43e0d17dfbf632ee22bcc78f31507e13f641
DEBUG yQ: 0a8f6d24bcc5475df7cdafa3b9e4ad2644b0c9a9e9782cfbeb57301de299ba12, 1bd735bcd1f9551f6f89e0b93bfcece671277e562bb750fbb4e7694f9763b24f
DEBUG DEN: 151eda49798a8ebbef9b5f4773c95a4c89619353d2f059f7d6ae603bc5337424, 074a1d06c2c10a1526c37bbbf678816f4acd921aeefcd76a2dae4688564a6757
DEBUG DEN_INV: 0a2cc2cc06905ecb7534e8809bff934b4f936699a1e700cba13de5f539d7dc23, 20aa1951c405a3c774a003bd800824ce361e0da95bea5a52c3d36fc470d22a3e
DEBUG LAMBDA: 0500ca5d652b3505a6a7a8f2fac15da0e708136bf1868c49a81adee04a0099d3, 1a7448ee0b0c70f9a6066c8c3b916129a5ec5d27a00bf8ceefd6714ae52d74a0
DEBUG DBL p->x: 07a5757130d1c955f44d47bd4f1414da12bba6b3bdbc56105ca25d2e94c456ca, 044ddd7e8e2b5cc69aafb9543cac8c500740a69c230af83d5d17fd291668cc71
DEBUG DBL t1 (X^2): 11a64a3f920bfd919849bc04eaf56af569073efb70ea27c0f0a6b52b10f677f7, 18442e742f69d7af33030052b669db3e50c9bc9f7c62a2881a54ae51bcf5ee27
DEBUG DBL M: 048e904bd4f2588b108cee583f5ee882a3945260ea4cacb595d3936a5a666a9e, 18683ce9ad0be6e3e0b8bb41a1bc395d5adbcb4d0cb61d0b12dd7ede5e64cd2e
DEBUG DBL S: 0af51f44ed90d9100c1def033383f50beefb4d3aa802b88259289412d9d99b3e, 1171aeffc5d1246a53f6cd843f4071de4348d47c95bef993c2f1f608268f8ad2
DEBUG DBL X': 24df64e0b3e10e63204e390580360313a9e01e1e52c5654bad0c277742cbd67d, 1daf4acf8082928c0e6c79779dac5ab81b3359b7dba556d41241b77f61de56b5
DEBUG Q->z: 1067b3f7ddd662a5492cf4d7fc282a29b787f70a3874636840d8cec99c4998d7, 3013ec2b73763d0439a3105e34320f70391657df78563e80a504ba847e5aadb6
DEBUG yQ: 065d69f9c9952bba0a7210b20a1accbdeffbe41467aa21290c93f11322c68f45, 2132b960280152900aa00b5b7d2471d2e13ab47104470c833cd6657954fd322a
DEBUG DEN: 0cbad3f3932a577414e421641435997bdff7c828cf5442521927e226458d1e8a, 1201244d6ed104f65cefd10078c78b482af3fe50a01c4e793d8c3edbd17d670d
DEBUG DEN_INV: 0031e3a62ab2d1863b42277a418e39d02971ec4843ffdf018fd8756561681606, 1050659227935971e2864c8828e49341974d0e8d6846a4c448c5a777a77eb34d
DEBUG LAMBDA: 20ac02f37c488d97d7e4fcd13ffed89b348768ea444aea1706f3b34ff3a32a56, 0613120455e9aa0a5a33b74099d89fdf30986c7495851d99b12e453589773d40
DEBUG DBL p->x: 24df64e0b3e10e63204e390580360313a9e01e1e52c5654bad0c277742cbd67d, 1daf4acf8082928c0e6c79779dac5ab81b3359b7dba556d41241b77f61de56b5
DEBUG DBL t1 (X^2): 2cf025297ade01f99dd1a4afa959def8b61eef93e42574670bd58cfbdc4f1806, 1e5ab5acd1366c20f3d5d8c85914675a0860ac8db795f3e319e14c24d58abef1
DEBUG DBL M: 2607d296ae36c59968d462a1f90aec2ef359f998db8cc81aab3f8ec5e3f34d84, 2aabd2939271a439233144a289bbddb081a09b17be50111c11835857a8233f8c
DEBUG DBL S: 0dfb49941f8e9f4bef9a913ab975276a1dff009cda65c3d21adc43e2e4ac485a, 20339b540fd9b995c56794e3010daa1aa1f192578fc89a514ce5f26400c72166
DEBUG DBL X': 292c7e9c7e7b8da41a54f281a4d275bb2fc48109feaa86599fd3dfdd8eecaabd, 1a87a6be286c854aabd0d3fc0dc176178631d8ada46594bb9bd67010d4d55fb2
DEBUG Q->z: 11c4d1a79b0be45e9df9382afc98276cf0992f1a5a2ce3b8494bfd94e2a0356a, 18523f7b931a79423a50224d11187bc0b5cec0f4ebf3b2347c7562a7703a1946
DEBUG yQ: 09344526270d8807992d29dac804c1a2098232ec8a18452fe32a19ba647272c1, 2da4106411e80b8ddab51d8867b153e618ba82bea737fcf5d1ea87a1152192f9
DEBUG DEN: 12688a4c4e1b100f325a53b590098344130465d914308a5fc6543374c8e4e582, 2ae3d255429e76f1fd19f55a4de14f6e99f39aebe5fe2f5e67b4832b51c628ab
DEBUG DEN_INV: 2a300d1a09e552e3c83875e962847c0d603864d2f6f527013cc01b5effc83a3c, 063c09638cc9ce3c87c02f917d83c96e270d8af59953d4b8b15bdc58c91f3e6e
DEBUG LAMBDA: 0acc5285bf2ca4fdd4db4737f155916d11df800a2efd9556178b453b1cb703a2, 0f89f2c7f3b62e2c1b7e52b532c89b8b004d80f5ce0a74e16f18ed5abc4c5bba
DEBUG DBL p->x: 014f955f81c10a805bc256a4179844d18c06ea6e9bcb3ae358a6ac7d069a4e53, 15639c11a5c088762c3de60b0320ba7fa680abf6159b1dbadd7aa0b25de0f1aa
DEBUG DBL t1 (X^2): 08ffa0d559c8d40d64c2dc47edc3f9a14af7cdf8a426dcc8d258c7f998c7c2a5, 1ee7976021a3343eb9e5e7a7c4d15f2904bde9aec5c86a243a06d868a746a4d3
DEBUG DBL M: 1afee2800d5a7c282e4894d7c94bece3e0e769e9ec74965a770a57ecca5747ef, 2c5277ad83b7fc9275617140ccf2c51d76b8527ae8e773df71f3fd231d56f132
DEBUG DBL S: 0f30107467e869c5cb2b582dc56bf7017005ed65c538446528725b21970706ab, 18e95b12a8aca674b452789c25d3b887158ef10815fb8d02d858b1315d039766
DEBUG DBL X': 0414c60655c02ebf96a259f559a38f7c41e118f3ed1a9294a9a1497e7c4f5230, 25ac9c2af0f97841130a1ee388749afce5f5adc8f5bf93e77600d8c206e7a1a2
DEBUG Q->z: 17d8be0186929a0b10fb8c89106abf6cd4cd2f3efa9e5737c3200a8f65c1126f, 0fddf5e4137ff899f190e772dc0670e69f0ff861418dcd47bd7af94546ceb8b8
DEBUG yQ: 1e7ccfe4cac06062d53fd6c622f770c0fc1302387dbcd400c458c5675dc07b1f, 2ac6ba8572225db477affe683f613ce2c7b70b9f5e435b47b833f4eef450b984
DEBUG DEN: 0c955156b44f209bf22f67d5c46d892460a499df9307dd744c90feb7e303f8f7, 2529269803131b3f370fb719fd412167f7ecacad5414ec0234475dc7102475c1
DEBUG DEN_INV: 086035ab3e2fd15825cf53536ad376ba38f70432199be43c279478abc22e6af2, 26be2c19c3780846bf8199ec73dcd04729faa979d3ab446bfb2ec507b63a0a02
DEBUG LAMBDA: 1db37aa5033928416ad9560ea701fd3ddb97c62fa88129cb48ffc8512c917812, 0c5d6939de5bf3dc62dd4133ceb9be9a6ca96922b9c29c76b31babe8f59bc9b4
DEBUG DBL p->x: 1c62b1a2a1732ee74a0b94c2b3f739d47f7bf0e4c7d8900a319cae33e9710bcb, 2f59595475473d476a2e008f847fe1c1b4dd6230c16a8932e6514464760935db
DEBUG DBL t1 (X^2): 1aabc964650b52101d981484c04f1c46aa65444ee9afdd4426496aa99cf5cbd0, 225d2efb5966d8b66e3a822b70104c77411fb2b0d73bfcb15a872d7442a126e2
DEBUG DBL M: 1f9f0dba4df05606a077f7d7bf6bfc7667ae625b549dcd3f36bbb3e5fe646629, 064ef00c49d149cfda0efb154d2e34aa945c42efb4d060f99754702f16e97a18
DEBUG DBL S: 21a51e955a1215a2b0bb82294f070945e325f33c8ba100ecb0796d7cd35d680e, 23daad2b98798021c1febc106f2e9328d8f9c6b3559d1d9418c184d5f4ee947f
DEBUG DBL X': 2c59ff22c6e5cbcbf20707beae6771419bb8170fb1eb7d4c63d94d660f733836, 302a173b281c8061236550b81e4309ee0b1073029a4c0f2c3ec516c17b0dd90e
DEBUG Q->z: 2288c237054cdeebce674c6915bcb1ecaa2f444c1c2a05318fe12c4ecab360e3, 0b8d21bfb8256466eb3311b230fc98a106571e7becfc8201e0fcba7758793c75
DEBUG yQ: 23440d5a690a7498c19c9eee9c475fb280bd48e462f4d60da9cd42d49ad745ed, 2f0cab2bc66db5665ff367623c694ec74172c00c9e4e12dd34ee2d2ae6252c16
DEBUG DEN: 1623cc41f0e34907cae8f826b70d670769f927375d77e18e1779f9925d318e93, 2db507e4aba9caa30796890df7514530eb641587d42a5b2d2dbbce3ef3cd5ae5
DEBUG DEN_INV: 1682da889a8baab6630d825071ec038e081ec63257b3b7042a0d7eca7dd7bea0, 09860b413a350523de45fcba8fbfdfddf389f127780cc9bfb95f56a373f82b95
DEBUG LAMBDA: 00dccc2473e6fed701bd5414bdf4bfe534f61a27a0a159c70fdd0d503191bbdb, 09788a3c1404c311fe8750301daeb9f2df61b5fbfac0dee55a2ffaee172f2758
DEBUG DBL p->x: 195a602d879cf9a6df325f6c90119330a7d8d28f92f6f990134bb000df1793da, 294e630deea491c59fd46f548c4f5b461ee7a1bcbd981074f704f335041c7217
DEBUG DBL t1 (X^2): 1e466407b55948252d8bb73f678b24c656645d6dd9a73dcad8f76ef3fe385d91, 00c7eaa4211ea8e58c7d6bc2ebabfce0353d23fb5e1ab6ad5d4545c5a74cda3e
DEBUG DBL M: 2a6edda43eda3845d052e007b52015f56babadb82483eed34ec5c0c5222c1b6c, 0257bfec635bfab0a5784348c303f6a09fb76bf21a50240817cfd150f5e68eba
DEBUG DBL S: 00b27b7177f2f50f4208164b197294299566b5bb10715a92d8b932f08abbd481, 26c55ad4755aa90daf503ef010d1a5e28e9299880e02a682975d7378df9d48c4
DEBUG DBL X': 269d5b2bc1bdd49dcad5727a191f015a120cd411464d2ce541ffa3933de71f39, 09341492da85a89ff7eafcb1f50379bb11165a0cea1049551d5807996cb2717c
DEBUG Q->z: 0b99a5ff94fbcd7cab5995fd7a2d91dec77688e59b508bab203cf417103e0b1e, 0ddc065e7edc9a2c6fb34867300d84d7758844f3ddde4399d68044a039dcfc80
DEBUG yQ: 0e3e66130cc0e09f1cc2bf1ee1edd8f02602926cf8363d9dc71663a0c9a0aba3, 205f503be6f603327cde5ed8759dacdde6b423594aaf20ca9c8ab361026c8b1a
DEBUG DEN: 1c7ccc261981c13e39857e3dc3dbb1e04c0524d9f06c7b3b8e2cc74193415746, 105a5204ecba663b416c77fa69ba015e35e6dc212cec7707fcf4daab2c5c18ed
DEBUG DEN_INV: 2d23584511504565c752d9bfb0ea7a63d9004dcc9c23a5912b02a3056650ad30, 1339c1bb53e853493b63582b8f98709ad3670e4ee9a32a9bc6073b1814581b42
DEBUG LAMBDA: 2703d9177fea216ca66e2cc84f1681e25c55ee53fdc37ee73eb0aa05e281d577, 140262368454926e43758258ce99b6f4f2a04c841bfd31509fee1879a877bd9e
DEBUG DBL p->x: 269d5b2bc1bdd49dcad5727a191f015a120cd411464d2ce541ffa3933de71f39, 09341492da85a89ff7eafcb1f50379bb11165a0cea1049551d5807996cb2717c
DEBUG DBL t1 (X^2): 037f4e3c00ffc8d11c9b42e5e90f8f67f412534e3d7972fb094513231c01e1a8, 03d9291d20643b58913fe7969de039aa43414943de883e7928931fcaec0b13d8
DEBUG DBL M: 0a7deab402ff5a7355d1c8b1bb2eae37dc36f9eab86c58f11bcf39695405a4f8, 0b8b7b57612cb209b3bfb6c3d9a0acfec9c3dbcb9b98bb6b79b95f60c4213b88
DEBUG DBL S: 18d5b3b7326de81adce23238822dbeb2e04a3cf735f28683614b5870fa080c4b, 1b30a1fb5db91a6ff1a018dbe048b6f34455515770b064997097198641ac2a75
DEBUG DBL X': 2fb8398419f93ff40af866c58ce31d7c68f9ce720080ec5c9d17f287f6d9ed81, 023908abedd53d9064d5cc93ad3e45da5f9006ddee10c251f59476e81a7fdd14
DEBUG Q->z: 29a63cda0915407f1a23f6a7915818fd55a1de41fd453eb8499bb45182d1f2b7, 0187bd69d57f67df88fc889d69e8f1d76b39a190003dd419250abaf304b4d03c
DEBUG yQ: 029495c80788b9d3460632de566eae02490de441c9ab318f9967165f852153f7, 06030eb2f801ff39ae1cca85a9c02c3eb2e535ca88e9c8a2bc4706ff115ce45d
DEBUG DEN: 05292b900f1173a68c0c65bcacdd5c04921bc8839356631f32ce2cbf0a42a7ee, 0c061d65f003fe735c39950b5380587d65ca6b9511d39145788e0dfe22b9c8ba
DEBUG DEN_INV: 0431108da2620882b143c4c2779004f8f121ad9f416bfbdde02cd1ffa94d3ec9, 271382597449fa36c578f85077f157487ce8cc017f207721bbad166ee16dda78
DEBUG LAMBDA: 1f3f3da73fbd6ec5bfb56fc30bdca24375d1bf20d3f7fb18c1023ac10b2eeddc, 0fba612b69f5cb4738eaa920aecfbedcd40f158db3750b90cbe40b86fe76f47b
DEBUG DBL p->x: 07978d65077bb0485613a1ccbfbea5a22bbf3e5793272fc0ebf84fc4ac9893c3, 2eadb52d88dc843ed85ea465c048681eca8d5d0be1153b6236db5c5f8577ecb5
DEBUG DBL t1 (X^2): 1cf555431461fd4717cb4459461e662a125e03aa561b1b970dc1f0123a26b714, 03b4ffcc1b4456c54c75ae49e311f638de9247696abb47107aeb37162b2dfcf5
DEBUG DBL M: 267bb1565bf457ab8f11875550d9da209f98a06d99df8837ed25441fd5f727f5, 0b1eff6451cd044fe5610adda935e2aa9bb6d63c4031d53170c1a5428189f6df
DEBUG DBL S: 052d4dc49ab6b3427adc9252a4f5029f5bd769e743c8b6f70dbdab6b0f487955, 1a2ca145055dda386b6d082fb7dc411a7eae3d7bb23166c8be1ba4e17332b270
DEBUG DBL X': 09173ed8069b1753a6cdab5cf763419d2dfd094d8692d3398b362b04c2ad62c4, 0156b10c405f28540afc9098d268ffedc99e1e719c7dd416866911ad4f23e62a
DEBUG Q->z: 1a2592843e6aeb67d827342885c9f1d75c02725432fbdd41812c0befa0031fd7, 0eaa3f3e74cefa55f07981716613383714f4787419c03b02bbccffac204baeee
DEBUG yQ: 298f634d04ffe3871028c279cadca03100a4b8599b50359c95cbd7b456c72684, 1e5dc22bf1bfe0b2ed27ae0a57e367f54a21b2cfe303bb43ae38f2bfe7170551
DEBUG DEN: 22ba782728ce26e468013f3d1437e80469c80621ce2ea0abef772351d5114fc1, 0c5735e5024e213c21ff165e2e45778cfcc1fb0e5d95abfa20515968f5b10d5b
DEBUG DEN_INV: 1c71a53d37fd651fa14df193a4b37a6ce719a3f3ddeff876b5cbf06af34d24af, 2ee2b6d4a43f21e5b433b8d97a84ce7aa4efe983ba41826ae100d970a7e8a327
DEBUG LAMBDA: 10e6c9dedc1df8289d8f756e0991ef08113c11831cbc8b3f382ea70075f2cb70, 28509f3ad32b454adcf16a7fdd8f224d0ae9c848bb49c8f044c490f7743eeeff
DEBUG DBL p->x: 09173ed8069b1753a6cdab5cf763419d2dfd094d8692d3398b362b04c2ad62c4, 0156b10c405f28540afc9098d268ffedc99e1e719c7dd416866911ad4f23e62a
DEBUG DBL t1 (X^2): 14d34fdf430a4f9ec0dc50d37711d6881dfd30e5040a35ce20ccc79bc115dbc2, 0035ebf66563385d398adb71e97533af995145e6296de98e22b912d7949d77e5
DEBUG DBL M: 0e15a12ae7ed4eb28a44acc3e3b42b3ac276281da3acd6dd2645cabc6ac495ff, 00a1c3e33029a917aca09255bc5f9b0ecbf3d1b27c49bcaa682b3886bdd867af
DEBUG DBL S: 14bb2990b23813dcb626619203ce7023e7de647c711a17586bbd56a6e2e2d5ee, 29e870e9de8f8e3689a30c977b7d2fc51dd250b8642fa24f3308e99bd4b088ee
DEBUG DBL X': 0a4ae4e6e50cda549e71b2c2585c5b472294ac7a0aa8a9431f47c555a7d5feaf, 12cc0524c28f007664ab55ead24dcafb8fb3c73ab855496f9644937c4ce103c1
DEBUG Q->z: 02d81e0bd5f36fe070204af0a7d79ce2081fcfb9a7247d5fac64cf1f5ae2c6e4, 2b29220fe642e7dcaa0a211e5b17a62c922758d86723dc00752dcf42bd475645
DEBUG yQ: 1cb1bc3983fcd54169de9a9b0323788b27f5ec5d471926b3ffe70d172321a890, 16c81d3e95ca533989cf0eb0a31ec4a09640fbe17bc84d555f59c809a6462817
DEBUG DEN: 08ff2a0026c80a591b6cef7f84c598b8b86a6e2925c082dac3ad8e176dc653d9, 2d903a7d2b94a673139e1d61463d89412c81f7c2f7909aaabeb390134c8c502e
DEBUG DEN_INV: 24bef3cec18f61fc48324b9837c0b07a0a9fb07e423faa1862d839981c135470, 0e32f55965359638744899542a8a4ce719e0933fcc5e34934a7961a55c97dc8e
DEBUG LAMBDA: 305e331dafa94cc4c865a191e0f679c76a43dfcc1799e90601e03a71fb8d13a4, 1e1214b6f7ab129d95210b7f55b3b088b21528839a131165221c4ea7cc62dbc2
DEBUG DBL p->x: 0af47bd172d30256e4b349368e9d1a8e016c94446316ae89f4c00fff6710cf47, 12495e260793c6b07b4b743ee2cd277377e4e60e2f51179d82dc6a66df9736b8
DEBUG DBL t1 (X^2): 0877ca8e3af95546a96e0408f46974d153f37cc4add312fcb508638218b2f89a, 1cfa72e92858dc0c50c9fe7a3b82b3d3adfea845619632c633b3ff260fc421f1
DEBUG DBL M: 19675faab0ebffd3fc4a0c1add3c5e73fbda764e097938f61f192a864a18e9ce, 268b0a4897d8f3fb3a0db5b83106c31d727a8e3ebc50cdc55efb715b56cf688c
DEBUG DBL S: 15cb5a766bc8382b76578003e23d233eaa3741a7e2775d8f3c967f47ef7c380b, 2d37027dc6847b51fb775f3d8b71c7b991d1aa1ac5665c5c460811eb0523729d
DEBUG DBL X': 12b2cfeb55074ab3ca1479a4b5ebb7cab2c33e4ab6c685ae1739b4755ddff4cc, 1821aaf20307964495850265c2a6fb305975ca7ca0986c8c961f634760638a08
DEBUG Q->z: 0fc49ea093f6dd4e6a257849dd5c028fc3ac417c6fcdccda4b27236575672208, 209ebc1006e50d3b5f0b1c011f42fff44dc9803006ae2320a1fbf787a31b2d63
DEBUG yQ: 0cfa8517d97cc3383cd9e177824dce13f24af27965e4ec9a59c60b2503df69cc, 290f439b7ceb279b9bb9bdaf06ab526e8b387c3c48622f079530a1a7fe19930d
DEBUG DEN: 19f50a2fb2f9867079b3c2ef049b9c27e495e4f2cbc9d934b38c164a07bed398, 21ba38c418a4af0d7f2335a78bd54c7f7eef8de728529381ee40b73923b628d3
DEBUG DEN_INV: 2a7031bc92efa5f196d4bbc1c3a1091c009579c5412662122fa94ada62296f24, 12fd3bdde2c42fb0deae5422dfb9df2aabbd93915f0b15d06afd9958c8a19f28
DEBUG LAMBDA: 0624732f7bb600551004a95aeff7038fbd42793bfcdb62a52169ddd10d5395d9, 15984d16ea7b2cdf9143e229999507341e56cb499d5f6e6f0ff34c1f4f35e290
DEBUG DBL p->x: 12b2cfeb55074ab3ca1479a4b5ebb7cab2c33e4ab6c685ae1739b4755ddff4cc, 1821aaf20307964495850265c2a6fb305975ca7ca0986c8c961f634760638a08
DEBUG DBL t1 (X^2): 07cb45a5c64a49a372a6ed5991ca792d56e305a6f7f36db1962dbf3e7c6400d4, 2b9429fd4bd2baabccbff8eb7039735906ecc234e0cbe25afbdc5d89febd981e
DEBUG DBL M: 1761d0f152dedcea57f4c80cb55f6b8804a910f4e7da4914c2893dbb752c027c, 21f3e1122114efaff59f5f554da9a94fe5c3717bd18011f67b5400704b3ecdcc
DEBUG DBL S: 1d2f76892ba97e9229873b07d4981fb98264f42f06cbd0cc3a014c1a71c7a25e, 1a6fd0347f70203327ce0d82f6b39c6c7a2dd41a6adda38d23294565badfb33e
DEBUG DBL X': 2c8d9f8a8e76731e4198c91699b9edf8d48d5e5b7b6e0d8c656409ee889dfa54, 027737fe42e1c481746aee8890f7b78743d12da385b7748e8e0eb9eeb977b0a5
DEBUG Q->z: 1937d4eacaaf477e39b8a456fdaf539976e05d5dbea410d4c701ea5ddadd5c6f, 1d3f3d6666c52ec6e676c8fa40e7c5dc00624254d80a1f9b014d363e84c80b34
DEBUG yQ: 2f1ded8688d418d8cf2abaf89119cac01edd9b575470040c54a22fee0905dc0b, 1e019247f4108ccebb8ce5f753afb6c8a0ad62987dbb4b1634bafdd34ac68553
DEBUG DEN: 2dd78c9a30769187e605303aa0b23d22a639cc1d406e3d8b6d23d3c5398ebacf, 0b9ed61d06ef7973bec9863825de1533a9d95a9f9304cb9f2d556f8fbd100d5f
DEBUG DEN_INV: 0bbbc0086adcbf4b19bf662ddc93fda3ffe4ff22cd9f6d983f34a37b60c20720, 28d26c866e06ab75b9188fc27e9503f4b63b3ee38b155b65237cf9d77c6db1a6
DEBUG LAMBDA: 18ed4f9cad7e9288aff3ffc554493cd6e7234008e9fe02590b7f83e79b0f65a0, 2d03ced4b351141ec47fa759cb94d580e78ddcc82c7b133779a0de7c0a41f4a4
DEBUG DBL p->x: 2c8d9f8a8e76731e4198c91699b9edf8d48d5e5b7b6e0d8c656409ee889dfa54, 027737fe42e1c481746aee8890f7b78743d12da385b7748e8e0eb9eeb977b0a5
DEBUG DBL t1 (X^2): 14c2e3e29223274855b362f0fb79841924c48bd9910c9467fd74df921850136c, 0e4242c6bd4ec167a96ec94a884fabf09c2e099a840f152662cdac810233066a
DEBUG DBL M: 0de45d34d537d5af48c9e31c70eb33edd6cc38fb4ab3f2aabc3e129f70733cfd, 2ac6c85437ec4436fc4c5bdf98ef03d1d48a1ccf8c2d3f73286905830699133e
DEBUG DBL S: 13fcec1c6277f9930a831f6ea72840935e6b2955b8d767cdd328323d923b511e, 100dc4f03344e11be22b0d9ef65f0f4d3054984a6c7d85ba8554e9f90af1dbce
DEBUG DBL X': 1f347c7ee095dbbd07b6e14c4b0ea729f47e2c29946738c3773f0cc5b62e65d6, 15a26e8ef0c9ea5a068c37a9aaeb6739b9bcf8b97f00483909cd48bf51429488
DEBUG MILLER RES: 2980ebf8fd287b6f10590c5f7ba138cc2e22a9d3a54672c06caa4996481da124 040027be0a078cabb42956502a7e3be44de74f587bedee4d164d7f3e8ad89f96 21b384bfb8cb9ed6802ded399d39dddc3a8ed102a9299f32b409cc50a62600a7 1e477bc8c3d651fe1e0761c90da3e87dcaf9931b7bc61d41041fd2e2286dfa56 25237b4fc408749f93321cb8def29dea946b3aeee93b739c3956f9f5582eb009 0a494d4fbbb874d51c81d0b06eb6389921da784dfd6231e48923a8e8abb61ecc 03986650e9f46cd2fd6d6dd62350924673723756ad20ec1138432de720db4666 1d0e11a4fc13516bcec0ee5dc5405ab4f3be9c9e1806822caaed7f184f193a16 10f0f66a4e860f7f14d6ea128b604426f115f946d2789ad2818b05bc191bfb49 164cfc0b64f21feffc8d91ad318f6f04c4558d14aa849fe34fc12b322d149f8d 167ce3bda43833c824a45f3c8761d1abb8decc26e07793d1ed6da4d69fad0f66 1b8da812a31808b8393368c9f164615f20c0db01f985544db6ec2c7cf5dca9a2 
DEBUG Q->z: 0000000000000000000000000000000000000000000000000000000000000001, 0000000000000000000000000000000000000000000000000000000000000000
DEBUG yQ: 192a8cc13cd9f762871f21e43451c6ca9eeab2cb2987c4e366a185c25dac2e7f, 001752a100a72fdf1e5a5d6ea841cc20ec838bccfcf7bd559e79f1c9c759b6a0
DEBUG DEN: 01f0cb0f98824e9b55edfe11e7223537a653fb04ea9dbf3991227f6de2db5fb7, 002ea542014e5fbe3cb4badd50839841d9071799f9ef7aab3cf3e3938eb36d40
DEBUG DEN_INV: 10e801ecdb801836277da8e710cb00e5ce2dba3a5732758e7dff022ea3a3738e, 2b2d91d84ee93d40f20705576a0920b9d279ada0fa2e9c2d469803e523b9eb67
DEBUG LAMBDA: 089a9912f76c4d26ef4cf1c0785f120976002c76c3bb6733b485f239ced3fd7b, 06f0cde845a85d67ca4ba987eae917cdb42006a0e1810d86c16c267b8b152c92
DEBUG DBL p->x: 0e187847ad4c798374d0d6732bf501847dd68bc0e071241e0213bc7fc13db7ab, 0967032fcbf776d1afc985f88877f182d38480a653f2decaa9794cbc3bf3060c
DEBUG DBL t1 (X^2): 1b7776cd80bc9b0d4ecb60916f3b4802cb96aeb58e50a1ec5c043557af53f019, 2f68d4170af7a68b6ff19dbc5e093f34ed63c3f78baf83596bb8cc2b45c6b8bd
DEBUG DBL M: 220215f5a10430fe3411dbfdcc307faacb42a18f42801b37d7ec13f0357ed304, 2d71df5f5e83b34edf344dc817190ce3992876c3d22af4f1cae94c54205a2fa9
DEBUG DBL S: 1872b922b85d34ec8d490d6ec9029a85c829fd01cef96ab57671107f09218509, 13f4958dcd0be3950ad9b768695b6e0910aeffaab249ae10ebd7334affb9bbb6
DEBUG DBL X': 0a85a849e7aa05020af3a769b8e159dca79d7f5bef961872b2bbc31a8cc6fc36, 01d4f0908e0a0653acab2e810ba88c5d7e4b19c161333a4aa3095b55599e985b
DEBUG Q->z: 2d92b494172274f0bb7a73c2434aae7c04eefec161abea29bd576d2c97980511, 16817af076e9f8655f438f46a2ccf8b04b556cf3de48f73b86be353c194d2237
DEBUG yQ: 0121be658af454ab828f451baaf00c178c6539ebe1a58b906448653f31be5899, 2206985bd7895b5275be404a9c6b22e71a765a6d1ef2ae6e2893355d41a6ef36
DEBUG DEN: 02437ccb15e8a957051e8a3755e0182f18ca73d7c34b1720c890ca7e637cb132, 13a8e244cde1167b332c3adeb754ed709d6b4a48d573924f1505dea3aad0e125
DEBUG DEN_INV: 0625e34f51628bcbcc109a43050c2fcd445f0069cab4bcd3b6089699676ec4c7, 1b473bfb945c457b48f5d908af71d1579e15c1ca55e8f5640d318f1bfc37a33f
DEBUG LAMBDA: 141485c0e1397536a0c9dd7efcb956ebddcfe7cb738b0bcd1350aa6afd41b7d2, 130aa57544472c293165ea2f7bed3251a78626e9b1ec62b51bc992dd6f2657c9
DEBUG DBL p->x: 214d31899f48e92f206adf0b6f3822152efa671b34f540a64cff1b8282a37f5c, 2001d07287337c55441dab1f4898e7e47ca3c2864fc188756b62c4b87ddd2805
DEBUG DBL t1 (X^2): 2a1e3107c73f4346197ab754e5da7377f3a05d446c7f53aeb98c6c1dc0eb9abf, 1e96297b322f10286b84c2165634a83477d7c64a4432cb69c17ee1ab850389f0
DEBUG DBL M: 1d91f631935a897edbcf9a91ae8ca9acabde42aa749a65f1b4642c2b91c8d5af, 2b5e2dfeb55b904f8a3e008c811ca03fd005e84d642697b0085c18ebb68da089
DEBUG DBL S: 2e6ab75f4003d4c3def7d54feca5513913ed362bcd904cf975782940a9fba6dc, 0ef97af87dce3cb7f8481897c4787a4340f91848fb3b7df6ef06c1ff51866ca4
DEBUG DBL X': 254d693d72dfe769ba1b347ddd9aa646c9f124fbfe9817d8b668acfe64073dde, 17bca911e651da5ee14679e8a4f681f2c272fec0f88eb6930e6ee3f44c574026
DEBUG Q->z: 0c75b78c17646d059f8e9f829116252bb50b3d75798d64deb06bce50a5a1c459, 2b7f9519a71c6b5437f8161f01f5874e9c0ba61ba61eae6fd83a35719ffdf7a6
DEBUG yQ: 286dbd70aabc6e5c3471fe3957aa5692ef894f9754cc4ba402cd6b0c52e6f3f9, 1b7c3f77c4cb316928c0e85a3e56f94c2004c98c44eb6508255c48b639977a75
DEBUG DEN: 20772c6e74473c8eb093b6bc2dd354c84791349d4126ccbac97a4a01cd50eaab, 0694307ca864c2a899318afdfb2c9a3aa88828872164ff830e9805559ab1f7a3
DEBUG DEN_INV: 28aeb25b276eec94da37f55435e98a3178a10207775d5beeddbd0c7f8419d4dc, 1120c48072b5355f62120a98e0dff52900545fdf9790c200769973476c8c4bc0
DEBUG LAMBDA: 1cbf8a4b9c181796836216f133fac1ce2e2f8c70a9512d82f174514a87f5b00a, 1524918387dc8efb5d8f39c0f083e0fc9f4b0394b877437b402d6ebae99d4c5e
DEBUG DBL p->x: 254d693d72dfe769ba1b347ddd9aa646c9f124fbfe9817d8b668acfe64073dde, 17bca911e651da5ee14679e8a4f681f2c272fec0f88eb6930e6ee3f44c574026
DEBUG DBL t1 (X^2): 1c0f4f4ee9cee738f59630f6d2a4d31ba0bd1dadb4a85227eca81dcdb70461c8, 08a6b16f705cf08425d04dd0aaf4d6ae48aaf7a6bba86c302fe3203a2e758117
DEBUG DBL M: 23c99f79dc3b158128724d2df66d20f54ab5ee77b5872bea89d7cd524c902811, 19f4144e5116d18c7170e97200de840ada00e6f432f944908fa960ae8b608345
DEBUG DBL S: 0f4723bf3ee74228d7971eb94b3fd421d2212f0cd9b2a08021f7d2bf0aeacfb0, 012c644d3d3d0e8ac793e079b9b5db1adcdac8cd65bab05bdb45775f4fd99dd6
DEBUG DBL X': 2f2ccef6f385b0d797679217496fdb9643ecf91772f55733c6e49e6b8e05ca24, 1335e51c57f7cb5f75b53ee64e861d9c484cf26e1d95bc471007a7d45cec6e17
DEBUG Q->z: 1397662e0d92e893116fc45b8796cad3b75fc44563c83f53f4eb6f17fd07eecc, 0c1914a6bc060406ece70ab6a6ff5a6c37be9e07027eaee076a6dd94f34c4137
DEBUG yQ: 0454a4a772c713772ae6f7e74e5a6b2ff36b0e3ae7d2b2af3984301a8f082652, 1971ed6c7cb3e8a02fb223adab273be80079b14ba253f0e825d9c054522c50ef
DEBUG DEN: 08a9494ee58e26ee55cdefce9cb4d65fe6d61c75cfa5655e730860351e104ca4, 027f8c6618363116a71401a4d4cd1f726971f805dc3617430f92f491cbdba497
DEBUG DEN_INV: 16fcf2376ac0e5b8ce9efa102b5e8ec009c5583b42e20da33b5dc0fc2b5846ef, 122e70c918df11c9efd08c316835d42901755f5df3e799dcd6d7c7b081189bcd
DEBUG LAMBDA: 2e83c6841c121bc6452810101eeea17ec4010e1b70ab2bfa9de63b0139eb87ae, 2f4c47e1359a8d542d1951b497461c46e617e77fb2e07cdcfb203d1cd4381b66
DEBUG DBL p->x: 2f2ccef6f385b0d797679217496fdb9643ecf91772f55733c6e49e6b8e05ca24, 1335e51c57f7cb5f75b53ee64e861d9c484cf26e1d95bc471007a7d45cec6e17
DEBUG DBL t1 (X^2): 21d4be122877e0d3e0bc189745e321f06e7eefd1e994bd021c4a53d3a8cc199e, 050aeab01d751dd5a3aa12cafded8cf787ea146f7c6b7efcb8d71cff083dc6a3
DEBUG DBL M: 04b59d50b70462283193be58cea6b5161c79fa52ebdaa1ebdc9de34d496a524c, 0f20c010585f5980eafe3860f9c8a6e697be3d4e75427cf62a8556fd18b953e9
DEBUG DBL S: 04556f78db0ed291d5ffe35c5679a053239500d0e6546582841ce5c6e0bddf5b, 2a958369e2fbc3137ca37692c7e16c24a98d1ff4851d4cca3cbe0732f9d41651
DEBUG DBL X': 2a4ee0a259ba146f74aa771e82510084f9ae10b8f56325aa528c9ba73d9c9847, 25207bea05ea7ddbf29e70412df19bcb1a7c085350378906b05b905b59f977b8
DEBUG Q->z: 07b5cb5d73712815e3720186e70bbd6ca5c2be88a72df920e8d9882fe66a6610, 139a8e909d8c5ff39bf6135a3b9f2b5108dcd00e93257420ce421032a9bc7cd9
DEBUG yQ: 21bc67dd7c4f101577a707a2b83247e1361f2e78babd5042b2abc2c39984759f, 29e7f1cf6d1b7c86476e800e67091518c14bb16c1df5752c2ae75cea8ec9a32a
DEBUG DEN: 13148148176c800136fdc98eeee33764d4bcf2600d08d5f82936f9705a8bedf7, 236b952bf90558e2d68cba664c90d1d3eb15f846d3791fcb19ae2dbe4516490d
DEBUG DEN_INV: 1fa35552b6cad36d56fd093918c84000db408247d723acd6da2de6282298768f, 00989754553071f321f697c41b79f72a67480a0c19a343230d8e48cc46e37225
DEBUG LAMBDA: 015cf8f49d876f5d7784dc0e3c77e10ec5530df97c85fe6bfb7935a3fc66e523, 05ae2cec79a7c7aa933c4c2eccdc171d188dcdddca6de21fcc244372ae30ee4d
DEBUG DBL p->x: 1f31adb55ed9e3c91c300bc9579ecbf7cb3d28f7e6594658c3b03e208e72ca16, 015e3c52ea1599a7050cd6d21f36c3a7856855802a3597cbef0adb83b34e5c08
DEBUG DBL t1 (X^2): 0454b2fc47be4af979135c798d425582afa20417ba76bbe7aeb0478fd995fd62, 24c9dbcdbdb11ee9dcef3ea8cbff795aae5ce80c1df19d9fe2f7dbf944b7af1f
DEBUG DBL M: 0cfe18f4d73ae0ec6b3a156ca7c700880ee60c472f6433b70c10d6af8cc1f826, 0d94f68376b01c6a262d308d60fbbb54dc13e30188f143c530a67bbe1d2d12cf
DEBUG DBL S: 27884b8caac8be71cc7830dae9efbcf05bb72fb68a4e826facdfe79f9f8a3c82, 141424e56a335103bcb9a2f7f2a642b504b0808b3ed59dc5d48f780fb114acec
DEBUG DBL X': 0c91d526e74feedc86d99f02ed036af5c0df077079bb06e07a9c7c9a6a97f7a4, 1e5ca7d421785327c2a1045abe7af5dec29faa6e01be60915cbe84c649872773
DEBUG Q->z: 2c1c863a63cbbbdf200e912d7c85424baf168af9140e316e57c5c8a815b57bb3, 2fd9605c447c7d818653b4ef752c1a9022996b8b1c4973d6e6ed87136b294f2f
DEBUG yQ: 0b33c7802712358692a11e3e7c13712fd91756894062d3fef36034d8a892bf83, 170a1d5d21095b6a5d82c4211c12ce72e5842057cb9f1750b1e73bba90d0e6f8
DEBUG DEN: 16678f004e246b0d25423c7cf826e25fb22ead1280c5a7fde6c069b151257f06, 2e143aba4212b6d4bb05884238259ce5cb0840af973e2ea163ce777521a1cdf0
DEBUG DEN_INV: 250fb4060cb8391fc28218df8c10874a608bcd04e6d54dfaf0efe0c8f9d58d06, 0d99d31b81b1383e81599a6ac4380d0302a71623ba56a16edf0f40b8f487b083
DEBUG LAMBDA: 19228636891bd2e7ed8dc590626658e24e46f7b4970929278aa16b78b6d34495, 1afb9ee82ff8f6cd6f95d75328c20d242d8005bef207db77a3d1af8ee9fb9b2b
DEBUG DBL p->x: 1a973bcf4d34d7119d04e2ac1141e23b61f7baf2faef3e49bed57b63423e8298, 1ce75f152379c188076e812ec3757e80a78c3784b4789225a3ee06903ac6728a
DEBUG DBL t1 (X^2): 2abaa5a08d2134351f2e62c3defa84bcc8605c3a091294495c2a71017e7666a8, 17913a82ce4c85e2fb806e9b9d663e95aeb49a98f08fa7242fbc34d7196bf991
DEBUG DBL M: 1f6753fbe5005c4becea9cde99ecdd7b2a1e3f8b4a5427c19c3e3ad6ca69396a, 164f611589b3f17f3a31061c56b16363749c6539693d2adf5314126e73c6ef6c
DEBUG DBL S: 20c834336461f29dfd09a65172c5dd6d931637fbec32f593ccbd88a48db95377, 054b3e2b63f420052dc9cc638e5d53b4f3cd577527671ceff9ac57b0fb46c9bb
DEBUG DBL X': 24d2117eba4b614b7fe2efda7b2b15d730fe4e5a411103d2249302f2d500c637, 08e0a5cc42ca64a9f4993e5728deb99f68f087db80cc24ad7685923050c0cd29
DEBUG Q->z: 1daf60be5970371afc8d773ec6842162a23b2315a396e096d1b6648e9f67c846, 2a64ee7def5e7ffacf3764a7fb7ff8545939df204b12ae4db005a73b4a0a35c2
DEBUG yQ: 10c1dcf1d00450d9794ebba8442761419f7faa4dca7893b6eceb22ac853d295d, 1090172a547a6200d0b62322485729ca8eed47ac7bd289fe641d06ad527b88a7
DEBUG DEN: 2183b9e3a008a1b2f29d7750884ec2833eff549b94f1276dd9d645590a7a52ba, 21202e54a8f4c401a16c464490ae53951dda8f58f7a513fcc83a0d5aa4f7114e
DEBUG DEN_INV: 2eb8fbd7d12b76492cc57739f4ce85ba15350b22367d678196dde1baa6e9a766, 19117ddb4119381ba1d14875364c5b108844f01177562a309efd82ebd3203456
DEBUG LAMBDA: 12605724c1013d3a796e75ca22d91a588004efd597f84833f07b92b28ef2610f, 00567d536d1bbc9e97ebe5ebc1d5d7e6b3d3e3af3989c4353e14285fee3c435c
DEBUG DBL p->x: 28548f397459f460b2a8300cd1645cdabdfe2f0bea0ce8d8b2a506f76ded5a92, 046ad8512b3b7e1742b89e8d9a521edede09ac77f24c66e895c0f1c65b44eab2
DEBUG DBL t1 (X^2): 2737d265fdb3baac2203e668b25c65c801d68051f54fb131040c207e5226e7ab, 1c953207bc28fd3c04d2b3a9f2924b6f324acd6007d8be283e6104cd42fea36c
DEBUG DBL M: 14deda4c36b7efb0f56b27cd1412809cd680abd30f0b7e7893e3494d457abc73, 255b47a45349578a5627d547563589efff5efd8eaf186feb7f028250f07eecfd
DEBUG DBL S: 2107407c8ec97e85825ea9dd33d34e56a1fc7fa893822bc417c15d7fb2d10596, 0580c9975744d2e19f2168a3f8f693edddcc56972147aa4728abae1746a77892
DEBUG DBL X': 1b64796b68a36f15b6161584e6376e7bbd175720f9e297bc8415eb5759bed5cb, 0eba234301b958b0180827bcabc9d4b4bf57d329268ea801672b4e9895a5bae3
DEBUG Q->z: 27bf7b794f6058ac4a11f13567472085b7df31a671a253d4bdcfec69fd31d74b, 19668b354aebb86dfe1b78a4f058cfea63bb28afc6d68e92e151978498cc36b4
DEBUG yQ: 059072f3fae86bb3d9258dec28ca0823929e8a3cf110c9e36bd395af9e67a041, 258986f387404d7d491a77c1a4598c4af0d108bda252497de7b4dcc054dfed37
DEBUG DEN: 0b20e5e7f5d0d767b24b1bd851941047253d1479e22193c6d7a72b5f3ccf4082, 1aaebf742d4efad0d9e4a9ccc731c0384a20a6e9dc32c86e93492d69d142dd27
DEBUG DEN_INV: 2f093263d09b32cd3a5d2357120d1a94244bf71fcd663c32e9341bf7489bef7d, 2be17ce0377aecc8fe30a2cbe4430d5fd357ad721ae7f1ccc3d333ca60ca70a8
DEBUG LAMBDA: 210e5a9e5a4f49ad9627cadb7e9977050cc993a25f82bc36dda8bec7dd65bdc4, 2498dcb8dcc38362aca251e46cf0cdf4e8ae45a09672fb7b66492fbbea33125e
DEBUG DBL p->x: 1b64796b68a36f15b6161584e6376e7bbd175720f9e297bc8415eb5759bed5cb, 0eba234301b958b0180827bcabc9d4b4bf57d329268ea801672b4e9895a5bae3
DEBUG DBL t1 (X^2): 067dc666d2b003ecae74b5566f291caafaac752d0459e57acc94f3dad5e60bf1, 1326b2cfa1d49d29beb34119c5bc162b06f5f5339e801ed6742b6b497870a7ff
DEBUG DBL M: 1379533478100bc60b5e20034d7b5600f0055f870d0db07065bedb9081b223d3, 090fc9fc044c375383c97d96cfb2ea237d607509730e91f62061b5c590d4fab6
DEBUG DBL S: 2b021322d2ddd34e44f5200297e7d84df8b83de68ed960507f74a9bd7ab1e258, 21a317d2a10728d3a14a0882d8726573ca5e0a960733f2f25a5adf3719d103e7
DEBUG DBL X': 160ebe538329a209a0fe032704d4bba95fe0e04e1dc9fab78829ba7c839e4a87, 1c588ea68bbb8f491884fe89c06930213efa88a00648e9ef23a222f81433b8f9
DEBUG Q->z: 13af30a60341e8ac29c4eca632581b60133aad312db92738c697d4fa4937039a, 03bd1bde9aba9d453a5ab62ba1e88765f632e0e511a29b336ebc927910366abd
DEBUG yQ: 2560b97f935b98fa0dd9e8e96a172505bd10f68c2f5156445cdfc5a827a92aef, 3032b3a9ec0da6dee03e54605bb7c27fc31afa99f90c522bf1a0987ce4a8f037
DEBUG DEN: 1a5d248c458591ca63638c1c52acf1ade2a08286f630e1fb7d9eff3976d55897, 300118e0f6e9ad94082c630a35ee2ca1eeb48aa289a6d9caa720a4e2f0d4e327
DEBUG DEN_INV: 0601dc9793702082568789578cfbbbb857802f47a4290452f438fbbb4ed204b3, 14b331d8964da9f33c27ce0df14a11f2b16af47217e8e63e309670cbdd10355b
DEBUG LAMBDA: 11049c759c98adc0217c02d8aa796ee54918a188222038902bf51e978da22404, 2b67b213e7305634330aea7f2b4f51240f37257d3b14946d06b3a8362aae879a
DEBUG DBL p->x: 2304fff5bc095265f936faa08bc346c05d917b7546912dc037595f1b83f3e501, 02be909e16ae47ae177f87b915b18d89baa2101a931be2e49f483afee5663cda
DEBUG DBL t1 (X^2): 2e135f2d0bce0283b32ab788d17dc52ce394a16524d25d7480364ecf9140f9b7, 2e379ec8e2640810100779a5203626813b1d1173929ea38bc1ec314155d8dda5
DEBUG DBL M: 297180a16106c737a8df9b2d71769ecb7bbb0f0c9d9383430861d44102c8f297, 29de3f74e4c8d7dcbf75e1825d9fc2c882545f37e6f85588cd837b9650909e61
DEBUG DBL S: 1da3842d4a3faa0320a9510ee7734403f80519b5dac8575dc8216c2cdb089010, 1554fbf737eedef0108bfa6a700d900161e19429970e38bd0e13a7456c888c1a
DEBUG DBL X': 25823fe7d943eb185baf4d9d3e29d638800bc53f80dd6b63b15507efd135ee00, 1575d2fbdebd9a3268de8fb15bc3bf567fd69898327d15bcc4c885a04c3be323
DEBUG Q->z: 240d4e130aceac8bb2da8745b938bbddf4189f3f3c08704651d9444c8447d602, 1eb34f8cfd707f765c059737b28b6969f1f43e24be195a7937a61a143c0a5311
DEBUG yQ: 09c02581a8e13ce2230b863d3980874f333e88aa51f184308c59d03d6998c422, 144ac9d259faa26a82b83764c4eb9d329f5b9baa10906435281d7fff724a73ea
DEBUG DEN: 13804b0351c279c446170c7a73010e9e667d1154a3e3086118b3a07ad3318844, 289593a4b3f544d505706ec989d73a653eb737542120c86a503afffee494e7d4
DEBUG DEN_INV: 2c0737da646bbb1ccdf70dfaf6817cbfd5aabfcdfe2c1ec2a901763afb1d1ccb, 02773e6a4095ad2d1132f18ee377edf0e04f666dd936cccb7ee6baf86701ff5d
DEBUG LAMBDA: 02354c1a4080a800093eaed889016803a70a0d7954dbb55dec14482e1d17d560, 1e531b21c03b41d8d7fec2ce17e8e978d067af38174bea64bc7231070b972277
DEBUG DBL p->x: 25823fe7d943eb185baf4d9d3e29d638800bc53f80dd6b63b15507efd135ee00, 1575d2fbdebd9a3268de8fb15bc3bf567fd69898327d15bcc4c885a04c3be323
DEBUG DBL t1 (X^2): 1ed0afa6db57a9798349e60358782500da5f16a0cf1b6e5c219c075251179c92, 002449895efbd68e1541f338ef35cf61a2e0d9c1752d217d33b7b8201398a6cc
DEBUG DBL M: 2c0dc081b0d55c42d18d6c5387e716a4f79bd95104e0808728b389e01ac9d86f, 006cdc9c1cf383aa3fc5d9aacda16e24e8a28d445f8764779b2728603ac9f464
DEBUG DBL S: 2d64b47c1f937b65835a6999b46f9686661669f85f27f3d13ae0123d980befcf, 18df04abef22f835f6d8089e99c9fd8c362b1191b7c53d82d88522af240c3b33
DEBUG DBL X': 05fec77de9c781711837e058e4bf4f03a2fe99db337c9da9918865aa81e494b5, 28af76a9b14c809faba496e6da736dbf0cfa1b6cd995979a5ce93bb9e26118a9
DEBUG Q->z: 2f26ed19f43f627024a4ec1dbe1684800c30a05e96db580be3816717d7e1bb5e, 26921d339023737b70ae96376bcc55918d516dd87c4ca844a2eb92ee17006d2f
DEBUG yQ: 03025f55b216d3408f0164d0ca6fc1ed2efe0628fd5d4c7d6e6e2684cf3db5b8, 10c92012837052a9ed8ce1fc6cfdbc6bd209e9d630d1739cc0eb07a411457d2c
DEBUG DEN: 0604beab642da6811e02c9a194df83da5dfc0c51faba98fadcdc4d099e7b6b70, 2192402506e0a553db19c3f8d9fb78d7a413d3ac61a2e73981d60f48228afa58
DEBUG DEN_INV: 2fe984afd3e2e1c86bccda002da6f9719c88889b7c804580784127b1851c533f, 1a0b71b79619b13a0b101ab98b33eb6e03b86a5094632e351466d1aa156c0a0f
DEBUG LAMBDA: 14ec80b3620ddebd9ce3915b0e977e305e95ad310fda45e519c0073d45409f8b, 20620f59daa6e3a3d3775ca7d74531e0b90140a2b0954599a8288d5d3d7cec9b
DEBUG DBL p->x: 1080a7c39418b7b83180436a26a37ad24bfd76a99f56932f32d887dacf0c8b1a, 1f5bf4472c65c59a9f35b455fdc45d994e7cd73bc5dfb185ae73bc94d3280b6d
DEBUG DBL t1 (X^2): 0fc8fa310bdcdaafcb787fe1bb9f15168386563b7ec11754e6d950fe0c3ac579, 11d3bb6ef2bb844a3cda390c7e00ecb84097c3693469902d75bbc4383caa906a
DEBUG DBL M: 2f5aee932396900f62697fa532dd3f438a9302b27c4345feb48bf2fa24b0506b, 0516e3d9f700ecb4fe3e656ef8816dcb2a45dfaa34cae5fb2512c091dd82b3f7
DEBUG DBL S: 2d2dfd1fedeef4b8626f8fe1245006b72712bff1a63adad4eb248f69e58f0ac1, 08699351aec95dbbab3e1018ae9f41fb7d3a5e31ee2998c1007e287ece877eb5
DEBUG DBL X': 06b46a0c54305d8e66ab953c9767a0eeef835bed79fd51315143d45839c4205b, 0f3738d3cf4b0b63e31279dea20307b93a9d9184cbc9c232b6ca61e69df04bfa
DEBUG Q->z: 2553a97fbecf9a21d4dbb4704e8621c85631dba1f31b8bf5c40f48988c80732c, 1f90b42f4cb986d0d958fe3aae2eb7613b9b9c6b6ac2414bf961f9d0c945cb5f
DEBUG yQ: 1365cd6111f7d010b3ff6e4ee373d61152a35be7a9b3fa940bb934c2483f1aec, 2187110cbf4ea8585d389f03a06784fff53253aedf38ea94c85538ed1880d944
DEBUG DEN: 26cb9ac223efa02167fedc9dc6e7ac22a546b7cf5367f52817726984907e35d8, 12a9d3a69d6bb0870220f850bf4db1a252e33ccc56000a9c5489e5c35884b541
DEBUG DEN_INV: 1138efc9b9a4e2c4a17ecbcadfd63e20161eff8771d0303c8397a71a2f26164d, 1433b97a72fe6a3163444efa4323309f7a81c77c944267cf49de97e1e3f989a4
DEBUG LAMBDA: 03e5223f9c157e8eb9a18d4c593088502035cb9faf52ebfbef7fbb0f1bb78fa8, 0b23a90d0a8f9e925d3c8fbc96a74eff11d853e0375df338ee0e59bf5725e480
DEBUG DBL p->x: 1ab88959f6a345f94290c4ad7420a3d30043159861a1b83f68ea97aa82ee3fbb, 2ff12739e64ce19ef4da6843af07c5a1c6375f90a1c3538a42515b0f2ee41195
DEBUG DBL t1 (X^2): 0e4cc99a204985798be36e76f0855c17e7dcb882b3acddcdcd2af0ea12cd0d26, 1bbfd2c0322eef7fc32c113a9ab84775cc1acecaf4e83c2766ea673875fb31d2
DEBUG DBL M: 2ae65cce60dc906ca3aa4b64d1901447b79629881b0699696780d2be38672772, 22db29cdb55b2e559133edf94ea77e03cccf01cf7646e9e8f89ea9928974982f
DEBUG DBL S: 0416819bec15b79d19b3c347f37a2c2f01a9f8e2aef736c385b43a8a7e86a9ff, 04f33feff9fcc59352094d6d9652d64f351af025f9ee1ee8c8dd56203776bbd2
DEBUG DBL X': 166b9279a13f7e682fb963ae891a33e978af7161e1dc606a22582cfea1214152, 0be9c5377595f980f1d37616aee0508ddcb9561bb25495977d24324a6e3c907a
DEBUG Q->z: 2c2d7daf8ff9e69b6f84191b7d8d4ef725dabee7e8c62e3cee1dc577a1a0802e, 20372ceaffe8ebadaf35245e076eeec083aa68563eb2c6f1c941ee2f54afe44c
DEBUG yQ: 05e83610b8d15a93db58346b51dedd678b8ad5ebc678036d37f44659b6712c9d, 1bfab3c5091f0c8c609d1d13a950d25142cc6f2ef707361be5c903ce20c849f4
DEBUG DEN: 0bd06c2171a2b527b6b068d6a3bdbacf1715abd78cf006da6fe88cb36ce2593a, 07911917310c78ef08e9f470d1204c44ee1773cc859ca1aa8f717b85691396a1
DEBUG DEN_INV: 04939dd8d9e390626cda694c7fcf4188e07cc5daa653e62ae263c08b95775847, 168f14166e645a1149c01a8ced92543b0b9284bc7b8bd04e0ba8a784aad7f1ce
DEBUG LAMBDA: 0ca2e1d1d741e0da4a9fcd9a93e28f78695cda0f602af7aaeabdb283043894b6, 1357f1080502e577a475fdb254210f8c146a0d5cccc05fd2dd63e942ca434e87
DEBUG DBL p->x: 27590c482017968922d34eb210a762b329e33c5bb01cf6a54bbb1cb818be7288, 2bb4e99bd408f6b952e1189b4b30886dbaa9b44f813698ee669a7d88152efdf8
DEBUG DBL t1 (X^2): 233f9b7d1821dc89db03dac814e0228343b0d772a3cb4a04bcd497feec19e6f8, 2204302349175764c2250618e399c83dc7b4a8b64984305a74c56adb152495f6
DEBUG DBL M: 08f635918602554a206b04eb3b9db6ce9c0fb1351a7e48f3be3cafcf1353ba5a, 0543f38418e2c5dad5ce86dda7caa7fe281b25000ba8fbf4e60f28638e73c754
DEBUG DBL S: 302c2e7eef6535629351bb7c1f8892ac365e1efa600c23c1a8d02ec296b30842, 14fb74a0c7122a9a1ca5f86c218102be72725210b5634cd170ebb3b521833d78
DEBUG DBL X': 0e2d7a8e471657bb47dc29616235f42112171efcba36b75fb7af58683b894982, 24ec1dc9c283b38549449ca255520c2a380c88f0c6bff826424f7c03c78e10af
DEBUG Q->z: 196ad0075bc634339cfa4fd81e75ddea985bd9cebb89b3623f1d400af3776851, 2c6ca2c737e67ab5dc1bf85eef57b4553ddf5375fc4617bfa4c6d734be1a2f88
DEBUG yQ: 2ff84c1255076f73241b5287e3375ab5ee33ce9dc39386f187d2be00c0d39032, 295eef6e898d1f924f4a5426b832986d327756326e90fa9d154a035f13d003f5
DEBUG DEN: 2f8c49b1c8dd3ebc8fe65f5944ed5d0e44e632aa1eb54355d384efeaa92a231d, 2259906a31e89efae6446296eee3d87ccd6d41d374b02aacee737aa74f230aa3
DEBUG DEN_INV: 2d641ac56cca6a59914ee8b9921f278ebc8136c84d60739f3a51d01dc58f3c0a, 1ffaf670c27f4cc0b19f756cf90d8a654c9314f33dac8a179b812a184ca3bdaf
DEBUG LAMBDA: 152e4dac45042f1b3b698e9728f533692f776e2deaee304e98fab53648a7749c, 0718d0bd75dbc4a0bde5984d2f48ba39d64d61ca24716491c39520a081c4481c
DEBUG DBL p->x: 0f4e259de0f01b808a2295c9936293787481a29fc31eaa9f832d66793ded9ac4, 0ebfa9e58345bd3996807e64e2af99a0419f5b213ed857729ac81f6238c8e355
DEBUG DBL t1 (X^2): 0c19b9c60c4faa54c9627a8fed0c7bd50850a91cb68bfe78794b50ba0fd63f83, 15ce17a63eb3001832db6791b4cc8fb50c239015924c08c79e2c0427180e9275
DEBUG DBL M: 244d2d5224eefefe5c276fafc725737f18f1fb5623a3fb696be1f22e2f82be89, 1105f87fdae7601ee041f0fe9ce456c18ce945af4e724fc99e63805e6faeba18
DEBUG DBL S: 0d2b122ca577a86a841435443304a22981e3bdeaf0239d40abc1916de7790e8f, 23bc15b4755517c185eb879c43d10c4d803f7fef92af3e14282ce2ae54d01289
DEBUG DBL X': 0c3b11916d9b98150842c159e6658b41e3899a2236f89dcfe6c3ed4af603d32e, 13079a40ef571afdfdddcf3b09a5f6c1df28c3090dad5d547a7d13d34e8e0029
DEBUG Q->z: 1368c882f60b6941a471233055d6cca9ad32624bc625bc2aa52b2431837deb0a, 048d6153267622578ef7c0d2b54a7702926bb186baceba5024467ac6a3a0295f
DEBUG yQ: 2d1861e2ef209796f5fac72d665056b671273c0b017cf01d932f8a77c014a318, 1aad640385ad3ec2fd1f6d66e45ca4e43076418f93c7335cc1f984f60d9629fd
DEBUG DEN: 29cc7552fd0f8f0433a548a44b1f550f4acd0d849a8815adea3e88d8a7ac48e9, 04f679942a28dd5c41ee95174737f16ac96b188dbf1c9c2c47d27dd542af56b3
DEBUG DEN_INV: 23a5a021b7e26ac2858a437601646d6f198732589d0e711c5ada08c73b74f0af, 0d7f7f13bf0778cbc7db3afc3782a613f82b26a75bdf5160145ccb93086a702f
DEBUG LAMBDA: 0989136304e0a67ccdb594e97d5fb58cdbe910dcfa514c0856899fb5f2591856, 2ee110b38214868e9a98e112f7946f2c43a525563e2fab3d0986832ac04a6a4c
DEBUG DBL p->x: 0c3b11916d9b98150842c159e6658b41e3899a2236f89dcfe6c3ed4af603d32e, 13079a40ef571afdfdddcf3b09a5f6c1df28c3090dad5d547a7d13d34e8e0029
DEBUG DBL t1 (X^2): 242326f39ffec2b9c02ee8113ba43dc725e031f56794b7b5c2d4b02e318cd976, 245a7f0ca7f256f6d1692077295a0c9f97eb7fa7ea5ea8b3dadda4ad2adbe390
DEBUG DBL M: 0ba0d7f51d9907d9cfec2cc6afea089a429dc0bd65da9206d03cf85ce3ac91d4, 0c46e0403573c491039ad5f8790b752398bfa9d4ee3865011857d5d9cf99b022
DEBUG DBL S: 110762e28a687b3e4a10e8a6aa8217575d6fddb4f2460ef745e4d200486e6a83, 0eccfc76f923421d1847f0e13d259009483bb9b69564fe8a9216b940db746312
DEBUG DBL X': 022fde20bc6c5e14db55a0b344f4161d2d82aa887eca422a3f12d4eb74465c73, 28ada50c06ebd95ef1c56a0a77533c7860ad66de68b982dcfe4acca35ef971fa
DEBUG Q->z: 2b4b5d9f9fbed0924ef285c3c961e51272a87aef1219d35a53fcbd776ead82f3, 2d7ab692abbfd19367474afe63a1c70caf50e703c85b3ed3046952e1757ce212
DEBUG yQ: 0257b28f07b54f7323b37364e6ee6ed1300a9dddb5c7555417cb4b60fd7442ea, 2d2db3c112ff56c405749671d62b3b0cce6ed5e2317672fb5a704967d8380b16
DEBUG DEN: 04af651e0f6a9ee64766e6c9cddcdda260153bbb6b8eaaa82f9696c1fae885d4, 29f7190f44cd0d5e5298e72d2ad51dbc055c4132fa7b1b6978c006b8d7f318e5
DEBUG DEN_INV: 1d5982b2871de836aba7643a4eab4203f4cdb099cbbc16e84e4e35307c09debb, 19e5df9f5bdecdec2496ac906f1b41f35f9c11e2c8d7a2f9cbba43fce0539d44
DEBUG LAMBDA: 13c4c6686101956f5803cbc92b983dc0869d1a62c952daddeb4b3b4a859e0e04, 2feb823d3e3967972416ace4e48111aa27c5fa0758143456a374d0d0a6191ee8
DEBUG DBL p->x: 022fde20bc6c5e14db55a0b344f4161d2d82aa887eca422a3f12d4eb74465c73, 28ada50c06ebd95ef1c56a0a77533c7860ad66de68b982dcfe4acca35ef971fa
DEBUG DBL t1 (X^2): 25b9858d990bde599e7d6b92c7c54a53ca7f26dea299c0691bbb688eb9f1c79f, 0073efbdab72cdde1cd522d42c624673838a5a7a3589e6b6c2a4d839748ed89d
DEBUG DBL M: 1063f3c308c05ab96ad7b74b544d2e40307a9f7916e9ac20daf1217e7cdb5c4f, 015bcf390258699a567f687c8526d35a8a9f0f6ea09db42447ee88ac5dac89d7
DEBUG DBL S: 27169ac1fd05c0aa65bd8d506d8c9df5bff96623581c8208d1d75a9129e94f3e, 021be8f2499a5a396534a51fd746c2449e608761d908badb687574f925182117
DEBUG DBL X': 19e30175ee429b5b96bf8e6b74a5f9ae109427b08e4bca3f72ace6c3f39e9eb8, 10ee1d07ea28a4e62e482dd425438ea5cbe5dba0355db9939ed9694edcff4009
DEBUG Q->z: 025745e1a400e8ddf1a85c451f8ce1942bb95fbf84291c63c6a0c93f6b65bbc3, 1e546307717fd3db1b12036c6ae5e1d61fe6a1e977ab539ddfef568f5aedfb6e
DEBUG yQ: 1e1f41a3e59f93e080b18974bee9b271c97b5409339e56079b4e47fdd407c585, 1fe0c594b5d4ab1a6efff6443a7c0de1c403340baa0065d6ea992fe19455139e
DEBUG DEN: 0bda34d4ea0d87974912cd32fc520c85fb753d80fecae181fa7c03e4cf928dc3, 0f5d3cb68a77b60b25afa6d1f376c365f084fd85eb8f01209911d3ac502d29f5
DEBUG DEN_INV: 04bf147a45bacb17f3b0669821d1182297f5dd915c69a947f5174df3de2e398c, 2ff4b42d469a8db2524b0962d980d32fcba9edcd9511ac4a6e8b615efbc3c65e
DEBUG LAMBDA: 2d04c772dbcbcdee32873c57ac20ec878cbfab3cf6d21586216cae48d150b36e, 2d21355ccff2b90ecaa96f705fd9340da65ee2948eabedab33088017b5053736
DEBUG DBL p->x: 28726fdab854a9f054e531a386b774c578f1e6adc87e985ea6bac7805cf3a31e, 2365adc9aa6511df27b4d367b998a411f029c4b1f63d0a537ea43aa2e44d4e97
DEBUG DBL t1 (X^2): 137db3a16639258097d4eedf0b91cd07cb381e7abbb7c04cbee8e8a53fdffb0f, 0850c0412bb44c329cb193e4d0e195486860c0aa6be45cf7bacaa66887c18720
DEBUG DBL M: 0a14cc715179d0580f2e86e6a1340eb9ca26f0decab57659009a2dd8e722f3e6, 18f240c3831ce497d614bbae72a4bfd9392241ff43ad16e7305ff33997449560
DEBUG DBL S: 0407987b59d74fff1e7805ba454943461b974f27a9c95c706088b534d8a7ca92, 1d70e2e8e980d125fadfe63a5ddc54e28da13a224520df84405b9b5aa8d3bcf9
DEBUG DBL X': 1ec38258e20bf2cf1942cee7a6e6265be0073c0256f71f7dda41d37721e7df7d, 2013f12d419e32d58096bfc0ca106143004b9624404f8d6684daa54a9a1c6f79
DEBUG Q->z: 15fcdf8e41f7d3818eafc2a76dba96927f9c03b9ec1c2a949d1aae2c57711964, 1f4d54e55c4845b133c616f095d560301d04f9e5a97ca988feb1c3d7a0e4856b
DEBUG yQ: 2537f0bda5741406ba62763a914b446ecdd0f26fd578a4dbba702865ea5e4368, 07f1178d905c60446ef4bde21d8503487f4f6f5f8bb182200389be3e294305c6
DEBUG DEN: 1a0b930869b687e3bc74a6bea115308004207a4e427f7f2a38bfc4b4fc3f8989, 0fe22f1b20b8c088dde97bc43b0a0690fe9edebf1763044007137c7c52860b8c
DEBUG DEN_INV: 13ecfb819cc95e045e0608bac4fb6525ad36f189c5fb5bcfceeb0947a304a582, 01a0eebfca51039f4f45a18809dd7409d3f00fb93b76ba4c964da4a97e605c09
DEBUG LAMBDA: 1615e1d839a265e5a9e043b95089c18679d241e271f151c2f84114444a32cd7d, 1265398b1b8f33abb8f18e62f547807750a064aa696878aaca69199a9f287b45
DEBUG DBL p->x: 1ec38258e20bf2cf1942cee7a6e6265be0073c0256f71f7dda41d37721e7df7d, 2013f12d419e32d58096bfc0ca106143004b9624404f8d6684daa54a9a1c6f79
DEBUG DBL t1 (X^2): 08374c5a7bbbf56d454bea3b4cce923eb1393c9fb40cf24a3035cafd6b210434, 1f939fa8fba9d4ceb3e97934153d1da93722b6248d0119edfd906f550a36d000
DEBUG DBL M: 18a5e50f7333e047cfe3beb1e66bb6bc13abb5df1c26d6de90a160f841630c9c, 2e56908811cbde42636c25e5be36009e0de6b7dc3e91833cbc90c1e8462772b9
DEBUG DBL S: 2e2ddd1f435be6d45de72597ee081be1b0e66c655e68142f64ba63cca2fa2fa7, 063fa7eefd63abcff2c87eff6673439c9231c16aea53d231bb49b29c658de0d6
DEBUG DBL X': 2b815811f5d7787d5eaa1b4546e82ff570563bc6b15a6465118229ffba4c084f, 0996eeae0ae6a6bc1ca0acc92acda43cdaad31fe36b891ee953cd37bded1f98f
DEBUG Q->z: 105afb2b52086a1c94266cd34b6825997b9e2ce6f927178a306bfe0917387a1e, 1e272947cd2150b4d49c1ff18ea2b3b7e2ad24ac9e27ac017d4a51d43bc5e6b8
DEBUG yQ: 0e26430b6711fadab85dded6b226f6bc5a6141c1b3f7115f4c1cc408b5b9e7ec, 08535113706c6f0b17e146fee98b3ad4e4a1a021a732170be6048c71aaaf3c25
DEBUG DEN: 1c4c8616ce23f5b570bbbdad644ded78b4c2838367ee22be983988116b73cfd8, 10a6a226e0d8de162fc28dfdd31675a9c94340434e642e17cc0918e3555e784a
DEBUG DEN_INV: 070e2deefdc5e9275f6b8705eb39c7b733bacf673a8aee631dac2c0d8c6f38f3, 0f35e792d8c697e3df1d623e8ef3fb6859bcd987c08dffe4f7d73203f755eed7
DEBUG LAMBDA: 1bf08cc220cb4d197f9d85ae97bf3f71721930528cb3cae6449eb1079535192b, 2a9ef1d72050d7e39660cd0ee7d3530440b4cf30b88b7bb64529331881dc13f3
DEBUG DBL p->x: 0d747a3fe065c0134d68db455833d782c43622ad0f2f9d97579c4700e193fa75, 021046fd3bfab11c99ddcd055ab618c561575b7e4a6e42fdd1c5aecebbd9a780
DEBUG DBL t1 (X^2): 2866238c7557281db08564169f2e5dd208cd305c4450b55c3eb9eee40d6715ae, 202163540e8f9c62dd2223224fd41aba6ed5044da522667d41bc9e467e106311
DEBUG DBL M: 1869cdbf9da23805a0efa0d6da8868baeb64bbf1fc0e8afa43ecb47e773b467c, 2fffdb894a7d34fedf1623b06dfaf7d1b4fda25786f568ea89154ebca1b42bec
DEBUG DBL S: 2d19b079a9d50ee8af71132455a92ae789ec3ed0660fcd3cfac466cde582f5ca, 2b567539a320a0599d47002d0b64c16bb509825d256700dbac01fdd195dff005
DEBUG DBL X': 154e1b918803df8b7c2300478a0d45a5eb38aa7bf5abc6e40d58072fd18b97d6, 21399ca88540456c1e6680e8d11da3a0f40d1439416b5d7ad319e409c66c1e25
DEBUG Q->z: 0bf4c2b71852222eb9bc7d0fa60eaf91e2547edf62f3dadcbf1973cd7d78d892, 0a20b9bf99326f3a43dbdb4564683611d055355613af6eb98015ce75d75644e6
DEBUG yQ: 0b10a2a5d3258aab225ea669adf16b3bf5c4534d32a78bae2cd975dd6311bed2, 2926749c3ba1fb3205d4a45c5d839d8bebfa4eddbdb5afcb8cc04f9080405095
DEBUG DEN: 1621454ba64b155644bd4cd35be2d677eb88a69a654f175c59b2ebbac6237da4, 21e89ac59612563a535903023985e2ba4073332a12f99509dd60130a2803a3e3
DEBUG DEN_INV: 2254903d37693ec9cc61febf479d9993a05da6ad2833ac0eb08fe3490f259c64, 24019ead0d41ef13942899ed57f370113cca57e5e53eae9aa04653b149c8a9ba
DEBUG LAMBDA: 095b34f94b84c229ed97d0965e881c648f7ff6df0d0da3b0351af6f5130492ed, 242417612b6284de7bd963091a562f04fb53f4f1d480b762b6c6433aad4622f7
DEBUG DBL p->x: 05c35c4d174b9aadce9979d5220b4d94fbba81b8d4822b7386f78bb9fa2d5443, 2eff892ca68e1d2b86e8193e7e411f7cfa0a55b515fe23d7b4726e8b337916d6
DEBUG DBL t1 (X^2): 11fba14896f1a5b46021431b217bc5951e98f8ab05239d5273db2298e932a559, 2f3d76f39f84ba3453da2e0fa1ea5fc78b4a752f4c7fb8e76d5592effee350ac
DEBUG DBL M: 058e9566e3a350f36813839ae2f1f861c4497f6fa6f90d6a1f70dbb3e31af2c4, 2cefc7f51c2aee498aedfec1e2bc6e9b72dc8a6b149b959bcfbfa0a24baff776
DEBUG DBL S: 018449833d90208555818093b3a3d6a8d5f52b622b84dee1d30a05775cfe0049, 20f66aea9f3377c0a4c64fdeaf7c0ba6aa024e665687aa4708a335b714ba2c2b
DEBUG DBL X': 0f7a3257b7b6bf07c5e39b421b240a7a0c65014c44fe1101385056cc7faf96fd, 2fe9b21a2bdb4f414eef171e5fc864ed6cd6434e85175f75e95720d11e6caacc
DEBUG Q->z: 14f8b78f8dae128c0e60b975eb79efee21aea1c24eb62a0268dd6312dfe57144, 258bcdbeeffaa2d020c9576e065d795592fa020996eb6a47c20dac4ca84099ad
DEBUG yQ: 0d553b114f464a5bb3bd54d3a7f7ae7810ab8f5b72bdbe0718dcf7c9fb948f24, 1dc91c70af16e6e5bbf1bf787e3d47f64c08858b26a7f804fe396c1ec2cdcb98
DEBUG DEN: 1aaa76229e8c94b7677aa9a74fef5cf021571eb6e57b7c0e31b9ef93f7291e48, 0b2dea6e7cfc2da1bf93393a7af9378f008fa084e4de257cc0524c26ad1e99e9
DEBUG DEN_INV: 2698a48c7e5b949abde7e2cefdda0693a24b19d674071bd70ed2e82a458a878b, 11a9a5b54c5d7cb23b3f08e350af37ca373cae1d3140556fe0e5d906a39e8378
DEBUG LAMBDA: 11206c9fffe86a9fcb738890a64a24281420e276b3a75aa16695709f5184b40b, 154c0d26909c02f0ff16e30f373c18f2059b4e5ac5d4bd9aa66400c9f6b7349e
DEBUG DBL p->x: 06e5cc5d2dcc528ecc77006c72fc22bc76dec6cacbadfb59d2521228ad6a3062, 1fb1874a68f393c3cabe3c4b68e3e66f873649efaa112cf9bfbdd78b474bb32c
DEBUG DBL t1 (X^2): 2bbbad5f77ad91754bb63c062231757c69737dac0648664b5deba37cb8a54d24, 2c632d1c242134dc89b0b95ff8bc4fe2fc8fcd4764aa088b9b2db3fcd7945dfb
DEBUG DBL M: 226a6b38a4a5740c728228a56391afba0d57a3e141f59dc7a181d24878f5ecde, 2460ea6eaa005e422c71a0b2e7323eedc6ac92b35d1a8488594803c8d5c31f63
DEBUG DBL S: 0bb0459b9ed6e4b0c0f5fae5d11117555a0f39f5928b46ea3ac0a4da85fb526c, 2fe87d4ca8735bdfbbc7ca4673598c3580469a28488d526d4f9cce0f9e3e4b0b
DEBUG DBL X': 29836b92fefce3adabba9c0a253d3b3e8a7732a685bfc61413059320f20698e0, 056e4d3ca31d9380a447029982019ab85efe47920e839272f3b50c1a3becef00
DEBUG Q->z: 2e7445c52046f93b4d24ec0f930bf5cff1029e9dbc4892e7e783a8208b99f9f1, 255494748a7a827dcbe03b569355457cfd5d2797ede296626982d4a6f60c7b9c
DEBUG yQ: 01024f788f6f10ad531a7fb34db5f427140fdfb2372ad335da54a2e4180d9596, 29cd266d9802b8765ed0595ea5d8460de69d069ccf18a2056f000981f37320d9
DEBUG DEN: 02049ef11ede215aa634ff669b6be84e281fbf646e55a66bb4a945c8301b2b2c, 2335fe684ed3d0c305506d06ca2f33be35b8a2a835bf797da1df86ed0e69446b
DEBUG DEN_INV: 060770df2490e9c59e83c2cd446684f07fd9951b3d207cf26f59748465c8876d, 13f9699fa5dc4b9699e8753a6a88b6577ad7e8da673f502207c4e23df9b0cacb
DEBUG LAMBDA: 1ceb3576a058a652148167545739e8503c693b5e5370dcb6ddc6da1dc517bd1d, 00f991f49e3d9b774212fa8132918d7da7918d838348fd21f2075c90faeafee4
DEBUG DBL p->x: 29836b92fefce3adabba9c0a253d3b3e8a7732a685bfc61413059320f20698e0, 056e4d3ca31d9380a447029982019ab85efe47920e839272f3b50c1a3becef00
DEBUG DBL t1 (X^2): 05b857a2a1f481fd7f95bd333bbedbb6cd93dc97b574477f9c21cbb9b21965ba, 265a253678ffca4873bb03f2429c998e962e39165ecaad0a536f8829849d6102
DEBUG DBL M: 112906e7e5dd85f87ec13799b33c932468bb95c7205cd67ed465632d164c312e, 1245d2bda89c1e85ea908069c4d31bf09387d6204b7c7204820d804edcde2878
DEBUG DBL S: 265e66e9c43cfcea89cf47d230e04609bb60b2d82e3f71f03ef08f63142b1a55, 279cea0e616ea1e1d7e2b182580b32db5f87e05d4a1c4076147994d219f19adb
DEBUG DBL X': 107440ccd0a2b32541baeebed47b0a9e119fca7bb77467a2090d9cb06971e76b, 219e4c2b163bb6a41b9df12321aaa81831907742b2d78ce71c051a3294f83a6a
DEBUG Q->z: 09e1bbe897d446e5f3beee436e366f15014717454ae287a1476cbc3c1af55c61, 074806dafd0ef0dfeab99740ad4f3a5c21c3bad49c07089b54b350cfe15b259d
DEBUG yQ: 01ab6c81291e8976180b00d4d38f967a02cead8588420e1194b7f0632579eddd, 2ffaf523fab1b7e142be1047003be58eb18415b054bda6c18cf25121d59b4153
DEBUG DEN: 0356d902523d12ec301601a9a71f2cf4059d5b0b10841c23296fe0c64af3dbba, 2f919bd51431cf98cd2bdad77ef672bfcb86c0cf410982f5ddc4162cd2b9855f
DEBUG DEN_INV: 18c5e38f075ba4236db455a68e4471ca43cef43b69cbaa80cc217f8163b7c2f4, 2d6258bd8675d5d2d9423f17d69fc59efbf5b1f41dd1ef6f6ef5429386e6c3c1
DEBUG LAMBDA: 1745fe1925f8b384f19e278d5802ca823a7f0ab8384fbc6e7cd6f6e177a99dcd, 2be8bbd2e15889ed338c7cf505a414725316a52be70fcfbac04b3a5383b2ae67
DEBUG DBL p->x: 107440ccd0a2b32541baeebed47b0a9e119fca7bb77467a2090d9cb06971e76b, 219e4c2b163bb6a41b9df12321aaa81831907742b2d78ce71c051a3294f83a6a
DEBUG DBL t1 (X^2): 1320a9ff321d44f9fa065295a3214632ce1501acc660cabb4d23a8cc103d4deb, 210b0ad56933f2f6dc7026fd4eadd9542cf01bb34e821ee02296632b42a5c1e4
DEBUG DBL M: 08fdaf8ab5262ec435c2b20a67e27a3ad2bd9a74eab095a4ab4a6e4d583aec7a, 0258839a7938989124afe98ae906db4157cd7df71aa2c785ef82115416f74b1e
DEBUG DBL S: 2f4c8aa4dd7a238a6f25f0324fedbda58649eb050f986a95a16daa915bbd7ee7, 1950acb6d22f6090269b3dc24a7bd5f3bb84206486c7ecae77476ff8740a5633
DEBUG DBL X': 1239a570f7b079118c49cef1d90df9b4cb071eb9d5592ee8de0603922a2112c0, 292d05fb0529426cdd8dbf189df296d68047b2ca14135a902d39270d8bc40d72
DEBUG Q->z: 1bd88d5a6d5bc22db95c3e823008c72df346f00ec1e8cca5c98c1b1c22f233a2, 1667e633aa606d7f70986ca19bae7c3e937e742af9d0b3c3b9256c02e0a635eb
DEBUG yQ: 1a50412601e0c5336ce956f5784760f414c1651d6d04810a0d025860d78ea080, 22dc6c3338edd730a1d8817c70ec86d17beb7c4d2d8bdc0e78cde670853e0b0d
DEBUG DEN: 043c33d9228fea3d218268346f0d698a92015fa971973786dde424aad6a043b9, 155489f390aa0e378b60bd426057b54560558e08f2a5ed8fb57b40ca31ff18d3
DEBUG DEN_INV: 1c64afa252362ea58dcbb7a72140e2f2c44e464af54edbc891684e5e25ebc616, 21c64a79351e8ceb17559ac7461a1b16a8a1fd54cb44612d15721d74142446d8
DEBUG LAMBDA: 28e96cf83ab1809bacaa1cfc822bc2617b65647153b4e0d7a807717f827d27be, 085856814c1fc0a09fad4e2d90162d38449cf67f10f1f2570201b81d54a768e2
DEBUG DBL p->x: 1239a570f7b079118c49cef1d90df9b4cb071eb9d5592ee8de0603922a2112c0, 292d05fb0529426cdd8dbf189df296d68047b2ca14135a902d39270d8bc40d72
DEBUG DBL t1 (X^2): 2d18b0d3211f6b043d652e465f7c61a6e1ac8fe5ce7069d77bff4ed4ffb455f4, 2969e50d71d4910c5154c22861824f17ee7a93ad240652b817ccac0a3cccf289
DEBUG DBL M: 26817593a0fb00b9478eff661b7274397602da8e9a6da86bfbbcd4514e23074e, 1b751242931a72d1835dbb0c21843c8c9c6ce5e49b2f630dcf24ebf1056cdd0d
DEBUG DBL S: 1db043d9588216227a4345dffd4e11b472b0b9970eaaaf459aa37e8ab23baeea, 1a714ec8b4b5a631e4c5cd9d7a2f4d3a4ccc4386b740092bfd5125792d19d8a2
DEBUG DBL X': 0d983ce7d54ba3fb29420341aabe2169041b00e45e9a88e191a401f570492b5a, 0ee5393ebd38faf756cc8f3de967d75d6d2d0eda9816fc3a86bd6ffde4414925
DEBUG Q->z: 1528b2f18adcac3a1f29fa25b9f3072f4b3f2efa7c44ae73be9800d7addecf7b, 2ed87f2f0daab14fc74447e0a4beda667ce70bc796c1a71aea02b43ae76766dc
DEBUG yQ: 125d6537b5c287c2a31d362471fc7784350a4a080608e07f4310092c833b750a, 1c7fa73b589c2f8bf03acfd778c1aa7eb23feecc10e6da003a274f52623cadb9
DEBUG DEN: 24baca6f6b850f85463a6c48e3f8ef086a1494100c11c0fe862012590676ea14, 089b0003d006beee282559f87001fc9fccfe7306b95be973382e128debfc5e2b
DEBUG DEN_INV: 2be1f9ee03c1a36bc85a100d524b66a706eebafac32b0bfbf5821e5ae4b93bb2, 0cee3f3a171090b295072415e6b43960aa34e1560d55e521b2f7e9ac74903dfe
DEBUG LAMBDA: 01280b76a7eb3425d8d8eed4dd86d225720debcd6e67cfc002389592cbe6c787, 2e48ad857f20e4172a5effdf5b595341f5cd2895fe431f88b45ff8cd3b9b61d2
DEBUG DBL p->x: 0d983ce7d54ba3fb29420341aabe2169041b00e45e9a88e191a401f570492b5a, 0ee5393ebd38faf756cc8f3de967d75d6d2d0eda9816fc3a86bd6ffde4414925
DEBUG DBL t1 (X^2): 00f2fd7024860fed990187a857c93d99c603e0a6ba5f806b2154879f91a15551, 1e7101c1ac1d7a6ce4df11f9efc37b3dd878a620c10ba52c31d2568dba03a812
DEBUG DBL M: 02d8f8506d922fc8cb0496f9075bb8cd520ba1f42f1e814163fd96deb4e3fff3, 2aeeb6d22326cf1cf64cf0374dc9195bf1e887d0dab124f759567792558dfaef
DEBUG DBL S: 0a9c012b5556df021a743f6b199cdb758e46ced4f7133876c7c40b62fe862888, 03443128dda49b5478cdfa285b15f18e6ad56ba71cb5e13df869a8b57a8c35a9
DEBUG DBL X': 02c03db0694952dfc0ac597792d0c9f7b84a5824c36914a68cd482bae11feacc, 2cdd8b61d8d0a7e07407d8e9717d19ee864f4f44e1392ea524ed0c1ccd0db558
DEBUG Q->z: 04c6107992600917bb26284adca9b386326e1bb452dcff14055a0aa664e4b658, 151f650b1661bfe382605f2a3a4563c0f292f663e26f6ef8c979fc80684f3837
DEBUG yQ: 12cba8db069b78cc82f79fde8b23dcf8597fd99c55514b6c4aebddcb2c073529, 16aec3e8c4df18e0324ed17fc3cc47f97d8109eb18bbec1cc07dd90a850ad1ad
DEBUG DEN: 259751b60d36f19905ef3fbd1647b9f0b2ffb338aaa296d895d7bb96580e6a52, 2d5d87d189be31c0649da2ff87988ff2fb0213d63177d83980fbb2150a15a35a
DEBUG DEN_INV: 208774c85faaee3f50f846e0fb4eda3c1e83eab85baf7a4865197e8d6e3ce806, 2198024b4ee0932421090d8106df7ed690b9582411f7bce7061956b2e0035a37
DEBUG LAMBDA: 0adb8a363372ff19c49f59e9425ea9948c847563f10fe5c366bdcce48b3f8ce6, 18792fbd16881b6b3145c4906447f858a4f90663734182a41aa4ad28fcecc5f5
DEBUG DBL p->x: 02c03db0694952dfc0ac597792d0c9f7b84a5824c36914a68cd482bae11feacc, 2cdd8b61d8d0a7e07407d8e9717d19ee864f4f44e1392ea524ed0c1ccd0db558
DEBUG DBL t1 (X^2): 00f734403ecd363b762266774160a0d756ea29a2ae33632358321d36c1ffa9c0, 153789910414fde2cec0fd117772ce2bcd643f3c06f814d1026709c350294e4e
DEBUG DBL M: 02e59cc0bc67a2b262673365c421e28604be7ce80a9a296a089657a445fefd40, 0f424e402b0d597eb3f2b17de4d71225d0ab5322ac7673e5cb14913317feeda3
DEBUG DBL S: 04210741de8171e7db351a0409d12a013c8039352b821aa5219ee3494b538163, 2dd24433fd365bc6e6eb160baaa1276b2421deb5c08305e588271e4c9ef48eb7
DEBUG DBL X': 11c2783847aa7c620fe809ca97f8cb4e134e1c6b49b9835ba93c4f39007bbcc2, 0d71e07fe321531351bc19872e6943aa0bcdfda2426179cc1c7c74773d0882a1
DEBUG Q->z: 05cd2a12196bc82a738a81a4cd9d9abfbc18cb19fbf6265ceb2aa6012c5ae8d7, 1486165a18a7513f52c2bd8660d70d0f3ec3230091f42abc2643c3c199df7d4e
DEBUG yQ: 1017303857bfae7d5ef68892d5207a42981892f9d7b9bd3846d782a68f565ee5, 106eb3a54656ac90f44a7a29b1e30a5222986a1c5fc79d08bba318a2cf83e02d
DEBUG DEN: 202e6070af7f5cfabded1125aa40f485303125f3af737a708daf054d1eacbdca, 20dd674a8cad5921e894f45363c614a44530d438bf8f3a11774631459f07c05a
DEBUG DEN_INV: 2961546caced55441f154fba4a6ea3c34a4823bc399c4f4003adba0ec57e7729, 068d5b7cb3598ea92ff4ed57cc692dbe43c30abdd46f11e710f50ff7f9b28387
DEBUG LAMBDA: 09371b0124c540fd688c8e4fe56dc5552a1d7908d923b5c0f9c2f12b42c2fe7e, 28393f4155508c4aa460a1343e2cf94fa1ff532b0a65386f4427a63cf99fc1d4
DEBUG DBL p->x: 11c2783847aa7c620fe809ca97f8cb4e134e1c6b49b9835ba93c4f39007bbcc2, 0d71e07fe321531351bc19872e6943aa0bcdfda2426179cc1c7c74773d0882a1
DEBUG DBL t1 (X^2): 262eb1a386ad9c62d23e7f10f2adda9e88095a257f980903b0371e50090d90bc, 00591b62cd8f0907329f61b720c4b0273eee2ac24f6ad962760d7c3e2b6c8fa9
DEBUG DBL M: 11c37804d1a594d5061af1c5d506df206919394dade485f0986442c26a2eb7a6, 010b522868ad1b1597de2525624e1075bcca8046ee408c27622874ba8245aefb
DEBUG DBL S: 26d8f91a58740da555cff4ce8c25fb635bc27efa86bd54f5b60d33a37e3107a9, 2541973fe45743556c85eb19f940205a0233c7aba6d662ffe2bf74eb36e9e9d3
DEBUG DBL X': 2381b48d879fdc9b61ea389de8f3c40bca436d93e038c0193e87e95189cda3b0, 15c703cbcc8aa850153b15b8581df542f4c964b41608240fb7e7d1b4730d8685
DEBUG Q->z: 20966091b6b9000e307033ceb78f13b8b44bcb0f5d3358982a6d8b587d611b93, 2a0b0977d217e3eac61a01a9bc080058036cf8be72afe377a3c4a711bd87a94f
DEBUG yQ: 281c00276b14fb75f1ecaea1a25c6608f1afc573a542ce25c0dba93090dc74e2, 12e26fd3e1dcec250bfca72f06653dfb132c3abb164d169f9080a0b5f767a274
DEBUG DEN: 1fd3b1dbf4f856c22b89178cc33773b44bde2055e213d1be4596c64a493bec7d, 25c4dfa7c3b9d84a17f94e5e0cca7bf6265875762c9a2d3f2101416beecf44e8
DEBUG DEN_INV: 053cbf21d1b1a7e7ac30ab041cb36c1d00b1388cb77e386849e91a464bdfd598, 13dd84975f4e492412704ca2ac8f3283695039813abf8e429a884280de91ee47
DEBUG LAMBDA: 081fb852b42e3f5e92fb21320c829dc11f65695466d5008613f75cf3c9a8ff5d, 14dfde566ea4d3ec554a1a981ec4f81707b04acf964b81eb8da91b05398c7d6d
DEBUG DBL p->x: 12abeb43c469482553a918e18db2872c1120c00dc4f9e3ac40ed326b80e447dc, 0070203a8b8801cb5c6926c9169cad9a59ed7c7fe2fb73a4329e83c3fdde2f01
DEBUG DBL t1 (X^2): 2b66bdebad8bb7231bffddede0985d3cd9f85b150436357e70da756dcef5facc, 0ca3d013b9d44ef5b9a2ad99303043c4195085c0795d791d87c02877a355b637
DEBUG DBL M: 216b9cdd463fe515e35f0e5c9ec666fb5ee63c1c3bbf0b60da4e481bbbe7f5d6, 25eb703b2d7cece12ce808cb9090cb4c4bf191416c186b5897407966ea0122a5
DEBUG DBL S: 0beba3f8d1699f510ff8f738ee11638554a91ef0b5f6fade9be65f26d862128c, 256e01c2f28e51566299a483a133915b59e92ded4284816c5e8ee1c4ce6f7a1b
DEBUG DBL X': 0ddeae7d8da09ada3f26acd3c786d616fca34cb06c84a74a10aa0ae77ea3be22, 0514b1fc70b526388265e0cb6e8d76d109ad0362c3f75e8b31703198f56b1c82
DEBUG Q->z: 25734927e0a9d915808e15890a830a697da768bcfb25beb822d3e37e26aebd23, 08cb987191d5128cb78f857806f404f8af946aaedd69af5ba786ad448d4b0808
DEBUG yQ: 2fcd1cde381d772b95e5b5cf4aa784d61875279a7af587dd423b3c052f98462b, 17a34744c76734eac30a56f2227eb815e78688215c797d5a882df347e0674a35
DEBUG DEN: 2f35eb498f094e2d737b25e813cdb14e9968e4a38d79452d4855ebf386b38f0f, 2f468e898ece69d58614ade444fd702bcf0d1042b8f2fab5105be68fc0ce946a
DEBUG DEN_INV: 1d2fc15935b005751dba430cbe3f013556f071601631a83fb1cecfaf5e0c7970, 2a0c99fd0a8c1eff823bbf53f19f606164b0a415809bc6d9a76b10555cb1075f
DEBUG LAMBDA: 011bd87aa0823c88bb86929fbd67e0c44124c59ed14cad882c83667fad30d339, 2035b053b16af9b623618d1650ab05118edefaf2bdbdc857af1a1642af841121
DEBUG DBL p->x: 2f83928a8e8ff4639a46f7b02fd5d15b11690760ec3ba975e046656d5deb9ba2, 13affb650f4c1d4c4f139b05293504365d3d5394fa8f73ca26b5c33112b4eff4
DEBUG DBL t1 (X^2): 16f33ab713984204314709f75e6025a99cfa9a96532f8d81d15caac2d1c55d48, 0f9c035db696cfc06ec72c34203f58a0fc982b293514619f1fcd6107c650bb5b
DEBUG DBL M: 147561b2599725e2db84d82f999f189f3f6e6531911cddf837f574319cd31a91, 2ed40a1923c46f414c55849c60be09e2f5c8817b9f3d24dd5f68231752f23211
DEBUG DBL S: 1d041d4a071b049037bc279e3e2754a2dbb6bb429cef3a559f9fce5483c38c97, 194cbbba05d35bf83df9a4c9f09db8c830841312d70f5cd1b3285721624c7b31
DEBUG DBL X': 11aa79297244fba8b902f4fd9a43f14a871658cc8e5183275b4b6ec7c23f4141, 154ba441d0cb1b03adf9813c884cbe534cb8adfb0ad14da6d76913e5fbd55da2
DEBUG Q->z: 2ba4cb0a8d9806a076d526166bc69ee950b5733e14d9f0c058e9db158a91e680, 2eaa5c860d175353705d9e86c1716e709ededf9ad611c8b034c42bb24af25a7b
DEBUG yQ: 05a3216c115d1ccb0d3b6457344ec6f769f89608eb26def0a57751d94b85b430, 19d26f3b55baca18bb943f5cd4247ca9787c1c3d2b76d77869c63656851283ef
DEBUG DEN: 0b4642d822ba39961a76c8ae689d8deed3f12c11d64dbde14aeea3b2970b6860, 03409003ca43f407bed8390326c7a0f55976cde8ee7be463976be09631a80a97
DEBUG DEN_INV: 217161dd430eec68126968865666c6f76c3a59f42026820afbff9f14018da01b, 1ec2fe8e0b01ce1b8168d9b80ea7f52d7b946ff6de5b64dfd1345eb166c54934
DEBUG LAMBDA: 2d3ecce8b3da63288b1d11865565726094f7539480c42ed285796e2002d07a5b, 0b12349a9db0d92608af1379d00af9bdebfa5b895783751e6d8b8358b079dd8a
DEBUG DBL p->x: 0bd88aa192dd2683e3985a818554d5aa0df1f7c656dc184bc35dae02bd9fbed1, 2e544d0404aa8e74d43ac6cedba463167834f9dd4eb49a39076c5b5c93f431b9
DEBUG DBL t1 (X^2): 231b8006e98d5d83e81bf4bce417620d07d3b67150dc32d2800335ed752bb851, 0f8ca5f240bafb89fe9c258790f2887718fd821c168fa3ae1b73afccff31ff5c
DEBUG DBL M: 0889e32efa44d83847b352c9a943756be8784e3121b1035d07c8899aae892e65, 2ea5f1d6c230f29dfbd47096b2d799654af8865443aeeb0a525b0f66fd95fe14
DEBUG DBL S: 0ea13ff1902710cb20be34a0537c261665d09742c67ac69bcd988e47da8c85c2, 20c858e666d1fa429d17832f4e5d4c55d727b8a2991c0d57e8e5f5e31f7c5922
DEBUG DBL X': 1cb5f9efd9a78a4cb3a4398e1b89a5e95841ef736f55b0f4d79191396e3eadbd, 2fcf841e79824ebcce167dd26225ff88c2f36c5eb39051022669deefe9b3c745
DEBUG Q->z: 19c2e5672199e2737903327b1b1736d5d4664e6c9ff3d98fc8df579a2234bb51, 2baee25c79e9c827069841f1cada7555cd9ca72c4573cccbbe79421166dc9c9a
DEBUG yQ: 006dfed623111db152395c74927e01ffcc2eaba14a7d341c92078d34c58c4996, 1304bc2db6627e35fcc6008617cca65fd6b40fbaf1d29aea52db61f01b5b97c7
DEBUG DEN: 00dbfdac46223b62a472b8e924fc03ff985d574294fa6839240f1a698b18932c, 2609785b6cc4fc6bf98c010c2f994cbfad681f75e3a535d4a5b6c3e036b72f8e
DEBUG DEN_INV: 0dae3b31e2c163cce9f16b78b18c3b2656283e0d4737b113dc18ed85b5423331, 2b0562600572101e469e80573de4bbc973c557cc47e100364413205b74d875bc
DEBUG LAMBDA: 1c5545f346051ec3644f98080ac054fcc297f51b19dd06e87e0136608d83d768, 2dfad35c6e205c4dc276303f326cf20cf891a0adba0cafca0a69194af5e037b9
DEBUG DBL p->x: 1cb5f9efd9a78a4cb3a4398e1b89a5e95841ef736f55b0f4d79191396e3eadbd, 2fcf841e79824ebcce167dd26225ff88c2f36c5eb39051022669deefe9b3c745
DEBUG DBL t1 (X^2): 18e214cb2fd4e31a6148e6353b55d1c70632d154e794dc3e4e6e0e6fd6fba6f4, 2b3b2e76c4b8c2570c404be7e25544daa0d4a08cde917ad1eef7e9d0b308adc9
DEBUG DBL M: 1a41efeeae4d09256b8a6ce930801cf77b17096d4e4cca2daf299f38ac75f795, 20e8ee7e8bc706b1b420584aa3fd1dd4b37b0c83cad0db5b54a6a54468200ecd
DEBUG DBL S: 07ca16d43c490aa93ee7e4e2284cca81398919a70c6e339376274ffca389f0c9, 174daa50c549d8cf2dbbf94fba366004fd0eb1503b44cef814d7dc5086afeb1f
DEBUG DBL X': 000fb073a0cd17fc5efedea204aea016f43ae0dd0298cba8143c860799de5abc, 23a018853db61c29f634b02bc5a52bfba3d6d4685409eb73b02c4e1a3897b7e4
DEBUG Q->z: 0085ac611a4c124c1edbfc169921546002d6561fe291e57b7267aefacb8f4b03, 28fbfcd68d8f59582bc7bc9cf5a775ba39a0bf96395966cf459a4174d7d4a30c
DEBUG yQ: 037466f865742e406edbfbeb9f1c60ae251d1bd37fd770bc24c7616f702bbb89, 0f25d0ddbdd90cfca3c2a355f346dbcf5172d0891e74b2f745d742780e7e1f8c
DEBUG DEN: 06e8cdf0cae85c80ddb7f7d73e38c15c4a3a37a6ffaee178498ec2dee0577712, 1e4ba1bb7bb219f9478546abe68db79ea2e5a1123ce965ee8bae84f01cfc3f18
DEBUG DEN_INV: 0b03e7f4a9ad154d4c9c5e5ed0706329e9fd3ba697ab020e64de5afc441e71cd, 19d285f26697f514c156f4fd595a18c3410bb62cccd39351aa0268176d266a96
DEBUG LAMBDA: 1da7a7faf1edb1e35de448ad241d916598d1aedc3f7776ebedbaba03070d287b, 2efd9af4a4d52f47442489cc349a95627b63edf57ecd43a6349133cf50ac9a51
DEBUG DBL p->x: 000fb073a0cd17fc5efedea204aea016f43ae0dd0298cba8143c860799de5abc, 23a018853db61c29f634b02bc5a52bfba3d6d4685409eb73b02c4e1a3897b7e4
DEBUG DBL t1 (X^2): 16a7c95d8cb94365cb4e8a2d5cb4ce581c0e3aa3e809b0554a80e3959692a232, 0a9329b7dfebccad7030871e0e7af404f90b05456a723740d7ceeb3d032db7f2
DEBUG DBL M: 13930da5c4fa2a07a99b58d1949d12aabca9455a4fab4672a3621ea9eb3ae94f, 1fb97d279fc366085091955a2b70dc0eeb210fd03f56a5c2876cc1b7098927d6
DEBUG DBL S: 25fe0bff6057f761db28d7d148d867a6c247b86567324098679971256d0784e6, 0fc22203dbe4e4c6f76ab8945ff114fe24c5fbe33a755627853071968620fb8d
DEBUG DBL X': 01afc60b2866e48a360c585e8285757ac60136e5d18e181862c3ab95d8407ebe, 031f0338f9a28ac27bc663b76b8b21f26fe126fd6501221ea9a1836e4ff0720a
DEBUG Q->z: 040fb89552b7da7db5c748364709e5bfa5f1396e13d342bf29634ddfa2ec9dcf, 132011c71d5ec6321235d2936f03041d4785e0ebf3c39118466a9e8a03fcee66
DEBUG yQ: 040db0cdb821364c40b9a6560cedbd3a0a5bf267d89adf3611dba89c399e42b0, 0a91a5341475568de1c33a3cab8b2c44688f3f596fc93455372eae62f9413b11
DEBUG DEN: 081b619b70426c9881734cac19db7a7414b7e4cfb135be6c23b75138733c8560, 15234a6828eaad1bc386747957165888d11e7eb2df9268aa6e5d5cc5f2827622
DEBUG DEN_INV: 2258a7a3a6aaae0cc038d07a7a47ed52568730c96ce2d20dd35c46bbae147121, 11406c15f24ff03d0a362d0f13fb2bfeed60013432539b22d614e3562c411507
DEBUG LAMBDA: 1edbfa0b3e43cf5a42c3fad56a768b5eea9587040a1b8b3de1e57d3fc03b3de6, 10f12767f5d7f2e174da461c364673e116359e5f70674fea5d07092c3f70dedc
DEBUG DBL p->x: 23b3af9f3b2f17855d341754631642d54583049c081fbc176f11d9af7a90c1d2, 1e9e130f38528709deec824c4be9995e2f6dc36ed08ad697aac50f94c417dfc7
DEBUG DBL t1 (X^2): 0d93381b7424639e6f5bb5f4e03e713500aa698ad1a9e5bd45b140012be931e4, 0a27f21532beb347f447ad081094d33b72f46fdcddbdd1d62cf67a5c1bcc2968
DEBUG DBL M: 28b9a8525c6d2adb4e1321dea0bb539f01ff3ca074fdb137d113c00383bb95ac, 1e77d63f983c19d7dcd7071831be79b258dd4f969939758286e36f1453647c38
DEBUG DBL S: 1a4f0edeb735cdf4aad78cc6ed3db741d4b55bea4c3cb32ff9693f47e8a95931, 28ac7ec2a26510248ebc22191906b988bdf4b464c544f2fb0839ae1e92197cd6
DEBUG DBL X': 04b794ed9137c5bdc102e6b3643d9e71245514dcb2e88a4f1d588329a02c3fd9, 0c2b3d874027d39836281a125279d85339a82b8e0c83cb4e2edd743432ea3dd2
DEBUG Q->z: 1e5d199c5042f9b4512f81a98298eab396196d86601e86d7b219e316cf41f356, 05a42773cbed8995570b61780685a62f351b4825743ea808962b788eb9d4e1ed
DEBUG yQ: 1ae631325475fbd51d66f06f57ab838398b75336e12a0d79b069addf6f95da34, 17ad8930590c00e9b4f69498662f1e69a4cc685971f73618e3af874beb0f497d
DEBUG DEN: 056813f1c7ba5780827d9b282dd5aea999ed3bdc59e2506624b2cfa806aeb721, 2f5b1260b21801d369ed2930cc5e3cd34998d0b2e3ee6c31c75f0e97d61e92fa
DEBUG DEN_INV: 07c124014937c19b050561bdc99610f8c72f089b5a4136ba9c9fa37c5f22a6dd, 2b451c7f436768455b97dba8890bcfa8e64e07ce7c5af259c440542fa4628a9f
DEBUG LAMBDA: 109c8a004ca7a1efa26d418fd7dbd29a9401de18f74cc93d33120cec01883d88, 0f242e2ad9cc571768dd4a67f71f54f7d327b4d83d2545141615966b4e8f2a2a
DEBUG DBL p->x: 150c22cc5bda8c6e7bfe430061575322fbcbce54d4f228f33cf3c1d6d614087b, 1e4ab1bf4dd1fc62225f80330be7f155bee486e286286a5a3ef73baf2c924374
DEBUG DBL t1 (X^2): 1d109cb4193943d2b45b2e5e830851f9820757cbbdc89d4b6b3a676f72d6d7e1, 09987435336b88b165c2b1cd4ec80dbef559d14f24cffe3f8debc75d3919c29f
DEBUG DBL M: 26cd87a96a7a2b4e64c1456507979d8eee949cd1d0e80d55058eaa3780078a5c, 1cc95c9f9a429a1431481567ec58293ce00d73ed6e6ffabea9c35617ab4d47dd
DEBUG DBL S: 2cdd7e29c56ce58a1bff6710d5903f2024a234224bce0a795c26cee388d71ecd, 1c0ce7ba42105c46f0131e2e32da08cfce095983e0f630bf8d15de40fbf4e2e5
DEBUG DBL X': 1880746ac9e7c6bbe5c19a2b894d181a020666dad25a418ac1301d64618b56a9, 1adaed7ac14c85ffa4ece2674c863db823c322046f3598812fec8ed31500b0ab
DEBUG Q->z: 1afd348390765b2c6fcecb0eda10d437f4a7b980c32710137969201b8732be80, 14dd8742bbd921ade69e44b375c90b363fbbff93a5c0784f828600bed1b2a815
DEBUG yQ: 1a09786f1679af74875fd20441012232c8aa3f87e286d425ca16ea1ea0cf4280, 0e9d30195d1fc5422e8023a56fa114247bd5a39469e9dd005a0912cfffb5df1e
DEBUG DEN: 03aea26b4bc1bebf566f5e520080ec07f9d3147e5c9bddbe580d4826692187b9, 1d3a6032ba3f8a845d00474adf422848f7ab4728d3d3ba00b412259fff6bbe3c
DEBUG DEN_INV: 1acbffe6f4a7e8e8e9f8d47cc6f24f8bd46495e542528791313a8c52e1449fc0, 2ae9d0211c947da032c5b4a406da70b17f89cbd098501ad889670249aa8ebefa
DEBUG LAMBDA: 03ebc17522660a58c8497fc70ee4efdf44c7d1481207a2752db6bd07836195c9, 19a796e8bb201dc189271ed8c5d1b42373314e9c2bbd380bf382bf04d3ad5324
DEBUG DBL p->x: 1880746ac9e7c6bbe5c19a2b894d181a020666dad25a418ac1301d64618b56a9, 1adaed7ac14c85ffa4ece2674c863db823c322046f3598812fec8ed31500b0ab
DEBUG DBL t1 (X^2): 0aed0ee03cea1988b06eb06239c84714d6a4c5daf7fd0aa8a24e2db7bdbba04a, 275807327dca686d774babf59a4aa0594d36fc8f44ad4492b1e3ea25979a3ece
DEBUG DBL M: 20c72ca0b6be4c9a114c1126ad58d53e83ee5190e7f71ff9e6ea89273932e0de, 153f78b1b6fbf8f4f5427873cbdd3050b8a2208afd24389d9d6aa64315d4c1dc
DEBUG DBL S: 04d34b742b9a8d5f8372b4b91a0bf37348b08d35fc8b14ee259d82c7f5b73b7d, 2574897901d2c4b7b11b863d283c36978644542ebd5c8fc5e2ab08eac16e2410
DEBUG DBL X': 29fb06b04b552dcd1eb55c486b33716c0a19127a66ae1d555666fd9429629c10, 2581757c1353eacd3090ecd8d989fdf69b3c8f7e26381c86707f81a1711876af
DEBUG Q->z: 00eb7d8593bc3a7b35813de6eef83b17b425ab238583cf3ea5aa01467feb06c3, 03f012ae3d2e837793687656bf9c8b442a98ac6d88c5336cbf2e53a2663f5f1e
DEBUG yQ: 26b524c507f7b6b01233e51696160281ad5417be0089815d806d7747ef1e8335, 050e1d760a609f5ede83b0b2bd51d105efac77698312fb879be7bfd3219583f6
DEBUG DEN: 1d05fb172ebdcd366c178476aaaaaca5c326c4ea98a1382dc4ba627905c00923, 0a1c3aec14c13ebdbd0761657aa3a20bdf58eed30625f70f37cf7fa6432b07ec
DEBUG DEN_INV: 2244393eee9b0bc94eea38f08bbe0a8920ddd6a5a52171401555deeb29130291, 153aa82472e703bb1f43955aa0a7118c32836f458a3a5e3151529a2d27d72fba
DEBUG LAMBDA: 2146fa32c370b2071a0271590adce4fe02a0677d0952175037c4be51aaf1afcf, 1d9fbe7fe3b97f19afc25d330b581dbb2368177ec4f25d23f59c3022a143d0ca
DEBUG DBL p->x: 00c1a26028d6da090f423ff70b06b9334db26495daa7231e7bf516b4eb7141e1, 0f66d36991468eaf2cffe784f08211556da17a94b02170a33530cc530660185e
DEBUG DBL t1 (X^2): 2249a2a8784cd9b56c55d530bd71b614531182e801bba2794c32ba25f2b3c9f0, 12122f6ae8b8d251c78e97bb0f59545c6cc95c5dcc6afb43a6aa6c29a58a4baf
DEBUG DBL M: 06144b13a6834cccd460f42535527181ca31b395344f52516c57164427216342, 05d23fcdd8f8d6cb9e5b817aac8aa4b7aedaaa87fccf273db7deb8661821e5c6
DEBUG DBL S: 2d3765d8dae9536c2801aae680dbd434e140acfca0048df642101d6f18c2ef6b, 29ee49af32855f118207fc64abca44ea970eb94028deb83077801ad843bfd5a1
DEBUG DBL X': 302b5fe02beeabf3251f078593442bd90e9e0fe06fb82e6f01f527d600e58c04, 063fc83c6e57b769734179b7670b162ed69bf55e11cd06726e348a080d2b6e59
DEBUG Q->z: 25c5421ebd25bd5ef78a56faa2070ceb9b0a6b4c881a280c7a6239f05e5b9be3, 158ba123bb533cf92a3e7cba8995fbeb1a82798ff2b3f152951d909008cfa856
DEBUG yQ: 28ad65df1d43c8ab3a6cc413de065fa9e024935117265d1bd86224d79e1a093e, 2cd55d71608da0a4f48ab6a8969c84d263c0de801d2eec48cdbd8f9adcff5ee4
DEBUG DEN: 20f67d4b5955f12cbc8942713a8b66f628c7bc10c5daefaa74a3bd9863b71535, 29466c6fdfe9a12030c5279aabb7b1473000526ed1ec0e045f5a931ee181c081
DEBUG DEN_INV: 207a1d14c2d60944539916e075b6500ac447529fdd726464e81ad8960cbbd06d, 2fd0cce2e527be5d8de7dc625e63720c35e08dbd9c917406e2c4e6cdc4444eda
DEBUG LAMBDA: 1830507164aca259df6703a4fa14c0876b34e1714df90e89c9a2e759d7316646, 1bb8755b0297c5487baf2153a96385cf1c4a8da05a9f4f6879e58f907ab3f5c6
DEBUG DBL p->x: 2ddfd40448263afd2099a72791f7d48868f223404f6c1700868ace029cf627a4, 2efd6c7ae17e2c34202fcd90f019913255c7578908d9fb0157001ed0ae680c89
DEBUG DBL t1 (X^2): 2a45f82349c4c9419c783da01c2838c3096b0573bd9129255b0c326763ec6054, 0d451fc1a46232a62b321a8639b3cfd3f133ed017abb0ed7c2253ca95e8ef759
DEBUG DBL M: 1e094b841aeb1b7164c82d735175f98ded3e3b3867cfe65598e37f087acb266e, 27cf5f44ed2697f281964f92ad1b6f7bd39bc70470312c87466fb5fc1bace60b
DEBUG DBL S: 1bba57df773b53fd038c3db828087016cac33c0fcfb11434997f4ebcaf5739bb, 0325e4c39fb27d4e15be9b873602b9db72e4b8722ebbd032318bcefb30adf7f6
DEBUG DBL X': 0292ac789d0de8576ba8f42a9295dc726cc14dbf3f3546346431862b8c39782a, 0a9530f412b30d89e6ed117efc5e788c4579723c5ddc74804778799352fe58d7
DEBUG Q->z: 2c5646900dd15e795c336211e030c5046c6c5d5a9ff1e64dfd5d0d06c8de64d1, 202d196cd0aeec7b7c2a77c07d762edc81e0528650b6119739f00c1df18940e9
DEBUG yQ: 1942a745fef896e13c9444877ce394e87e0e09026cfb6a766e8e995a10a96d5e, 00c92d06bc7e9450d195efe55fef09d21f73ee9935c89a50b612ba5272154cb6
DEBUG DEN: 022100191cbf8d98c0d843587845d173649aa77371850a5fa0fca69d48d5dd75, 01925a0d78fd28a1a32bdfcabfde13a43ee7dd326b9134a16c2574a4e42a996c
DEBUG DEN_INV: 14f0a5e357e34e5a5fef67b2a5f85ad1e33e2a53856fbe40420d9a5e382fa81c, 1e649b13b1ae3d590a96e73b9974f7f52d128e3623b0a401b0c3ca9d5aabe566
DEBUG LAMBDA: 2f6e77c6da883d6c6aa37df99444bd90bc6e0677b3577b5b898dfada08cd3c26, 0f69cbd2f17c2063faaea96039f738da9dca085b2e25ff5def94ceea4dd0b812
DEBUG DBL p->x: 266c6963bf7c0f9d7f07e5a90d34aae2f09dac268fade2b254f14271787e8afc, 28ff2478b609a4b14a390aa9804c126a8de8d045fe353d4efc5f04ddbc4f7d78
DEBUG DBL t1 (X^2): 15d87de2c483d86cf45caf13c5de288cf2a29b3f34abddf0209aead2844cc500, 24f2fc8eeae1178add7c4928f837e591e6ebfbb5da0b3f88d8ee14b8eb976c60
DEBUG DBL M: 11252b356c59e91d24c5c784d01921494066672c3591cf4325b03460b46951b9, 0e1058c6fe40064d27d4500de5a4fffa85c11dfebd3e2980128925fd11cc4a92
DEBUG DBL S: 2618ca9b64540949ac57488a461f8948aee1ed799c967491afeaf4273a1a6350, 1df4c837bf82554d8f79fd0d62db2d6ace6830d175376efa3ad5c258cd0d749a
DEBUG DBL X': 15edd60e18764e396919effd2d846f3a287be7115ca2b0d5c4446945f1db7672, 0e9a505ccb4939e8794a1b2518a84a8445d9aa15a7301e485fb3a9cd1c0818ee
DEBUG Q->z: 27710c2abef1b0d6fd09713c4fefc32ae802f1ddbab2d2587f7c5cdbd70fe81f, 06b7c25b7c2da7479df6a70a734ebd7eef9fd589cc88baf4d5fd6d7ed0141744
DEBUG yQ: 0d91b7dfbb678973a7b0b3a481baac72ad5c2e5f5bae363289f505c2139493cc, 0a2f0a00cc40309d82aaa73d1afc6be9802c3da53cfc2281f5daf51d79b0a6df
DEBUG DEN: 1b236fbf76cf12e74f616749037558e55ab85cbeb75c6c6513ea0b8427292798, 145e14019880613b05554e7a35f8d7d300587b4a79f84503ebb5ea3af3614dbe
DEBUG DEN_INV: 1c894d372bad9291ea29873abe1c5fac515d753ff0f1487346405cd49ee753c7, 0880198e065c0ee5dfab85bcfc047ccec3e4868102b4d1bf21a0f3bbbdd41fd5
DEBUG LAMBDA: 0ca98fb6ab43e2eb0893f8549895f36990c5ac5fae7352b3eba2462de0b95337, 2c97dfcd2a205f8e0d41d628b37b6a76952e1718e373d944e61be710e768132f
DEBUG DBL p->x: 2167aa12ad81e5634138aa421a556019518872caa49961b125bacc039ddfd980, 02b214591a2b2d8e7d0b2caa7ad4a26229275cac7620597a969d65c56f04538d
DEBUG DBL t1 (X^2): 1d4c4814be9b95fa546e82522a755b8ee731a06cce727941c08ba805cfac4214, 114e9f7176c32c2c41c4185e7d139dd312fdbc69483bb2e46ecbd82e237903fd
DEBUG DBL M: 278089cb5aa121c544fb413ffddeba4f1e1376b502e5a13805826bfa9687c8f5, 03878fe18317e45b0cfc0364f5b9811ba177caaa70414e201042fc7391ee0eb0
DEBUG DBL S: 1e18cc619a06f3950adb5b5d1068be95dd1d1f4fb50c85746862c9a1163c41dd, 0d83f5a8dad23534d363e9d136f3a0514a4e8f722904bb5038b278fc9dadeda8
DEBUG DBL X': 2b273451516ae157b260d18dc71dcc8122c70d33c4b5ed1f489636b40427cf1e, 001e2c4a47324ccbc8823140b2e855a1df51f5de8b5b261154de9dabc4efaad9
DEBUG Q->z: 03fa9714aadf5b7db8a63b9f8b1cf3964e7596fdea66e81c8cccbe94e28571b2, 0392cf2a3d22b4fb844f097cddf0fa2eb148410a83bf75ce1a88077addf5c814
DEBUG yQ: 0dc1ce8d86bcd92ba098daf06cd1eaa30cf1f0b3142a2642f567337a0a5aa794, 23c4f7b5364283b69f46419c6261270476a78a1e949f61d237268cad54011932
DEBUG DEN: 1b839d1b0d79b2574131b5e0d9a3d54619e3e16628544c85eace66f414b54f28, 1725a0f78b536743863c3d824340f5ab55cda9abc0ccf917322c8d43cf85351d
DEBUG DEN_INV: 09b6e280b3b0d45a2cd2b635c43f63151b9a582e3bcde651e99ab5ef6070783a, 11365cdafd71ce265cb2080621b12e95112e7581bea6b1e4f9060c5f58f0f15e
DEBUG LAMBDA: 096a4b2a65b7948490808f774700e10084457f64ab6d42e26149da203be4f296, 1d7fc1353378a1b38e6685c34e0c7a2a9a3d4ed315028527709e46b250647c57
DEBUG DBL p->x: 1d0be5f3dda14a309715366790795547969562d358748fc77bb45db256bbe53c, 16e9a7338cf4c1a5084c14ed8ea1eed53fd0b7928403afd8f6df6027e8683b52
DEBUG DBL t1 (X^2): 0e2405aa1f85b8735916e990cb67d5f681ee3397e5a732e83b2a7061dc0a9c1b, 122770f545a02c9b879abaea4948206a61bbfc4c0a088ed4b8b22908b3754eee
DEBUG DBL M: 2a6c10fe5e91295a0b44bcb2623781e385ca9ac7b0f598b8b17f5125941fd451, 0612046cefaee5a8de7feb085a5708e18db28a52b5a7e1f0edf5ef0341e2ef83
DEBUG DBL S: 276f61b7838c993bc38d92d8d4e0f0eac37650f69a49f3ac30d0cec3ca981537, 1945dc5623369d5d423987fe20f4627d1dad5bb5fedb2eb7e6dc479a03907b66
DEBUG DBL X': 0bc774f4246f8257612368ee5d1b77b3dac5e32e01f09159c2ad6b328d18c48a, 00b2ed53c35ccac137ee6d677b426173a0231588b42ca2c7e7065b25c0e07beb
DEBUG Q->z: 191ce9966d657dcb21b02f79584ea977de6a883980e189f644ddb51d27b535f9, 1bc799d7889a078f5b2a90af4b00ba00930aa310830fc84b8af118022aa15d86
DEBUG yQ: 0062190253be3209ad2670f5889decf7ca862556edeef13083fc3d97811a5e72, 0d63138253110f6c9bc6f8cadb3782f9d13ab8b0a782246d463de927126b50f3
DEBUG DEN: 00c43204a77c64135a4ce1eb113bd9ef950c4aaddbdde26107f87b2f0234bce4, 1ac62704a6221ed9378df195b66f05f3a27571614f0448da8c7bd24e24d6a1e6
DEBUG DEN_INV: 1108ced783040a27c299b9b57bb24630ab187c39f406836a317abecb108bcd3a, 0d09fb1f0835d7c0cd96c1f4eb5d8d55823912b25a56f0f94230a7e69e000422
DEBUG LAMBDA: 23c85936545d3d098a9f3ec3eb03f1b1f8c44681d9f9ed18838ceed6bc6bba2c, 191dfc6d9df2bcf06bac17be69dc7d60bb32e977e60bbacf1e0bbcd40d554057
DEBUG DBL p->x: 0bc774f4246f8257612368ee5d1b77b3dac5e32e01f09159c2ad6b328d18c48a, 00b2ed53c35ccac137ee6d677b426173a0231588b42ca2c7e7065b25c0e07beb
DEBUG DBL t1 (X^2): 25c0bf47693489ebbcfbb6e310f032190bad4789b67cb739ea301d4f65d7b7cd, 07e8104617a036f2e0123443807dff4543945b2947e74c1896df56151b2bf0e0
DEBUG DBL M: 1079a0f0793a5d6fc652993c2fcde58ff405017a52929093464f3fc0808d2cd9, 17b830d246e0a4d8a0369cca8179fdcfcabd117bd7b5e449c49e023f5183d2a0
DEBUG DBL S: 1c9c295309914e536d032eebe1751331ccf86f3aa5b5dc4ecd34c9faebdb5a16, 23f54c2714939f76fa27d9f97eae13b86b155283609462cb3e32d609102f3545
DEBUG DBL X': 05defe3a4ecbd3a569b67267e1f2530d50a362ee073e9c614501e2c020033ee5, 176a00d9ca8f9a409ec32e3d0d49d028ca604478ea23d0335e9cbc0bd047719a
DEBUG Q->z: 2181898b50b8ab9e98aa317f8443c3f5d46dafbe20c270500416838896603769, 10df60233d649bfefaf3813e12fa616cfad2e46d7796d6209443f260732297cb
DEBUG yQ: 2a1a104e2be05b121bc201f6b5daa0a94ecb4b971cb65ce2b12677ca2927427d, 241aa09749a9581f1198b113362a05d5a7661a11429e8705d584d1fc969cf3e1
DEBUG DEN: 23cfd229768f15fa7f33be36ea33e8f506152c9cd0faef38262c637d79d187b3, 17d0f2bbb22110146ae11c6fead2b34db74ac9911ccb437e6ee917e254bcea7b
DEBUG DEN_INV: 02ecb748f55c146660a4d5032d1da0d1dcff6800bd9efd264451d1fabb0a40d2, 27a909ef4c1967b1b347bf32aa2807e095477a3f61a75a4d5199f81c09d8ee15
DEBUG LAMBDA: 04e2cbbf9b4aa659a8ffa53b6974d58abdb971572003ad67bf5bf3e7fb050cc7, 1eb53b209d52e4d3b005d1ea989e0f5802871213977c00bbe961e1abdef6bff1
DEBUG DBL p->x: 05defe3a4ecbd3a569b67267e1f2530d50a362ee073e9c614501e2c020033ee5, 176a00d9ca8f9a409ec32e3d0d49d028ca604478ea23d0335e9cbc0bd047719a
DEBUG DBL t1 (X^2): 20ae95bcc200af9a1e2a9eb5f21d9b0419d5814dabe27e8a623f96b5c4bfa7e5, 2874a99caab6da367f26174db448f0be8267c4a4112ffed0466918200255a22f
DEBUG DBL M: 01432450839ece7ae9df50b4d35620511e7daec632c3e684ae7dabf39d44fd21, 18955ff03dc14e500cd1ba7c19d82180583478c962ac67565afa30325606ebff
DEBUG DBL S: 0d2bda49ff82834cd8e677470f4eb525dc398cd4f544689eb2b84f3908d421dc, 0c15659f94db813b92a1f4a87f46539161c421bf810d4693e76d2ebba54d957c
DEBUG DBL X': 100e27f6514e7a7e1c841e898c5f8add8f491fe03fbb774df3818d26f543ec47, 0a0e0d5c05b58c1b3a95312a93db29d8e5a9e33724cd2e5c6cd35af5a7494190
DEBUG Q->z: 0529ca7f5be061e67aeffbcad91a6e9e6922e3324527d330c78f34426d86e2f4, 0415e7ede8ab72e14b7f112a3d776aa0202e0c82d28f50cc2dfb30f76a6e15e1
DEBUG yQ: 017c2183ec811c7788510801581965f9e717a1b2286528a00ef5e753c035cf4f, 13aac27c5e63b4c845d3378f780a0ef67002be4886980a17f3896c6616171cbd
DEBUG DEN: 02f84307d90238ef10a21002b032cbf3ce2f436450ca51401debcea7806b9e9e, 275584f8bcc769908ba66f1ef0141dece0057c910d30142fe712d8cc2c2e397a
DEBUG DEN_INV: 1c6c268981247ce84d3de9ae13825ab4ed8a9e1f48f8b5d28f6db7b63c63a954, 2f3823c6fd062b43ed6999d6d1400d7870390c2d2791f7840f02148974790454
DEBUG LAMBDA: 287cf96c37ecccdb70d00c96a7efcc7de652a885f25fed9f69ddd63cf0bfe141, 174e4b821dc68776f5f84721bead53224122091bf6c19bca57630eb6d6240613
DEBUG DBL p->x: 0b2d5b0e10c309e0247f09e1705b3b26cb93caf4c946df778eae7b0771bd981b, 01d3698fdd5bcf83f125d80eefee814566526316a120e5c7bc75cec9311642df
DEBUG DBL t1 (X^2): 21e22324cb7611e9d4505b893247c56ac354d65b5e60efb9bfe70fddf60aab7e, 14b9b03f57286b310680298d6ee91d1af2f912057e08d32edec718d6564d3212
DEBUG DBL M: 04ddcc889ffef56a0c50872e93d49f851afbadef4a3f3a12c774176c312607ec, 0dc8c24b2447a1695b3036f1cb39fef34169cb7f11a8aeff6034be6c2a6a98ef
DEBUG DBL S: 0cb398464c3c40d40b049db4e1f928993a15933e94a637236e1a559e90769af5, 1f3d8b0f1db6bf47193e03ed4a2cfbc624240ee18de3ae4bb4a90b8fba8de6f2
DEBUG DBL X': 15e41c0b956c134f53e34fd0be14452874bc2f7b7382b3237f36752ab09a8bf4, 302363ef7ffccb1b4c6572d02fc03d35cae3d24a422ef8d6a0b234c591ef1294
DEBUG Q->z: 1d1e398f96ab940c6d96f40ba2c1ad60e9ae9b7b5729eace0e69419e22210841, 296011e7bba7697b4182c3fdcb01a90e7e07da370d877a48bfb075f0bc57d75e
DEBUG yQ: 1a790137694bddf8430ee497082598832f661925b7f92a67d6a2b7b6f032623a, 201946382854b274a895a9d38cdc5fbe4f5a944cc031a4b86f4cd1050855b9d8
DEBUG DEN: 048db3fbf1661bc6cdcd83778ec9d8a8c74ac7ba07808a427124e35707e7c72d, 0fce3dfd6f77c4bf98db0df09837671f0733be0817f17ee3a27915f3382e7669
DEBUG DEN_INV: 09b7d4b022f3b8b10ebe1806563aeed916f4b863eeb72f496c0478f39a911bea, 303624580302dd949ef48d44980c4098d1b99e70398a797e914d20f228720390
DEBUG LAMBDA: 07925b092f33bbc685b7464f5dc3a4f9cc8ca520abd32b605af5e23184562f49, 0bdd498e957f8ce98062b373bbadc1b71412dcc84474bfe33bc88a571674c642
DEBUG DBL p->x: 05cdf2b9c6d7bc19c9ef8e8af5fb7fd5f4a2746832fcb5bf526a5b999a75f691, 2efe55198bf1a31baa349f9d014520fdae36de9c40d6e962436873a867795a1f
DEBUG DBL t1 (X^2): 00ad42eda3e1a695d0f53cec69c11986925061fdfad3fa0f6f28ecb72ac6473e, 010c3d081dc4fab4656b3f341e748ffd4e94c0b80f267cff92a4eb2e5c194663
DEBUG DBL M: 0207c8c8eba4f3c172dfb6c53d434c93b6f125f9f07bee2e4d7ac6258052d5ba, 0324b718594ef01d3041bd9c5b5daff7ebbe42282d7376feb7eec18b144bd329
DEBUG DBL S: 208f482e35d53a32c5d24d32f189baa12a6f3ae626a6dbd26f5722067bb1b903, 04dfe97cdb1c284519a0529ed9918851a15abc41e297d2a7c0f0e6a679746441
DEBUG DBL X': 18269d156519db03fa46e8295ebbaa94790b1746e324482fbad09e2e385da65f, 01547c1dab66cd0b6e9512ffe264744642ded9c285a4f1eed3564d954280cd6e
DEBUG Q->z: 1f539e5fd0821c5118546bacd1edcf7bf23d9f90e5dc95f7bb2869c0372a0fa1, 28ed693f71d6d14362d41ca3722b084126acc48e2ff44a692f183d93e6109af2
DEBUG yQ: 185ee8f5a92a5218de60ebd042fbbcd4462d55b74761dabac6e1eaba801131d6, 1456fa956f3608a32206359862f167b5d31ef5159ade58a1aca8d642b801340a
DEBUG DEN: 0059837871230408047191ea0476214af4d940dd2651eae851a3495e27a56665, 28adf52ade6c1146440c6b30c5e2cf6ba63dea2b35bcb1435951ac8570026814
DEBUG DEN_INV: 260423ffa9c388b20fc4df59a418fdbfcf5908b4d09873137a60616e34185411, 0440a5a60a6e5e3400ef45c0c4c4311874dc2edf79a10162b444b992dba5eb2f
DEBUG LAMBDA: 19da6d72bfb2e1f2a6c039c5935d2caee91370104c28dfc26544fb6505c5be50, 2425dae8a900b4a1114a65c3c5cfee0706c153970bda355bc9898ce38e7d2a31
DEBUG DBL p->x: 0ce5a04f88606972ee3123322cd0e13e5743f9b2ab46a482050d22cdb0fdd406, 05cb0796bcf01acc81b458c96ac9bb2c4d52108a2ff40164135176b9d1c12a4c
DEBUG DBL t1 (X^2): 21db94da27aaa55d928e72cd1a0836e61222657e75784476e063994adeef161f, 0c403236a1f2296adcbe3b694ad6f52a3eb3ecd26b5b5631c2bff541d980951c
DEBUG DBL M: 04ca21a8b49cafc5470accfa4b15f3f707645b588f85384a28e9b3b2ebd347cf, 24c096a3e5d67c40963ab23be084df7ebc1bc67742120295483fdfc58c81bf54
DEBUG DBL S: 1880c098d83419e82253173a936c44277ad20281fdc688e2820ffb16fad65629, 284ad9ad075a033d849670c1a9329e0d5d37e1820dab98c3bfc90e6f10e20d39
DEBUG DBL X': 01e2b63eb83fe95dc276ec918a66628f88af2f0707a75bc71aa727571439acfa, 004599dabfd7df4a52fd0ea61700ab2969baccf5f468f949d853c52f1ded0a41
DEBUG Q->z: 1997d84e255931f3fadd937ede206ca1621768fd13e6b47360a1c8870e334aa8, 1d0d5ca1a9dbed57dc0405f05cb27c6a66fe8bee7f342587990f113628eba762
DEBUG yQ: 276a60ab4bd4b18bb399e6213ecb3b1cbe30f4cac28921dc6b6896b2895274ac, 0355b5b61919fe439bc267fadbafc938a22e9eb97cd31ca8ab46168b7aeef8d0
DEBUG DEN: 1e7072e3b677c2edaee3868bfc151ddbe4e07f041ca0792b9ab0a14e3a27ec11, 06ab6b6c3233fc873784cff5b75f9271445d3d72f9a63951568c2d16f5ddf1a0
DEBUG DEN_INV: 142936c28b6cceb39e297c29e0f9faa263b8b4ad4aae1940c895e6519937edaa, 2ef822aedfc8979fa20ee2c8ca4a09082949c6a182c45d5a77de644fe88ebd69
DEBUG LAMBDA: 118b56e3d1552ef4be75466e3e214098c9ee7aa28f4a4052b0ee343398578866, 102fa77000149bf02e4a0ae272d108d0e17e4db6e3656c120f7d403aa51b81db
DEBUG DBL p->x: 01e2b63eb83fe95dc276ec918a66628f88af2f0707a75bc71aa727571439acfa, 004599dabfd7df4a52fd0ea61700ab2969baccf5f468f949d853c52f1ded0a41
DEBUG DBL t1 (X^2): 0db394e2a997fe225217ef9fa347d8ec9708f58e5ad55a9a13abeed215202e52, 27344af34331d24f5d0b89dab939e705e62ac3a00c8a3657fdf5df5884f47b5d
DEBUG DBL M: 291abea7fcc7fa66f647cedee9d78ac5c51ae0ab10800fce3b03cc763f608af6, 14d443f40732369aa682122328ab0456837d75bd54bb0ded81a085dbdde37789
DEBUG DBL S: 101785c358d802c5cb1fdb1a4c8e95692add9aa9fd75381590711158a71cdc43, 23891575562f420899f4b904436b1c94ff9cfa1f5fb68f38a6ee4d9fd9a10449
DEBUG DBL X': 0bf6827a92919b05bfbcbca06409f0831fc6e44e23f60bc6325994612217fa5b, 0dae0a7ab31d2cfa9d8dddc0d8c4de590f28c3ba61c5883cd0a6e4243a660432
DEBUG Q->z: 250646f7ea451200b453be76d5ee9ee3e418da9e043253c763986fcee49885cb, 25eb3ecd668f4c482641f7d3e11db2287e3e6dfb5cd068a488e56fca751223b1
DEBUG yQ: 0d5fb4bd459904036fc6a7169c013105aa85eca2a9d584222930f88fc2067a9b, 282b8bae00e6c83b57ad2a03926a75384609d4cf730c1a8b47a14bf3ef42f9ee
DEBUG DEN: 1abf697a8b320806df8d4e2d3802620b550bd94553ab08445261f11f840cf536, 1ff2c8e9209bf04cf70a0e50a3539212f4923f0d7da66a8953220bd10608f695
DEBUG DEN_INV: 1b83233750efae13d41cd532790403e923a6474d80c49c2a5f21d0db7246f594, 0c6138ecf3dd10de292059b8cc4ae9f35b28de549370c2c244631e8528968d55
DEBUG LAMBDA: 1cc75979f320b9d21943b45651693b9a30a77d88b85474b7465f6b89231e5830, 1406e7abfa945899c4b7bca2b60fed144468f84acb9232f5ae7fbed991229bd1
DEBUG DBL p->x: 16dfc9f15754c86161f9471acdf4e1932acc4f9d21814090293d6d9247c50e58, 2121336f0f65f8408f02f8de2c0490a71b05c381ba3afc3417831a5b58124754
DEBUG DBL t1 (X^2): 1be007dbb966ebbc6931fb31b0dc69644881597ad2f364817edd84f3f8db39cc, 09ab1a4aa6937146bfce768e510b0d33834c50b08a9d241eb4989a8d1947df26
DEBUG DBL M: 233bc9204b03230b8345abde9113e3cf4202a1df106862f7407802c51214b01d, 1d014edff3ba53d43f6b63aaf321279a89e4f2119fd76c5c1dc9cfa74bd79d72
DEBUG DBL S: 0b61dd5fac99ced16243b42cf4e2bf89653d68cca575b166ee2565372f366f67, 2decef904ec4cb9f0980cc3f0d19c4115706b8a6ee8d62e05c3fba06f6865b50
DEBUG DBL X': 110bff50844a59c669f41aaae3d8d863dbcee221544413f13594cea5958de475, 05b97f0b3157d24c0451e1a5093b90c5d2550295e2df12a7b6f58a32a4b43648
DEBUG Q->z: 0a29992a7da89ec84e1ec47361b0cb92e253b0cf4c510b4bca4349add7c14aec, 04c1741dd3f69b4f2cf4a8e1384479663ec57f6fb2370295fb390ac855e3e70d
DEBUG yQ: 03ed0f660862824de231093a827c4224016f282fdc4b5bd7da129bacdf33e912, 1963111cd5effcdf962041c61a3b81c922a065b19fe19d0383359d96bc070d85
DEBUG DEN: 07da1ecc10c5049bc462127504f8844802de505fb896b7afb4253759be67d224, 0261d3c6caae599573f03dd5b2f5ab34adbf60d1d7516f79ca4aaf169f911dc3
DEBUG DEN_INV: 23dfd16812526016b83f7b61350de0e33082b9f3cb1d01ce565e47035c49d8ab, 08c2b2c5d9b64538ccddf43678c05c190a4e8b66b017ae4385edb6a4ca19a6be
DEBUG LAMBDA: 2ea1e542da3cb10ab4dfebbeb3873afc04feb586f0a427ff313e3b2e600ca5ad, 17b538851d5b9ed35da6a400681fef00e6bc249bdc39d139e45ad2437802cb2c
DEBUG DBL p->x: 1fa347438d5e898baa00afcf62d123ccdc2a480fe77cc75d6a1c1be80e98cb27, 2549510016b0255a300b79b512e126a87669e432069904ab4c46ede6e446e08f
DEBUG DBL t1 (X^2): 1dead0e567bc2dee808dcedda20da4653dd160afd1c203af7a52c5957d40cc08, 0543a55929eb08a4d3b294650f89aa98e8b80d45145f97d8f314cea945819189
DEBUG DBL M: 295c243d5602e9a1c95926e264a794d221f2b77e0cd4408132d7c4a99f4566d1, 0fcaf00b7dc119ee7b17bd2f2e9cffcaba2827cf3d1ec78ad93e6bfbd084b49b
DEBUG DBL S: 268de468293f31c1f83a7c87138b22bdcf9101ac0b19e40e5dfca8569950ae5a, 2d4562e27f1ca9819a411b81a32ac71270ead4cce498724a47a93567e02b8726
DEBUG DBL X': 22c1246424dfd9771d9c771e96f031add86210091c13e34093b9223551ea4849, 139b0a66b8002d3444a96fb95bc9e60ee8569391188b48286d22d8a827634ae7
DEBUG Q->z: 1cce8c6759703c1f1311f39f379a73d27b22d7954021a17890d3d432b1031c94, 09a372760a66bc3d092e49000b8cc4a3e4e6dee4fd829840e0a34117dc5a02cf
DEBUG yQ: 15b9c4be30c6c818cf2763d083dac9349381d8d677fe26e292c7998e559a5e13, 199217282b6053e171041d9f11cc5ef4aeb6031ca46578953f4f0c46f7940304
DEBUG DEN: 2b73897c618d90319e4ec7a107b592692703b1aceffc4dc5258f331cab34bc26, 02bfdfdd758f079929b7f587a217658bc5ea9ba7e059269d427d8c7716ab08c1
DEBUG DEN_INV: 04af42da37d46074d7eb9a3137f24c1704ccf53a30e0b2846f1cc01b6014c065, 148fe7781034963e8233ba0440c1fbf6b7f4c56bb0404165d39617b66187d1c2
DEBUG LAMBDA: 17ba96e21189a0694a006a7c4e5d3ec9f82be925e697fdaccd5263e2f9b88e30, 0c573470e5f7879b01804be5edb139fce0f4f3d0fdc8848f5448eef91d9cc123
DEBUG DBL p->x: 22c1246424dfd9771d9c771e96f031add86210091c13e34093b9223551ea4849, 139b0a66b8002d3444a96fb95bc9e60ee8569391188b48286d22d8a827634ae7
DEBUG DBL t1 (X^2): 244ca5c967e95f7733193f1469a4cd4bedebe06f00063017080ea7796c644bfc, 0418a5771c62c670ef442c83ab123da648fff1c09d8ae72580d075a78d008012
DEBUG DBL M: 0c1d54767558de1228ab31d039ebb7289ac0cc2a2f2efb2a9feade3e9432e966, 0c49f06555285352cdcc858b0136b8f2daffd541d8a0b570827160f6a7018036
DEBUG DBL S: 27454349edbff8ff9740654021146e607b35b8dd3378f995806862a1c52e933b, 0b78665572bd01ccae6e92d341a138bc3258b5238e07642d70947948603e30f2
DEBUG DBL X': 1e70dfa5bbfac1e2e3f7c232d258aa1c424c85ec4c7172bbb2f2b96cac7425ce, 1f8663229d8e92ebc0891c2bd561a2321e6c6ac250e81d27611a1eafc7f85c40
DEBUG Q->z: 160a15dd3a779f5859d8512808459fb96e443b8fbe5a863d60bcc76db6b5cc57, 1574a4f10dc85fffa76a0356d08b3fd0012a2a17af93872b8012ffdc01150a0d
DEBUG yQ: 1151472956ad7cf15d4f95fc759893caadde241ab4eac44d62cae0c9dfbe6804, 073391f769ba8c05d39cf610de1663bd09b14d0df6e77e1d05be47cac77ce664
DEBUG DEN: 22a28e52ad5af9e2ba9f2bf8eb3127955bbc483569d5889ac595c193bf7cd008, 0e6723eed375180ba739ec21bc2cc77a13629a1bedcefc3a0b7c8f958ef9ccc8
DEBUG DEN_INV: 1e2b2b37bb6edcd09e18f0d5bbf9bb5f836c232895a6699d30d24957b1419e61, 0e471b4257b149886e500d4f7773100e2e5160a6a43a2183c991a9370b467d8e
DEBUG LAMBDA: 164665085c367615704db63f3ced215bb803b1d37daaf9485d60a2f2d68a1923, 117fa588fcb566db14b92174ecd733b1f03eca368bc89b1c437124c7e7b89f9c
DEBUG DBL p->x: 1e70dfa5bbfac1e2e3f7c232d258aa1c424c85ec4c7172bbb2f2b96cac7425ce, 1f8663229d8e92ebc0891c2bd561a2321e6c6ac250e81d27611a1eafc7f85c40
DEBUG DBL t1 (X^2): 2f8308491c0a0bcc453de06c6379c6d28d994a47aaf45e5f64e6ac9b973eb91e, 11242cfc6696db196c8a0c0d913bcb700d06d6bde590ed58008c2248ef1b6df9
DEBUG DBL M: 2dc07bf591bae3115f1915d8276aa3bc79c909b42ff98603b672eda514c230cc, 030838825292f1228d4dde72323209f28f9319a84840fd7ac583dac3f4d54ca4
DEBUG DBL S: 16c041c6060e392769e0d7d7ffd7763e012fb88b6dab3fa3eb0fb5b5e2e2de7c, 17c17d7122deab338d3f4be021d2b8c0255e0dbd5753215806e92c8e302a0936
DEBUG DBL X': 25eae0c6044095bae29aaec6c619e2d26b02b6b3e88e2721d6a6ee3be6a230d2, 1291c62e8706b1051d851ec29ee2bf020e63649e6961d8823089bc6fbd4c1db6
DEBUG Q->z: 2634ca3e4edab04de94fce9e25a13a6eda32318a7213a7fae6fe12e6afbb84f7, 0909b62699182e63bcc37096ab9d0ca8c3ad0f92a39a56970b0b92bef86c6216
DEBUG yQ: 009bfa8f7332462c156aece4cafb9f2c69a22326a0ad08a0772945a5a60b687c, 134df41d9ff465674848732633afdc920fbaa2e7557bca242af9c98b1dd659be
DEBUG DEN: 0137f51ee6648c582ad5d9c995f73e58d344464d415a1140ee528b4b4c16d0f8, 269be83b3fe8cace9090e64c675fb9241f7545ceaaf7944855f393163bacb37c
DEBUG DEN_INV: 0e990ee89fd697444db1c605b759a696981c7ea41233e83dc6bfbfa1a735a3c8, 1039827c0b49dc78935424c2d717e52ca4ece809e92171a9e9edc9314cc34f66
DEBUG LAMBDA: 2ef3ed952afec27a5b2d40de895589ef8b76fdbec35ff9bfcf4c58b45ca820df, 0450b5e0be6d14aef77b6447ae5dfc178663acebe5b1d99cfa9d3a9c368ddda0
DEBUG DBL p->x: 25eae0c6044095bae29aaec6c619e2d26b02b6b3e88e2721d6a6ee3be6a230d2, 1291c62e8706b1051d851ec29ee2bf020e63649e6961d8823089bc6fbd4c1db6
DEBUG DBL t1 (X^2): 19eaa53dadf79db9086c299b561ff136d646ebe2f604280ef4332c9a845a6710, 13142f69a16ddcc2c781ff86b1264d9c56158d86f5d672a781c98ecbe53c6fcd
DEBUG DBL M: 1d5ba14628b5390160f4371b80de7b46eb535917799aad9fa078f9b8b49237e9, 08d83fca0317f61e9e35b8dd91f190776abf3e0379118d69493c204cd7385220
DEBUG DBL S: 1897b14efaeb5f2c9c0c35bc2eb0fbb6ffd734697b41f402c39834bc1741f8d0, 1139af4b025bd0a8f832e01d9c7a4240ce7e7a4cb0c5a97751b37d5aa7815605
DEBUG DBL X': 26a450c86ab1395805af424baef5a6b945d38f2608c4c92b4ec43cfd3b088f86, 2fb8e19051b1df6961c569554001ee8fd6556651136ef03fe23af5cc28e451e9
DEBUG Q->z: 0151c11ad5226532021fa84a846a9c32b49e3916684f8c3116964027d4e9aba9, 263ee3a2b5f18ad6f7bbfce607954fa34c4faaa9a06617bb53a7847689285217
DEBUG yQ: 0c23feba2ab6615dc4d1a8201bdcd921c6395c08f4e3a18970c11523b545e600, 137e9fb73ffce6c486da967bf3f1010936d8c47d50f42524be7560580f03d3dd
DEBUG DEN: 1847fd74556cc2bb89a3504037b9b2438c72b811e9c74312e1822a476a8bcc00, 26fd3f6e7ff9cd890db52cf7e7e202126db188faa1e84a497ceac0b01e07a7ba
DEBUG DEN_INV: 0c7799135fc0587d2b1066edebd8bd32fa0c61323360e4ad876fb4f140655959, 177f8cdbb5961e44b1e4b92b10b2a2132be83d2d4d883852ae29898018cf901d
DEBUG LAMBDA: 103ce6d702efa719435b34bfefe82eabe70ef9096e24a39ee129aec25054a3fc, 0962f79404de94d36f5606daa71ac215f156af89b93d186df794e90eb460a93c
DEBUG DBL p->x: 145726f8df633a3e0a011568746e4096c176123e2dba79864e3bffe6fbc3799f, 0b880428c0a107fb6cd48e07cc37d8455006931504ab1bea9d2b02b30cca59b1
DEBUG DBL t1 (X^2): 246bf5b1a4b7dd84a2065471fdc36f5e7a462a55ebd478819a1caf36ff3e0a3b, 0bab93448296e28855b10fd930814bdf7b5ff9e8a1afe5a424ed8ca9760bfbd1
DEBUG DBL M: 0c7b442f2bc4583a757271e8f6479d603fcfa9def299d46a5614f5774cc02423, 2302b9cd87c4a79901132f8b9183e39e721fedb9e50fb0ec6ec8a5fc6223f373
DEBUG DBL S: 2cd2fd42224bf6e42f77b6eb008ddf8f0819b34e1087f38c4851a6629ea80274, 1b2b3aeebe0f267c30cbe95e5d72df69c5c11b651e0266397a967c400888e139
DEBUG DBL X': 27a3d4fe5bf8c0c8c7a803a020ce3c5f4eda9e24da3c94f2fd7e6c573d1536a0, 16b67adece9109339ecd27af3c5c6bb77e3178e7a412ad724b55a60184b7f740
DEBUG Q->z: 184788d3e59644c4914dc67ab8f738ea4f02261ea8a0362647c182532b5293b6, 226744af76dae1352a2d1ea5a5fbe08593671976c6a4cf7ea8dde2d39bfaa916
DEBUG yQ: 29f3b7c5e7acd0cea664c7942901f6f38f36574980b10751b79aabaf90d25093, 046f8571cafb1c7b35ecf8e0256dcf44640327fdd65bad7b8a6c907dcd2de7a7
DEBUG DEN: 23832118ee28017394794971d082958986eb440198f044163314cb484927a3df, 08df0ae395f638f66bd9f1c04adb9e88c8064ffbacb75af714d920fb9a5bcf4e
DEBUG DEN_INV: 29a6d43504478ec09915abd8a1f3a132194a45393a83959b7b8f6cc987c0e341, 08d49585a2521919caa34dd4c9e83fdf88184ac6760be5f00806f2b602e5c9c9
DEBUG LAMBDA: 28dd6e3434fc3c92dcb5422f5828449145d2e28059dfe32c046e75aa5b962172, 0f77f33fb8b23e7f0e19fed36031d349417198ae8db5eb80b381aeb6d618af01
DEBUG DBL p->x: 06ffdcb955c4d0b1919c045499d9bf5ae0371967f651abc52f88de26c6a97f53, 01e7d82efba57f0d2afbbc9ce600cc1f352a790d478840d90d790720c6776367
DEBUG DBL t1 (X^2): 126110a6cb8b6687de57bdb17224d2a67a4fa7f7ad936a7fc505340b6492e6fb, 1a56896b72186dbf727bf992222b8d501cce6b19674620540f1b2e7f954fccb3
DEBUG DBL M: 06bee3818170936de2b6f35dd4ed1f95d76d8d55a04874f212ef100b553bb7aa, 1e9f4dcf7517a9149f23a6ffe5014f92bee9d6bacd60966ef130ff67e77268d2
DEBUG DBL S: 08f2f7e5ef769a4aae659f0f191e21fbe90112c3bbe5ae8e71b7814cad956c72, 255cc283ac53e1fb446272015069a6c06a76385061c69fe0786642b3ee2b365d
DEBUG DBL X': 07f745df07cf756ca7d1b3de1863c2079f7137f40e0f738c2739c49a9fcab6f6, 0bbf3a30be9210a6c021a0d1e3471ad6000d4257cb8a68263a2691ab447a38ca
DEBUG Q->z: 04671ab572b246e8d434f3621935a50efb0da353d3e176092ff257f712ed315d, 0b5fdb42e30fc4e37c2868cccf8f316f14175ac8255c79fbbdf4f34291db21f9
DEBUG yQ: 302dd35b6932cbe1bd82bb0d3b9364dd4da6d51069e6b99f92569fe435e6cfc7, 1cfbb251ab6c6d70389b119bf19ef7e6f0b8ae5b13194908dac0e4afc440aa72
DEBUG DEN: 2ff75843f133f799c2b53063f5a5715d03cc3f8f6b5ba8b1e88cb3b19350a247, 0993163075a73ab6b8e5dd8161bc977049eff224bdc0c78479613d48b004579d
DEBUG DEN_INV: 2ff2c8d8e9cd93d0895e33dafad783400483b06babfd5a6c4e6a432727e7ef11, 1ac9171955ffcdcf072839aa239bde4e2dbc626c2a871b1cefebc06553702d15
DEBUG LAMBDA: 20de5ce189f0e29a13fae24b1c133c2295005b072afe2d2780017a55c6829449, 1e4c4e91243c1bf99188cace9058be8d1c5a1b8e1dc57d2aa6ec5bb3622406d8
DEBUG DBL p->x: 23c814151c3e321ff954f880380031aafeb97e5c55c761857f1217760103a163, 0ea1fb1b1c79255930131136a25a98c6f8c83a0a5334a188b8eb35433028577a
DEBUG DBL t1 (X^2): 1293665fd73f55232330961b0e756bb88e03cef8760e7069548ada08b30949fa, 0afba05f759ea263d74da0f9142151b02f0858f6d497197fb0f9eab70b25b478
DEBUG DBL M: 0755e4aca48c5f3fb1417c9aa9deeacc128a0257f9b986aec1800203409ee0a7, 20f2e11e60dbe72b85e8e2eb3c63f5108d190ae47dc54c7f12edc02521711d68
DEBUG DBL S: 0793ba6a4f0ea49d1fa2d87a2750c3b66068875bf94c0bb2b57bfb7b416e0e7b, 25fd1eb55535abbbc7ea28a641616dccdf2c5637e24fdabd24bce606e9d774e7
DEBUG DBL X': 25604098089e190a7c8e99d1ac941efc9ee75111018d29ddef3e79f7da6210c8, 2c9864b0f45fe075267a37894b8f25693c4eba6cbb62c5af17f1a964b580550c
DEBUG Q->z: 2dae167975c5eb8f5dd197328d3fa479de93c7a778ad628e18596953f93f5467, 242dc5b964d120768395dd97c97533fab84cbbbbcff3b26907614e5d166bf5ae
DEBUG yQ: 012a4ebca4be20145bd2630eb56708a40cac4ed32af9ffdfaab30cadbbc5e2e2, 21944076d86d846aa49a122d25563ee3b7b263713e4592a9fc62610113bd5c53
DEBUG DEN: 02549d79497c4028b7a4c61d6ace114819589da655f3ffbf5566195b778bc5c4, 12c4327acfa968ab90e3dea3c92b2569d7e35c5114195ac6bca435eb4efdbb5f
DEBUG DEN_INV: 0fd875e4507e28c2a18b01e7cda3c8c78beddc0ad6045a3de4227d787da5174d, 11374e7a994a3efbd2c4fe60178a212aa8472a1cc70c3fc10fabf708bea9b781
DEBUG LAMBDA: 2ee3d2acd624fa24d474c855448abc2b9bba5917d92ef3000bb447d760fd9a32, 27ecb30a6aadfeaae75fbba706ed79a3cf83743cb41960d2072fa3438bb97aa9
DEBUG DBL p->x: 25604098089e190a7c8e99d1ac941efc9ee75111018d29ddef3e79f7da6210c8, 2c9864b0f45fe075267a37894b8f25693c4eba6cbb62c5af17f1a964b580550c
DEBUG DBL t1 (X^2): 2a54ac61cfd5fd784f772222d16f2a624f415c08007837cc6061fa86032632b1, 1a825536c083ad70ecb484a5c4476116bf8915c794de2b5b5cd581d9f6033c9b
DEBUG DBL M: 1e35683fad1eb8157dc4dafb714ace6bbec13ef53085124aa8e4d76458789d85, 1f22b131605968290dcd483acb54cae6a719d6c55628b784da5ff977098cb88a
DEBUG DBL S: 19e376863a1a2d0d65ba25003b904f5fa80a7d1898e75b13c5b27862496f5e1f, 0e60baac80d0ea46a084a9b717edd62c99dc2ee5403db88a01906622f85ca306
DEBUG DBL X': 059721bb7c1974727efc9692244bf6e869c35f154c1dfd9121fa65d256ee9aa0, 3053bc1fd974aa22ec50dc470727341c85b432ec9f1f1ce713deff645f5c1ab7
DEBUG Q->z: 26dbd21723fc1066e1282b3ea9f3daff95a1870c775b1be140ae3f677c6ae62d, 219aaaf5cf368786646cffb4784eb7c034a6eba420e2141d6d03e8a81e8897ba
DEBUG yQ: 129650bde102e98b3cef12620bc65246e2be0d07255c0f254ab9f7a9b94ba531, 224e32344809f008f52b5e15c1f1d5bc4bfdfc3dd52b4fc41e3d9d4b1fab63de
DEBUG DEN: 252ca17bc205d31679de24c4178ca48dc57c1a0e4ab81e4a9573ef5372974a62, 143815f5aee23fe8320676750262531b007a8dea41e4d4fb005aae7f66d9ca75
DEBUG DEN_INV: 04a0c7520a65fb3c67b276511188c9a008c2b0d353fc799a65d78dd38c1d4f99, 0b797efa2e66199c3a98a7c06ee9e03f03f69deb0c3850e6633b9d3538c98c5c
DEBUG LAMBDA: 28ef100667b64e5e2a2d34fac03b245fc6bca464ee45ddb4a0c48588257e8132, 1a3a89388cb6c070fd87afde4496eac2853e5cc5bd0c08a5ee956720e2d1b7ae
DEBUG DBL p->x: 03a5654c6a1f84c0b3d2e3d4ec21d71c9f0714c515d58f3d624df1ec8bf19a3e, 13cdfe0f0d58e42bf68ba1961560fa2cb76013548125c188e7f37907709c408c
DEBUG DBL t1 (X^2): 0583381cd13ca7bbfe1732265ba69401785baadf0ef933c62150dd9dd969cf66, 1efabbac08aabf5df20f7cb75e70288ba1523381b0898a8f96c6352af2137bf4
DEBUG DBL M: 1089a85673b5f733fa45967312f3bc046913009d2ceb9b5263f298d98c3d6e32, 2c8be49138ce9df01dde306f99cf21454c752ff3a92ad52188321369fdbd7695
DEBUG DBL S: 2c4b71b2a1f9b28e30fb7c7efc10ea3816f4f8343745201d6e01fd16a635830c, 1edf0b61d20a4bb2a178fd970c82afbd7faa44dc160d62e1019ecc6ba2220a04
DEBUG DBL X': 28eaa5c0d1006ccaec4718ae14f5ee3bf4a854af6cb60ce2af52d36d7ce31b35, 084f38123ca290faa6ab7745c9fa62d3eccf62ca448dada378b62e3a11bfd208
DEBUG Q->z: 29acf9211574e5366fe6b9c26992849c806f118961802d1625addfc0630eabf2, 172647ede033a7ea4c2f6357e8f85b7e5e7622bbca476600f7641d69f70d74dd
DEBUG yQ: 0e29044953656c57707cf6b8abe3a55596abf208ffda658b5ea4a2057b5052ca, 2a0da291e6036d2d9598bc34d3d3a82078bcd560267c544084358b9faee8d0a6
DEBUG DEN: 1c520892a6cad8aee0f9ed7157c74aab2d57e411ffb4cb16bd49440af6a0a594, 23b6f6b0ead53a3172e132b32625f7e359f8402ee486ddf3cc4a8b288554a405
DEBUG DEN_INV: 1cae519d12b10cba96f780dffe4a7c7abb8898a7563065fc899b8c6202e59311, 04577bb61749c6d91c0b51cd5901e636107b49ec8fc5d2f51b3b71919da9177f
DEBUG LAMBDA: 2b8a64dc844f1acf226eb6cc2011e3d1190d3921b5bd956121f1adb634e24581, 24c61adc62effe121970ea2110924ba0621017586df527bed0adccebc7cc7dba
DEBUG DBL p->x: 2a4064594b1c4f465c9a47b0feb6237e7a73f36c6f647c0caff9b919794e79c0, 2483f7343c5e168114799263018da871142d0f39e7925089d78ba868d322cfa2
DEBUG DBL t1 (X^2): 26d86bb64fc546db00752ff4fb40c22e941c4f368b0ae3509a4afbc3baf2d8cc, 2dbae7d9979c768881754f0ec6e3692288621aa5844f153aa33733ebbd19b6d3
DEBUG DBL M: 13c0a63d2cec943d90bf0471eebf95d08d521880d03d14d7569fdb1d7fde8fd6, 28681aa70472234613bf61bf51a78aac6a237acdbc09aa9571648395865329eb
DEBUG DBL S: 22ece156704b1f794eb9141fda9cd3e132f7c1a08f049e371a1940d7c6aeb313, 1becb7ffd89a105943a248403b7a075e38f0766282ec5d04ff120df7110fd200
DEBUG DBL X': 0423a030871dbb8ff04b7fedda01ce832311c0ad113211291ff06590fe831076, 02594ec95739e4f6ab01029df26e24c5735770262328f42528e5b32f66c02d98
DEBUG Q->z: 06290aa9303527cf933d3bcba0cf4506b713ecc341c5f2c3343fc23c6be23e5e, 184f6b5424aaa49fca41920a2a8406462de757d16cd6c1ab7ec74b941eff229c
DEBUG yQ: 14de98b1ae59457a63c2a19a6384d2d4c01a565f43d3cb0b2b3a900875e89030, 19a11a75126db138bcf30a6bce79b2b4a043a19afdf44f2372c38ac21c5098cb
DEBUG DEN: 29bd31635cb28af4c7854334c709a5a98034acbe87a7961656752010ebd12060, 02dde67743a9c247c195cf211b720d0ba905d8a49376d3b9a966896d6024344f
DEBUG DEN_INV: 1312401939baf4823a8bfc76aba8fb442070a1b9d579771211942391138a5607, 01d642d459a051412efc2393e7ff0da7a9b4720443c08a021f5c1cd8369c9970
DEBUG LAMBDA: 2321734f6d730d4dfafb771c1ceadc9fce365558d7d78c746e62e622f869e514, 257c272c71a0d0a6129309ce0c1f0a17ad11f3b29641fa9b3ee9024147a42f62
DEBUG DBL p->x: 2051877826762bab3c0a2940516efdb2ad5ab5b9c56c35de04ba8622b956c799, 213cb602f2fa3cc0c4acb213cb5e391dec37f236c90ea11eb47305e8ce5a6913
DEBUG DBL t1 (X^2): 0162ad68cdec026de09eb5aae5903633d772aab58af3d5724a7948418074b853, 0741629e2ec7e3a923b4ebd002e79bcf639bd7304be45d0724c5ded561cbf720
DEBUG DBL M: 0428083a69c40749a1dc2100b0b0a29b86580020a0db8056df6bd8c4815e28f9, 15c427da8c57aafb6b1ec37008b6d36e2ad38590e3ad17156e519c802563e560
DEBUG DBL S: 1bc8d9e2960e582c08a6d492a6a5bc91079e469c1b2c2face2a3f9f1e2592224, 062c4daab3d70e5911bd1149fc0f16b9088e643e0991100c81fee5b07762ab56
DEBUG DBL X': 108b18acffdf00f390ef61c2c32db7ad24cc31ca138efc8e395412c543103923, 103d844eaa9f8ca6ad2e78e4e24597a3489f1d59dea7c7dd1262a12296b361fa
DEBUG Q->z: 0c0add9922e220a19996393872a1e59ca9e80ffa5f0a80da62de699b3e75fc8f, 051c62b855697cf1f6af8daaa65993fd9500f0057a327f599264bfcb5f57bb64
DEBUG yQ: 244b7677fa322c28f253d740eca725e27381c8d8cc89a8a242a2cf095480171c, 1b259e8d35f189ed126b9476212d3fed4f18be064ae4d706136ca701f0b4a0a9
DEBUG DEN: 18329e7d1332b8282c5768cb57ccf3674f82272030a186b7492511fbd08330f1, 05e6eea78ab173b06c86e335c0d9277d06b0117b2d57e37eeab8c1ed08ec440b
DEBUG DEN_INV: 14c67cd97e074b07f8d787a968cfb7e6211658c190860bae764f27471841b8b8, 2ccfd6e0028c98892146f4c6d53bca8122ec94632ff5d50028f8f2e1eb44ef75
DEBUG LAMBDA: 2d3f058befae859dd7eeff3f0cee4f1d033833484583a2215dc0c3618191cf5d, 15175304532cd3961e689c65f83e3372ed90f42083d63e9c93e5492059068e7a
DEBUG DBL p->x: 108b18acffdf00f390ef61c2c32db7ad24cc31ca138efc8e395412c543103923, 103d844eaa9f8ca6ad2e78e4e24597a3489f1d59dea7c7dd1262a12296b361fa
DEBUG DBL t1 (X^2): 2fd949fdc01bd75aa9c867b679e71c8398f5def66a6eb18b11f0366f40608ace, 018aa090f811496a31ca850a197b4a760e633d007a2daad7f01be2a34fe0a93c
DEBUG DBL M: 2ec341137df045bc8cb8abb66ab2a4cf9bdec7c06e687f86bd8f8b201027a5dc, 049fe1b2e833dc3e955f8f1e4c71df622b29b7016e890087d053a7e9efa1fbb4
DEBUG DBL S: 2ec93b2cca529f069e706a7a92bdacc67d235675cbd919a28d4e9245a59b0d8b, 096032b2282aed51a9d70fc4910ea216af7d1dc6d7419984112c94d822d645d5
DEBUG DBL X': 1380d975c11821f371b3b1a2083fd9700a586510d093c4e31b8df807b59aad7b, 06aa7a8eddec837e4fda26f93f61ebc7dbca81f76bd6c463d30818e0feea64d8
DEBUG Q->z: 208336029cd697c47ebf671114699aa797e7ae8d9f30beb6e2febf66c18a3854, 274dd25d9f5800607304e1a9b324e4d381f5ea4e600aaba700acf9c5a216ffcd
DEBUG yQ: 26c0a045cea9767810807efe07ecd909deba4f4e55571ebea0d8c20e1b79edd5, 1e9688cea0bc34346158e410ea3d61a0b4be4ca4442fcfebdb5090b83a3f482d
DEBUG DEN: 1d1cf218bc214cc668b0b8458e5859b625f3340b423c72f00590f8055e76de63, 0cc8c32a6046c83f0a61826b52f96ae3d1fb2eb71fedd54a7a8095599c019313
DEBUG DEN_INV: 0836a96be5a481690a40b39fa32f151448c31ee6c8b8b1fa7e88e089dd0ae818, 220923ae91adc7e0eec74e151d1b6a70351da03e01f168eaff7d0c7e8a6c4a14
DEBUG LAMBDA: 0693d1a734bf012b79c8705e8418c0a4719572ffda52303f00c22fe0e944dc3f, 2372de6da5cf8ded569fdece6f6ef5efbce9009b82a23940e006eaa79203dfb6
DEBUG DBL p->x: 18866ad304c0be04c595bc8756d9da7b291fc7294c7d0441b637241de245a6ac, 0ad2bf280ccdc56f17470c80e2a7f5145f6f7999c44e09b7478c7d059d6ecb39
DEBUG DBL t1 (X^2): 23ae1411161c47dfaf942b7eac59007c9cc7b452c8a0b3f9dccd245fecf06fdc, 0acb3fa1d592002f73177130433f2aac9bb3ac1319e15d8cf30efdb36e25d686
DEBUG DBL M: 0a419f4d7ff1974b9e1bf70f020850baa75447d588fe86d31e2654f215d75506, 2061bee580b6008e59465390c9bd8005d31b04394da418a6d92cf91a4a718392
DEBUG DBL S: 0e542999e93c9fac490cce5688bb7ff63ba579d630a090c7306d55fda9b4f0d0, 220f4340d9b62834f5e4f035884b8d174c39372e7f62d166843ca5027dba8ace
DEBUG DBL X': 266d786373f9b8aca78ace6d3f366804be4aef7074fc7e528eeba757a02ee69d, 1c63258d5f098cfb372afb03b0cba044fd75443126e131a9f11b85267e909fc7
DEBUG Q->z: 15cd5af9c9ad8a06c509c6f5ba0341ecfb8ab1a2c3feaa3e159bd55649269cf0, 1f1f1fc9f7143422f64af0e004733d7c3cd0bfff242ab6c77bfb43dd11cb7ec7
DEBUG yQ: 232e3602c34ac92c378027c0f2b7de5503afe7fdb13b035a99bc7983c52b3258, 23a1c5f2c7098198f715a373249fc61a391f9ad8c69e64ae1e3079d780884b22
DEBUG DEN: 15f81d92a563f22eb6b009cb63ee644c6fde6569fa043c27f75866f0b1d96769, 16df3d72ace1630835db012fc7be33d6dabdcb2024cafecf00406798289398fd
DEBUG DEN_INV: 19569f792d635972a280115937cf1f83b5600beb8b02f3cc3dc0bdbe8b89a496, 2680b8b3d6555fa693cb0688008412858cff46d80ae92b67fa096ff8749e8bf1
DEBUG LAMBDA: 1c8722845de3c08c750dee69b3383c1dff2dd040afacae851652cfc44443d95b, 072cf2a0e838c7de0f40e8295eb9b59ef3e3a9afcf363e6fec046abb42439c48
DEBUG DBL p->x: 266d786373f9b8aca78ace6d3f366804be4aef7074fc7e528eeba757a02ee69d, 1c63258d5f098cfb372afb03b0cba044fd75443126e131a9f11b85267e909fc7
DEBUG DBL t1 (X^2): 04c7e04b9d69a6d36bb1ca12c4ea8c0b42b0c2acb1fd2be39643734b14c00a41, 2d1dd844e19bbbd3bd07b09954a1d6b4f1fe226dde4df0fcc422084eea342ce6
DEBUG DBL M: 0e57a0e2d83cf47a43155e384ebfa421c812480615f783aac2ca59e13e401ec3, 2690ebe8e26ff327c676865efae2d363a6f79226ca063ddbd42500bf0da28c24
DEBUG DBL S: 2eaf5540f814f9f737be749cd78f845719767a797b5f98183be8b4628e7db417, 278c60f90a78bf7b0e869d3f9808a9c137609ca6b4342e27c0209670fb569492
DEBUG DBL X': 2c3b65407aef29f3191f740c7ae5a3ccdebfa591ea61d1d313dd2e09cbbd1915, 16b78120337b243215702feb1ab5eebc8713f870fa9b08055b4f6fb1fdebc673
DEBUG Q->z: 1d14264822ca49e033e0e2da2d7d21f247730b919399cfe2c8539b10dd774f05, 0aff14793f472d983fc69958076b679a7fb8d1868303599dfab858c2180833cf
DEBUG yQ: 11f3744a2fba79247f0bf745196eb11d77e9ede0511c218cfc6c8dbd09e631e7, 1ae88b958752bcf89a329986c2089d8fc10706de5b5a1b903df75fccd88a2e26
DEBUG DEN: 23e6e8945f74f248fe17ee8a32dd623aefd3dbc0a2384319f8d91b7a13cc63ce, 056cc8b82d73d9c77c14ed57028fe2c1ea8ca32b4e426c933fce3382d8975f05
DEBUG DEN_INV: 235e475bec9e52e4640f361a499a93652497a86796eaad620ec89d731c054f85, 0435e02ed7316e758b11ca52166b455217060b574a7664f86c164202946d533e
DEBUG LAMBDA: 112ca344ba210fc0a1d402b7966c5050bff2127356dba9c235ae3fe991540736, 2db5c636a7cfeb82d2265b6ac98ed6f9a4715cb491978e97ef6f330caca5f930
DEBUG DBL p->x: 2d6b66fe3625f1f61b0458e256d6632f3720bf4df9e3471caf3b5ed9bc687689, 249d594ea06df9f6332f23176df3cd442f44abd7f7fa432575973268b3344c29
DEBUG DBL t1 (X^2): 209539a86096d0586bb1d1165f5728779ebbb9d64bbfde33b6547b162b3f4c64, 027a7cac2168d159590e474ad7117776ca5b3c1250d0205957cee0c138e06a07
DEBUG DBL M: 00f710135f6130b5d274e7d61b02c8abad305860125c0580aabc5914d0c3ea9e, 076f7604643a740c0b2ad5e0853466645f11b436f270610c076ca243aaa13e15
DEBUG DBL S: 0a6da009c4c1da8df4c7b0aed1acbe365d52f95cb604bed8f2d8cd0275a5b129, 259f66c415d94608da3ee0dc21150a0994ddaaf9258cf7ed5397e9faa9de068b
DEBUG DBL X': 1933c25a1ac39d1e02084cbc5ead22eab4347cc7c1dfc7ad926fb32ff71b2531, 193b9a1dbe15d402f8af530cc30fe37ffd37530062ac250bb1f82c0b37a26e7c
DEBUG Q->z: 066a40272284b41107e2b5dcf1d32b895c05f02273aaedb335d29149a584780a, 0d4ba8c4ee3a18657a62b08e8d8a82c79492ad94e55fe7f7a85b13e098f6b969
DEBUG yQ: 1987c02c3703b6dbc3161cb3c152c3854e518f0fcc0704f24181bab084c39e08, 23ab09a374e983978c1cb5597b74e737c0f2aa89a9117da9b4b5275b15f08d85
DEBUG DEN: 02ab31e58cd5cd8dcddbf3b101242ead0521b38e2f9c3f5746e2e94a310a3ec9, 16f1c4d408a167055fe924fc75687611ea63ea81e9b130c62d49c29f53641dc3
DEBUG DEN_INV: 0b501e79e827d3f34383e8b90b52fb0e801d97dd84f19596921a00a94a4b72b2, 01e88d2271be90269ff0c8eb124b281ff54d448db87f787dace12903fedd0166
DEBUG LAMBDA: 0452caf2d7d2ff256c9b9f2f3c492d47daed2369090457a056f091d54fa35b4c, 015019d3edef4de87876cc532a68395032eab473f34c7bb71d0168c17707f124
DEBUG DBL p->x: 1933c25a1ac39d1e02084cbc5ead22eab4347cc7c1dfc7ad926fb32ff71b2531, 193b9a1dbe15d402f8af530cc30fe37ffd37530062ac250bb1f82c0b37a26e7c
DEBUG DBL t1 (X^2): 12f91b3d30af59c063d49fa316236ede60de116f6fc9f6bb828f5e4fdd3cedce, 0753d039925f7aa7016e8233c2da4671b30f2b596cf2cdaa2316fa2848d6a9e7
DEBUG DBL M: 08870344b0dc6d17732d9932c0e8f43d8b18c9bce6ec19a54b8d8ed8bf39cc23, 15fb70acb71e6ff5044b869b488ed355192d820c46d868fe6944ee78da83fdb5
DEBUG DBL S: 158db00b380d92043ce47cf42b0685c3a178e3d24dc8049de1e48b440b0cf721, 29b7e4cce3ad698534f1a791d1a6efb13d4396a39b57ba7b9b27d0a6e85456a8
DEBUG DBL X': 12065da2b997cf4bbe1c8030e0c4e2cef2efbd0f1fad8aeb21700e8fd19e668f, 1d6c5ac1dc8ec56471995e039011e4dae3fe40ceeaf4712e780d01a3e875f60d
DEBUG Q->z: 0dd76e55526e827259848a0604111f65d64eae8eb6cd7eb24df5623ea2e0225c, 26acc24458ff96850b736791f051cf6f65ed1045275c6732c137744985584e82
DEBUG yQ: 0a1cba13b504b8f7173681fa9499202fcb20d25d9e5d4ea27ffc5ae30e1b8e4a, 0a105007856967486a14c9e06cfe8852a7a4155d4355ee3e71866faf8fc18746
DEBUG DEN: 143974276a0971ee2e6d03f52932405f9641a4bb3cba9d44fff8b5c61c371c94, 1420a00f0ad2ce90d42993c0d9fd10a54f482aba86abdc7ce30cdf5f1f830e8c
DEBUG DEN_INV: 24912ba2d0c9043cd64efdef9b8bae32ab390059fa1c8a37129a32fc93683609, 07e3a46a5dbc5d25594b65dc39fc15468ff74d310f34d9dd42e13a2c80eb0701
DEBUG LAMBDA: 003ccf9c02580a2e22be1d6912324fa8b9753366d711ad8c8b4dbc771714b7bd, 265193b7c9b582e133146e483a74f14e2bf80b24c272a011da58308a4186e662
DEBUG DBL p->x: 12065da2b997cf4bbe1c8030e0c4e2cef2efbd0f1fad8aeb21700e8fd19e668f, 1d6c5ac1dc8ec56471995e039011e4dae3fe40ceeaf4712e780d01a3e875f60d
DEBUG DBL t1 (X^2): 2892b5fadc8692f180f15cbab27c4ff8ee2d44ed72c752e52df15b8cfae0ecb2, 22da04b63c918d20fe01eca9a77d3b4554e3708460c88ff7a24562e146bc44bb
DEBUG DBL M: 18ef850ad330788112338ac314723f2f9b84f9a5877263951192fa793fa8cb88, 07c5713cf351670f89653a8ff3750114cfa77c6a51761acc6e8f1076233ad3a3
DEBUG DBL S: 0d2d947071352f4f3f4b7415ce5c2498d7314bc5f2764155f82fc31dfad14285, 0653781d15167cffe90220b2af1e5c8b5b8a43bce28364d4c4d84608a8f7983a
DEBUG DBL X': 231118f54443c33ee9ef9bbbabd98d8fcde302502e9d96aa6654f870c3c8df58, 2090773cba64493ed7f326d884f14de96bf0214612b691f368f55ca2a4c5336a
DEBUG MILLER RES: 0d8812a07f0c36fb6a6577081c66c0e4cdb6a6004448c5d6364c3aa9636841bf 0a8c60838bbc59fb644ce99cbf5b8899bdd16e3be609c6f08514232640504394 26fa47ad5a3da171e7e849390e26dc9af2b9bd184582255d67f0af9a3ffbd59f 02232e54145fc0f685f5449c0ae23f040a68b6bd452751d9c5c34cbfadf540d7 16fafd9f6bf65859f2d6819f3adb2119f08021b6e18fd0847de82eea7f5c6ea0 23139dc047698dd38ba3c5e93753f7000a3bebc7f31d0b3e42b7ccc25f496d3e 0c648b510c75a0312070f37182270acabb37201fbc01b321902bb0359558e914 18a309227bb7b8a7d6e1944e47e3a2949ec509003dc8058311974a3c1a8c2de8 13eb08f1a7452ff65013f93035ee23b7b010f006b58f9c912f77b3eca9f718f2 16c50622a0f8da70ecfd1dfc0d777fd57bfe87ba5623744dc36f7138d7f7f1e4 058379fee1c430802bf6d2355fcb661a2bbdcebdaa7e76e2f8930fd0c2a4f446 0757251af6f3c4c4602ea66db3b0b395161bb58a0f52d4d43f98423a049c87e8 
DEBUG Q->z: 0000000000000000000000000000000000000000000000000000000000000001, 0000000000000000000000000000000000000000000000000000000000000000
DEBUG yQ: 1d9befcd05a5323e6da4d435f3b617cdb3af83285c2df711ef39c01571827f9d, 275dc4a288d1afb3cbb1ac09187524c7db36395df7be3b99e673b13a075a65ec
DEBUG DEN: 0ad391272a18c45322f962b565ead73dcfdd9bbf4fea2396a252f4140a8801f3, 1e573ad23071bf3ddf13125baf68f1321eeb082a870aaca690c6d65d3637ce91
DEBUG DEN_INV: 08db31a544999b1d4595560d098782fd8189195c36c3637ac0230dd48feeb96c, 086067a5a3a52307a1d55dded36e0c3f8cf5f33e6f37bf7ac220268da6af08aa
DEBUG LAMBDA: 0ce69bdf84ed6d6d204fe74db6b371d37e4615ab1b3d578c32d1af5736582972, 1e23d69196b41dbf47d406f500e66ea29c8764b3fd262357407c3d96bb3ba710
DEBUG DBL p->x: 1800deef121f1e76426a00665e5c4479674322d4f75edadd46debd5cd992f6ed, 198e9393920d483a7260bfb731fb5d25f1aa493335a9e71297e485b7aef312c2
DEBUG DBL t1 (X^2): 3010f575ce4a684cc50cf0ee970804db4f648c358eca242228ef10bdd6158959, 040fec49d9509ae2dfb8c2cffdd54ce8d4fbb77bb051b087926cbff20ae6911e
DEBUG DBL M: 2f6a437ba87bf892de86475ec2155dd6bf2acf7ddb7ad74c028c1a0bd146a17d, 0c2fc4dd8bf1d0a89f2a486ff97fe6ba7ef3267310f51196b7463fd620b3b35a
DEBUG DBL S: 0f62f1b1d04aa48258588a0ac438e108b96ba5fcad44c1917e688be4e54722bb, 2adeac2c76e00d005d9ee85797bccf5f2f0f093aa97d816b642d8c861ff42ce4
DEBUG DBL X': 11d65cded12c87317b95c05d3e9c3c98adb8624eb3bce1ad8fcae74c62173d99, 168dfeb5f21b6dc0132207965bf363ee17eb5f9e60297b13913fa47117bd9d56
DEBUG Q->z: 17c269b61780dd73d4774087578f21bab3e3b70e231625fe901d4ae7e600697d, 26e665d73350093276aeb8363b3902c253d76e2ddbe0caaa6e8fc438a16184a9
DEBUG yQ: 06923d2ad6acc5b0274eba14be574d04c715446fa4942d67325c9f68c93b847b, 2ba4451aa4c660a778bafbd39c409a2ca793c46c81f9903c83b8d713cfac79ef
DEBUG DEN: 0d247a55ad598b604e9d74297cae9a098e2a88df49285ace64b93ed1927708f6, 26e43bc2685b21253925b1f0b6ffdbfbb7a61e479b8155ebcb512210c6dbf697
DEBUG DEN_INV: 262d488ae37b33a4a1b6e9d6c0d1f9ec2e5ad8ad0a1913e5629c5d57a571389e, 0498659be5e96938ff3075de5c29de8e9e1cedf6367c2ea7754c3ceac4cdfc07
DEBUG LAMBDA: 26388dc234b7e4bcb56008dc43db9019115bab50afa899f46b757f75434e51b6, 024c09f8e0e62d8be1c4ac7cc0961114aad8a54b66fcede2368765bc246e6307
DEBUG DBL p->x: 0960750b29d1c6682b1f37b3d973d516dcc17208dad2dc3786fd0c85252b39e3, 29b62b4a4cb455fcd9e6c6c63333833a913465a5fd4304ab47ff3b6b63abed19
DEBUG DBL t1 (X^2): 2fa0ab3ceee11abf2c1f02e85b3f8f7b4623bf9829467a9af0575dd546e579f4, 01150a20713c82cfbcdd03bbeb9670ee8390a59cf2e8d3c107c13123c70f6919
DEBUG DBL M: 2e1964d10a400fea13bc7d4c0ebbfdb6a36869a5aaefdab658c5015223b6734e, 033f1e6153b5886f36970b33c2c352cb8ab1f0d6d8ba7b431743936b552e3b4b
DEBUG DBL S: 00909f429efbe5b20ee460e3a80bffa34a38fbb9ac76ab236f3b021169c8e55b, 1b71d7517ab51cb5e453274167b921f41b4c22947cd1ab37b9753537e0ff88d2
DEBUG DBL X': 2f97de5b433a9af80300e3a323bc5aa73412e86b82303094cf1c3230a76f3619, 0766553989c8bd6497144de012d1d9ed5e7d1894e12faa47b0384adc3a77c74a
DEBUG Q->z: 1e6943678b06208ab2b174118a014461ca1e0aabcc01d7a039d10faad463fc6e, 19f827d6c804cdf72e41f18b21891da0fdf4864562266477b30213a218fd8833
DEBUG yQ: 15783560502f61cf2f079c56849c6c48b2b7f9b0425e4ddb4974794b18a822bf, 235646a5d210ea2d000506b068b4340ccb4460076264aaa9b4a1c8e93d8c4638
DEBUG DEN: 2af06ac0a05ec39e5e0f38ad0938d891656ff36084bc9bb692e8f2963150457e, 16483ed8c2f0343047b9c7aa4fe70fbbff07557d5c578ac62d2305bba29b8f29
DEBUG DEN_INV: 29890dbbde6216a5562ed08e27895cabe785cecc07d2983d00e069b12615da6e, 10b056d2d477c61a9eec7116e22ef9789c3b896bdab99de89af8146c985c5533
DEBUG LAMBDA: 292d0b73ea1aedb9870ea4601ab871fe6d0348bd5077622fd585b9b76a437a3a, 055d88101e144ea3b1f7a8a6c0c353003b61a055141869c353925a29343f9e69
DEBUG DBL p->x: 2f97de5b433a9af80300e3a323bc5aa73412e86b82303094cf1c3230a76f3619, 0766553989c8bd6497144de012d1d9ed5e7d1894e12faa47b0384adc3a77c74a
DEBUG DBL t1 (X^2): 0a4161a92a0be62551ecf07eb03ecad81de79bf5d965149e51e945cbe43a6ee6, 00f3373e63ca20f1b16c14afdfc2242c351ee70c214e3bd9066a8d2cade52e76
DEBUG DBL M: 1ec424fb7e23b26ff5c6d17c10bc608859b6d3e18c2f3ddaf5bbd163acaf4cb2, 02d9a5bb2b5e62d514443e0f9f466c849f5cb52463eab38b133fa78609af8b62
DEBUG DBL S: 172c79093c3939bec51982de9ad107c5fb0d04e1b42ba841afc5b15876476485, 13322177b6eb3f0dbb195707f5f7dbb67dfc1807e51afdb6d32abf26ffcb469e
DEBUG DBL X': 05d1aabd5e73bcdf9b5ca460951cf4d58aaced324af33d3eb77708a7522d5551, 2ab9c968765d81bf483c60ee355b81d5a42e69bb6e61f45148fb645e27bbf9a4
DEBUG Q->z: 2c10d5a4c1f7bdd73aac8dc1a8f52859bfb405a86d4d39418b3db619ae57f93a, 2cb0ec5c134171551745460c390df4175f3b100485b1bc2967dd6cbfa1327058
DEBUG yQ: 077ff8b824bfeee2db8aff31264bb7f0b353dff66d4af9640a928a17d51c031a, 0bf722c41ede677165d2c15b59056288314636dd68f08f60cf4196bbcfd05532
DEBUG DEN: 0efff170497fddc5b715fe624c976fe166a7bfecda95f2c81525142faa380634, 17ee45883dbccee2cba582b6b20ac510628c6dbad1e11ec19e832d779fa0aa64
DEBUG DEN_INV: 0d68a008e8ac953cf12155abda49b59ef300c28e92adcb4fd6f0cfe710a995e2, 194b02d407549b1087849c3213b74db2e8ce366574b2570510b987246e319b7c
DEBUG LAMBDA: 2881d30c31025683375f63805c6749cec037db53d1ee0751b382a0d27c4d7f4b, 076806638133f68ffab3fc1c586efe517ab05cef8880219e70793bab5273718d
DEBUG DBL p->x: 05d1aabd5e73bcdf9b5ca460951cf4d58aaced324af33d3eb77708a7522d5551, 2ab9c968765d81bf483c60ee355b81d5a42e69bb6e61f45148fb645e27bbf9a4
DEBUG DBL t1 (X^2): 183dfdd2ea67edfef319c33a207bc8cdf4c86a5c3ddb12e6b32a8ebdd9f2b033, 28a93a5ef7d8121dcbc7ccebeeee029f0c856fcfd68bb7e0efa07da380e46094
DEBUG DBL M: 1855ab05de0629d320fd03f7dff2020c46d7d483511f6e26dd5f2022b55b1352, 193312372524f605f2b6db56c9c75721f68d7a4cb2bf928856a060bcd1b3272e
DEBUG DBL S: 02a3d0d0153c62bfbe573a2b7c9f9d8b4719ab37e1398d5a51e4b05e276b97db, 0501234d31dde1a598c9ca978c12ef5fa30ccc2a17e5ee9da1600604e8a97f2d
DEBUG DBL X': 2e80c076e54ca6c6974da8f73092dd1f074f6486d9a40f554b37a0f2c331b0d5, 17dd2dd4fb6f6cbce76ac796394ff385a8a62e0fe4ecc4194302aa12aa31718c
DEBUG Q->z: 1be538628fcfe29233017b8bbf86c1b04f5907055459d02e1d826e1bf0082e7d, 15f37e0af149a499645a2368feec6d6e1e7f0e5cdf3252d2a89ee88f397d4334
DEBUG yQ: 08a294ea89218447b51d54190325d1d5447f6c45014731b254467465f485f5bc, 09ff5155a2292cd5a14d10a42a6f8e4e0aef597178edac81aa68f44d7a11fbc0
DEBUG DEN: 114529d51243088f6a3aa832064ba3aa88fed88a028e6364a88ce8cbe90beb78, 13fea2ab445259ab429a214854df1c9c15deb2e2f1db590354d1e89af423f780
DEBUG DEN_INV: 070aacb11daf75a210a0c92fc1ed87eb022ac2c3dfa8576c832ca8332780b583, 066497112e26cb496a1f26f0b3a28b083ecb002c7d713adbae5ece221a031ee8
DEBUG LAMBDA: 05f825615e25ed99100c185c4d9ad004833b91a42aec1b7faaab2d965e6826fc, 021c5362bcf10f954bff7fb2d90b0d8955a7c600fd0c1ca7c0386f00deb6879b
DEBUG DBL p->x: 1ca3f54e51e3dcc6e41209a040be782e471601c5ad0e340c9082accaa0198712, 1dbe8de8f7c744ba778b62c18229af17ff5482caf85133e5d266b7274c1765e4
DEBUG DBL t1 (X^2): 24544c68a74932531012b3c407b79f05cd159ac5d766dc3db22739b323bda92f, 0419236108f79f8affe432b60ab47d12e2d11c0f5fefe1f046d1acd00aa01964
DEBUG DBL M: 0c344854337856a5bf978fdf14242c56383dfb2eb550ff9e9e3494ebba3f00ff, 0c4b6a231ae6dea0ffac9822201d7738a873542e1fcfa5d0d47506701fe04c2c
DEBUG DBL S: 21a74f2585ce72b735d49d16ee109cbb2b35503d4d98ecd2be8f7f3384e898ae, 0c682c3c8858ca511cb423cf01aa79504603443f3b7fb284a347bd1d4f082919
DEBUG DBL X': 245c26279f96459724e92fe9eedbabb8b514b86c76674bf2e991ccff08798a02, 111aa7165f298b46d9e8f9278f4b0b134e7db3182023853a113e78983e158d61
DEBUG Q->z: 172728ddcba2585e3c79d19b5a68fccc92494f0c0a0d845859be8b95ed198b64, 1e193eba7709c6de035a649bfdcb639fb81fc5568f5ee16aec22875b59599a3e
DEBUG yQ: 2b98d4042d5a023d7cb0efc134551cc425a5a79202159b063e9e3d1004b378e6, 2d79d335984b1e4568cceea312e3944c97096fe460dcdfd7fbaf757bc56befff
DEBUG DEN: 26cd599579826451411199cbe728e12ab3c9e4929bb96b7f411bee0930e9f485, 2a8f57f84f649c611949978fa445d03b969175375947f522bb3e5ee0b25ae2b7
DEBUG DEN_INV: 0c441a57715f783eb09660ccf6fdc7074eda87065d74f95786a5b525f45a6010, 2733f6ddd275c7227ac3555beb755c538c78558017ce1790a50183dc3ded9d7d
DEBUG LAMBDA: 23489fcf0c95a882c9f75dab546bed68f0e2a82d3f450cdc7a53f4cd5a95f9a1, 235cdf0b91a0784fb1309a86445de40a06cb7c7a11a6c76e83b2aaabcf076e18
DEBUG DBL p->x: 109528b33c5ff64dcf285f1f274053ad2d335fc94ac641e5ae3a51411e941d66, 19d9bbca928229340b20e6ded402c866b179479a0e96ed302e88d72ff9e3adfe
DEBUG DBL t1 (X^2): 08fd04c6a9485071d7c5122ad20bab6cf6d1044f9c30071e73b3e5bde9664c14, 2c830360d48860b7ee7562f3574e5e877d103642e5fd7c01cf233dd084c1226c
DEBUG DBL M: 1af70e53fbd8f155874f368076230246e4730ceed490155b5b1bb139bc32e43c, 24c06d3cbb35e1d45abf9d6d02e86adb482dcda5e114deeaf528a143dd496cb6
DEBUG DBL S: 2540b5cd58d55cb72f1c29863d257320767a5110c04e331d34cb63716525bb0d, 0044feb43b6daf1abd3689caf546b529df1c8b1ebc610716b479aac4076d56ed
DEBUG DBL X': 19ae7b53a19002fba224892e905828c09f1a257dd9a2c43d72719f46f1d77661, 1770f1418bf5490f6621fc4115b3daf67b4cffd4affa1ab22090163a5fc5c0e8
DEBUG Q->z: 2526b778b14b8d86f64d46ae7222e26630757a789360e3374ac0a9c163fd3af9, 2fe282ecbbb8ced17aa948f2cd70c4f8dac604adda1cb5dfe5f62e58b1917174
DEBUG yQ: 11954f48379d3cfbb52ca7e8536dd9ed99bf0359e0038bb16893063814d47639, 171f80c34ffaac7145436b83ef1ecf5e911d0637bec63d85ff022d4434918700
DEBUG DEN: 232a9e906f3a79f76a594fd0a6dbb3db337e06b3c0071762d1260c7029a8ec72, 2e3f01869ff558e28a86d707de3d9ebd223a0c6f7d8c7b0bfe045a8869230e00
DEBUG DEN_INV: 02d0c966cd4100da0a49be3a45f9943d1f665f3b34214d5906af11f668c7bf11, 1d5d4e40ce178e281dc0098c32d269cc0350ad68b873617da8326acb8e982d39
DEBUG LAMBDA: 0d487a01c661a8a1a8ef70ce19f54cf5e9aa21ef9a7644f46eb772561c37da33, 2892977f2a81b18b78f346bd8f2b9ce52d2dba36c85d8b3785aa126fb76ae27d
DEBUG DBL p->x: 003fa7aad76bed1a210a561f2a1a60b94840b9fd388d6c053d7f5ddb78369142, 2194af634da681113c24632f1591d574ffcc27a5d22d05a58ff6e94b12cb19a3
DEBUG DBL t1 (X^2): 07eaab1ae3c3de63d86b44e7bbaf4664940f545885ae786e10d836a876b9df31, 2b1a2d7612212830883f44593c1691a95cf8e24aca046de382d94c54ab9fb4c8
DEBUG DBL M: 17c00150ab4b9b2b8941ceb7330dd32dbc2dfd09910b694a3288a3f9642d9d93, 2085eb7c7400383e281d419eb1410440e7e7d1bd8d29b490104accd051e523ca
DEBUG DBL S: 07cb5e0cbded2587683ecd91330e6a7b97d221c271100e855104c4b7c512f9ce, 2a4225f9af0bfdfd422e3711b11b29fc1566d88874947ea0c5e81f4901bdfa9e
DEBUG DBL X': 209325a2953a810f97d6a2982850a5b0303fda0520d8042746b526d4e0fdbc91, 0acbe81fef887bb6f7a2405225e8ea5bc93945ecddb84d8132b5735e0f741570
DEBUG Q->z: 17764d15a157bf10138d3bc34e743eb9606b0c08b8859d07d62c0caf60baa310, 00858736aa10209053c906e1a59505729080b0ae05840c44ea115cfad6ab49a9
DEBUG yQ: 08c9cbb50c9a8288cbc20803c08e5df9dd1787dabf85ca5354ce04317b3b19eb, 03c84b72ad56ef501f547428f4f24358ffcfc41590493838742c3e45e2dc003e
DEBUG DEN: 1193976a1935051197841007811cbbf3ba2f0fb57f0b94a6a99c0862f67633d6, 079096e55aaddea03ea8e851e9e486b1ff9f882b20927070e8587c8bc5b8007c
DEBUG DEN_INV: 0274319c0724a83e23d3bae654d6cbeae5108ad1b4c2022adae73a74476bb73f, 1a5b439c79e50f027117f3c8c0cac2cd3916f9ee609f2ad92f961955c8ab8584
DEBUG LAMBDA: 1f69022c208296b942054954178729532cf72110a0f903f69be77d6ae1f14a31, 17a220d46f9233672aada92df15f3e42e1b260d6d70abb5d1552b16305274e48
DEBUG DBL p->x: 209325a2953a810f97d6a2982850a5b0303fda0520d8042746b526d4e0fdbc91, 0acbe81fef887bb6f7a2405225e8ea5bc93945ecddb84d8132b5735e0f741570
DEBUG DBL t1 (X^2): 1bbbec033e26b15938c7a453ea296bdeb2a1056794cf52387f6fe9bcf3059303, 1fd1ef5ae25451abe952666a66a833702da39e92924dbfebd1b147498712390c
DEBUG DBL M: 22cf7596d94273e1f206a7453cfaeb3e8061a5a555fc2c1c422f31200093bbc2, 2f117f9dc5cb54da03a6ed88b27741f2f16971264e77753638f349c5bcb9addd
DEBUG DBL S: 128138d27cfe4caaedd79721c07a541d2c5dffb39a989b1be05ee324f8dda080, 147de48010b1df24fb8c801c76010a42caaaf4351bd49c0cee490223664fe296
DEBUG DBL X': 08ce65c494df8b1e2f414b35b8cc7911ccf0de5e373a1c052f063d10df9637ab, 2f43d2dcfd88f1ab36b493bb872d578958dd700dcac719be43302614ae1c9925
DEBUG Q->z: 0a53f1557b166ce63170ec56bfa545a0c1a3c75964f017155ed71e4facd18965, 02c6905f4cd811a838068f5f9207339926590f1fc7ea51ecd22228110221ea42
DEBUG yQ: 160a7bd59f65caf7ac93104ff7a9eb972476a72afe17e78bfdb3708f57fdd412, 2ebdf73cc73d7594e787685c4e9a587373fce397822f3b174569ee7fb4c0ad8e
DEBUG DEN: 2c14f7ab3ecb95ef5926209fef53d72e48ed4e55fc2fcf17fb66e11eaffba824, 2d17a006ad494b0016be8b021bb3588950785c9d9becaba14eb350e891045dd5
DEBUG DEN_INV: 07c61b5770bef47694ee86d669a42f90c063e449c76a7a758c91b0d8c2852b40, 1fc66586b730d4c3991c705be41dbbb7e2027a5832696410c503a5ab11d7e2a6
DEBUG LAMBDA: 24fd6ea66689a2c1a7258a1da5ce5c8711d0619e7b62275d040a87631d4842e8, 254831421c1ab351bb7d80801a7cb9ae12022181f016492510319c4b8fd45ecd
DEBUG DBL p->x: 1b9947ee7623f2cb8d49b328f7dd226de94fc619f34fcbd6a0755f3974488ae1, 09fd446aff12dea44588033fc7995a2aebe03b98d0150c2587b09520a788d754
DEBUG DBL t1 (X^2): 0fb774fe6c9cc220fd024ab97447e42a33f2e698943b06130df91127ae71c095, 2f3e9b8eb4f8156cc920dcf69b824eeee8e8a7ca69696deccc82b308a1edae5b
DEBUG DBL M: 2f265efb45d64662f706e02c5cd7ac7e9bd8b3c9bcb1123929eb33770b5541bf, 2cf335c65c84fff2eac20b76cf843c118bb7223c6b58b4abed4700ec34cf1083
DEBUG DBL S: 193f550908f75ba2d0b96c14c46e5fdb57e9621f0cc1bc310491ae83204ad4fc, 2b3f594c89b40ba4e15f98532d7b6ebd8bdac8d534614a6879b519b6fed540a2
DEBUG DBL X': 0a5d48b8b398565d0a880de2607468d0b772b3a25873a121f25fb8e271778378, 27d589f3793cf568f8dd7fd477b98fd60ec82fe636cf142a3a59b1c487be6e0a
DEBUG Q->z: 266501721559057e04eeb368b705dd770a90ff6550ebee29055cd56a5380ee39, 2c157450f62932c04f3e309e818fcb748d056e75bd17225d20ee56d30f900959
DEBUG yQ: 0c7c52428684ff6fc4549074cfc4ab44b9d68a2297c7d01443c50729ba8f6de3, 03b08a8b9917e8601e957296662d5c28e0c62794de688e9ffe918570348903e2
DEBUG DEN: 18f8a4850d09fedf88a920e99f89568973ad14452f8fa028878a0e53751edbc6, 07611517322fd0c03d2ae52ccc5ab851c18c4f29bcd11d3ffd230ae0691207c4
DEBUG DEN_INV: 2e8ebd6b65b41aa94b41b2ca81117b1f995664433b03a817ead1496adaf3e179, 286621bfee7103ea6fd22d4e0f07af7f2d0153f43f77be2ab8fdee12a7c22f03
DEBUG LAMBDA: 0b1ba341c04575a34adc5897beaadfb3e1cb8baa5364bea02b7f6caecc40e5ad, 0ab3bfa9c597030aa8e2b0dd27bc3e0ca30426dac37cbcf7167cde889e0864c6
DEBUG DBL p->x: 0a5d48b8b398565d0a880de2607468d0b772b3a25873a121f25fb8e271778378, 27d589f3793cf568f8dd7fd477b98fd60ec82fe636cf142a3a59b1c487be6e0a
DEBUG DBL t1 (X^2): 1578bd260c214c055132a691a0c97512c18e2d09b725b2f2a6dad62f5ac5ba23, 01625c242ad11af3705d9059731c8bc346475d70cbd0ca2017f1b7fac3b57aaf
DEBUG DBL M: 1005e8ff433243e63b47adfe60db06daad291c8bbcff4e4ab86ff67737d43122, 0427146c807350da5118b10c5955a349d2d6185263725e6047d527f04b20700d
DEBUG DBL S: 2930996c1bfd832fafb435884bdc73c621d543e247d003515a174338f5dc874f, 22ae5c94c1e04e9e46064c379a341df401529c5b16fe8c3529a496f9f2231470
DEBUG DBL X': 04833e114a2694961e12a99b2c205defcad42b4e2e82a4474fe232b6378973fd, 142bedd6b44d0c680bf63389b2f3909530aeedb5721628cd72c68f47839c9cf0
DEBUG Q->z: 0858e974fa802d716f2ec4f75211d77ba17a1753ddb7a57efe041c8a7b551e7d, 05b5b3fa6fac4a87c693c7b581bd705e45ff62095a56ec178197d5814d654ec7
DEBUG yQ: 2b07577d31c3941b7cc0692a952dccb797e558098b067cfcf369dd1ed80f1437, 1c85283e7a78288d749c8804fc3b30f27e2a38e08d0306155c96381267ed7dc1
DEBUG DEN: 25aa60878255880d41308c9ea8da411198494581ad9b2f6caab32e26d7a12b27, 08a6020a13beb0f130e8ca5376f5098764d3072fb194419d7d0be40df75dfe3b
DEBUG DEN_INV: 21ac63b304a5d909eac83b4825428ddd61a1bf1b6660c48aec1a58b43a11673c, 1c79b58bf3d6890e393a1a32b2db59f6f4ce1221139b00af30cf6891c0aacd9b
DEBUG LAMBDA: 0b1a1ee90cfc29c0da4c5c995a722a6875db12013ea5ba8895580120bdaaa308, 0d232ab38485d85091e58a2a6812728bbc637d0a3f7260c5521f9c7363c49c7d
DEBUG DBL p->x: 277f8357e0101365a5d7a9db925353356f544b5ad18440a7ceeac0b747a9fb7b, 07d1299748aa1c176187c983fea7a6dd1d87a0b9ea92caaf71fcb5c748c23aa6
DEBUG DBL t1 (X^2): 1aa6f6e789c26b455ec85564a870c855a916e509f08284eeb53379c5ea93e39d, 1558190a81ed2e44dc7ca59717f3edc47d3b1af6a048a50d5d96099538a31be4
DEBUG DBL M: 1f909643bc15a1a66408ba7777d100a363c3448c6915c43ee379e13ae73ead90, 0fa3fcaca495eaa4dd25ab0ec65a70efe02fe6527868249adca190a8d16c5665
DEBUG DBL S: 20666a3147998a11b9fe7a85eea8f1ab3209c391c17692f624d16248da83166e, 102229bc1aeeff9bacd75495754f0d462663679f59b8b2a3241c3d55eda70bdf
DEBUG DBL X': 2e2f6f0d068f9e6ff7448964587fd974862bbda7fb472ad13a25cc83c62ee2ff, 201a89fa845900c9123682e4e9be4586a205f71412c2fbb5261e60ec72a69763
DEBUG Q->z: 2b73273dc0d7bde6c8b1ac842e79c81b2aedc9a5342ebc179f89cfece413f480, 2e14b51f56d2a34492b04dbef223a0d0ef013bcc6ded73c9931ce234050824a3
DEBUG yQ: 26785c2e096bb7e5b6db93d00698d049491dbdfe1ecdb40e4cccff46e7071933, 1fbd59e75816b11cbd765652a559d06934a1e73046563a2f93758efb3a78930f
DEBUG DEN: 1c8c69e931a5cfa1b566e1e98bb04834faba116ad5299d8f5d797276f591351f, 0f16655bcefbc20fc29c66eec9324874d1c263cf243aa9d1eaca91df9c7428d7
DEBUG DEN_INV: 2486837a29cf0de7e351aed93252f7b3f1b99d1076c77707060a9de0e06ec3ad, 0b38780ac36fdf6ca3e50a380e601b66434eaf45924be5edbca36cce75062c3e
DEBUG LAMBDA: 2d69388d651665e063ea374c73ccf2f67d961288358e4e58e90c9b0b9cc351f3, 069d850a4206a28ee5c0468a592f0951b4570d00883c62a0dccf7bf9c8b5be6b
DEBUG DBL p->x: 183f3ff9a9361661ba91c47751772be6d45843bc33969ac47605226df2abaab9, 09779e750f00adc69444f808b7883786be29b51177a92f903637a31ea1689678
DEBUG DBL t1 (X^2): 20cd785993deb3fd2b660f0d6192a896c6500f2e25ee607c7d001dc214cebabc, 0420791e300c7047957ccf3a26b64f001febe246a710c9a1a046e39bd9751116
DEBUG DBL M: 019fcc26f938dba41191a1bb21b5490923ed5867a0e78c5afebf41188d7235a6, 0c616b5a902550d6c0766dae7422ed005fc3a6d3f5325ce4e0d4aad38c5f3342
DEBUG DBL S: 21d078ce0666f4ac377fa36c07c95388dcb66da7ef6e7a80130c3fc26fa65f11, 2463d571e2b16b27d4d12b225f8513cbea6818ad12a05178827695af77847725
DEBUG DBL X': 12555ccfb4651779461b5323b9dbd7f6ec3905b321d013d7d47e9a91d1c7cc00, 10fd70f05958075c993c0e0953cde39137d0d06a29fef7dfc9b3558f4e120aee
DEBUG Q->z: 246ba1c78de729b2bb1f96b3b83e9be9d051f601fb26aeef21d7cea142a02311, 233504d5819c5d80b28591b8a927f2a527d096f913c2f83eb43679a47455843d
DEBUG yQ: 075b7a91fbbe72ce8b6cfeedb569d8a2f2506c19364af5cca9d2d0ca643953ba, 154c86cc453e6c4f5f77f9d532a0184bcd641e5f6149ee0b567e6fc8baf1eb65
DEBUG DEN: 0eb6f523f77ce59d16d9fddb6ad3b145e4a0d8326c95eb9953a5a194c872a774, 2a990d988a7cd89ebeeff3aa654030979ac83cbec293dc16acfcdf9175e3d6ca
DEBUG DEN_INV: 101270f9996456b69d1f37a43de20a133120b3c580cde337ef5e1d803cdcafc5, 0140b0c1e2906dacdfbe632e15063f7959c0166cf4095a6bc57367821129ba42
DEBUG LAMBDA: 1caa86fda3e84baa7d4aa581b060b7b5c7d3631357a0b733a782833fa1a730cf, 1aa5791ff1dd7fdf8fe7a999dd04cd7406a63d3c87f78598c4c822c462be80dc
DEBUG DBL p->x: 036c20fd34c5c0f3b93d3997605423748aff50000574a678e8ef9700193f48e4, 2096e5145036fc7913d2fc222d825eed843d88684a5b827ed89a7d6d79b15867
DEBUG DBL t1 (X^2): 109e3eaad6bcb007c63b254506d32f7138d1ade2e2a74999fb068f66caad1036, 1ddd99fecc9d8f1b96ac70171584d102540df299a164dd8b097f81f7d83ac226
DEBUG DBL M: 01766d8da3046fed9a612a1892f835f612f39f173f841240b4f3221d878a335b, 29347f8984a70d290bb50a8ebf0d1aa964a86d3b7bbcce13e05df9d0b033492b
DEBUG DBL S: 05fc18575adf546760d568870877263812e61bde613b6ec371f9d0f3eeff00a0, 1db3d735b2abbb965fe8d757375d72bf4b6b0128dd38abab29fc7eae242fdf3f
DEBUG DBL X': 246af85d25c555d21d0abd22beb0b93c648e9579c4d6d2e2c1d943d17d916aea, 21cd5a13136da428fff3fb9c703f0d660b5ad7b42be16e5ce65deace726e4fa9
DEBUG Q->z: 078ab4eedf02184de359171647782b43ae712ab8a0f954252cd97b01181af3b9, 28837c23734197684d4588e209b1c0f89f95ecf8e77fb56d1ef070fe06ffc6a0
DEBUG yQ: 1db15be2024fc9d0572b23481efcab64429747cad54844f576902e7531d3cbc6, 2cc8efe9f5f3af3cbac32fd6089195d55a0b99ad930a134284d15dd88d36debe
DEBUG DEN: 0afe6951236df376f60600d9bc77fe6aedad2504421ebf5db0ffd0d38b2a9a45, 292d91610ab5be4fbd3619f58fa1d34d1c95c8c9bda25bf7cd822f9a41f0c035
DEBUG DEN_INV: 0b5db900f603ac6c91be9e65b178d6550340417d0bc835a64729e140597a6cb3, 1600574814f46f864facb7eed87871e39b9ad4167844e2db36173ff52091fdf9
DEBUG LAMBDA: 1fe3d9821ef8a00a56c021abbbf9e7875f0c9fbcf0cd81fb5d71ff484a4dd654, 29ce1dd1718343116421f965343914c293161ddb427e0e61fc6dc69550ffc00c
DEBUG DBL p->x: 20316ec6cc635cd980bc1b7e11cec504d5a7b010c293be968f1b02bdf0f1ef42, 25bef6b3dd6bba4a3f153b1174397b8abf36db5c744bc6524ace7a2e0510d056
DEBUG DBL t1 (X^2): 10e05b6d32935d4e8a4c302a0b9ffa0715b03f447b28a87202580dceef2a3931, 1e6f1a6e9116f088f949e7a0c2dca357f490a5775b1ded2ae64868001984acce
DEBUG DBL M: 023cc3d4b68877c1e6944ac7a15e95b7a98f533c09082ec8cae79d55f501ae4c, 2ae900d8d2133171338d712bc71491aa463085d4a8e7fcf376b8abe974110923
DEBUG DBL S: 20f1cc1556e54baeda34b76980b0809c3d350c6ab805e1deb8ce575e4f619b77, 2f466c64f6b149c961f7b2a7d72724504e757f1a6b9064e8ddfd12bc156aa736
DEBUG DBL X': 1b64a3b64a2fde86bc0ae122049d5528c23cbd9b5d621f74b5155958077fc410, 2a0391d97a0263660eef0c13ff03d8b52444658e87dc50df31f5a5545e5e2e3e
DEBUG Q->z: 1db5422d728214892bdb89c922d4bf5122a33dffce4087276f59083bb450dbce, 096993f16379d72f58a59566a0ce4733e23ca705b84412f389b1575f8bee1782
DEBUG yQ: 1e601d420645587577d185974bccf9a8f25c1b142404d0191b7fed834425a66a, 1c116636322b24c26fdae38f745363e7ffa8dc4f63a0a85636dcc9a5300657c1
DEBUG DEN: 0c5bec112b5910c13752c57816189af44d36cb96df97d5a4fadf4eefafce4f8d, 07be7df98324a95b2765816867256f7267d04e0d5ecf861f31990733878fb23b
DEBUG DEN_INV: 2b8cdc43a421b68127f764055f7e0441b4f9b2ad0d19a09d8459de570b039c36, 13a828960cc97542060057a9c2d808c6b6371c515b6d4b3da920f10b80755fd7
DEBUG LAMBDA: 1f41c8148bd674c0cf24c40bd68bf957521ba2a20a17f133309eaef2322e8d12, 00631ca90afdbb19ee51e2bdee395bfa7638ad6f8db0d246b6fd104084640056
DEBUG DBL p->x: 1b64a3b64a2fde86bc0ae122049d5528c23cbd9b5d621f74b5155958077fc410, 2a0391d97a0263660eef0c13ff03d8b52444658e87dc50df31f5a5545e5e2e3e
DEBUG DBL t1 (X^2): 1e677317a8064b8ab784a5b147c7465a852b7fe4306d59fd759af6a736d483c8, 263e11b59b5d9ab39019a60fcd63e43cc0dd3b41585048bd803f4f453ed053b1
DEBUG DBL M: 2ad20ad416e142766e3dab5d55d47ab1f801151b28d6436b24b057decc008e11, 11f1983b0fb58fc73fac66c26528fbfb1394dca1380d451e087cd5a20b770085
DEBUG DBL S: 126cf7ba61593476c242fcb18283c6e54d17afda900ae5a939f6f2653f2c38f5, 2d192a6bb7445de4c7d1f6cb8e2bfcf7f28dc9994930f4c1f105651cb1a135a0
DEBUG DBL X': 2a1ee377cd677b94329d70043cafe9b9a45f8071b232e942c215dfa5b4c52465, 0421644c5d203e5c42d3bfb282753d9468ad3ab4c1d298e42d75ea9c860b7d59
DEBUG Q->z: 177e32661fcbb00c0f76118f099d7ade9fd1d1823d4fcae720df99024dbc367d, 1d393b5756e0942b39485e40fcda1db8cac5399e5ed6295260b6519790953949
DEBUG yQ: 2ebdbb9d1574f884d9835fdd83fd0a61699fcdb5d93640a1c7078f74d581bfbc, 00e9319216e0854ac789f37af38a67636ac67ea2c8863bd65a417a6e9477d041
DEBUG DEN: 2d1728c749b850dffab67a048678bc653bbe30da49fab6b651ee92d2d2868231, 01d263242dc10a958f13e6f5e714cec6d58cfd45910c77acb482f4dd28efa082
DEBUG DEN_INV: 21a96a92ad8b21fbc19a0db74f94208fa3b1f270e6c9c5f23e9ab3935a5cfee6, 24f5d4348aaffaceef80ef7cba4ba656817aa1668504e9fcefc6f4aa18b75736
DEBUG LAMBDA: 0bb75220dbbbb03434707d0df60e5b7076310acb36ae2011950f9d008f7f220b, 122df34d409fdd07ce2476aafa5bc1b0eb2006745107154dd5e457e40e936969
DEBUG DBL p->x: 2a1ee377cd677b94329d70043cafe9b9a45f8071b232e942c215dfa5b4c52465, 0421644c5d203e5c42d3bfb282753d9468ad3ab4c1d298e42d75ea9c860b7d59
DEBUG DBL t1 (X^2): 2b0e24e5b2fd79e4385d88b6588f7e4b8b4c4db8386655d46f800a2e57035b45, 0befdcb6f05800d31e556eb4a7858b3edbc50fe24a10a8cc8bd43f99ec0b022f
DEBUG DBL M: 2061d1cb56952d5938780eb606abca2772e21405d84f6c62d63f065d54101741, 23cf9624d10802795b004c1df690a1bc934f2fa6de31fa65a37cbecdc421068d
DEBUG DBL S: 1c77f7d077fbb1c3eef76a82dbcfc74b4452f685fe989414e26dd33694ab6f36, 05afabc4d3c9eaa971d6c3b579964228fbd62dcc50f777e8d2d625bbecde7959
DEBUG DBL X': 28c2c746bc2227cf0a9b54679e5e54a6733ecd775e0096708bb7399508814f3c, 0e9a6ac40970f9ae5f392e35baa546dd7be8c84028539d9c387496c21f993959
DEBUG Q->z: 173621fd770676369325df0bb04a40477fbff4204f5b47a09c4521c43d0d5dc6, 107c43bc4136d3ac74dae8b73f2b9cc3e7c5315b5c400cfe9ee682089a921c50
DEBUG yQ: 21870761385123c5d54a8e7a063d8dbebeb454d1ecde98dc31cdbbc737791b19, 04102acfb6367d01e8d916629cf4888dcb4bb869a0a9d5276b4e97357a6f4b06
DEBUG DEN: 12a9c04f8f70a761f244d73d8af9c31fe5e73f12714b672b277aeb77967538eb, 0820559f6c6cfa03d1b22cc539e9111b969770d34153aa4ed69d2e6af4de960c
DEBUG DEN_INV: 0a7e172c85a687a71467e64cbb823f7ecd931b457760da67f6cf79dc495cbba6, 18a3076c960c47786975e9885374690b276a9e713c3aa8e9152b768455217d48
DEBUG LAMBDA: 2a5b3efb997b26cffb9ac325bbd72af0945efb13494bc975bf14bdc0738ac740, 2199e8c5254c6c6da16ff14d388431f6a9338e5fe0429a60ab6d2fd2d42d9b93
DEBUG DBL p->x: 192fd09c3cad08e9d2b565a8d746cc7f324dd9fdc5b2c21b25f84b069734c041, 2272015941f6828e23a004cc8563c66a4fb5957e6bfc0090474a3e889743399f
DEBUG DBL t1 (X^2): 1a5dcdf98131d4f7afa8772bea18a0e801f3cf78399b2422696d72009ad79d01, 0206e520bf9a41c64efbdcd4a002cbd2f8b3b4fc1208901c6f61447fa0832908
DEBUG DBL M: 1eb51b79a263debd56a91fcd3cc88a5a6e5a03d7445fa1da0027c9eaf809d9bc, 0614af623ecec552ecf3967de0086378ea1b1ef43619b0554e23cd7ee1897b18
DEBUG DBL S: 00f8a2117359b68096054f21b7e0a3f9ce7e20a10cc5fa1c581af69f429410f1, 0cbf8c613813b7bf8a3e06d17c12e52e86586991e2adbf18df040526bd04fbb9
DEBUG DBL X': 2a4eb4f3c3b50942e066fb812a3d11fbbc56dd5a18fef41853ceb3f01856bac4, 1b660674155bf10eac413330b7e09b16d567df5e5a9423ebcc609f7e6a123788
DEBUG Q->z: 168a8dad9fd9f92f61a89b560c25ac1023a8e1512872f383e16c73fbe02d3dfa, 2c8e18ada42ef1e940fd573ea4aa099745de72e022b821b3cdfba3a241cebac6
DEBUG yQ: 1550389f7e9b250f721e6932aac8f33d8438b2f7e5ef9ce0a91ec889a479e770, 25b816bcf1808e491dd8f3c24610bcb762a83e5b1da0f9bb716ae03d67c47141
DEBUG DEN: 2aa0713efd364a1ee43cd2655591e67b087165efcbdf39c1523d911348f3cee0, 1b0bdf0701cf7c688361a1ce0aa021112dcf1224d2d028e9a6b53463f70be53b
DEBUG DEN_INV: 2da9fbbddd7363b2a3ec838828a0bb709b112306570df0011f1bad37829ebfc3, 117955522905652aa554b91340f5d2a39035d850981463b18798ce41d8098061
DEBUG LAMBDA: 01d4703f322f887fb6e75b8048ab7f7fef42f038450b85d0207aada3791475a3, 02b3c348e65b52247bc0b19d6259729d80ea40e9ddcd9e300e3c910794d9061c
DEBUG DBL p->x: 2a4eb4f3c3b50942e066fb812a3d11fbbc56dd5a18fef41853ceb3f01856bac4, 1b660674155bf10eac413330b7e09b16d567df5e5a9423ebcc609f7e6a123788
DEBUG DBL t1 (X^2): 021353524e287aab06017fe733918f82d5b31f8e753d563081cab3d47f94eedf, 2cc1219b17f999c7cadba9b6718bcc4ca6b49ca5fa3b28a591505385825e95ea
DEBUG DBL M: 0639f9f6ea79700112047fb59ab4ae8881195eab5fb8029185601b7d7ebecc9d, 257ac7eb85898d03eff271b651a0b42ac51b00cf1dcde4d63bafe262d621c730
DEBUG DBL S: 1ebfb19692cea950b9004b5f2d88dccd56bdb1bb42efa8a2f61923e558683819, 1b2faf3be1ed12e20a3519e79325f9a4d4bdf15fec6a4d88cae0588d30f8db4f
DEBUG DBL X': 25eb6eccc8280cc8d237b9bcf95f410f0a625d39300cd4fc4a724a3b66220a7b, 10e75c8c75d715b1cb746754e5575bd3178b28a301021dee33ef7da5e8ccb818
DEBUG Q->z: 12aeeb3a4c7abdf1871707bbf104ffecd544f17f93164be8eeedf0be2c1dee0b, 2ff40816b25c296f67d2b36b2b50f6a7d39ceecb44849e263290279871a46d00
DEBUG yQ: 2fd3731f20f5748f24038fae37a157823690e32c19755a3138847723722d98ff, 25d54307ce29f1b193d0042f4a08a4e7c657b6cd7485d528bf19698c1db309bc
DEBUG DEN: 2f4297cb60b948f48fb6d9a5edc156a6d5a05bc6ca78e9d534e862300bde34b7, 1b46379cbb2243396f4fc2a8128ff171f52e03098099dfc44212470162e91631
DEBUG DEN_INV: 0b6342d87fdcffd4cb07a049465925aae435d74d78bda4d42131743aa9c8c739, 189b7cbee6876d47ef184ca6536005103be9d75278a1428dd4fb562cec3b4695
DEBUG LAMBDA: 1932a3441d797a702f56a547ff45e0384cad4039c20831a10ef3b65903fe58d0, 01cdbb43b280940f80ad48eeffebc892eb23e4d06dccdb6f0ea747d77660fbd1
DEBUG DBL p->x: 25774642875b8dac05e0cff451605aab4e9bdb7c8e6b28e695c7e780bd580ab7, 1c6e26bf2bcf3948e25615e8de1496914f91c1a6a4330f9564150cc84d4e4c51
DEBUG DBL t1 (X^2): 0367782741ed53d0ca159331a600b4c92d93f58e56c559830bb538456540ea20, 2b48a929647c5fb2e83f61c8e64196d7d7c7973e4fec8006629380709f556ae4
DEBUG DBL M: 0a366875c5c7fb725e40b994f2021e5b88bbe0ab04500c89231fa8d02fc2be60, 21115e966b11dec5481d99edafc213cc5853f0981ee1eaf8af7969242d06461e
DEBUG DBL S: 0d7a70e8b15380258ffc0cfb52583c096125ef28549639e456bb76dc9bfbcc7c, 2a8b13adf7808038815cbc1d483337cb736cd20e5821c3e9e1853d77f66ae7e9
DEBUG DBL X': 25d3cb915b68e135a5fab939ac873b49a00b36d938cef5ac4bd0ca164ef92d43, 1b9e7827ca52cfb9c98e2efda6a2cd22402f337acef15f0a0b0330671963077b
DEBUG Q->z: 0804205168bb18e2128e57c83e79e783b288f11f9b0255df5a1bc502a19daf71, 0528d1a48bc8edfa29437073b11c1e9130ce98fb4d2d292e57144bfbfa50d677
DEBUG yQ: 120ce13cff1e3989227434f4768a3db29175f0f27dc8167ca33eb5fdd6ac55b7, 299029365cce470f5806123e1362cbcc6f0271667d7d11870e7b5538021435c1
DEBUG DEN: 2419c279fe3c731244e869e8ed147b6522ebe1e4fb902cf9467d6bfbad58ab6e, 22bc03f9d86aedf4f7bbdec5a5443f3b4683783b92885880e0d61e592bab6e3b
DEBUG DEN_INV: 17de979c8cefc1b1241b4ab6ba6417c1ebe9f56054788669f5afb6498c13009e, 0653de8d207d9d6705003c436f106855843bb52ea6b313987ac4160561100142
DEBUG LAMBDA: 1f52e620f42b00f764926b3c2dc9b4ccb04f7f754ccd531b44fd647935b2cbc0, 037b4266f01a534d8f430a556cd66f6720d5633ec644f1ee7859987e56a0b670
DEBUG DBL p->x: 2aed6e31e573429c374acb9e1000312676d62b57966a3ae0412a3a8e23f044c3, 09868072a95b8b8f0e0deae8e1354886c8f027a7ee25a1f7015e92e0bc62d14b
DEBUG DBL t1 (X^2): 18ad1f7619b0574e26bee2711efd584886a501ce6443f09d45b697944c126544, 0762be5c58fd523070c9987a102187a7f6444c1c01c217399567573393e8332d
DEBUG DBL M: 19a30fef6bdf65c0bbec619cdb76b07bfc6d9ad9c45a074a95033aa60bba3285, 16283b150af7f691525cc96e306496f7e2cce454054645acc036059abbb89987
DEBUG DBL S: 17beb3a244e976af0069e24eb8dca498b30afe4c68bc4b044c5f3686cf711122, 2581b3ca92812e8605544c1374ed1595eef6bf97c2b437fbb836128e29aa07b2
DEBUG DBL X': 036fd811632a07ba1bc1a451571a316cf57e9bf6c90849e689b3397777e974ce, 03a82842217ac009c7373db911d398307809c1a94f241b2e1ef7fbbd8ac21e60
DEBUG Q->z: 155223aa64f75e1465056a6322d1c1419c899c4d12d08d6cde1d7d9b438ba4ed, 15bc71b3a7d0ff5c00e98abea344897f5b0122cbeb238a2976add90598bea6b0
DEBUG yQ: 08e1417efdab78c57a489678a2552e58a31714650574c667aab1d1aa322e1ddc, 17f0b6408bb1b54752813bfbfe027f41152e11ed0074e387ddb696568ede3953
DEBUG DEN: 11c282fdfb56f18af4912cf144aa5cb1462e28ca0ae98ccf5563a354645c3bb8, 2fe16c8117636a8ea50277f7fc04fe822a5c23da00e9c70fbb6d2cad1dbc72a6
DEBUG DEN_INV: 0a8d4d065ce4e8ad86bb98b73a97090e5432cec54383d499cefc6d0241f36cd4, 24a20cd0dfdb9a3025e1c60daafd2941619ee87a4fd004ed46d8245bfc8aa2ef
DEBUG LAMBDA: 2e4bf98d58005d635a1d4580011884acca640f1486812ad23c04814e0d0cd5b4, 1f822e88b6cba4655e8eaf4ac53a4e91ef2d0e8cdc66908f931ad70d45ad558f
DEBUG DBL p->x: 248cfe4440332e886d635a7751f8a9f986db66dd0138b868bb476c46ce97331c, 0e5f2d1790428c76843ca2fa3e5906ddc14b2595f693298ab8d51dbbd9f449bb
DEBUG DBL t1 (X^2): 05f74e9268a6aa80218641cc06dacffc87b621b12685b6107b284ef8bb560600, 2811ccd457fd438d731dd6445f2a53051e4c07f82ab35386a5bcd1d481cbc99f
DEBUG DBL M: 11e5ebb739f3ff806492c56414906ff597226513739122317178ecea32021200, 176cc99745948a54e8b8f7601a7c48542be142c5af36657978f55d4fd469624f
DEBUG DBL S: 1aadf2a52c5249b724ee0a74dfa7200bebc83edffeff43f872ad4a7c513c6fb3, 2f2b841d87bdbd1dd0d63e834252fc7f1f828f3e10f52bd6faf65fead132ba8f
DEBUG DBL X': 240cff97714cb8f4be8627bada5c3e9eb680e6d586bee341873523777ae72505, 13e1b1e0b59e438989f69920d84689c4d3feba81305e8bdbaa34930d393e01e4
DEBUG Q->z: 0179ae3f53d728b3863319c53247029478245de1b1e21cd5f5d1221cdb62a7ae, 13eb990afb8e2b95901808bf0a19ee7fdab039915025d2c454b3528c1a9ca4d4
DEBUG yQ: 1b909fbf2caeaa71ba7115be4530b3eba48163b2540058cac03d2bf8edd1e46c, 258de455bc72f98d07c334bfb0976e3637bef27fc9891bfaa4c9ec13739f09e6
DEBUG DEN: 06bcf10b782bb4b9bc91e5c608e00f79b1815cd33f8ee7084459cbdb0326cb91, 1ab77a3897b452f0573623c8dfad840ed7fc7a6e2aa06d680d734c100ec11685
DEBUG DEN_INV: 130703bc0a4d352da4fd8726eeeef86aa87eae0977c49dd1ae02eca02b34473b, 003a7436f1c046ff65fd2bf1f25a80843479d179c4f47a55fd6467a9eefef410
DEBUG LAMBDA: 24dd556a0d8b0175237e1e86079958b5dbdab568c2c5c9611c2e146b5e75ceb8, 0be45d641f67acc073d5f76bb854cd97e1d54b0a9f936799818b63ed4e4bc2f4
DEBUG DBL p->x: 240cff97714cb8f4be8627bada5c3e9eb680e6d586bee341873523777ae72505, 13e1b1e0b59e438989f69920d84689c4d3feba81305e8bdbaa34930d393e01e4
DEBUG DBL t1 (X^2): 09021dc221303c523ebd64d8f3382ca89e80896e5c0bdd65d6cafb5c19803985, 236b947a5f41ddba4cb1c417e4c2536a0bb519ce51e44cd444ea9952b1ba89d8
DEBUG DBL M: 1b0659466390b4f6bc382e8ad9a885f9db819c4b142398318460f2144c80ac8f, 097a20895b6258db7574c0daab444982f41c784824c95162567eb3ca6435a2fa
DEBUG DBL S: 1e2b5b91e268299be60781cb88dd87c0f76b7c6beb2a8fe7c6abbc261dd7ef74, 194cc057a417899d0935e41583779515f99f62dbcbc82cf028103c244fd8ff52
DEBUG DBL X': 260ca1f2ae595897d2910c00b5953e186acf713a0f7d44028915b7471ea49ec0, 1f3832d0d134c98f16232ffff5fe58aeccc5bc6823d2e65220cc03319d0af974
DEBUG Q->z: 1a87d9b377e811084333764dab2d3013f821137b2c81fd37109d3a62fa95b696, 073971d1403f753f6a0c31e6e93f5fe635eecb9b5c8a80f7a703a093502aa76e
DEBUG yQ: 076f537f4015a3ced9a2c62a664dcaf0d9ba4b388a8194adc9221a68da245833, 090db88bacfb38a75b9fc279342b80c333992cefee1d8d5a1fbc1c1eb019b17c
DEBUG DEN: 0edea6fe802b479db3458c54cc9b95e1b37496711503295b924434d1b448b066, 121b711759f6714eb73f84f268570186673259dfdc3b1ab43f78383d603362f8
DEBUG DEN_INV: 1e15a24c43aafd74a1d32e27965f889dcc1cf5767df3d36d9c42b1b28a211a5a, 200fe63c3b2f9bd598f7b5e84f0ab1e75c203ccc8ddd08ebb7e17ff75aa3203b
DEBUG LAMBDA: 19f637fb1596e82ebb4bcfc8982eb83660302449d43046e1748a91e6cd9da210, 2d8fa3586e011b8824b475ca8c8aa8050e3eb194d88237cbec17157ea6607c38
DEBUG DBL p->x: 260ca1f2ae595897d2910c00b5953e186acf713a0f7d44028915b7471ea49ec0, 1f3832d0d134c98f16232ffff5fe58aeccc5bc6823d2e65220cc03319d0af974
DEBUG DBL t1 (X^2): 2c9867e6d8d72b79b7e3983e07ff71baa05e3760bd9b6ae4cb41cbd2f3c6c1b3, 225afca29b4d2419f06d48fd49afe9bca0da82e412d64434e835876e58c9052b
DEBUG DBL M: 25009acec8224219b70a3d4d14fba474b217d0ff67eeab93e9844b4b2a5a4a8b, 064859020f842bfa60a74f8ada0d0c7ab38cb389679f3784405f7e1d596114f3
DEBUG DBL S: 07dc0bc5d445a88567da29dff6cd03560dafda487580bc53ec4f976f63936069, 20a9d670e1b5d34fa5f46bed5239300460f6dbb555ba43e26195de6634a9070e
DEBUG DBL X': 2a79464fc3711599f47146c949b9302581da69866c7bcfd6e39d872f5afbbb3d, 0d98e4633cca8de7e5af2b9ff8d006c96bfb75f3afb6921c961a70116ed2150f
DEBUG Q->z: 0c8d4abae28ecaf3e716fa1dba5e44d8ff3c1624835a9bed07c387b0cfb54d4a, 012d6585bde10771edf35cadfbc434eb98450c1a319898cf68f3f51b5e5ea3f2
DEBUG yQ: 1dd3bd488c5f09ccbf7beb129dae00b74ced2413037480ecef65a6936bb45ef5, 1f7e7bc6b684db1d72522950505d67fb4c467255b1cd7b8e8820828837678e03
DEBUG DEN: 0b432c1e378c736fc6a7906eb9daa9110258dd949e77374ca2aac10ffeebc0a3, 0e98a91a8bd816112c540cea1f397799010b7a19fb292c8fd42078f996521ebf
DEBUG DEN_INV: 241781201a330c30f7923f422cb5cee12c0348ac26d4c656b23f96b8be0aeada, 131d40cbf7e125617c4a7d17cfc87f87d2c932b75ecef421a65d6bd2c8f67582
DEBUG LAMBDA: 2bff7ef0497a8f60e41f47dcffdd2e311dde5f4feafe4f747ea5578913eda1d7, 04b8875909a3fa163984f293ec491e3eec2212fee877465d0ae1b697bc8f697e
DEBUG DBL p->x: 2a79464fc3711599f47146c949b9302581da69866c7bcfd6e39d872f5afbbb3d, 0d98e4633cca8de7e5af2b9ff8d006c96bfb75f3afb6921c961a70116ed2150f
DEBUG DBL t1 (X^2): 144ab8d908083f8f21060c13695325e64655e5a10aad6b9884fcdc1db57aa587, 2a10216159108f326c4471999abfcc448e566ab09eed60c4854adef5de98ca0e
DEBUG DBL M: 0c7bdc1836e71e83aac1de83ba7819553b804651b796783c52d6084247f2f34e, 1d67c73e48ce6d43d42cc95fcd3cb4127c006aef0be48d33179f84b3ead0639c
DEBUG DBL S: 22b53f95cd52c09e31842ca14fec2fa5ec60c5bef9bffe993c745f3405bb6a5d, 0e7a716c7ac7637c33b60b49a056181414189d65046265d67255304957701e26
DEBUG DBL X': 1c1738798f5733622fb75b0877182739be37c60abd55d250e77b030da23a43f2, 2831ad2746694192455ac388b2578f3a82bcae3be375d76fca3b946f86cd44fb
DEBUG Q->z: 10e1d56e155eda58a76f5270726b00e31b20b97537a46b0b3df8d742648547d5, 1c80d811cb761a6f803f777e19e9d14731d552d78797ebd3423ca878a7dc974d
DEBUG yQ: 25ca34aa9510fc74b4604684a3efe08e24054ac9d312bdec75713f77cabd2ce3, 22ee8be68faff1e8097b39f63721dd8ead4518c8c5426a4288e3d5c3ea70ef4b
DEBUG DEN: 1b301ae248f058bfb0704752c65e68beb0892b023db3b14baec1f2d8bcfd5c7f, 1578c95a3e2e43a65aa62e35ecc262bfc308c700221309f7d5a71f70fc64e14f
DEBUG DEN_INV: 085edcbdcf1d1468366da22e57f9f18512e70420d837af6f57e2e3dbf6ec5110, 1f001b57a81bd8b106b0a32189cefb7f845ef5874b574044279087e5f04f4c7f
DEBUG LAMBDA: 18c72b1ee39d3698f1bcf50d2d4f39b1c4db5164770d4190875b3c06aa2f44fd, 2d1e3aa3df10e5b4ef39f8a6be1f7c176813a6190f2e45be330748e1aebcf697
DEBUG DBL p->x: 1c1738798f5733622fb75b0877182739be37c60abd55d250e77b030da23a43f2, 2831ad2746694192455ac388b2578f3a82bcae3be375d76fca3b946f86cd44fb
DEBUG DBL t1 (X^2): 045b676a5da3bef6ed8eaf5aeff4013b5bb60ba0257911c984bf1d6eee026873, 0fce98ad563306a74e93ea491063a41e427ea250c7c41f21c863be3e697047ba
DEBUG DBL M: 0d12363f18eb3ce4c8ac0e10cfdc03b2132222e0706b355c8e3d584cca073959, 2f6bca08029913f5ebbbbedb312aec5ac77be6f2574c5d65592b3abb3c50d72e
DEBUG DBL S: 1d90264214702a6e15eedaab2f4949be38e4cb0bf249082a578586e39fd68faa, 1f704f1f8db32bddc217a54c3ead393f5083177183499c08ea59920a6bdcedbc
DEBUG DBL X': 0f6f92eb13d58807dff3a6753b7440ea3ea71d9f2ef2631266ae6d9b61570628, 171aa618b6886f892f7ecc283239ab3d7ab41299f8ce9daaefa734595b3ede5b
DEBUG Q->z: 20f2fad546fb3b66f6533c2b245b13d5c558cf930bf874defd36952e8e575961, 2cfb87e1226324ec0261ed459ffa2dac1f3ed445dd03a973e1d5494864decd1d
DEBUG yQ: 2358a0fc6c81745ee11fac92785fd69671befd16dd354c43ec390c2f4d3514fb, 1c99766e79a0d92df2ff602fc2cc2f53d3200d46e6ad1f38d1f75fa5c82079ee
DEBUG DEN: 164cf385f7d1489409ef136e6f3e54cf4bfc8f9c51f8cdfa9c518c47c1ed2caf, 08ce9e6a121012322dae7aa90417064a0ebeaffc64e873e467ce3334b7c3f695
DEBUG DEN_INV: 059f5736f131e31c488e0ed3fdfcbc33dcf21fdfd075984609fe72087d338867, 236260f4979609c2d6dfc0f46186c9fd773f9d8070b1a6bb119f3569fe419a6d
DEBUG LAMBDA: 2fc6cf6aa1ede11b6a3c49bc73fd559cce7864fee924efcacaebda96f485938e, 10f2b8b010eaf262c2d4fbc3ecf95a736c55f021cd09d60c9ac9f5aaaa81f804
DEBUG DBL p->x: 0f6f92eb13d58807dff3a6753b7440ea3ea71d9f2ef2631266ae6d9b61570628, 171aa618b6886f892f7ecc283239ab3d7ab41299f8ce9daaefa734595b3ede5b
DEBUG DBL t1 (X^2): 0c766a8e62c9c1448230807f3d5996da3126990c3f7241463bdf2a76b9ec6cd2, 2776407a496a63c8a6135fd29f90c5f8711c970f2bf570f03d4c7c08da433a5e
DEBUG DBL M: 25633fab285d43cd8691817db80cc48e9373cb24be56c3d2b39d7f642dc54676, 159a248919dbeb068199940adbafa12e2452f00ab2fcbdb63fa45becddcfb48c
DEBUG DBL S: 2ad8e0fed59c26edeff5929ff994d823aa06ea9b08b392e338120ce65525b919, 1dd44b59db4b1b98ad9f6441911aac111ae3ce20a5fd8c5cd2357e6c145f0a10
DEBUG DBL X': 070cfdd9a97de80ed844ff7ed60b18fb0fe2a032d12bde31fad283d0a3074475, 21c1c37d72ee2457fe6a23a1f6558b1f7934741a2da574ea4655156c8e8e0f85
DEBUG Q->z: 1c106751d94125fb4d4e552f216e7720987e8505beb10c2dfd2d9c0394b88ce7, 29121e4c9efd520ca44aea0b89830b008d10041c38de87440fb1e9001e092f93
DEBUG yQ: 163984af01710f694b300ffdce65b06d6b4ced5ca03f2f24f8ea1ca8f9f820ba, 10ced7945b8f71dac994e72e6bc89687dffd3432bfdb75261aff50810c28bbc5
DEBUG DEN: 2c73095e02e21ed296601ffb9ccb60dad699dab9407e5e49f1d43951f3f04174, 219daf28b71ee3b59329ce5cd7912d0fbffa68657fb6ea4c35fea1021851778a
DEBUG DEN_INV: 2d7a41d667da118e3f3e7bd6b5b6cdfc86679c65cd59264714af3d608dbf422b, 16d7dd04023c4a5ff95847698196b26f54b64bda0b2c3ac378eb179f1ff5abc2
DEBUG LAMBDA: 29fda4e2ca6b476b3e79db906a0be2dad076ac027f23fc58f800279de5de4203, 0cb9feaecff35615aa284f58857e6249760ca4b25d7d6751443d777fdd0e0e10
DEBUG DBL p->x: 070cfdd9a97de80ed844ff7ed60b18fb0fe2a032d12bde31fad283d0a3074475, 21c1c37d72ee2457fe6a23a1f6558b1f7934741a2da574ea4655156c8e8e0f85
DEBUG DBL t1 (X^2): 1bfaf786cb69aa03cfe335dbb9a52d621f3ec2e68a0bfcfb00f1c28b0add188e, 2c1c0fa12347b7c6d061453b5e4b4ace35c9e93d6601b2a4fc72651d99e5430d
DEBUG DBL M: 238c9821810b5de1b7595bdcab6e2fc8c63ade2235b22c63c6b4bb8a481a4c63, 238b91fda773e7010083444517df2faf725ae695612182d47d16172b1cb5ce99
DEBUG DBL S: 06abb17014f8df342bb1fb10740522356c32a315523c1dd5a53dab01b10f47d5, 17da809f6b3c1ada55d59161ac2940fbc5807d20621660b5923230452c001a2e
DEBUG DBL X': 2f78da3d1a1e68f36b164426e96b39c4ab8f459d950df5aa6fe377b30f9aa026, 1b1d655c06263d361ebfff0c41fdc75743f971c5e4621d1d9c392b2c986f4739
DEBUG Q->z: 0c56223f54459ed48e38a498f6ba35fb0eae15559b9ccee48ae3375e6ebab2b6, 176f91b374af226e16d4034d78487209bbc1a83dc2ea3ec949adfdf790af5abf
DEBUG yQ: 08304bcc4193a9550ad15f63215c6f392489865cd4c420a2612cb1b5a2ff2afb, 1cbe3579aa03269ea2a5d36e3f8804fb8db33628c56893bf91ad6a4f0bc12d22
DEBUG DEN: 10609798832752aa15a2bec642b8de7249130cb9a9884144c259636b45fe55f6, 09181c8072d4ad138cfb6125fd8eb19983e501c0225f5cf1e73a48873f055cfd
DEBUG DEN_INV: 1853fe4aa5fe948e27a7455a661d223a987c09178b5e32aa4d4c70cccb4cc039, 0f9742bbc4ba3aa10fa98da1a8c3434c7aefe15abd0c2b16559255b8fa5caac5
DEBUG LAMBDA: 1ae450c143de800dea57f69178656d01158994ded0b2ce21d7bc98f40d915376, 2cade66f41c97529c21befa0e16bd01d39c1f97f05e229de34006ef545e7cf5a
DEBUG DBL p->x: 051911c653c33b66e13093c24087d01a23eccd5bcae456ae130fd04f83fa03ed, 2baf5a98607ccc55bc2618433d01e804b62184a86f39bb5be2505fbf873e6980
DEBUG DBL t1 (X^2): 0a0f899e9cc988afd6954049d83b4d6fedd7a0880a3003394af78d6e423848f1, 1fad373a5febfc9409557b19adefae1cab8a4ae6cb8165d3dd7c94d7acd70067
DEBUG DBL M: 1e2e9cdbd65c9a0f83bfc0dd88b1e84fc986e1981e9009abe0e6a84ac6a8dad3, 2ea3573c3e92559263b02b96884db1f86b1d7622fa1266ee5c5532702e0803ee
DEBUG DBL S: 0e1fd6ec777f0c15677b8a73df90d9da84d4fdc3191ef628ca5a55976f1bf530, 2de72243f3a010a9bacc3e1c7f5886d9a3617d5cdd3dda339a98bb352a2946bd
DEBUG DBL X': 29b1a69a37f7505af8404f04f7d9c77256973c0344be4744d65d3f32dbe5651f, 2160431db007c982cf64538da3f44dccec7be77cef3d39378d560b82fab20615
DEBUG Q->z: 217e5a5a94f6dd6689cd103a80f4cd214431d7fc032e78d369ae4226a4d632ca, 143610c9d1f7890528206e945d7f8fd8d7eab330c5825d9e0d0e53ca9b63993f
DEBUG yQ: 2429b0e4cad9e1568a929633ee88285e0b4a935ee5b36451d740e713f1134a1d, 2a7071ac55b481d4e3671c91a1442b506365c6f6e26bbde6f4531e42771890a3
DEBUG DEN: 17ef1356b48222835cd4e6b15b8ef85e7f13bc2c62f4fe167261421109a996f3, 247c94e5ca3763800e7df36cc106fe432f4a235c5c65b140ac85b06e15b423ff
DEBUG DEN_INV: 1c2cb211ae7e1b042b80787457225e48d6e6a0956c4bee7af1d2095b055ba123, 1bb6ce50acdd797d744a8956d16ce571c77f064db34bed3a70cba7b045351ff1
DEBUG LAMBDA: 2e6ac4548276aac34c168e0098dce9f487c2808045d01f26f1f0db370640115a, 1199dd23fe937c9cc9dfae323fbcfb2913b605b4c592887d3a56275ce550ad10
DEBUG DBL p->x: 1553fd95853fc8b8fcbb46446a2be80e3a8e94015510e067819d36641500098c, 263239c0c54cee50e13b9d5105f1d34cf68f6422c43a3ee12d50e19e03fce2fb
DEBUG DBL t1 (X^2): 2ec58cf159ae010e907e0e28dc2224e8366044f0d9b91b4aaab1398dd7cb282e, 30081a5eaebf0f14d29561b802bacf039ed3cb2b994363e04bebfe85b236541e
DEBUG DBL M: 2b8809ee4aa6c2d840d99f0d9163bdfd741df9afbc47bcc587d2947bd6677dfc, 2f4fb23649d9eceb071f99bb052dbc4fad788c5ffae696866b82e36365a901cc
DEBUG DBL S: 294393e7f15e7116a18fc5737f22e903fcbe7637e3c29836b47ce595294db353, 15a7e0c3961ab00e3c0dc56c43f4dfcf8618d66b30e6f398a2e2a540047a6ccc
DEBUG DBL X': 05e3029100468a3097d71753cf400a5b6ef5dc5b58b579360042ae73ec6d28ea, 28c9ca22cd968d585c7b3652ac40babbef83d104fe8fc376774f7fadd4b1c485
DEBUG Q->z: 05715209c12f43bc85b2c27ae8af7439b7f40f027ff8446b29816403451a7c44, 163b01857464908178836799b61c6f942ac09b3efe988eb4e7f8b22decf17519
DEBUG yQ: 2aa2831debaa91b490e92e5a21ea45a90a450bacc72c8864a327989eaf78cd39, 08d81845668855a742e35a0fc48e00d12311c9b888f60d7dcd0be435e8b37138
DEBUG DEN: 24e0b7c8f623833f698216fdc25332f47d08acc825e7463c0a2ea52686749d2b, 11b0308acd10ab4e85c6b41f891c01a24623937111ec1afb9a17c86bd166e270
DEBUG DEN_INV: 18efa6c9976f4ba5c2aaab31e45ea0ad511b1528493989620e4e5a8ff0510962, 14c9e883328004db8fd3320b53f2ef13bf392a16a46553146ef3b23ad61a2262
DEBUG LAMBDA: 2964961aaa94bd0dc2ada37f6561248a543b3f3fd4e4021172bdf347c043eec2, 1bffea6ccc34567339f23bfca2e049687be8ef163fd8a19e9d187da825885a62
DEBUG DBL p->x: 2ae1abffe8d837008994193daf711cffa284049aade8154b445494177188dac9, 1c5f476ac5ab9d9170bb0701f98faf5d9e5530b9945c855d29c435f8d99d8a96
DEBUG DBL t1 (X^2): 0522cc775399eb99f3c783dd83edfd35207f9614cbd4776c5efdae41b23b27f9, 0c22d6af4e51b7546bc1e972b359c1f9be1f96d813a9108bfbaa155063e54736
DEBUG DBL M: 0f686565facdc2cddb568b988bc9f79f617ec23e637d66451cf90ac516b177eb, 2468840deaf525fd4345bc581a0d45ed3a5ec4883afb31a3f2fe3ff12bafd5a2
DEBUG DBL S: 0b8521f4305f275c3fbf2521fff82e1f7aed7ace70cbe754e85c644a9619c0ab, 0f28533dbc4b0d423e3163d9c0ffbf4ac0cc7b65bb49be6592389f185f816aab
DEBUG DBL X': 2e5cc899068731fda9bbcb3a2f6944678400ac896d7429abe8d39aca861cb066, 2629e47bb61884af93edf9e557e3080deafd866dbaf3d2f52210bc07cb862086
DEBUG Q->z: 0f2fc7dd27cd28ef034e9310c3fa72e811590501b00a6d33943322a18994b7ae, 2594d7e105c6bb03a6787835c65ee48a584605eb948770a217117b1f80ae51ac
DEBUG yQ: 1037f5bf96db01987e8e22132a1ec713c9cfb091dbe04631b805f2b7531dfe96, 114bb58e3eb87a4acd513d28883b33ca7a1d1eae8a713c255951433f71b5fef4
DEBUG DEN: 206feb7f2db60330fd1c4426543d8e27939f6123b7c08c63700be56ea63bfd2c, 22976b1c7d70f4959aa27a5110766794f43a3d5d14e2784ab2a2867ee36bfde8
DEBUG DEN_INV: 2cd4f5c049f078cae22a311e49d29b9aaad19587c434a97f642c33c944a652a8, 27cd64d5f75d27e1f665e24c6269342e0e6dd36c34da2150990ccc0414c803b6
DEBUG LAMBDA: 0cb920be3873a3f32fc38e795dd6c49d5c71b21ea213f47f20cfe9d83dff4317, 26e22b47f3617a87a7fea56a7288d831b09aa4713e5a9441d1eff6585a9ae109
DEBUG DBL p->x: 2e5cc899068731fda9bbcb3a2f6944678400ac896d7429abe8d39aca861cb066, 2629e47bb61884af93edf9e557e3080deafd866dbaf3d2f52210bc07cb862086
DEBUG DBL t1 (X^2): 294b027bc49771de6bed364073c94a0c1dd17a2f58dcfc223031816a697283f2, 2e1b6ed663b99f0f51717db4c9c9648a3884bef7ad91a5e37d616febb0ecc995
DEBUG DBL M: 1b186a8d8b631547d327175458592d692a71996b39b35f4c18536c118b5d9148, 2989af9d68c99cda83b3edb15a597ce37a8b67c437d15c8fffe3379561cc6231
DEBUG DBL S: 27727017eccdcfee6f19bdc98f76544b3f1290a900b76ff4e313624247cb9ba8, 198af388b9c015139e202a9220ed0f401260399bdd88aa55efa7295d84cc088e
DEBUG DBL X': 2543283a37e8cfa8bcd97aca48db45939a681bed9e8d547ee9b4e4dc4fb5532e, 0de6a54db470d60a3fee472fb82c090165502782df6d7217f35c6379fb48875a
DEBUG Q->z: 073a11797b3a3421521729d6598d75b068b7b4767338d356a63ee9ada25bcffa, 00c55e147132b47938e4ffaeb6e6c036423d01626c3e8e1f8f49178297b99c45
DEBUG yQ: 14c621aa8a0274e00f865de961e8656ccb92373d3a5d6e487c1d773843523026, 1b87e54f07fb9acb3071b0dece6cb98264c9a7e28fbdf894904754d1af692266
DEBUG DEN: 298c43551404e9c01f0cbbd2c3d0cad997246e7a74badc90f83aee7086a4604c, 06ab7c2b2ec5956ca8931c071b581aa73211e533b70a269be46e1d8c86554785
DEBUG DEN_INV: 14fcd8fb79980ec4ccd0595621098f7c0546c0b63698bb3eb6543a8d04d7f513, 029910be0c0f501d060d5347bbdf93187dd10691c486efad31ef326b21dc75d6
DEBUG LAMBDA: 10173e49d631d04aaf88ef2dd8d57cb40574e0ff49793a0e568f04aac33797f0, 09e58363131ee664a7f5d1c9c53b8a64a0a6ed84e4670e88058df5001d154d2c
DEBUG DBL p->x: 2543283a37e8cfa8bcd97aca48db45939a681bed9e8d547ee9b4e4dc4fb5532e, 0de6a54db470d60a3fee472fb82c090165502782df6d7217f35c6379fb48875a
DEBUG DBL t1 (X^2): 09cbab82c3d3016b7e63704e44ca086e42bd9d211e7900cdc5498772f4adc88f, 05f1c0778f0f8b65b56dbc197bae1873b6f3a57ac598f75fd385d6406b887760
DEBUG DBL M: 1d6302884b7904427b2a50eace5e194ac838d7635b6b02694fdc9658de0959ad, 11d54166ad2ea2312049344c730a495b24daf07050cae61f7a9182c142996620
DEBUG DBL S: 181f96f910a00780b85e18f7f85919cab9524d3d8e2d194c48a15d4af06bc5df, 27e73fa9fb2af1f02deb1e9d044993d9c7fa1b001ebdd98d12d53239ec253513
DEBUG DBL X': 0917ef3314dccec2533ec6a3edf5abca494dbfd3228b3fc4ce089926b05ca402, 03b90d3086244ac27bb14ae7736d8ed2a9ee53362a5d367e887002f506253c79
DEBUG Q->z: 12b2d3f927f362a0095beeef171f550e06402ccbd259d65732689b96b67c9af5, 178702fb8dfe0288240904133ae226c50ee9b19e63ab66a4f34195dcced01935
DEBUG yQ: 1c1bba08710cbbc8c3979463050ef5ad5f859986d968f9103d79fd4d48e44072, 1fb3d68ff7286afaef2becc0ea9a3f78be6e9ee4e442da817c8e8a961c7453db
DEBUG DEN: 07d3259e00e7d767cedee30f889c92fd2789c87c4a6027933ed36e83b94b839d, 0f035ead0d1f35cc260793cb53b32693e55bd3386013ea75bcfc8915606baa6f
DEBUG DEN_INV: 2a020226a02036246070e5fc2614a79e33ead5780e96a77590150197a02908d4, 19718a342e4709f5499111f78a607fc547da19686345fa1b5278e3ce3e470e5d
DEBUG LAMBDA: 2ae593f215f1dada1098a90e38aabcaf896911e71b2bf2a50526a000b2f78d55, 0a25838af384aad6372a4183aa14527f6c4e51f23610be41a8a7b3f5a6059199
DEBUG DBL p->x: 018d0b1c1a2e44d58ec9cf02e29cf2bf5ef3198dd0559f857490005e118820db, 22c81ec7090eebaf598e733ca362f5c732563e23a8f2d845f1c8d1e8b8a220d6
DEBUG DBL t1 (X^2): 05f49c17bf0be359f76c5ff5dec8add85197c7c335a81f097a9394b420c0bc8e, 160b47f1de739027435278eec6857d710855664a22dfcd5312e109264e0bd9e4
DEBUG DBL M: 11ddd4473d23aa0de6451fe19c5a0988f4c75749a0f85d1c6fbabe1c624235aa, 11bd8962ba29104c11a72515d20f1ff5817ec84d002d9d6bfc828f5c11a69065
DEBUG DBL S: 0bee46e7bb2cbc935bc668339df1b43126b5c4e88c7c36bc698062bd2b6a5954, 0fa7f787792606d23fbc8626e35c9a9391adeb2bf95a54fa88a7d7c851f95651
DEBUG DBL X': 2a16621a7873faba165afbd3afc57e6f31e16540132153534844bcb73d2b9f43, 17e41f0908024b3621f6ec33c1680e53fffdbb5a92037efeee6ab9530906a982
DEBUG Q->z: 16f3c38015a12e9859ac26857b96b249eb7a092f6a816c5ac1c68c991a47db65, 2992c2af714015ddbbacf75f9ad14273dd12a67c44c8a196f52828fe74f83aa3
DEBUG yQ: 23831540cf9ff4324f713f3be1878245570a3e4adbebc74c28ca738d92db1537, 159686c7c29da0294e40554951b2e9d1aedbe888085d0e6616f497c0500d9372
DEBUG DEN: 16a1dc0ebe0e483ae69238c1418dac2d169312044f65c40b15745b044d392d27, 2b2d0d8f853b40529c80aa92a365d3a35db7d11010ba1ccc2de92f80a01b26e4
DEBUG DEN_INV: 0198a5624808b652d788ab2dd8588468963e4334771e789ba094ef0039a1e66e, 0051489b1592ef5cb77ec372b10baff782eb172ff7adef371a246f1f3fbc6235
DEBUG LAMBDA: 1c44aa757e30c3c0a9a55f80082ac6c2e1560de48ec6354bc67d0fa10bb65380, 09e904a86c9e77209dd45a59e5aec0fffe2fa1f22dd8ade7f585ef144cf48fb6
DEBUG DBL p->x: 184a62a8e2180d82704db2a230ebd20625913f5fb6fdd0e519d83ec8442b9326, 1db6476956b4ea8cb48ddbe9df680ccd70aac276a96658b45c3fbae6f3ac0ae3
DEBUG DBL t1 (X^2): 05b0d47ad502f6b8d62671bb0594e793339ee69f6dda2a6b68e5e695063d5b8e, 0816cd1ceed75014201c6289275a48fee833ec7390cb286ae643f81a338371a4
DEBUG DBL M: 11127d707f08e42a8273553110beb6b99adcb3de498e7f423ab1b3bf12b812aa, 18446756cc85f03c6055279b760edafcb89bc55ab2617940b2cbe84e9a8a54ec
DEBUG DBL S: 1da3fee3514b7da8343d7f252ffb7093cd69fc86ecccf4c125ec4addff95c5b3, 04ef21f267f4209bf67e8fcbc4abba4e4e7a86ddec377480669a3cccfad6c968
DEBUG DBL X': 2a2a912364f1276aac61b0cb3cedea81d3f8a0fdb165693895ee54cd76242cbb, 00008db4f4e8200047d5ae60b13d0550ab26bf41a193752f7328832ca078d058
DEBUG Q->z: 0288e97464e75dbb9cccd5b1c243ef49d1c9fac865332c8fad7cedebc5ce31cd, 1610ad629a40a0b323a9b18cb23c5a7fcc865335e389fb7c272d423aea36a600
DEBUG yQ: 1958da39d28be422920a242ad3ee6cb006590d43c1e4ed73ea65fc07d3209822, 25dd67d9abb1eb3a59967da2fc3762808a67335c272044ea67ecd388f18f4c03
DEBUG DEN: 024d6600c3e6281b6bc4029f265b81027530aff61b58105a98ab6bf8cdc432fd, 1b5681407632364afadcb58f76ed6ca37d4cfc26e5cebf4793b91afb0aa19abf
DEBUG DEN_INV: 16114f9bc6b32161da216f64bf3f91ada027aaf8423a4ea1e199b38d9a8fed9e, 1e4b028a723bc657b83715b6b8519aef818260a5c9d7b8062fe588ece7f7abcd
DEBUG LAMBDA: 0a2f3dc82b4fe358c55cd5342cfa25cb059358b2370a208730ce46daaf12acf3, 02657438817ad8baec90ae1e4ea9942d9dfc30876aabce0b30a8ae3859f420e1
DEBUG DBL p->x: 2a2a912364f1276aac61b0cb3cedea81d3f8a0fdb165693895ee54cd76242cbb, 00008db4f4e8200047d5ae60b13d0550ab26bf41a193752f7328832ca078d058
DEBUG DBL t1 (X^2): 25c4b5713df4cdd20ade202795235b84298cc3c82dc94706e90cf9ab03e59f04, 0a5d7526a41c4c7c6b84e1a3b6d1a4844ac690101eedca15b3617491ebc07e51
DEBUG DBL M: 1085836df77b2922aff9d509bc6761d14da37635b8783ffa42e5d4d35ab6e27e, 1f185f73ec54e575428ea4eb2474ed8ce053b0305cc95e411a245db5c3417af3
DEBUG DBL S: 2545c0912afb5389f7860f3ad4eff8f06396a0bc975df050327b84fdca8bdeb2, 2561dcafb2fb62f52ad8f1329577dca2347e0c89518e1b51e1944b83807c113e
DEBUG DBL X': 163ca256491990ad19fc65e6fcc8ddfbc56b1bdf1d0bf9c989829f0702709db7, 1b883595c0a988669d8c386fa86a163fef6dbcdfd032d1708eb37c047a3d6c4a
DEBUG Q->z: 1e0cb98efb79ca8c40d560faab646e9a6be2d55f364396b27fea15d55a527e92, 0bd1b5b60778ad86832cdda381fc2f7f17f9c7843f9937509cdce53b018d4c40
DEBUG yQ: 234b6965781654ba19deca0e24f11ba19e7e450725627b230d3316d1b2df8f43, 2b2734860471bdb14c523982648b4113f22b377db17d4442fe3266d338b4ea48
DEBUG DEN: 163284580efb094a7b6d4e65c860dee5a57b1f7ce2532bb8de45a18c8d42213f, 25ea1a9927b1db38e0542d4e479529ca4cd50469fa88bdf8c044418f98ecd749
DEBUG DEN_INV: 13f86772d0c6f7583def6a4b90cfad5dc08420b48c9b3e83bdda4bb36f15ffd8, 0c19eebb451862c51650000db66347f33a2429ea5e52bdfd4c82ce241d1fb07c
DEBUG LAMBDA: 2708a6765b482bf504954cb963b485ae05296ce3ade95d0b6eb285d333817448, 062620ead37d691ff7115c80b26cc4f1d9ce3e951ec6b300e985600aced0a118
DEBUG DBL p->x: 1888d611fd5e0e8d505bcad9ae9231edb3e2bada84af94efcc5521c1636d7e89, 28d825d2f953f61f997d17960d746e6bdc399ebd952fa0290226f19516a8794e
DEBUG DBL t1 (X^2): 20064b48412f8935ca9674d53a51b5c7b69681e770409d3095f16f1e875b85a2, 253b486026bc32de022744860b09823c3fdce198acf53a3ba990079368506ffc
DEBUG DBL M: 2fae9365e25cfb77a77318c92d73c8f98c421b24e8500d0485b3c144bd95939f, 0ee93c3ab1d1584695d542251e19d5f99093cfa735fc1998846efe8c87f75566
DEBUG DBL S: 185eee69129d8f2ddd6bb4b2e85770d6ff9f1dfb0e348819b99edef3b435544b, 2dc0c70bae3532ccda9380789514282e46962d672c45c67ca437e0c7e0301d9e
DEBUG DBL X': 01f78b9d1e24f18046ff1138a8c6f5e919d06ac0183f4dd27c5040561618941b, 051663c3e2a1fcc6f4205212b5494dc204870d4f5675367fa5ee9c1bb6915c8a
DEBUG Q->z: 1fe4f86e15aff7c0cf4e3420f35cec8026da714a65edc147a5a9b5a3a0ea8d5b, 0427646c405dd8262ae57d39b001f3e491fc05e665b3c8b2079e05c68e5124b7
DEBUG yQ: 2d7f72482d2bd61e40d25c4d1ec719f8e109d6889ce14061fd6f40e1bc8e9fab, 0eda3e44422932dfde79e0873895ae321d2f89772b0db7c99a8e834a61a5dbe0
DEBUG DEN: 2a9a961d79260c12c95472e3bc0cdb942a92427fd150b636bebdf5aca0a0420f, 1db47c88845265bfbcf3c10e712b5c643a5f12ee561b6f93351d0694c34bb7c0
DEBUG DEN_INV: 22e13411855c6ca9b5e1c3ec8e276f5add5e9c00d53e11ed1307fa02f26331e3, 2e56bfa19d9e833a16130ca106ce62e8598c71f5933116bbca7f9e0391d0a1a4
DEBUG LAMBDA: 2b89561016cf1a27359c0cfc1f962ccf5f80ee513441c8d24da129f9ceab75c5, 16f0ed22e6ce36100fe621e31c244d3b060140c0a42b74c20780ffb555cd294d
DEBUG DBL p->x: 277d12f7b2ddaa8e4340989d4faf22843d3f961e09cff8074c649819a5b0e915, 18fc19aafb12141d4043b835756766ccda98a5d15738fd8e79b83b5e9033ffaa
DEBUG DBL t1 (X^2): 2f716a24929768fafde03f796c1493754c2e9c9715a5496112e5d415f25eb7cb, 06868a0439b5c4eb9ecb98cd95c4b206aa20e7590160903ff483281e293d7143
DEBUG DBL M: 2d8ba187f562fa9d890032ff413b09a4b58900a2700c4708c070641426222cd3, 13939e0cad214ec2dc62ca68c14e1613fe62b60b0421b0bfdd89785a7bb853c9
DEBUG DBL S: 22c5c5d7c2fe5d59e99d75f6e17d0eca6c2834d39e2fa14b9916f7908e0426da, 065308b5bb26798c3810a0ca70091994f5841307248ec65f39f9d980a7ab5399
DEBUG DBL X': 089ba2c0cc883b5bb4c5ca3fd28340879a96b5b6ad02e6e50b9e1e8ff8e21371, 038cce9cc0f39c9a1fba9a3ee56a385dee797fae0dccb10b30bc82c3acf3ea3f
DEBUG Q->z: 1f72a7d1ee3f7057b16fce19da491117373ef494a26ba302a1f7552760a86dd8, 1ad6ff8f1901ca202a6dd8d53408e3040ca7ff21bc6e9bf74153fcc83d1d6ac0
DEBUG yQ: 02df4be9805b4c1d31efc7f5eefeefd55c7e7a429d08f644ec369d0f30dffa21, 1559bea88b161be3b32dd9fe81d68c0d135019124c8c47648e3342a8952becf8
DEBUG DEN: 05be97d300b6983a63df8febddfddfaab8fcf4853a11ec89d86d3a1e61bff442, 2ab37d51162c37c7665bb3fd03ad181a26a0322499188ec91c6685512a57d9f0
DEBUG DEN_INV: 238cee44cfb9a82ea6c72cc6a1dfaf3f6c8a9a898b4ff63618206bf8db15a31d, 2bfe0b5576969c87812f034714267f017de5abfe49b31158b7d746ea925acded
DEBUG LAMBDA: 030215629dbf4f7e8a1569893a4d15ccbe7402428332999d57c383e0fdb964f2, 10f6a1a0928e2912c2cd4ac9f7aa0d55ac65e7040a2fc42c72c96e45572d62df
DEBUG DBL p->x: 2935b4a8cf1e88e45ea69b5b666e3347c39648421a74c2c2f6a48521d559252a, 1243a4e1bd70bbf3047a3a5f5e51fb3872104c3aaf7e828b754010112f237b17
DEBUG DBL t1 (X^2): 2b5fa26527d1dd8a832b446f2b4a5b214a5ce4a83ea3fa9d3d096111a1d3887e, 1c12085160a4d2e5acb30b1999fbf1acc6e0eee823f6d6f73567b5f4df74944b
DEBUG DBL M: 21564a49b512584c18e141e07edc60a8b013d8d5eb085abd3edb0b0734809eec, 23d1ca8140bcd8874dc8db964c727ca8bd2162270372ba58641695c7c5e0bf9a
DEBUG DBL S: 0cdec65121cad1e87747874fc48a66cb66bba64bb667459b61a90b72dcdffcd0, 0801386e64a1fff70bbbd6e09d681a91196baf4da41412e58c46ef68f0bd2f0e
DEBUG DBL X': 10417684fb15a77cd2fa461a366ab7cb43876c0132c6a4718615f5552336f6ee, 2002ba9c1f1adcaa50e5b9405e2de0d6b069d00a6c61286cf6c2851d42629838
DEBUG Q->z: 2f8b45e02901dfe4e477cb13d9fd46687cb9e100b40572360a3dd67deb5161b8, 133d21fd5dfed6452ddf4575b880024ba24478706e3fee81819becd0aeeadfbb
DEBUG yQ: 1d92eb791f25c5d3c01dbe42fe13502170659e4e873ac9c8f6063ac6cfa969c4, 013544bcc187e34b335fff3fbcfd9edf4db605624d916f20dc42db8fbddba552
DEBUG DEN: 0ac1887f5d19eb7dc7eb36cf7aa547e54949d20ba603c904afebe976c6d5d641, 026a8979830fc69666bffe7f79fb3dbe9b6c0ac49b22de41b885b71f7bb74aa4
DEBUG DEN_INV: 2c43ff06172ed0de05947a169000362300729150555eb031f57bf23b0c847fc1, 0b5b778f072ca4a7e60fe68dc5aa1e6a6429640c5ecdec7776d12f5abd045668
DEBUG LAMBDA: 2c6f15fd4728afabc996327ed0a6ad7380bb853f7b75d20a437dcfaa9c8e9cf1, 19da2af046216438ad92ab4fc198e4e1af1dc0606d90ac63e256ad7fdaada82d
DEBUG DBL p->x: 1e1c29804d1a691f25ed7a65bff446bcc589e18f26984bf55e4d1d31aa39aab9, 0abf064eb24c627cc4b73a232fbef3d80d7089b3b12237ef6a12aead19a3ca72
DEBUG DBL t1 (X^2): 083a592a0565e42353bdb8569be2d43669abe18002166b3c653454e46d0911fe, 0f798154d4c63c35b0229afeb8d1257e5b5240d6afaf8bb8f2bfe21959e7efcb
DEBUG DBL M: 18af0b7e1031ac69fb392903d3a87ca33d03a480064341b52f9cfead471b35fa, 2e6c83fe7e52b4a11067d0fc2a73707b11f6c2840f0ea32ad83fa64c0db7cf61
DEBUG DBL S: 2c21796e6d5f5e38ac301e1805c57001f74c7e16af4e45bb8639c8aa7cdc54f1, 14afddb49ae93aa6d6f977e361aca3070d7455e1daafee8acfc9a5b77bf55198
DEBUG DBL X': 012a9b91d0a45acd617290cf41a8f61eea386c0f2aa8ad45b4c49023a64b861d, 05d23ce77e4647b8be458c579a3ae9e73b15f452e912398f08be0b37213164b7
DEBUG Q->z: 2116fa8d43aa8219d39aec460b122040edbd96f9e1417bd17d962c672e803e38, 1c32de89b3cd145ed21e25c715080041805a32c58eaea6a668ea24b680f9be77
DEBUG yQ: 1be5bd4a7cfca0b56c81eb245cc8588d2802b1eb3d7c72b6fdb4c2bc34065e5a, 0350e4b7e59fc642f469487ee209270445b1a9b04106dfea559f7e0d96bd4ba0
DEBUG DEN: 07672c2218c7a14120b39092380f58bcb883f94512871ae0bf48f9618f8fbf6d, 06a1c96fcb3f8c85e8d290fdc4124e088b635360820dbfd4ab3efc1b2d7a9740
DEBUG DEN_INV: 082966a87a56407733318b33f6784c3b5885cd4afe1bc5f178dd9c41396ef22e, 11a0310f67b557b7cd21859b38f2f14d10aa7324e1cc0383268987eddb9c0fb0
DEBUG LAMBDA: 223efd9a343605df398cddd2e3af82ae554757ef32b0a7a0bd78c8e3ed6f6006, 03d786b6182a3c4bb8c5898b9c95f107dd975c6b4b22346a7ac1faf07b9d9e66
DEBUG DBL p->x: 07575575d9ccb73e2f2ae09b8e666af4648ff86677cd73e0b29fc4d255b65a90, 204f21f546a651ce8a4a64e3aee2a939b096b342c70297994add168fac422341
DEBUG DBL t1 (X^2): 098df09e4720d84b78361be31d31ef65f97ee5f2fcdb6afd7dca843064e8d9e6, 232a7241fd491105da90f268b053e52b1a09feed306c7467e43f0ca0064fedba
DEBUG DBL M: 1ca9d1dad56288e268a253a95795ce31ec7cb1d8f69240f8795f8c912eba8db2, 08b6b9e03577f2be1f124bcd0df8fec61f1b27a4c061c81d347c0db261f5cea0
DEBUG DBL S: 28d88d1e9b53eb05ebd08575e4e9c9b94e4011890f637f615d02a6c5d16376f5, 1b3eeccf25ac7efb17d28c13f44a9f8b19c83a05b5c09e4d6f0411722792bf14
DEBUG DBL X': 0f212f1cd385ef8b353a05f870833c317f2732efc74f18603477b5803b633ba7, 26fbc5a139138751efcbdf914aff683e259c06575aab3cf93de226bc47f16677
DEBUG Q->z: 0d08548bd7ce433cc43c1657fd2a1afe45dcadb3dc85e130c16ec7c8129c0ad7, 1c173436f68f60fc9a823b2ef05c8ce9a7849d49fba823d8c77941f28b43f9a9
DEBUG yQ: 20983e0479c5abcf630b402b0fc841c30bd204fd4778ed9b162097a353c94bb4, 0ed23f9c8b3cab71497f610ffda2077c2a73584b725974b73df969b9291d06d7
DEBUG DEN: 10cc2d961259b7750dc63a9f9e0f2b2880229f69268010a8f020a32fcf159a21, 1da47f39167956e292fec21ffb440ef854e6b096e4b2e96e7bf2d372523a0dae
DEBUG DEN_INV: 1f8c5a0745c2b96cac0454881013196e4a1e860d9274517a5de76ead09ce4fb6, 09c2c8efc59c393169ffec3f12fcc720dec25eedfdb7be2e88f385eff78fd75b
DEBUG LAMBDA: 1b4a42124a3c720150145b9b191af2b4ba8c9d26a60a516de1a9ca4c8f5149a2, 0748019d78c473bd9b7016e9186887f1aca702a00af1918e6ebcae8949f76dab
DEBUG DBL p->x: 0f212f1cd385ef8b353a05f870833c317f2732efc74f18603477b5803b633ba7, 26fbc5a139138751efcbdf914aff683e259c06575aab3cf93de226bc47f16677
DEBUG DBL t1 (X^2): 09af1e08a5e92bf54eb50cda23e54f69f5c3edf8c2b97035bb0c76b3d044a429, 2aa8526ebdc104850d14f9f5abd02e493ebf626c575de38db88d4d1d72a8ec94
DEBUG DBL M: 1d0d5a19f1bb83dfec1f268e6bafee3de14bc9ea482c50a13125641b70cdec7b, 1f305a6676dfcd3bb69e6274006dda208d3b52223536158eb166cf2aa700cb2e
DEBUG DBL S: 2eb7149a6dc6f41ef41b18db3ed31125836434e53660990944241422be9fed9b, 040b6e1532c81c36d7206ae196bc945b954ee86b760ee36a14d610660500b5f0
DEBUG DBL X': 06fcee0ea302d0dbedc9cf06395c8836a300b1898512824232ec2e228f903996, 0416cec240fd0d569a49e57c7f7283a570cfbd18815c80a92c0945f5280bd908
DEBUG Q->z: 23c6a9207d05226b933e4d4365016f9dc20a007b8a94282ab99a5739223c6a85, 28b5861cd90aeca8e12006531b90cec8b917e61c2a508a31e74820a76210fa65
DEBUG yQ: 0c0d0d928827c4a97fa9ddf67cd9699748f3e6adeede0df2b0b14845dd62ebac, 0930c4cf2ebf0597ed2d8ee376bf0fe43ff6cd4ce71395791fc359ecf6e4cf1b
DEBUG DEN: 181a1b25104f8952ff53bbecf9b2d32e91e7cd5bddbc1be56162908bbac5d758, 1261899e5d7e0b2fda5b1dc6ed7e1fc87fed9a99ce272af23f86b3d9edc99e36
DEBUG DEN_INV: 1a6297f63f16a4040fb27361a08070efeadd60d52f4a2c0069a23868cbb1ae1c, 03830352aebb96a68c7000e542d91daaec5957ec5dd30cafc978be60f40eb5f8
DEBUG LAMBDA: 17a33cb19a6cb6f3c65a0a8246b19030b46514f47a4ea4960d97bf47086651cf, 00761d6207934b6fe4af8ed9d9757d23435dfa530c337581ad3b1a945edaa896
DEBUG DBL p->x: 06fcee0ea302d0dbedc9cf06395c8836a300b1898512824232ec2e228f903996, 0416cec240fd0d569a49e57c7f7283a570cfbd18815c80a92c0945f5280bd908
DEBUG DBL t1 (X^2): 0016535b78e1d858221163a0e33fbde4742e8842c051ee260448af3bf6c0efc2, 0c0e512b372cdc33f3653e29179fd4b4a80bd6dcdf116e0b759044bb5f0999c2
DEBUG DBL M: 0042fa126aa5890866342ae2a9bf39ad5c8b98c840f5ca720cda0db3e442cf46, 242af381a586949bda2fba7b46df7e1df82384969d344a2260b0ce321d1ccd46
DEBUG DBL S: 1db903a1f1eb9ec855952bf85d1b367e386103b60bb1b0bd6d81702896095922, 1604e16ad941e5e010e28543f494c018105a20a1f411d83ff7f6ebf4735eb801
DEBUG DBL X': 2fb6ac59e1de51afaa18384414c7c91f92787952e616c866340bbae36e1b1f67, 143287acaf27b91d60c93a1c188e854f6e3611df684d8b082b5395ca2c6847cf
DEBUG Q->z: 2d2a1c659074a3899cc976f18662ac6bfdb2988695cac65e659bd49fbe5616aa, 2411fea88489d75801d55f79f55bbb3cca161bc700160a32d997b10cfe5d2a91
DEBUG yQ: 1ad3754b27362bb2cea4a7adc3422a36c731180d1ff55fa5097ac57da3f6fa04, 216cfe70bc910da073d3fb143a427082942e2eb9e2d7423dc4ae3903c999d1f0
DEBUG DEN: 05429c236d3ab73be4f909a50502fc0ff6e0c588d778f4bcd6d4fee46f70f6c1, 1275ae6e97f07b172f57b071f30388a790daf2e25d3cb9ee4d3be5f0bab6a699
DEBUG DEN_INV: 02621462d87c06ec544cff976de6630629544169b5681c3d8f50cff6df13d64a, 1e3373eaef77c8a131dbf1977a0881b7901f17f024f68f97e2e7df09c1e99349
DEBUG LAMBDA: 299d3f2481f7b5310e87d38e8f60828ddc2b76674d1464be722f72ee5e5615e7, 1ba5698698f2737b851690832889fe3a3b58b2049cc5296fc63eace5c50666e8
DEBUG DBL p->x: 042fd568049fb28013c6f7bc9c582c68719727d17cafd382f3cc7620e42e734a, 2ed2961085c793f3b2ab2078cf053c8bf8c9b3a9ef61beaa9dfa86a418c343dd
DEBUG DBL t1 (X^2): 2c7afbead5fe3124bd0126a5b94e4846838a4354353b7cceb3cfddb207a8780f, 1dd7cbbbca56d7ff504e330ee6efd0e471407381f12926d8df01a3f0b9e40e59
DEBUG DBL M: 24a856dabf97531ac662e88428e828185b9bf4d9cecee151a32e80e865ff6d9f, 292314c07dd2e7d4389a5376334e1a4fbc3feff46b09a9fd60e45fbb552f2dc4
DEBUG DBL S: 24d222b9a6de8892b8a29826c3e1467b3791fa6b78178af7c68a09c127567a3d, 1f9fe0228d74e1ead0bd2a4842e60670c1dbf0e2998c4a0a13c4c63f99abafc7
DEBUG DBL X': 0a70d16547b3268782539bfe8c8b40cd027fcadc26f6a812cf7acf9d75610ee1, 0efda14c5179400aa0164e4f1a8aa4eb703411200edb01548333ce03f242f34a
DEBUG Q->z: 025f6dbd95bcc1edc301a5e88c85f240cd30bcb05576f0cf3c1788ce82d2eaca, 24e9853c5cd0a8d07d59e787d49a0b9693787387fc31ccbf1ffd5b714344893d
DEBUG yQ: 2523ce17434a005e6bafe9045bfa967501d24c553a588706baecbe6ba9e24e91, 08125a0d9bfcf614326f88f9bb00bdd462e362467847cc929c4f3dc8c66c6b23
DEBUG DEN: 19e34dbba56260931f0f8c523673d48c6c232e190c3f438039b8f0c07b479fdb, 1024b41b37f9ec2864df11f376017ba8c5c6c48cf08f9925389e7b918cd8d646
DEBUG DEN_INV: 29518e47400d9f0f02303bac7f7271fffe95267bc815ced906894686984b6002, 2297891e5e97c79f35b2def47b77d932d43c8c6709dca6606d6693c155542a74
DEBUG LAMBDA: 1ad4180dd53dd82367c3a00dcc4e896d345f42229452d24842ec1767327a5f30, 24998b216bad3ebc6888ee44d77fb5c2b5a35849657ce49e9c9a02be7f0e02d4
DEBUG DBL p->x: 1625ce0639779f5a2d46e9a9fdd4639e4e52b0145b6288d2df9d1eccc6af401f, 1648a2cd124e4a78551995c0ad4898670b47f1ed68ccb30c590a5527d3c7ed2e
DEBUG DBL t1 (X^2): 029d812623fde4c097ba6c05da581c68ac230f1e85e961254b000c9baebcc5e0, 288c988e260f865f0524d420aa20fcd15dc596cb53d618ffd4de23d5083d0719
DEBUG DBL M: 07d883726bf9ae41c72f44118f08553a04692d5b91bc236fe10025d30c3651a0, 18dd2cc4afcb52c99ecdf0f4fb6045b8ea4def3f2a9eb5e50659535167bd1abd
DEBUG DBL S: 01505643fcfc85cfb211124101102546a674e45134e963dc8d846a3dbd96fa58, 1c2779ec0093c84c6400ae73c6155327b59af14f5b3cc3110aa22706aecd8e2a
DEBUG DBL X': 1c6b47d07df62b2474b231ab65dcf3c50b57927528bf6b9d0d7b853c9e3e8256, 04fc3e33e1805d08e3a0b7a65b81cf4ac8fe6dc73384af3e4daff14ba7dffe28
DEBUG Q->z: 114257ccc736c3e3961cff0df91f19a0c8f3003e2bc0e57dd0989a420ed1db8f, 26eb2b45201b177828280d9aa3851e8403df862cebb0d0ec72df91a3640a9dd3
DEBUG yQ: 03b8b1d3ea2e7b7e7a87e3c60a090a8d8808ba577c868d847b1b817e57ee3635, 186ca34dc3363d75f72eb8e9aeeedca9a4147086579c2a71df61518a5c22143f
DEBUG DEN: 077163a7d45cf6fcf50fc78c1412151b101174aef90d1b08f63702fcafdc6c6a, 0074f828a53adac2360d2c1cdc5c60f5b0a7767b46c68a5682a216fddfc72b37
DEBUG DEN_INV: 2c3f749bdee306043418dee0bb6f07ebb1720b609ea94f67c2dad312ba2f7ca4, 2a15e14fa43292da7f65d56f6856ac11bb18df956b45484d9d6936f603a02e4f
DEBUG LAMBDA: 27c2bed75817b02a7ab7fea6cbb43edad78725e6c14a83b5ed3df0a3359c459c, 28789a8d489e53ce505418da67951b4df4d54b8122176402283b2333be31766d
DEBUG DBL p->x: 29d4a3b7ad27c61cf4f5ebb3c3ec24ee9a83ac5dd0e5906d50f473e051f0c229, 17d53c4db1025a1613e6a89ecc925e3e2cbb712ca48d422bba1434657a613db1
DEBUG DBL t1 (X^2): 02ec5493ff51f2458ce5e3d0f26c5aaae7e972199c84390adce9539b23c5f176, 2cf5659810f9bf5814412afe201eb65a20a0ab26b497e0ec5235deb1b67f0ecd
DEBUG DBL M: 08c4fdbbfdf5d6d0a6b1ab72d7451000b7bc564cd58cab2096bbfad16b51d462, 261793e27089fdb4cc22f58d5d59725332df2c514ce40daa7e6083e7728331d9
DEBUG DBL S: 15a085d35d1a851d8b3baf610f50ece618c782dc036c13788c7b659a985d8369, 2457b2b4bb5124c5db1cd3b4bd6d9d06b8dd012b058586c25571597d9373f9d6
DEBUG DBL X': 2ce700c2db10ab5a1fbfb55c515a52c688ff844f8e4cd11d9bccdb100cd8101b, 065e5a095db4083ddc1767e8ab20e55a4b5583d8dfd9c574aa26da175c7f56f0
DEBUG Q->z: 08f14c0eae1d76a69435624439806cbec64e003ea6b0137905ce833503f4e148, 12ecad99cce964a92672c7481c036eea5f50d57ce762918f9e98f5ee3c39faa0
DEBUG yQ: 0142ba2c059dcca79adc618ed14f02f4e5945f67cb846e8fdd2b3a5f406cdd8e, 2b36c7a3ff4b88a4d61c2dca9149f082e1efca6a72b7fbb24f980e39d9cc76ff
DEBUG DEN: 028574580b3b994f35b8c31da29e05e9cb28becf9708dd1fba5674be80d9bb1c, 260940d51d65711ff3e815dea11288a82c5e2a437cfe2cd7630f905cdb1bf0b7
DEBUG DEN_INV: 04076dfdb1da5cd5f76f2ef54c2a149661bb734eb07f510886ff2bc4ed1e9d4d, 09d9a82dbe7ce9fd50c63881b73c188f47225121b066169bd002c529d4b895d3
DEBUG LAMBDA: 0cbf27c0abd40afbb481b7086fce6dddf2827e5e1d024ce67ce1209da7e54fa1, 0b5e60e28d306ae4cb87208f6cc3295e3670560b2d79aaa8f534ff3d83c5c4ed
DEBUG DBL p->x: 2ce700c2db10ab5a1fbfb55c515a52c688ff844f8e4cd11d9bccdb100cd8101b, 065e5a095db4083ddc1767e8ab20e55a4b5583d8dfd9c574aa26da175c7f56f0
DEBUG DBL t1 (X^2): 05c37c2225d830391523faa2ab00216a77fc393a90b529327cb277f6f37f2b68, 0bb7db13389ce7d831814cdf16f49807990eac8d1eca8c3808ff83d19c5b88d6
DEBUG DBL M: 114a7466718890ab3f6befe80100643f67f4abafb21f7b97761767e4da7d8238, 23279139a9d6b7889483e69d44ddc816cb2c05a75c5fa4a81afe8b74d5129a82
DEBUG DBL S: 2a9c94878123a3cc570f23d0c51a80304f269fdabde095b82a9d872c2efb2957, 070242c756051d17863deb52834158e316b0c55905c7e7b7268f6f1657823e9b
DEBUG DBL X': 1525a1c0169666c058c93e70ac83a72e9670a11728e7292c3dac75023b6481f3, 17cffbeb592044d0ecfb5a6acb41ed3e7a860d4349328d4cd0de72163af49830
DEBUG Q->z: 29a879f2731f67d0b63e1ecbc6a47a75448516234a32b2304c2c9554b89400f1, 00be41a6b2045eee31fd8071c40eb65b664421ac37b9ff4481a3a6b2d53c6782
DEBUG yQ: 1ac67f48abbd05d9a565a0f11a006572b94795df4243fc9346e4ccd0a4b78a3d, 0b0f189889b1cbfcf8f0eadce82e56c17dfd927c8f8ef385af32fbd93ca642b2
DEBUG DEN: 0528b01e76486b89927afc2bb27f7287db0dc12d1c162e9951a90d8a70f21733, 161e3131136397f9f1e1d5b9d05cad82fbfb24f91f1de70b5e65f7b2794c8564
DEBUG DEN_INV: 246b978e26b886d06c13ae791af88dee021f53d68f7cf9604e6509d399a2ab6b, 19466196691961cb3c5d4eb484566e8884fa295db3975ab4d9878f1856da2b10
DEBUG LAMBDA: 0a1eec9a8c5a92e4a38b631fba05c437f3b09c9dd77f4f52f745db17774e3dcf, 0db405ad0f99ef63d2f2a3f263edd682ab8b706f7a6270d8ed523bea279045f7
DEBUG DBL p->x: 027fa56e6077c3fe03834ae6ba5a3d52d5bcf9bb6d9e27d71c2e6dc0dc38f1ff, 0e6b609b1da26d6721b8fb8e8b8bbe759a5b4e4aa6a268265d9bcf1e292bbe45
DEBUG DBL t1 (X^2): 2888ecdffbc85588fc016370e89175b39ab4822ba91de4ea3dc2fd3e105b3f27, 1e8c048b691f265da80c01fd5be588c0f7c19a606b2a1fe9fcb2cde6ec9f3480
DEBUG DBL M: 18d229ba30f5c04783639ee5b6b1b05fa11ab1602a7619a44107df8c8017c2e7, 2b3fbf2f5a2bd2ef3fd3c041922f41e54fc3648fd90c9530b9f7dd9ded60a039
DEBUG DBL S: 2a4779aee4c121086454e498909eb831369a72f0e7c49c8d8a1f5472d00b8ce1, 1099d26dd4ebe10be771c4e4cfe3769bb9b531fe0a5ac12229577835b59db720
DEBUG DBL X': 25e5b52a9f68e963902e239c628e586802b6dc3b469264bb82278f40c53d337f, 0a97831cd6b6300cdd15caca693c13686aa903c684afd69f333dbe6b26af35b7
DEBUG Q->z: 15da2e2f12cf550c0f12558e83055aa776f9e694ba74f48e9d37a80b308ec532, 18a701b0f59f6df44d881fbf876951431c3d2c66213003990f9b84fc22d436c2
DEBUG yQ: 0b9778b8fd9d8a7af163c375be1429a04cec716bb2a5a891869c83d8490cee44, 1e41302fa5e03953004508f62ee0f7340dd55ce78836e4438ff4034a130c1e15
DEBUG DEN: 172ef171fb3b14f5e2c786eb7c28534099d8e2d7654b51230d3907b09219dc88, 0c1e11ec6a8ed27c4839cc35dc40960a84294f3da7fbfdf9e3c77a7d4d9b3ee3
DEBUG DEN_INV: 2e22f365a07578880b2bfd4b7fc479fd849361700ec49f69be40395ab6d1acd4, 18f68afd0e83767392ebe045e74205c64dd8e7d71f0e698479fe88cc239f46f3
DEBUG LAMBDA: 2e2bf3b75ee91f83411d87910c7bc055f5d1b6016999dd929b52c13c8991fa33, 044363346570b2818840d6c95d295d0fe112ca7419e83560664a856b7610517f
DEBUG DBL p->x: 0aa1758aacc2116b6836ec4bfffad2014a37976f48fd9e472c4b651a79b4f705, 0e32e99178fdd0d003ee08f95fc20ce47d3629b906ada917e48be6aff81f6ba3
DEBUG DBL t1 (X^2): 29c2017073dfc06e757146e23230da8834240437db66fa96dfc35f6e3819f36a, 1ad89e9d04787d9d58eae70a8892f0244f75e557beff3cac4c722a35f46fdf46
DEBUG DBL M: 1c7d676b993c00f7efb34939938fdedd6d693784c1515aaa2709061cf753dfb0, 20258d642c37d8ae52706f691837780f56e04575d48beb77a935f28b04d2a08b
DEBUG DBL S: 078a3e4dadac36da23c5f15debbfdafcc162f7b3e04782c2cd2211044630aed7, 174987b20d4e6174b5296e0e55631b64466fdf7d045916133ce1800ba789fa7f
DEBUG DBL X': 1b9096a32370fd8fc7302823c30b70d059b84e8140617f0c179b0b02c4aadfca, 11d525cb8fe946a50f54fa1d370912b086ff81b63093144fddebbd03bcf7b360
DEBUG Q->z: 2dbf12308f37a68118cd1847794a9daab07998243099c705349a322e305d5965, 15fafc5c2a219443698417301a7421ad27f4fcf8d5f8fbc356fa5b9f103a51c3
DEBUG yQ: 02ef4227c3bdcdeb2802cd93bccbfa5a82e05beebcea4685a6fd0097b4422cab, 12ef57251602d25166ad0e8f406c3cfd3e27016bf76e311b87d7fdc18e8210ae
DEBUG DEN: 05de844f877b9bd650059b277997f4b505c0b7dd79d48d0b4dfa012f68845956, 25deae4a2c05a4a2cd5a1d1e80d879fa7c4e02d7eedc62370faffb831d04215c
DEBUG DEN_INV: 152e11fe1f0117769da65e677bd0cb70b9221bba59d692c8babc0bed3f9a8cc2, 05c955b3fe1c9934e142e10989ec539ea307a53e20be2f12b97b73493d4ba3eb
DEBUG LAMBDA: 10e3f011aa1ee40e98c7ae025851cbe54b5a8ac666ea5f1c1af88c2b0e42f858, 09d1cd40b0ba9a671319ec3b49e5052083200c7b53779eba9c8883d3a5c6b8af
DEBUG DBL p->x: 1b9096a32370fd8fc7302823c30b70d059b84e8140617f0c179b0b02c4aadfca, 11d525cb8fe946a50f54fa1d370912b086ff81b63093144fddebbd03bcf7b360
DEBUG DBL t1 (X^2): 2def603435603e3408e9ee5685e2512f9e3399e00e8d0bb0f98d94f5c875a7bc, 0bd17737f267adf9d48fa582a4689c332fbda08127de72a2fd2c9e254518e47f
DEBUG DBL M: 290583b6ddbd7a48aa1d3f968ea442d3ab97f87d5ac38df87467a6b3a866fca6, 237465a7d73709ed7daef087ed39d4998f38e183779b57e8f785da6fcf4aad7d
DEBUG DBL S: 046452d7c62d590a9a9af3e5936edf73b3d7331dcd34baca08e17666116ef9ce, 0c59edef61b83ed06949eae7f63e89e8868e482eccd1f8cbeacc49dedbec1030
DEBUG DBL X': 2c0abedfaa59356317b55d556a70880dc173aee6148c2b512fd272dd8311cb49, 22058b39b49a9547b7e4ad1f625c981d067227d6179f040265870388742395bd
DEBUG Q->z: 09ef6cfd4c796f7e447a7a1dad904276b76ed7159a7991d604eecd9c87812038, 1a946964b683bb3349f2f2e565774f38680e459672dcf843687b4e8e40f07b81
DEBUG yQ: 1df14612661ea12f22ff486a98ed1dc1ff463e8e1e5d84e2c7941fcb25b94d02, 1587c9dcf3fe42be031b54430672907500b6d372b360917e85659f30ea3aad61
DEBUG DEN: 0b7e3db1eb0ba2348dae4b1eb058e326670b128ad4493f385307b37f72f59cbd, 2b0f93b9e7fc857c0636a8860ce520ea016da6e566c122fd0acb3e61d4755ac2
DEBUG DEN_INV: 0d1adeb0af20ea437ef4c24839ab91385251300c4e3bec891cca6ae0da9736e7, 05c42a85c516a9a9b01882c139aecb4b4d36be219a0816f9aac39968f902288b
DEBUG LAMBDA: 06592db04a81deaf9d535d39e99a4a807fcf998d8aed9aabc442dd1688155822, 2dff83b7c5baf3c4f70b3fbaebd9bee640509868a59ec9ec68fa40373fbd764f
DEBUG DBL p->x: 2c0abedfaa59356317b55d556a70880dc173aee6148c2b512fd272dd8311cb49, 22058b39b49a9547b7e4ad1f625c981d067227d6179f040265870388742395bd
DEBUG DBL t1 (X^2): 2ce2ca37c440d79f853abf12b94bc6d9e5fb02e16bb15c255b35614491f0e5d0, 149391362d3c98c0f56a746a0ba55a9ea7742b4d1131710b294ccc20731bd49a
DEBUG DBL M: 25dfc1c18a5f468b1f0fb1cb28e0a3d282ee338172307f55995f0ba004d8b6e2, 0d56652fa6842a1927ef1787a16eb77e5edb1755cb2288943fc5d84a80d68087
DEBUG DBL S: 07258bf2ea1d7936c86a239186e0fa27f9a04f60c11efae117578cf1a147023b, 06010d37ec7bb8289f3351d327a9f121a0f6f94917231876f54db9d13912438a
DEBUG DBL X': 10413412edd5f833fea0b21683a4cc8e66b782a375f87459360a71de056a0266, 1c9f245e0e87ecd9e8f5ccb1844e0a8bac44fd2765632466b4ad74f19294af66
DEBUG Q->z: 08e00c25c873435efb5c5956b99f8e8e557deb8d6cd66a12ba3418ff874d25cc, 037c9e5ec1d0ac95daad0c3972ac3c1072fe1e5bd773dc26ebbe1dff8e78f1ca
DEBUG yQ: 1e7292f29c5b3fc9964aa73898ff3fa9aac71c811714aecf014eaf9153dbfbce, 02c7751616a0612f8258221c4003d07c360d4d22bdf97b9eb4f62ac92457d662
DEBUG DEN: 0c80d7725784df69744508bab07d26f5be0cce70c5b79310c67cd30bcf3afa55, 058eea2c2d40c25f04b044388007a0f86c1a9a457bf2f73d69ec559248afacc4
DEBUG DEN_INV: 065f8f8011ea0088017c303861a54bfa0fedc746325379c02409e48f7256417f, 2afcb797c970e81814a6aef6193b0acc522e1801d966824a6e9b793ad4497a38
DEBUG LAMBDA: 1ff3b6638357e03049b7234c85f2501609fcc669e979f18b7b3fc4110d918ce0, 04ae064665d78517f6e2c0102a187dc0f9515bad5f2660a5aae6523a28ab4b3c
DEBUG DBL p->x: 10413412edd5f833fea0b21683a4cc8e66b782a375f87459360a71de056a0266, 1c9f245e0e87ecd9e8f5ccb1844e0a8bac44fd2765632466b4ad74f19294af66
DEBUG DBL t1 (X^2): 2e80a16f265db8241909e2f72243171ece5a6219d1501729a09323bc1dc0b881, 2e70283fc28759865d3c7746cc2b390ba31881d8aa0f829aef080e07286cad24
DEBUG DBL M: 2ab94767b0b5e818da7d1d7863c694a13c0c512aa30cb06269785306a8482ef5, 2a87dbd98532cc3fa714da67617efa67ba46b0672d4af2b654d711e7c84c0cde
DEBUG DBL S: 09a315c2095b895d374daa4f4444a7902a44e8c6d334b409d6c2373f2fdc0ad6, 1adf82ea0490d458ad5b6de4b4c6bed64eff4e74ee99aceb77a31bec8a4a1f43
DEBUG DBL X': 1836f7278fc759fccda403ecb67c7edf94e867a7445f8f60576d3b27892579de, 0fe21c06bce9812b0752100f45655d053e82397c1eaa11812d9b1724198ca797
DEBUG Q->z: 0e1b4965df1629da7cdeafd1fd6f3a231a65a2d53fe836b5e25b447997961c44, 0f4f1b0af5f0ce7d416d70ee58854c1b5b5baef0774111ac31a9583d239d4ec0
DEBUG yQ: 1d4ed8fc3fa22ff1b16a758338874657436c29a40ccb95a4f1895debe6af249f, 1e2974320f4ff9d34ee9f9f08f9d52a9b79fddac2526abe4db01fa8fdc186869
DEBUG DEN: 0a3963859e12bfb9aa84a54fef8d3450ef56e8b6b12560bca6f22fc0f4e14bf7, 0bee99f13d6e537ce583ae2a9db94cf5d7be50c6e1db8d3c79e36908dfb3d38b
DEBUG DEN_INV: 208c9f7c48ce2a584da8028583ba5fdb1890493f41945f38cb9fae6978888aa3, 2f592c0119100b8c477e2e59e86413141bc7244228a363c466060c3f689f8fa4
DEBUG LAMBDA: 2d2afe037259dbf73b57c578c5077d3651ec6b49641bb65808fadf0da5574f67, 1ed730bc69378cc8a408ffc39cd04491386eea24097dc92b2d12d738b66f0741
DEBUG DBL p->x: 1115192c61bba8ecc9e8f49611c3753f684e8a313478fd2261d860dde31c0808, 259cfb5f65ca6457d9a97656fd07ca303594a9f5410d5db26a16b81e1f1b6109
DEBUG DBL t1 (X^2): 2e1c7e30c9bc76b385195eed8f95a8809b546082b3d2ee435c6cad9c3b03f1ad, 106086ec96477686792eb401e51cc0a0e82f76b0520328404d4e33d55c87332b
DEBUG DBL M: 298cddac9ad223c71eab915babbe48c6a2fa4c654a9535af9d04f0a70011da79, 00bd4652e1a4c369b33bd64f2dd4e985210cf97f8d97ae33abca0f693d189c3a
DEBUG DBL S: 262de769ead95d9bd594ac69a412e0ff24c0b9079c3026d073f2ec04a75487fe, 1b23147e7082b1fca249ffc0819ffb275fce9c49f65554320bd2482b083f4b11
DEBUG DBL X': 2f5a1edaeca728f65eb6ac964a3755202ba337d3c1d468ffec666d3d8c23c7ea, 25befcc21e91ee77e3db78b5935484039c1aafefda04e77280946e18e5959e1b
DEBUG Q->z: 1b90699b08372b6962c8afbef0f7830229d0f25d26959e396283d8cd19c1fd5c, 109ce2deb02de83f5ada60978567668a52b1bbb3dc9a6d004c55ac240d21730c
DEBUG yQ: 18c7ec370f0eba82553a48778239876aeac3064dea090589f1b32870a219719e, 20211d33f2e19ddd536ec83d7ba77f16ef377379254585d4f75b9b9ba954a673
DEBUG DEN: 012b89fb3cebd4daf2244b3882f1b6783e04a20a6ba04086a745c4ca6bb5e5f5, 0fddebf504919b90ee8d4ac475cda5d046ed7c60e219411cb296ab207a2c4f9f
DEBUG DEN_INV: 1f129d1a867c8b5f6e967813b97de05bb437123ee9e714839d34bdc287c4d062, 235e9d4442f75e918481c031b28f572e21a2726d0707ac9447dc397ff2a3ce04
DEBUG LAMBDA: 248187c016f9c4edfcac00b231de20c957c04b4c89fa9e4d90e6525f6ff92303, 0ca721c5ced4a213c95db7986c1fd0811206254fd3418b591c85f13f5f30928b
DEBUG DBL p->x: 0571ba1ce23f73f9033371b8350173ab8312dbcd39d1f3ade5f8ba7d4533c16e, 113b675c1ca6053f3abc9ed686d489aa62221ebfdd64bd5e98ee49090aa55a65
DEBUG DBL t1 (X^2): 137920494261a1c336c0b96c41aee539b866d052634a4248fd15980138bf7144, 29cb9bd8523bfbcb9b913dcf75d553af082b69122c8e4b6eab83695076793b70
DEBUG DBL M: 0a071268e5f3451febf1e68e438b574f91b30665c16cfc4dbb203becd1c15685, 1c9a36a33450b30f62132e015e7d4a51e97f6613b4c74d318a4923c3b271b7c2
DEBUG DBL S: 081f2282dde8901a602906f31ba9e5205fb87625f0b3de47a68e0c8aed578628, 22d164440fb307afc44a1ac6a59ff8f6ad327d79bb4b8250590fa839f1fe0df5
DEBUG DBL X': 0431dc28e2f48d559509a34f98efd9b415a515742e124b0c83433904da7b20ba, 2df9d5c4e14c3388648b8eb8d853363a101b1ab75b2c0dbe14afb249c8ab3a36
DEBUG Q->z: 195d2a092e4811cbcdac06902431f179b6c0257b88c002888ba74178eb109448, 2106106676481a498be7921e707a8ba1cebef627f62387df9101c1c076fc3883
DEBUG yQ: 14122b0c7c38c5a422f2dcd28ed247cadd5f9d2bbfe39bf78e545bca87a0de27, 0e5d6fd3f491a71191b184b0a48dbddf71cae71af549fd3e6d3903c3531e04cc
DEBUG DEN: 28245618f8718b4845e5b9a51da48f95babf3a577fc737ef1ca8b7950f41bc4e, 1cbadfa7e9234e2323630961491b7bbee395ce35ea93fa7cda720786a63c0998
DEBUG DEN_INV: 0e6d54a47ea08cd6b0bf1d6dbc5b1c66f30d89dce78a5de4e65bb4def0329c8b, 169d53a9f36994e7fdd8203b3c460d41be1aeb36525aeb04308a00e752716660
DEBUG LAMBDA: 0fe8fa55ea5511dd3bd09da2875796106818974b84b1b80f449e6f7705573499, 137ea3e3418086d814c24f6a1cd3f8000accab84c8390b2e8d7668584632b990
DEBUG DBL p->x: 2837d22922f6a2d04dd031cef113a7d653c93e2eeb93dbecbcdace90a7730709, 2691462ecb9952b2f62303920f9a305fcae8406df57150564002044ba9c91f57
DEBUG DBL t1 (X^2): 142b5b2aef84903ec6e310903f0f48a72ed253e9a3905688b80077fd9e62294d, 2e3bc38d38272a3a0b3f990dd2371eeebd4e3383bf373a7a09099a23035d3703
DEBUG DBL M: 0c1dc30ded5c10929c58ebfa3bac8197f4f5912b823f390cebe0dbe202a97ea0, 29eaadc1e6123e5ab11e3fbc73a2ac1108e7c5686cc21a53a2dbb63b591daa7b
DEBUG DBL S: 0ca1a1055b78de6681b4ececf27e2f07ed459ebc855d96337234b2482049a782, 10b0f91828729fc5473cbe6e336d0bdf3e62df0a0aa9b2e58863bedbe1f96aa1
DEBUG DBL X': 102965c056329e531ce57bd375fd72b7e3c8e1bc01908edd969f20ba5796f169, 15e51db364b8c8680ec87c54f2390b23251e3c982af31123373428f31211e321
DEBUG Q->z: 17b5c69523fb4bb82c5f5ee4a10db830cb6662d088a1ec2f7fc52800c89dde38, 18da908f888c7658fbda84bbf5b86a5853c4b83a410e44b80dd133cd95f4fa82
DEBUG yQ: 22033393dcb9e0fce1a585b4b72693a0a3e4ecccbd0c8b15cb993ad84b8ea9cc, 17328ca36110c8a41544eb9c597af334a5840308335ac314b2e4d4e1b09127aa
DEBUG DEN: 13a218b4d84221d00afac5b2eccbcee3b0486f0811a74b9e5b11e999bea05651, 2e651946c22191482a89d738b2f5e6694b08061066b5862965c9a9c361224f54
DEBUG DEN_INV: 2f9579b34425199b0fa1b77778ac331bb9a60aaa281b9c1a6c858da0fb1d5ff4, 1a2fb141d02b898f7dca70f9fe1ba7bde72d439347585732b1242f2d6c131796
DEBUG LAMBDA: 1269587bc3275fb18bce00047a7f590a7fab29c9b721f4c8de94df99848c4e67, 0d509737af24bfad5c7c01ddc111d7576cf1fdfa656d9414c6bcdd618c7f2214
DEBUG DBL p->x: 102965c056329e531ce57bd375fd72b7e3c8e1bc01908edd969f20ba5796f169, 15e51db364b8c8680ec87c54f2390b23251e3c982af31123373428f31211e321
DEBUG DBL t1 (X^2): 0dc17811beb89cb0fd59e66372ce341559cfa6a189f8164bba1c956e74377d54, 28457d94bb09b388dfe00edcf124ad88d5d19fd3085069f7fb2275fbe874a0a0
DEBUG DBL M: 294468353c29d612f80db32a586a9c400d6ef3e49de842e32e55c04b5ca677fc, 1807dbd86eb9da472effa129d06b57df52720a56480da8cd792649c60863e752
DEBUG DBL S: 092c764b897b7dbf591253e7b6aebf38fa902efa57fc54784a63bbf144087f57, 1cefa2f881afd0d035027eb055a5adb70009f56aaa5e9f2d36420715b39780c5
DEBUG DBL X': 10fb9985f397b946db68b665f2686e24de3b8e396fb9a1bde9a515f46da13419, 0e36ce5b9ac6d64362ff57a1279511cc6354fe474702d75d158d2f9aa036e793
DEBUG Q->z: 1c08fb8b10f10e7cd7f83fe18cde693458f59b653c981dbcb2a3f89c7b78e047, 2ef9b34081ed1d9b0c8b05a8b28585d825fe3b8fc6a6578c7aed24241e47593c
DEBUG yQ: 139738f81258d42175ce3b1faf4d57a2d87d8aad7cc724a530a147a7b68ffcc0, 23e8158317e483574f370d065648dc5c800cc6d46e972cbb55d6e3d1b27bcf5a
DEBUG DEN: 272e71f024b1a842eb9c763f5e9aaf45b0fb155af98e494a61428f4f6d1ff980, 176bdc934e976684e61dd4562b10605b6898231774bc8ee96f8d3b8c8c7aa16d
DEBUG DEN_INV: 19620dcba354df2c88c361a355ce38ad2e5c9dbb9f5947ce5b96188f364b32ae, 252ccbd5c807b5a2786b0579f411284090d8fd1f06e5d68d66a894efeea8d884
DEBUG LAMBDA: 095c38aec90dcbd0003c2201ccd66ff57eccd7be71e4e84f8c3026424f347a37, 1c67e209e7bf10ef4dc3461dc7e1a379b36e7bace3a9748a614bb9d33d997556
DEBUG DBL p->x: 09ecc6da7d2fce66b9402adb0f0330a0d5a1b7e28a6566a56706fee619003723, 1a4bb34f2896da9eb9339ad2688afbac208292874f34cb849adf906c4e53ec88
DEBUG DBL t1 (X^2): 2aa019b2227dbbbac286d00abd65c6e660ad224344bcaf7056c5cf614faea84f, 2e1ed90e456b66d41cfbb4cb0bab9b7f227a69053c1c425fce9c3aba3625f16f
DEBUG DBL M: 1f17b030a515f2dcd6f3e4b3352ea3f7f30491a6fd5279368c1055f63e11fe5f, 2993ee450ddef428e65292f4200021c2386c65ece3713204f3939800f177d9bf
DEBUG DBL S: 06d5a24288cd04f7b8ad8aeb6c39d5d8dafe3dfbbfc2684da5bac9406ee577a7, 19da0f8be9de6447e548a7a72052c23649b156976a650a8dadaa5780fca331f2
DEBUG DBL X': 08bdb6e05bc1d7a3dad241134ac282bd4b26b75e72d75c50ad7a49088f4084ad, 07056c699c75e21b102fce11642ca6dc873c71b0bfaa50092ef2bc807344e3f2
DEBUG Q->z: 1b30ea644dd3f25f8576b5e24788dec82be4b102a01debdf65e3ca9c7f587779, 102f9c20337b6eb2a33c6091a96d187c61250981e8450815ec89211766097011
DEBUG yQ: 012951721baf1a7b617ad8b2e9340ab4adeaad0e11d2abaf770c94e7eee72c02, 1f4a4abecf6158e6df802490e3ce99ea0ca2ae1bdcd0cbe8f2c06a8539e7de10
DEBUG DEN: 0252a2e4375e34f6c2f5b165d26815695bd55a1c23a5575eee1929cfddce5804, 0e30470abd9111a406b0036b461bdb7681c3f1a6512fcd44a96048f39b52bed9
DEBUG DEN_INV: 07af2676eda2965e2dc80ee0481b33eb5f5af26a6ac8adcded77bcd5f4ebdac5, 18edad117f295cf527581d13000b3e5c10bb9c92466fd753e17c7440082de6a6
DEBUG LAMBDA: 1431b07f38e1ebb3452c51410a7a801e14e71ce68d03ca2f0990d0764bb29af5, 1de4bc79f23f2e1888c9a6cc2fe8ce62057d190515d78bfd0ffd806810946809
DEBUG DBL p->x: 0c6d3bef4b502a52609fc9693a5ade95420820a1507151a55cc5398c0a6b27d4, 0e04fc08a10e11826e00e26ee74e90e3c018bcb282628401d12f4de9f0070cfd
DEBUG DBL t1 (X^2): 1e1531e0ea483e82c210defaa4759ab9230d0ab7ff06a2676085bd728f39dfdb, 11c03a2e7c1b160c2b5aefccfd7714cad94c1efffd2014d405132a55d0608036
DEBUG DBL M: 29db472fdda71b5e8de257396bdf77cdd1a5b59694a21ca8e570ac40d530a24a, 04dc6018931fa1fac9c089b076e3e602f462f26e8eee73eed318f2ea98a4835b
DEBUG DBL S: 0ceb5adc70420b4f37eadcf46e02c9e186a85fbba12cae64c05dbfb01360f63d, 0e223e801ab5b51666d944348398ffa89d522fc94c71c3ccae96ef1a0fa054bb
DEBUG DBL X': 06532168ccd91949a69c94c38ca823da99e53d6aba6e865e718ae2d57d5e3082, 13b05d30b5efe0a2b51e997a773ff40e25a0fbb10fce158ed1ada77e40798bcd
DEBUG Q->z: 012dab430f26ecff1604ac354c19b942345680740188d9dcf142873fb8397e1f, 1817cd01d1c6ca535f0b838e9cb5ba134078671b658a2d23e24ed97087ed908b
DEBUG yQ: 2a8acc9f07febb1e2fb9cd3ca23c06c73f852e98fefe681a354dd9d9b9fe538c, 2b80be81f092e08ad0122a22aa9c9f30d0a7f22ce8fb9ef01b648447739459c7
DEBUG DEN: 24b14acb2ecbd612a72354c2c2f6b530e788f2a0958b05a72e7b279c9b7fa9d1, 269d2e90fff420ebe7d40e8ed3b7e60409ce79c869857352faa87c780eabb647
DEBUG DEN_INV: 0e3a6130666c3b370fe70054c34c18c03c6be55ba740b07ddff65ef3f164118d, 236c6686eebbf6a4959a465136148613641854ed9acdf1aa993696d69f34881e
DEBUG LAMBDA: 0849e6849585e3f54dc4d395145538dcca638ae086d882b3a436813c5190816a, 031c37a80c0c8ba0730bc8b526a2fa2c1684827fd9c4045b319b69d4ec80398c
DEBUG DBL p->x: 18b2bc9c765761dc45fadd8b97868bca2078dff56fe1a1e46b6c8153191b01d5, 185d6195e0c03c4ac87d01d5165b87c9497bf3654b312ab8f3dba344d7dbf7f1
DEBUG DBL t1 (X^2): 2c6efd25a4e455f342ab8cc1da074a8ae413aa32f925501162dbd191803b4c4c, 0d1aa7c34ad6803d2b396e75793e372b970a8fa2e0ded715d4e892a25fc2bbde
DEBUG DBL M: 24845a8b2c49c18657621ad88b132ee57d3829761a8c5b19b0525c86cfb7ea56, 274ff749e08380b781ac4b606bbaa582c51faee8a29c85417eb9b7e71f48339a
DEBUG DBL S: 2202122ea6a1143bb853a9daf3d79dbfb3e47e2ff442726882daf22b9f8c64f2, 011ca50c2e0829809d7d3124049357a0a7dd11a5df35ebfabb2a4373837483c5
DEBUG DBL X': 12fa378f5a0892efc572f7547d10dc951110f78f2542efda5797f61314a46efb, 045c10a609c77bcaf56af0d475378290949d30e5763f9ddd364a6a08a741f8ef
DEBUG Q->z: 10226ea5298c66f7ccdc441d4ff4a4dc188dfe96acaf57b53d4ad2e953df4e69, 10b86f37a043487259e4b8770bbedc9a9aabe61b3305942863d0cf0b0b3afabd
DEBUG yQ: 00526e5ba32fca4077158b567f55033d47b81f6cbb2c8e6dfb737044c74f189e, 0531fc88116689b85dbf8314cd425d388ac755ed9e3ea4cc69e83fc8ee08012a
DEBUG DEN: 00a4dcb7465f9480ee2b16acfeaa067a8f703ed976591cdbf6e6e0898e9e313c, 0a63f91022cd1370bb7f06299a84ba71158eabdb3c7d4998d3d07f91dc100254
DEBUG DEN_INV: 0e80666fe7cec350b533b0e2d59426020e7d69476f2d4e344bf04be6d8cddad4, 2992b4a8296cd8e51b8b3a93550e8a33ffe0072596ca16d41cee83e157aeb2e2
DEBUG LAMBDA: 25b5ab78216f4d5feb843665670e5415241a5091c33deec675e949b8eee7989a, 03d6a148b78ec5bb9bf6dcc43b6d8e8fdd4bc0b7f3f7d73f20343f0be6f3298b
DEBUG DBL p->x: 12fa378f5a0892efc572f7547d10dc951110f78f2542efda5797f61314a46efb, 045c10a609c77bcaf56af0d475378290949d30e5763f9ddd364a6a08a741f8ef
DEBUG DBL t1 (X^2): 1b7e44ccad9d5812505b9a1a15e346ded5d2a38caa1552f663670fb96b9b5477, 262d4aa36018658204f5d9c59dcafa734ad2203b22f88a5937fdd275f440b2af
DEBUG DBL M: 22167ff327a6680d38c28897c0287c3ee9f6801495ce2e55ee14a3156a55001e, 11bf43045de5f0329e4101e3d65e3e9eb1738b8e980609f12fb85f342bc81d7f
DEBUG DBL S: 217db479003977af50ec82dd0109ad2288a9f861dcc380afe531f750c3f3d564, 236a37cdb136d8d4a81207d17afe16cb5b54b2ae4342454c5fb42d62bdcb1c7c
DEBUG DBL X': 17d0d62cb8c15854e8c9d5ce325171d2eca4095543dcf3c66898d91f9751ab44, 1954b8f3d5b0c386b779c416348d3f04d9c2d0d28fb370509498a047069a641c
DEBUG Q->z: 2f1bc56dc5ee2ee8f5a69433d237b16974920ec2ff44ffec956c49f8160f36f4, 0792ba8554618ecdfeb9801e6b956c1de9849f2a3696c9969414297ae0dcb921
DEBUG yQ: 1031c44eed43a50b2cfa6d323d85ebf6add50d873eaf50ef71877beda1229a64, 234cbbf1235389c866691eed97d0271ea4cabb1acc76ecc4ecd6ca7b28229151
DEBUG DEN: 2063889dda874a1659f4da647b0bd7ed5baa1b0e7d5ea1dee30ef7db424534c8, 1635296f657573671481f824ae1ef5dfb2140ba4307c0efc9d8d08df77c8255b
DEBUG DEN_INV: 292246bb321a470a7568d78bce02682f5b184ee41b1534d3f159abdb9b3dae24, 0421fdd569a2389ee175f83cd0ec59dfe55f92df667ecea4e182e987c1ab5ff8
DEBUG LAMBDA: 2eeb046c36df6336648865b8852897dbeea207e54a080d4c9b271f6892494ef6, 218628f811a01a548fc3c9a3b7e4628349fbb2559118fa404d76f236641712c3
DEBUG DBL p->x: 28449794718f8b1fd353412825c912dbfc6c0262f370b43cfb95df1ee163d5ec, 01cb9a0439edbf2129f16b4a1f45e0c4e26ee963c5a6508121d29f9a71bcffc5
DEBUG DBL t1 (X^2): 228a5307003e013aa8cf2cd300dff51d88b2bb63bd5c5163ff9be2ee043a0050, 01dff8b713f32e48542ae655ba4bea27c89076299a9d03f6ba8e3495219bb0bb
DEBUG DBL M: 06d65c2f3e56c35c89ccfb0bff9d2e9d6b155d0867315f118692909c5bb40662, 059fea253bd98ad8fc80b3012ee3be7759b1627ccfd70be42faa9dbf64d31231
DEBUG DBL S: 037f6427a2ac282aa7586081334146ecbfedd80e2611f0d11cda345bb750db0f, 0a3a60384ccabd0eb2eb8ca28f87a93bae52602033718807ad90ad29205cd143
DEBUG DBL X': 2cef83b941b987a51a4c0e9ccadeae6ec2abdc04fff6d38cca427f8dbac866d2, 24638970b2f5fdf7efa7c33fa6b5baab6a7d386365df3a5134663ae5346501ed
DEBUG Q->z: 19f790dffd2ac4903b5496b90ec92acf26a87e958fef6b46f5ce849133923cf5, 031110a15f1a5aa28e74088357d8cc874827d4efa908c39227d84b559d92a4d2
DEBUG yQ: 02e15916867983a65df28c0b92252e491319885b78092615da8f000f1af64e99, 1a93595637dd64682267bf6389384e1c09bd42c56b1070fab1dfcfc1f286b44e
DEBUG DEN: 05c2b22d0cf3074cbbe51817244a5c92263310b6f0124c2bb51e001e35ec9d32, 04c264398e8928a68c7f391090ef43da7bf91af96daf1768279f136d0c906b55
DEBUG DEN_INV: 17e1c09428082046a67af22301d6db8e81537a8240c31a5cd1163be3581c2fbe, 0d07ff0bd2566350e0268bb4800ef85dfcb473e1ec63853d48ce1b6f198dcfb2
DEBUG LAMBDA: 09b3df073a2d717afe598028432807a323cbd593f8bdf50c61daeeac46b7eecc, 2e38fc7bd7a24b0d050be8d074a935845418b3030bc4e3def9be8aed86037c3d
DEBUG DBL p->x: 2cef83b941b987a51a4c0e9ccadeae6ec2abdc04fff6d38cca427f8dbac866d2, 24638970b2f5fdf7efa7c33fa6b5baab6a7d386365df3a5134663ae5346501ed
DEBUG DBL t1 (X^2): 26515002584cd950ffcb9ed38f052444cfecb501b765f04845e10ad487a41924, 192c7ee61775b461eed0bc15aac180126f06c1dce99f2a58a4312417075b3ebc
DEBUG DBL M: 122b532146834b9f8ec2510daa0cbc1340c349e2554e3bbe5962084fe5f250de, 1b212e3f652f7cfc1421ee8a7ec327d9b592db05546bb47cb072e02e3d94beed
DEBUG DBL S: 1fc79e514cea15e320193c771ff4bfbdee44c54bbeb71f567addbd2a0ee1bc30, 2a410365efb141f4442eecd9a6d28d134922aa60326bc583e925a913101d0653
DEBUG DBL X': 0d142b479415f71ea85590e4a32234101d47ba424fc9c7aedacf47f53f6cfebb, 0679528b6ac3aa74f884e103587ecfdd65dd1b05c799628b740ad03388e2e4de
DEBUG Q->z: 1203efc0df053575ea4f8936a85bf840557c56280daf1b3f9fe8495d4c232df0, 16e02a338bb0e9ed30089b632cbc5e4dcd4f1c8c97640cc7bef196360fda96c9
DEBUG yQ: 14dc5d20c2e260683b6a879697cc47b1df26958ff6e1f682f248550f405a13af, 07a1a6b1dcb49a0b5b535d0a6faeebd63dea034b223de52cd5056662cf148233
DEBUG DEN: 29b8ba4185c4c0d076d50f2d2f988f63be4d2b1fedc3ed05e490aa1e80b4275e, 0f434d63b9693416b6a6ba14df5dd7ac7bd40696447bca59aa0accc59e290466
DEBUG DEN_INV: 11e97cf2669c36a708926f5cb73f971c2af335a180524ae4214812eb752c88cb, 172fa4058ec287ac1943cee8acae5e9f50e7bbbd6952bf1fb110ed71c0d98efa
DEBUG LAMBDA: 2448ca4f80c90de7f054e6c0e1effd633cac44ad1c8156a4692d1d4c9a4c1172, 2b985b8ea1b5bcf76086f0af27248041d0208abb933a68ddd19a574c05f0efd1
DEBUG DBL p->x: 13683c7f8f2f9e91f67d9e1bb5413a20c8d325ecbd4a2ad2ab2747d7adfe444e, 02f95fa0e197b15d2cb4ac49b3e764308754fe5107c204a6ee2e70bd5b7a560a
DEBUG DBL t1 (X^2): 01a2719ca804bc7125908740a04a37a557a29aab1870c9b9c364717f75a2b908, 20b95bae6329f7bde9ea7b9d90dd9a62c6ce3580235a1e8e7dd9ebdd2f230e3a
DEBUG DBL M: 04e754d5f80e355370b195c1e0dea6f006e7d00149525d2d4a2d547e60e82b18, 01637625671aa6e64d1ee76baf961e6d2567cb5d992ac691014cab69dc6f3020
DEBUG DBL S: 2fbcafdc766dad58970a66b8b37ae07ba4ac4455560943bd6db2e9644fce45d8, 23c3394d354924f5ff42fe3f0a036fcb669c648ccb125af287a9cb8b7b6091ed
DEBUG DBL X': 1af513b3ce36708e9075b1aed8f9be54deba5633dd8d7a6e53aa7aa29a2fa335, 259e8f51f2c1dbcfa1d39754b8d0d68f1f3efcbe3442977328294d7bb77b140b
DEBUG Q->z: 2102af4d96213620e8e3dcb667cf0c798ba8c72804eaf0abd94e291fffdbd0cc, 2016f975989e950ddf8dd4db18ddc0b53e20e692b1c56b6933e9526a4a10c394
DEBUG yQ: 2c6fe1dedddab9aaca16cc6e5175bac561c018ba2a09ffaeda3d410608bfe550, 10a68ac8520844b29d19611e7aece5015ac379279adf49030c6ad48d50478f72
DEBUG DEN: 287b754ada83d32bdbdd5326216a1d2d2bfec6e2eba234d07859f5f53902cd59, 214d1590a41089653a32c23cf5d9ca02b586f24f35be920618d5a91aa08f1ee4
DEBUG DEN_INV: 01ee07e4941b4e841ad377d5c11394b9bdb7fd5d72681c9a384e5a9019aaffa7, 14343eae1256947b492fef9bb33a651a1fc7c66e1a3aa776f5d3e6da78bcb1cc
DEBUG LAMBDA: 284ee72f09ab8d6064d030080c18d96bf40d33d8d1ba24856aff831c1c12f6fb, 2567f88663a57876d2ca7a1776415f849e658fefddf1055c84792d025c062850
DEBUG DBL p->x: 1af513b3ce36708e9075b1aed8f9be54deba5633dd8d7a6e53aa7aa29a2fa335, 259e8f51f2c1dbcfa1d39754b8d0d68f1f3efcbe3442977328294d7bb77b140b
DEBUG DBL t1 (X^2): 05ab26d3298d81a7d96e5cf60a60c755ae2ba83910a3bffb6bd7134b70859fa7, 16681bf63aaa5e65ad45449b58854f6957073ff6dc6d2ec80d8d0b9193d2b9f1
DEBUG DBL M: 110174797ca884f78c4b16e21f2256010a82f8ab31eb3ff2438539e25190def5, 12d4056fcecd7b074f7f881b880e95de6d9455532cd5c1caec86969de2fb308c
DEBUG DBL S: 040bd39a082edac2d909bcb88898e1069421958a83a4e36b2608b833ee0b4098, 0aa97b58f58b633a35b03f5e7b5794978a6347e78301be35c5353853a5c0c74a
DEBUG DBL X': 14b1f1d8a0c4b70539a9cccfbe08f7d1f23bd5cd8dcff453dda2e6fffa6baac9, 1e56f848345867021016ef08ea924ea566cce3760f51ef70f941a828e252dd34
DEBUG Q->z: 2912d1e8d45d50e8fbbf63b4e78c101845c91aa08101a027ace1c5cdadfe494b, 00da6176b1c2a7a15ba66a3c8d06aafc850d35df889b5069b7b263752176facd
DEBUG yQ: 055a01843eadf98ffabdc4917e4ca876b0fffbef4f9df25ba1e7ad0cd385aef0, 1b925614c2f70670f0f1d3ae2b8cd59c0ee2510f17c30a98531fc6c1980b569f
DEBUG DEN: 0ab403087d5bf31ff57b8922fc9950ed61fff7de9f3be4b743cf5a19a70b5de0, 06c05db6a4bc6cb8299361a5d59852da8643378cc7144aa36a1f016c5799aff7
DEBUG DEN_INV: 00a01bb4faad3d241da00926e63ad94c758bf858ea2e78f1a574221d8390147f, 02dbfa064763c2f29af7bdd85e9232ade02a6da8ec80e3cca5ddff80bb94952b
DEBUG LAMBDA: 0eb6d904c260d73502c89336bb2ee41f5fd29fdcb776a7ab861d999dfa872ed8, 0f8bcada5e4bfcf34e113ea9653aa3790c54982844a0f671f816aa33a42dfdac
DEBUG DBL p->x: 14b1f1d8a0c4b70539a9cccfbe08f7d1f23bd5cd8dcff453dda2e6fffa6baac9, 1e56f848345867021016ef08ea924ea566cce3760f51ef70f941a828e252dd34
DEBUG DBL t1 (X^2): 00af89fa9ec4578132ea5e752c07a2d05ac34fdaabb64758f4d7c04ba3031ae1, 1e74423ea43012369549066915a7e54bc8d921e6feb8594bd0ef6974a4e44de1
DEBUG DBL M: 020e9defdc4d068398bf1b5f8416e8711049ef900322d60ade8740e2e90950a3, 2af878490b5e967a078acd84bf765785c309fb2393b7415636adb047162fec5c
DEBUG DBL S: 0de59c7ec6457b650fe642057ddc54f1cac934148e5986bbd3f657858a86bcb4, 150cadab38f6d179c9baec7db21729732f817ff4c990a43a1f0bb99f5793e1e0
DEBUG DBL X': 28114c4b2eaac0f6b419c3ed76a95fd36b792b959ecff24a9762ec1a437ef8ca, 2886c6f2e2f9f1e163c3bb4c549a06fe2e2ddc5e3324b786b45857e194842337
DEBUG MILLER RES: 00deae0bf7bf5a1425ce46ed87f2895bd5a12dfb3ebe5a449c9b2a1c00ab7ff3 22d41af806c41cbba503df078f61fb4f70b232537392042c3db61defdf350c95 2f6d358faff1f03ca214cb2a287093c9199ace74d6b48ec8bdc21a22274a6c48 01176c28c781895d1b074e588f931ce52b3fcea362ca1d6199c3d24d0975bd89 2c7d41f4354bb88a1cb352125d72fa0d1de7403d2b6849362eb3cf889774a07d 01df2fcaf1d9805d0afc762b2355fa719907732cadf7c863a2076268a95122d8 107c2a771dce20e5edbbf5e73e1fa4f632e003100e3ba8818742068b0be68d08 18e00d95ef522dfc082aaadf67a4d098a630c4b839354c0228b58a2eb454ad88 004f0c275f2e7fa2996a59230a837b68e0b4069c615fabcb790625aac16e1bbd 0a1fe9fb5b6c3f020650cfb2257516351dcaf4997eaab0e920ea83ddb5a628d8 16326f548d873298c6abbac6612bb75cb0ff65db347426dff05a3dba3277527c 0f8884b18924eb33880e1cbfe06380a8795b29ed33514c9ad6363116f8403aca 
/Users/simon/ws/cc/colibri-stateless/test/unittests/test_zk_proof.c:193:test_verify_tampered:FAIL: Baseline verification failed! Cannot run tampering tests.
Running Realistic Test for Period 1602...
DEBUG verify_zk_proof START
DEBUG A Bytes: 25bef9a10cc014e89ed2f87907816251c3bec6310f76f5ee58a133fb23f2362e2fb8519fc4aa6fdd8d61f42d79c6c6b18b7e85c9767cccdd14f72ad37fa01e9d
DEBUG B Bytes: 1264e8ad8b846edab44882e5a2f37a4f8d104061c74aad25babfc2a90950f8d90cb2a2bcafbdc2f89ea06a570c0b45897d3471ec86d625e6929eb710516db4f71a8cc5a3c6bc67b44ce4fd94598dc4396a9214c28bed57cf6786784d4bbfed401120766a3a73c548ad140e95bbdf0195d7e4e141b729af544c9c2940873b4e4d
DEBUG C Bytes: 2dae150337b35aeac3f780a6f19986fed2c4c1ad34451f64c4274bb4ec7644a9188910bb1109c2e8a728d7ae33322ae94a58b5775f27258742c2df2f4bd9b216
DEBUG VK BETA TMP: 0e187847ad4c798374d0d6732bf501847dd68bc0e071241e0213bc7fc13db7ab0967032fcbf776d1afc985f88877f182d38480a653f2decaa9794cbc3bf3060c
DEBUG t1: 1332783f1031bba8729bc0c6ee3ccb84191a58c17c1c97d58ba29694d0019dff24c67efa6c76d260082ef0158bfb2fe9e0e7f81374e0c7b9efd7141d65305cb3
DEBUG t2: 263ad17f8d492f1ed06e6a81d95d0d6d7ff727dafa6d1487b4c5d54d08c9d7921dcfa831fc197ad753c55e66c88bcef6199df979c0b8c10e277bf5be805fa90f
DEBUG L: 28fbc5f7aa7c21756307d00726555eec2a69bb31557b5cad75da2594552fcd042e786651bcfaf2bc0507fcfd3a1cdc1c47e84f8b7b44b5b19479c98843a5c1c6
DEBUG PubHash: 1e8672399cda0f843bd35217d12cbd833258ead985a5f43e32f88f43b7b489d3
DEBUG Q->z: 0000000000000000000000000000000000000000000000000000000000000001, 0000000000000000000000000000000000000000000000000000000000000000
DEBUG yQ: 1120766a3a73c548ad140e95bbdf0195d7e4e141b729af544c9c2940873b4e4d, 1a8cc5a3c6bc67b44ce4fd94598dc4396a9214c28bed57cf6786784d4bbfed40
DEBUG DEN: 2240ecd474e78a915a281d2b77be032bafc9c2836e535ea8993852810e769c9a, 04b53cd4ac472f3ee179b572319a30153da2bef3af68e51192ec6483bf02dd39
DEBUG DEN_INV: 00314359680d90046b12d525ea786fe82659f5e7d42c10997e444020f42d63d8, 305dd83bca4529a0c5a8ad6882792cbb1890ffb4edd2287250bf060b9352a749
DEBUG LAMBDA: 18a88a0ca671cc29982cf949499e7319528289fdbb70721c501a9c4d20b78e85, 0a518a6c2389f0b9b3abcce5c719bd78db4384507269ee833275e8b1d3f29511
DEBUG DBL p->x: 0cb2a2bcafbdc2f89ea06a570c0b45897d3471ec86d625e6929eb710516db4f7, 1264e8ad8b846edab44882e5a2f37a4f8d104061c74aad25babfc2a90950f8d9
DEBUG DBL t1 (X^2): 0783b1ca3e1ba84e16f1229cad44636091b881e17f1ec11fcf343de6f462878d, 278f1918ee3d71b8355ca97b2ecbf3581609f70a0e821d1bcab52f86daf92478
DEBUG DBL M: 168b155eba52f8ea44d367d607cd2a21b52985a47d5c435f6d9cb9b4dd2796a7, 15e4ae65085514d52f7571048961294d131b0ffb5aa2c238e7de7666dff172da
DEBUG DBL S: 071fb3c0e423f31027875f85c70650d8b6248b489553bc96ab8ac6fa5c31ab1d, 041964b876f42cd86b17818852a5b6e47271301ca3a2c1815ba365ac943fef08
DEBUG DBL X': 09249a2fefdab48296f85749786fdd6d84d978ec11ebb92549ef8c654ed9151c, 0ae4131e5246a7c99ae55316e98f3d27410ba7b3152102a1350d5443b7cce540
DEBUG Q->z: 0d50d399ee732e09a9f255f060d7b126975bfb81d31cae2515221b4f9c062850, 085c0789aabee21b3af560d28194919ffd9a03732b8593b373b8b55c7b03b12e
DEBUG yQ: 17cadb7f55e59d661326cf99de77e812fa3c4b0033e14d9aa0625469920f1c4b, 2e07d8d870a357dd9581da0637c2047ec6c1b51b8554d3b3413c5bca40846cc3
DEBUG DEN: 2f95b6feabcb3acc264d9f33bcefd025f478960067c29b3540c4a8d3241e3896, 2bab633e00150f9172b36e55ee02b09ff601ffa5a237dcd946582b7da88bdc3f
DEBUG DEN_INV: 1990675461390549beee7395b958781f864d5e5d525e590fa51a0cc799fc7a58, 1213042aac810f382f5c33c43fe9fa1976430ad300ce4d41a348ddf1087f5e41
DEBUG LAMBDA: 025fe13dd144df9107bab4e092372f41ef300fee55e1f885d05ed7cf3fad7b62, 2548b256c491815d9e51508a4ee27a2164c2f45efcc06b01aaac19c5011f90d7
DEBUG DBL p->x: 1ce34f1c25e8ead7d5f00e0cd6b3105a784d872c6a39695dddc07da934428b8e, 05315ee594770e3e4d548068c83a3c62e1b39dd108260b06433bb21032361fa9
DEBUG DBL t1 (X^2): 1a31ccc24735a8072309c109fef272e4f5fc57fd261f01f0129063759bd645fe, 162d1ab92bbb1b0babc4f7c2fa1a71f9c1ab93b9c9a46b095a86147288212b00
DEBUG DBL M: 1e3117d3f46f57ebb0ccfd677b5600514a739d6609eb3b42fb909e49fb05d4b3, 122301b8a1ffb0f94afea1926ccdfd8fad81509bf47b768ed371b140bfe683b9
DEBUG DBL S: 185bda1ec517791d19eb11ef8873d3b8f90d277658de39dd2393d369b9f4d5a8, 2612e8d2c916f8d4ff60564c547a4aac7c1b8881c24fc84235f24e7b8f46f608
DEBUG DBL X': 25e7d2d91fb786c15e1622fcb4c893262a5bb521588b27346a1a3c1c018c10fc, 1d63597ad6df7f044fce10cee61afcb586e5354aa7a1e1d60559a7b8166cf8ba
DEBUG Q->z: 0febdfbb65576a873024d37fb1acbdf040e70e11c49f2e8096e4383b245cd100, 0d5426da8eba1b7d37696deef902ec64ede4c402dfc65dcf7996f6b1d175fe3c
DEBUG yQ: 1f0e8709694802a40b7df59336c934ca01558edd48ff5271dc8fd49353eb3487, 048c9feee8a96af0d7f29b8b0c0e7db859de383d812390455925c976e64864e3
DEBUG DEN: 0db8bf9ff15e651e5eaba56fec1111366b29b329298cda567cff1d0fcf596bc7, 09193fddd152d5e1afe53716181cfb70b3bc707b0247208ab24b92edcc90c9c6
DEBUG DEN_INV: 1bc9d686c9ba6fc1e990222a682247a146d8f255c7a77cc6a1a7604111eb73b8, 1eef83febc54fdd1b57b14fb1ceb683401e78fa0198d726a49685768a2e94316
DEBUG LAMBDA: 1c8efc9590772d98b3b9102ec293b829665daab770058455c7f004bc689f1d72, 0f389339c3e3de5e731d6f5000739fdc0d3add1c2d12771971e41bf51fb3d6ae
DEBUG DBL p->x: 25e7d2d91fb786c15e1622fcb4c893262a5bb521588b27346a1a3c1c018c10fc, 1d63597ad6df7f044fce10cee61afcb586e5354aa7a1e1d60559a7b8166cf8ba
DEBUG DBL t1 (X^2): 19b7d701d3d5c6302446af20b0ca3c8327c13e40205989ac6534ed2ef582f1e9, 2c2ca86ae441247fc66dc898c28c6feedda6f783e0971098017b4e801c9fa0b1
DEBUG DBL M: 1cc336929a4fb266b483c7ab90dd5d2bdfc2502ef89ad277f37e3b76080bd874, 23bd5c5aea602d2be2a8ce5d44a29f1169f21168d0e19cad8c30d352a4e4e785
DEBUG DBL S: 0337c615fd15a694f37a92a33e51ef2284b33a74a76a1b433de4d03c8088e25a, 174b066502e5f1ed9ac513524c2d09680e25badc9682b1dc6c0172c7e576f357
DEBUG DBL X': 275473db4b3353d77e3be8e2038a3e10d462ad4506c2d77b4c69c37f9575dcb2, 1a783d163bf839eedd7afe71d5d34a4e3361807693281d9ca7660eae650fc00c
DEBUG Q->z: 2e5f692eb6c770f04ce494faa63803d7d130ae9ce3817ba0f515ad418db3e88e, 29445da43d514df740c0184dbc07bbe9ec483bf2da791e0ae66cc89c28ef1b03
DEBUG yQ: 0467df9c25d25e9089ffa70430202cad9940af32372b5facae638c849c71c0ab, 16cbbc60641587f6cee4d5854244f670394ad038abf1d8fbcd0362c20195070f
DEBUG DEN: 08cfbf384ba4bd2113ff4e086040595b32815e646e56bf595cc7190938e38156, 2d9778c0c82b0fed9dc9ab0a8489ece07295a07157e3b1f79a06c584032a0e1e
DEBUG DEN_INV: 02f7e58ceae104826fed96e8695ee5e21b7a5f7b4461434dede3e3749516a10c, 02cfbd6b968076d7c2ea3f67f5c4d99c508a199ebe1ff2b19ded46fcffd23df7
DEBUG LAMBDA: 139d6e71412a57107738b72941dd71c40b6dc7529f970f5477e898eae7709930, 262bc3d3807371c1d9382e405cd280108a95282d7b5b9b9141ff437854ff18d4
DEBUG DBL p->x: 275473db4b3353d77e3be8e2038a3e10d462ad4506c2d77b4c69c37f9575dcb2, 1a783d163bf839eedd7afe71d5d34a4e3361807693281d9ca7660eae650fc00c
DEBUG DBL t1 (X^2): 0f0c86a0aafadb32256aba69f2afb8fcccfa9990c470875aa31377aef4dbf722, 26aeab8532b7e1acbadc5951c95427d6361e1929ea4cbbfbd45814430d6ee608
DEBUG DBL M: 2d2593e200f0919670402f3dd80f2af666efccb24d51960fe93a670cde93e566, 134365a9d5c464b2bff4808858f9c6c77357765aee029ed904c7249b7752b78a
DEBUG DBL S: 22950a2c822a0b25c30459acacb845235ce63d8a29eb3277d5bd70b21eb35ba8, 0dfcb7f5bacbc81a62674b4747a403fa37d13487d176dfe0ebaa7083212917a2
DEBUG DBL X': 2326cc8ceb603ed87b8e885f19e8ecdf60363d2ea2b4dacb24916224326ad269, 234d0a163caa10789697cf5476335b2e65b229deefd2091981f8611aaf6192c1
DEBUG Q->z: 2ec7e5572c0ca168fc2a5c3fd3bfc00ae09b45b3e222fdf4c1a39e8206521909, 294e95e52f1d73d9a2df6d3e5b7c0ba4c5a97df23fc89ffa6fc21a9d6052e5e1
DEBUG yQ: 12c56d57b5f0fe9d0092bfbfda3cf5a60c01bb9ebd1354537579b76ce8a57776, 0d32ab2d89f4907b3a4b9f6d2b64482da0c494f6f8e3a5df3fd8e0c266c7df5a
DEBUG DEN: 258adaaf6be1fd3a01257f7fb479eb4c1803773d7a26a8a6eaf36ed9d14aeeec, 1a65565b13e920f674973eda56c8905b418929edf1c74bbe7fb1c184cd8fbeb4
DEBUG DEN_INV: 1f0d9f43ced65c04b03c0e2b392e35ccef1417b68f11f85cb30d62ec88e562d4, 0540df4daee6b27e868478599e342f3b73acc0b5728cb2304ee8b8a405dfc1d4
DEBUG LAMBDA: 0dc07c11d2929bbfba67f728d7c52ad5f26e945bc3bd32a881e1eb02d9f729d4, 10e73a872e80a5bd9a87e2493edbcf007f27f4c14683921be2f17d898e187a2b
DEBUG DBL p->x: 2af0222dcf1c31627ebd864545811f2da7924aeb58fe446d041728182bf11a25, 10d7d167d90dd0fa8ea755ecfda92cfadfa9d4b7b7eb359c292e5d728d114d5e
DEBUG DBL t1 (X^2): 2b350051a24e6d4a3d34ea2a67e4be11d17d1ecdd40ffac44fa8e07c41c5df2e, 0878583eda3186c5528d757deb2e2f062044c2ba9f2c54b4f11b7fe7ea44cfb7
DEBUG DBL M: 20d6640f2488078b46fe331234ab897a45748746ab4c5b3276b989471457a2fc, 196908bc8e94944ff7a86079c18a8d1260ce482fdd84fe1ed3527fb7bece6f25
DEBUG DBL S: 082b54fc448f9ff38f96e31b15915ff603c213245a5c3608265cebb7c5b23c04, 25ef4c4c6d76e78c99c20d165bd941d6e4135b9f68c24c432fdc027e3ff4177d
DEBUG DBL X': 2f58600c85fd75f5c2356ff59516610e305183deefd39bc95491661e425b8233, 1c310559b1901c87d5bc5665a8cbd00a848741a4e8c6f265b2c5df576d52e53a
DEBUG Q->z: 128a714ac415a73ac7e8a1476926280cf1acc01aa76e056e3cb1600564084d47, 1c82e4354b9e0b15c236d40f417c620408a4ab86db40a83719702b87ccca373c
DEBUG yQ: 028743a5ed97c52df4ac6308d47ddb51831b145d74af2a7b4ee77a67dbd12864, 0f86127db503ca07c40c6a2832ab486d9a2396afc533737acd8e11256ba2a064
DEBUG DEN: 050e874bdb2f8a5be958c611a8fbb6a3063628bae95e54f69dcef4cfb7a250c8, 1f0c24fb6a07940f8818d450655690db34472d5f8a66e6f59b1c224ad74540c8
DEBUG DEN_INV: 289b06bb7a5893fa6578352518ea8cba9ec46deb6cf28218d3acee3a43bcb704, 2e7a0c5817f2be04ec4b0075e8531c4624ac5d495c1ecb178b99288801cce84d
DEBUG LAMBDA: 183eaf16887d0afabe760d8ae8420dfcb6275a170e9b6e534777b69519c066f3, 04e855c390c2332de48d27b070aa75557720829b2a89fa1e9c2326f069c60a7b
DEBUG DBL p->x: 18f411b1acd0f3f8392215b1ac82c875067215b19c6d077cbd5099902cc09b7b, 04ddc8a7a2df4b87c72fb316478242e952309f87a8bd55ce18bd5c7e1da704ba
DEBUG DBL t1 (X^2): 21fc0f816a8d04445c60fbd1c7ae4960280eb4b7861adb5b402259013f0fae98, 08fae5f5cec260caba90e6109e9737cc41a6c0aafd6451c5082d5ad2be0b182e
DEBUG DBL M: 052b919e7d43cc79a482680854082b6549294903c16cfcf74825f2d60c35113a, 1af0b1e16c4722602fb2b231dbc5a764c4f44200f82cf54f188810783a21488a
DEBUG DBL S: 28a6afcdd7cf9707239491f60ed96b068124d36c7249e703c918a1396322c9cb, 0c97728aa046052eec0b7faac6069df6a999ef6af807263a50fa94507d1ce884
DEBUG DBL X': 1c04899eba8594544f376fe324b99059c170dd09c688902e779daf3bd5ff77d8, 22325965a40dc244192481536aca34d23f75e826eec2b6ff4ec6c9a2896ffe09
DEBUG Q->z: 03482f0eb69508e7a6c6f5259f03758129347f6a212737ff4836f092498c4abf, 2df8feb50ff213aae85d81939eae4f8b7c30566e06277ea7e2e5004af87e98a1
DEBUG yQ: 1a865c91fb649e2dc73de9be11f41eb5c662278bf96ab494fb769858267b5453, 29e1f66aa0ccc456c3016d9d037c6821f35836e9df8b08ae09e42530db45a511
DEBUG DEN: 04a86ab115979c31d62b8dc5a266e50df542e4868a639e9cbacca4997479ab5f, 235f9e626067e883cdb29583857777e64f2f034256a446ced7a7be4ade0e4cdb
DEBUG DEN_INV: 21cceccd864b2da12435ec8ebc4a8a95f4f0511d3722e1c8bc17792d2ebf1d94, 0968558026b40243faa3cbdf44a7d0645042edb3054f3a07a260be89d30b4d52
DEBUG LAMBDA: 0deda08ad4dae22bad579167f6ab46a45a04eaa5c5fa1e99484f316e67cd0b4d, 02886946dc6b1a8fca7541cc9db54fc9409701b4c0b2a7839e9178a13e33288b
DEBUG DBL p->x: 10465a9181dc3986076e8c95b00e1b05246cddfce07ef82065f1a1b133aee85e, 1a9fb790357f8f33e27f4d668274fc012fe3bc2d371992fa11687715e21134e8
DEBUG DBL t1 (X^2): 09998cbf560fbf8a6943991bfec136653463016c6503055fc1e5b6a6ccb47b44, 11ef035008aacd4bb605e9f689e1b8f5d5ee8bfdf7b817dff2ebbdbc9de090d7
DEBUG DBL M: 1ccca63e022f3e9f3bcacb53fc43a32f9d2904452f09101f45b123f4661d71cc, 0568bb7d38cec7b969c1782d1c23d283ea4a39687eb67d129ca2ad1f0124b53e
DEBUG DBL S: 0d0823bddf78fc4c7c24a8465e0ff2b60bb72c08bec5f029254b6fbb444fa08e, 068d263676ac7a2bf23520f1c571a1646e93746849827c54950d8cea85984b6a
DEBUG DBL X': 07ba949ea12832989bf85b1570e8bc889eaca2d354ed34346848a6651c3e6535, 01b99103917d64bd0315fafac363e020a343a3ca69cab0ed0bf67606c889c358
DEBUG Q->z: 0c7fb75623a6a3669200b1bfc8a49e4d56ae8553d90b26d17aa28e145ac9d16d, 10d6219c879e91ecd9a643499780e59cc6474e25d8507275370430b192892fae
DEBUG yQ: 24eaaf7c1de94765a622f8eaef373f60255a56ed71ad4542bbd990731c023cad, 0aa06cdab69842c87a51d1557462d1948dedfbea3673c2a3f72fb8fb2c3a5e98
DEBUG DEN: 197110855aa0eea193f5ac1f5ced2662b33343497ae8bff83b9294cf5f877c13, 1540d9b56d308590f4a3a2aae8c5a3291bdbf7d46ce78547ee5f71f65874bd30
DEBUG DEN_INV: 1b6a214bc234ed1b4fed530cac2794a5fde33bb3eb3a2fabd3494efeb50a777c, 2151e54d20cc543e6348b537e6f3bdb19d0d4f2375a26bd0bf3ade3fb67774c5
DEBUG LAMBDA: 2f3eef326312f48efa871e42929f470b76f73dd27991d39829f4c61471966ace, 27f078facf120d9684da9263102bfb9a9dca753362794c0147ef84847027636d
DEBUG DBL p->x: 07ba949ea12832989bf85b1570e8bc889eaca2d354ed34346848a6651c3e6535, 01b99103917d64bd0315fafac363e020a343a3ca69cab0ed0bf67606c889c358
DEBUG DBL t1 (X^2): 003b131b1a7511effb55391f10ab1171e17c199e1aac912d45865dab8da0dc41, 0d69303202d11b78466bb5ae8a3a04e209f79583c3e054af36d6f963f29c5bea
DEBUG DBL M: 00b139514f5f35cff1ffab5d32013455a4744cda5005b387d0931902a8e294c3, 283b909608735268d343210b9eae0ea61de6c08b4ba0fe0da484ec2bd7d513be
DEBUG DBL S: 1e78702d06ee14c91c361ac53cf0140fb5f1c22000846af49a3e661be3019ee1, 2fd14dcea8e63d7ff804ff643b73cf81afd7686a94cc294da42da0e0a640df7e
DEBUG DBL X': 088f15a80eaebb6fcc4cc50e3c160b51b01e360b8b84c7856967afd74bb5a689, 1e3b7e30f3b37965662027765dffdf053288e3536c85d5964064a7685b877fef
DEBUG Q->z: 0ae7633d9f22223f902683227842bf827c7c48be213021a98025d25d8ef995de, 2080af6bdf3e315e40d76ca21b0862e07d1662c62af2f51bfd761c0679a0b559
DEBUG yQ: 154dd3c83b245e9ac388c737adb868cafd3872f570526f8eeb3413377a17737a, 194e428a46824c7b4e1112a2ddffc326df8edf3fa09854482aa372d3275f9d4e
DEBUG DEN: 2a9ba7907648bd3587118e6f5b70d195fa70e5eae0a4df1dd668266ef42ee6f4, 023836a1abd2f8cce3d1df8f3a7e2df0279c53edd8bede031926598f76423d55
DEBUG DEN_INV: 017e7c2e3d833f1c46609db5c1c36bd57c853ead788842e176ed61636bac537b, 1176789b1637ba72fcc0ad8c4ee7f0686e9cb0de1171b884c9bcde3cf49d7eb3
DEBUG LAMBDA: 25f2ab7cd6eec23b96595ecc9f4483057e973c4aabbe23d36383b32a2f80fc4f, 0d957d0333ebe8593b9dc2a2cdf714b1f999930a12b90f484341284a089b8985
DEBUG DBL p->x: 0f4b77f8bcdb51a086fc3cb7b473d49552631e6b5b9f4af3980e490d36dd7223, 1e16790455bbc5eab7178f72fd7231c2e3e866224216b23c2275fb412dcb6aaf
DEBUG DBL t1 (X^2): 2371f7d892334ec3e0c3479d38eb4afbd5b16783d285e2159f29c060ca8cd09a, 2e4aff1484a7407b3b17934d99c423bcbbc104c3efd42494db037acb647e0da9
DEBUG DBL M: 098d4aa3f436abf831a94b6aa7bf303852116168a6ae1126653c28f4aeac7740, 2a186057cb92811e40a62e7bca49ba7b04403928fe98d8a418c958347c802e6d
DEBUG DBL S: 2140801fb8124f4799260d2a7cf8bdff91d509090988126521a384cb8584d447, 115793b48a0f59afce1cfd31dfa7c7f78351dcd599b8e25661b191866946026d
DEBUG DBL X': 02c8bba080a4fbaf73bab81ace50b482897c3b677a88ad0432599c050a2df6e9, 03fe20378b473c853f027f16fffc7b73a02c269719366be633e4071875c5bdaf
DEBUG Q->z: 09fd22a691c5360fbb925d40f1e288a98ee16bc0bd88982ca64d4f751ffd5166, 0120fc6b750122d205a2e2dd38a0694de19c4fcc35713f2bd17495e7aacf9bf3
DEBUG yQ: 1e5268f4d83165e4cb916632e59a41d90bfc03d8d6a28f5a672e2c8b712fe1ce, 2b6c6588fb170dae35a7b0a9a098015817b5e2497998eb0c5508567bd806c2fc
DEBUG DEN: 0c408376cf312b9fded286af49b32b5480769d2044d35427923bcd0009e2c655, 26747c9f14fc7b32b2ff1b9cbfaeaa5297ea5a018ac00b8b6df020e0d79088b1
DEBUG DEN_INV: 10f345fd8b49a422ce3a52b3c516409401f885ad493cccc30de7e542146c4f4c, 2d12bfe14ad4607e76a42811f78638faacc48053fa94ad36cb93d9d76d75efa7
DEBUG LAMBDA: 2a1b9614b86734000fbc49213cc7ff6161eddc7aa0c054b1d77dfb9813a5ca06, 00ee2effc378188914074dcdf04249649cba6a3d1a9828e51cbe32d73448666a
DEBUG DBL p->x: 02c8bba080a4fbaf73bab81ace50b482897c3b677a88ad0432599c050a2df6e9, 03fe20378b473c853f027f16fffc7b73a02c269719366be633e4071875c5bdaf
DEBUG DBL t1 (X^2): 0bbcc13b66237cdcaffe6f7830bb090b9ee3b86d13af93bd832225ddfb9c71e6, 112be6e604ab1b932f5922e753e687a957542e90fc68423c6754ed4ca1c48192
DEBUG DBL M: 233643b2326a76960ffb4e6892311b22dcab29473b0ebb3889667199f2d555b2, 031f663f2ccfb28fd5bb22ff7a323e9e6e7b21218cc6fc27f9de3bcf0cd0876f
DEBUG DBL S: 1a28666d03d0cb396bc1e8b46c3b1baa4fdb92baac1a257bf289d4bcb952f2ca, 14f26e76561491063ce1d1b6abaa35f2c9b34457aaeefd81a9988cb0e570eae5
DEBUG DBL X': 23e1f1d0e348c1e8c498c0c264235c083f2551167376504ea99a33a5feee0d4d, 037041ec22276720cadb72d969d9d8697caca9f848c5cdbe631f2d683d856446
DEBUG Q->z: 12137c5cb5770f4cea0739714bf58f980e61952b02bd83906c219debd90e9cb5, 176030831366f7ea0dedddcdc7b9aebdcec00f49d2d29f2d79e25eecaa3f4618
DEBUG yQ: 04d4cbbe1bc7a8e7a22a87dda3efd295b3a118f7685837ef32e7caaf0479b322, 01a6eb3011bda94becad5215213aeb621f718e878d581c11d0c384be4490a219
DEBUG DEN: 09a9977c378f51cf44550fbb47dfa52b674231eed0b06fde65cf955e08f36644, 034dd660237b5297d95aa42a4275d6c43ee31d0f1ab03823a187097c89214432
DEBUG DEN_INV: 1e047723411fed584213ede95e8b36f61da87ae967ec3217558c4c26ec46a2ec, 24279e693a0b04e718ac5a597081c251052bce3d8af03f7ae3415aead041f4a6
DEBUG LAMBDA: 17940f1ae8e72b67973a713975bf81008e100df272425f6c137a1eab095543eb, 110c28cd2e4f59c335e61397f7509975df73451ae8fbeca450f46cf700a975c1
DEBUG DBL p->x: 19b4f9eda93ad2674159e8f3d9cc09a5684c68183a90e85f4d7be041d2fc4f52, 213f1b37cde8c7ed36456b185fc7ee330cfb22e069a4db8f9c3d95831c81a766
DEBUG DBL t1 (X^2): 28ee9b308d0b3b5b1976e1200b7e07871bc2492aa39382915596662b3c5eb6ab, 134e569143430eda9d4ac385b8e33d60f8cd11b41870fc79761524fce5d0d567
DEBUG DBL M: 1a0334abe4be71bddbc417f31f7765da2444065d19d6f29988821a5404222973, 0986b540e8978c661f9004daa9285fc552e5ca8ae0e12adf261ee2dfd8f582ee
DEBUG DBL S: 303e3a864edc5c098eda2aa20e779265cc64f4d64b948acb2ba36817cdec2977, 1b823292251e953b271987e3d4a3c44c9ac6e16b2339041a5763db58753560e6
DEBUG DBL X': 084665474266b38a993cc082930a7ead1d318330cf4db29378c9ba189c469b55, 13ca9bdb7e13077c15eab443b83cfec724e5f742d6b85d3ff95e76b6068295af
DEBUG Q->z: 1c8c59e75cc604eade78656ecb8227958de0eca6821c57c8e905a31911d9c5e2, 166e192cdb111d3095957a69736e94f6c7fca01b2dd8d86cef1968fbe068c083
DEBUG yQ: 1f54cadf6efa28d9263335bf35e9955d65f15b25fae39b153ce9f984531f5fae, 0b3e9505dbce96292238dbe2e09f6d30023fe68240aaab33353914347a62c6a4
DEBUG DEN: 0e45474bfcc2b188941625c7ea51d25d34614bba8d556b9d3db366f1cdc1c215, 167d2a0bb79d2c524471b7c5c13eda60047fcd04815556666a722868f4c58d48
DEBUG DEN_INV: 18b27c50179987b1e8af1e493f7336f12bafebe6a31d55a08529b44c68b3519b, 1478ac069f9fe4d6b8aa32a16fb3a28e59bdfa2047cc1dd4d3d8739694443764
DEBUG LAMBDA: 171ce349e8e30dd6bd4f83e63bfa74f8524715618b8479badaa62ce113a6926c, 084c235d073a814f8e44d568b2fc361d9400998b4464c84258e28765b8771a4c
DEBUG DBL p->x: 189db2b651b2f600a320b52b8f043841cbec776ae40fb1f8d2d9ed0fb389c790, 2be14417fe3cf2de59ea43a7d0d6583ab6f2b5dbddfc1d55e2d2f7f97cdb4e08
DEBUG DBL t1 (X^2): 148486c4a7e8fc1f9bf3f57e0fa6cc65fac24e32a68793cc7d7ca35302fac8d9, 09a3636fc36008d3a0a6f768ab441987d7b57800c9789cf2648be331ea2c2d26
DEBUG DBL M: 0d2945db168954351b8b9ac3ad730cd458c580068b24f0d83c555de230735d44, 1cea2a4f4a201a7ae1f4e63a01cc4c97872068025c69d6d72da3a995be848772
DEBUG DBL S: 1eb6c4f215142c2124d37222bd19cb6bcc7524e3c4e06dd37dc0b5482d1e0c64, 1ad7231e617f567f3683a37bba63c27cde488e972f6478bae63a887966769b01
DEBUG DBL X': 0e86e723b07a215f9d6576f7cb95d8d17efbd6d079b94781de23688e71e748ac, 2cdd12821889f28b7b04af37ce3deac29408018a1c25671ad3984bd6c72c6db7
DEBUG Q->z: 2e01599cec5b284d1b4a92d1951ee389c3df2b055fad6d7a89685b3050d74fe4, 11e82c8af1c16a0238735d5be5f1921b3add56d420475377ad98db9bdc8f25e9
DEBUG yQ: 29070d4ec651fb8fda6fd19dfc38aab204522932e0cdb7d952b80d9f55fc3ad6, 1402a5c0271b335030d8697e718f218694315a730fdfcfd69ad2499f05001e80
DEBUG DEN: 21a9cc2aab7256f5fc8f5d8576effd067122e7d45929a525694f8f27d37b7865, 28054b804e3666a061b0d2fce31e430d2862b4e61fbf9fad35a4933e0a003d00
DEBUG DEN_INV: 021c9ddd45cf67357d6282539635b9074924ad57fb79e84bb2772c7a9e6e709a, 28e27935e654687e84772b1c794ecc485faba555ddfdaa3d4ef4dddcbf8fa35d
DEBUG LAMBDA: 03cc088cdddc62b16ab1682a37c686ed47c5f9c437b97b15a0230673d580da16, 02f944cb02319ae661362e2b47af49c13499444526a56b6a3ac825e4aa1d5e04
DEBUG DBL p->x: 0861579b62ece3bfea742eaba91055d9d5f4814bb43add7fce40eba7c50f0559, 10e30afe440fddeecb58f34084f8d7100f34af814176daf2c0fb7a12d1167850
DEBUG DBL t1 (X^2): 2ecb5af66f7fb96d7cdf6b2ccf0f58777898d10faa21a70b6ece590611b0c4cf, 2d9a3c88376f078866618b37fb7c96b2ca1e33652a620d3d00fde84a3d9d2668
DEBUG DBL M: 2b9973fd8c1bebf505fdb6196a2b58ab3ac79e0c2d816007d429f2e4841853df, 280618b2e3e9d645c284163aef73135d2f57c50cae42929c8ab8a0b107dd78aa
DEBUG DBL S: 2f654987f60bb82fec5abeae708d4bd2070036912d2c86a1f4f11a672a2c1af5, 0d8944d9102b8095e2bd466676b20f91731f53b9c70b7f365c7eedbce415ab85
DEBUG DBL X': 13c844f18a7d462612a520d56c0d5a80424e800af447cb1070c0073e7995fcb7, 13e8810151d270225efe1268b73753d3c87ad107703d02c3ad3fa2601dd62ca1
DEBUG Q->z: 20ded2ff7be61c231492eef5c4a5ad9d5f8be419500c8f7547ce10f58fbe3dee, 2b1974fb8579175041ac495d945148fae2f9904b4129f84836ae36f27f8a9933
DEBUG yQ: 1aadd6a8b5cb7e5b61c50bbec29df0a46f269660ea0f906c96f1d496ac257542, 07f1dd274c4adb47f660c95fe5f56ee0f798021581eac405c0b3b6a96c3c40dd
DEBUG DEN: 04f75ede8a655c8d0b39d1c703ba88eb46cbc2306bad564bf1c31d167fcded3d, 0fe3ba4e9895b68fecc192bfcbeaddc1ef30042b03d5880b81676d52d87881ba
DEBUG DEN_INV: 25824b0c9d7ccf47f8443efc43d1dec599c35b502221edd190f3922819e8c04a, 2a38b9d1e19f07c49c488ab4bb6a1bba80c95053af79378f2c776a8a590d7dfb
DEBUG LAMBDA: 20e5e94360aa8aeb2809b57f1d38f3e9d08a9662be5064acfb5380f2ac93a8a7, 103342fa0fcb636a01d6dbc0deecb8e975446dc64360c4b4f83c542195f56fc3
DEBUG DBL p->x: 2e8e412feeb9c9ed3a5745137d00cfbcce27e0e7df6d62a59abb4a000ddb96f1, 0a01873d03d98fb64b6ca8fd6c0294dc3e4f39a015c1a1defbbe3437463b336b
DEBUG DBL t1 (X^2): 0ab0e72fdf2a0c3ea2c88a4b48926fc907aef022f0433b3682555d804bb29c5f, 1795fc6ff996e9256aed44ae7b10d8b1b5d545ffdeb5a27e77cf28fd166e3bd3
DEBUG DBL M: 2012b58f9d7e24bbe8599ee1d9b74f5b170cd068d0c9b1a387001880e317d51d, 165da6dd0b931b4688778854efb131b789fe676e33af1cee2b4ceee06acdb632
DEBUG DBL S: 25e79753884196a807dccb480ad03dc5cbfb05ea7125678c9d0e420b511806b1, 182fa5a199a4447b5cbd918f416b33c2a6a5c0783aef92361adde81aca44fa0e
DEBUG DBL X': 2642c6920d9c8eae5222cc343fe87b47b26583beaa7b2b5b9d6cd0cdb0eeefa7, 10175731ef884610a1a016089ff02dae55f5bd92920f6ebd5341a3b1a17100dc
DEBUG Q->z: 1223e942ab6c2e218ddcb3948451677fb6a7b228383eb5c75ca824ca9215dc73, 189344805a67628b709e804ef9ef1924b54dd778d75a6e01a2fe77881257ef67
DEBUG yQ: 03c36784319ba540e68743045c8660c33a0337b9ec62820db54b778d050bf347, 26458219195e8ac6f706260c6b9295c9196172c59e88be866b5c3943aca436bb
DEBUG DEN: 0786cf0863374a81cd0e8608b90cc18674066f73d8c5041b6a96ef1a0a17e68e, 1c26b5bf518b756435bc066255a3d3349b417af9d49fb27f9a97e67080cb702f
DEBUG DEN_INV: 011729cf7b21bdbd4cc22d320cdecbc99b5f25efd6ed58947f64e8cdeb449918, 2e630afc7a22121d1cb2658b290bfe240c4736547a56bf0e703a33f4f6267b92
DEBUG LAMBDA: 1d708c6ad773377e59737cecce62617b43d3b77b05637783ccda8b884b479ab7, 29f76b16e7562febfd25cd0838089e688611089343fb3412e19d7272b8091c80
DEBUG DBL p->x: 2642c6920d9c8eae5222cc343fe87b47b26583beaa7b2b5b9d6cd0cdb0eeefa7, 10175731ef884610a1a016089ff02dae55f5bd92920f6ebd5341a3b1a17100dc
DEBUG DBL t1 (X^2): 03980ebc120b542d9010f338598da7a597b8348fad61ad363360724e3c7fa60e, 3052190c9cc996ff5d10e7c19c9f8fc664c504620aff7fe4acbb849cb2d3a4c4
DEBUG DBL M: 0ac82c343621fc88b032d9a90ca8f6f0c7289daf082507a29a2156eab57ef22a, 302dae4013f984aaa6922bd7d2dbfe97ff4c3803501aea938df175a86780f3be
DEBUG DBL S: 078bc7b7346aee3c34b15af91168c9273e115b7e793ca2ec20eddd05dc0ef8d6, 276931683d259fa67f1dc25b0fbf1e6b8f2a7a685276c6ecff3767d956906e39
DEBUG DBL X': 07deb0c9302d67d5034252e23c814c9c89e778dde1bf913c95df659b179a2153, 16f51dd041957c82f88a5877e5e731b9178e6c6a854e3a66209f0dc87b8ed3e4
DEBUG Q->z: 234ca15655119db11740110b11030b1e8923e5f8a2f6312f4ae2b8be0265e44c, 0df05bc37ee323def4e805331d1f170ce6c17b214b2ec094b65501e22770bc7c
DEBUG yQ: 1de589100095c28be0ef005914d44af83b0322d56ccc1ecf6cd608e39c350c3f, 1886b2fe422a2862875525632d4577e42eabd06fe1b8bbdaea8fe27ca1748c5a
DEBUG DEN: 0b66c3ad1ff9e4ee098dbafba8273d92de84db19712673119d8b85b05fed1b37, 00a91789a322b09b565a050fd909976ac5d6364e5affad2898ff38e26a6c1b6d
DEBUG DEN_INV: 1cfecb50ad6dfb93531c4ed244a7314921940c84b73c8a7875143ed3dcd80178, 1e3a06d11dd708df8a3f8508d72f1ffde659922b8270e0f17a169735919477bc
DEBUG LAMBDA: 1c96a2d6f7e9e6fdbe7a1d41f5503657e233baf9a89acc75c428b54f8c2e9122, 06ef6bbf54eed24bc937774310d40cf8fdfda368e05c6cda64ecc522bd8b4503
DEBUG DBL p->x: 07deb0c9302d67d5034252e23c814c9c89e778dde1bf913c95df659b179a2153, 16f51dd041957c82f88a5877e5e731b9178e6c6a854e3a66209f0dc87b8ed3e4
DEBUG DBL t1 (X^2): 116b39ed6bb558b7d9845c1c945deaeefec2c61b973b85e257a85dee0a1aca80, 11c26276ed182c686bcce946c132ecffe8616b9d4a5cb673db5fcb0bcb450c4e
DEBUG DBL M: 03dd5f5561ee69fdd43cce9f3b98686f64c6e7c15d40c719cad88db345d36239, 04e2d8f1e616e50f8b16761dc2176ea221a2d84676a458ce55fed50c895227a3
DEBUG DBL S: 28ba3713e439e9d163551b439ef8e43625bb9732a3d366958e570f2b4f15e18b, 2e250b582a301758aac20a4e746e21bcd41072a29cb2867dd56da71b99078688
DEBUG DBL X': 0bdcab42aa02278aabd8d80e705ced32ef04839de51dfc1ef89ff9b80a956721, 0b63f926fc4a78b9c2ac9004b68a026cdd124385c89d346fa05a6582235de10b
DEBUG Q->z: 2e86b425681b0b9e6c021ca3e1653dd57c2ed37e258a41a8e95f96217285a7db, 1218e6849aade1a931a2340136cc853dba81ab525d3f124ddb91b6efb4c3ec47
DEBUG yQ: 1f69cadf920479349445690184a9f411ee27559327761540387e384d918c6059, 0569ec416ebd0bb8495028700e03ee78f2c43ffec2178b9e33fb2dd49b4af9b1
DEBUG DEN: 0e6f474c42d7523f703a8c4c87d28fc644cd4094e67a5ff334dbe4844a9bc36b, 0ad3d882dd7a177092a050e01c07dcf1e5887ffd842f173c67f65ba93695f362
DEBUG DEN_INV: 11d21fbf90778da3071db38142733fa7e6959f86ea9ece0a3bed8fd38e36e392, 126035378bbf0f6e5e2aec1b5801227dd29d334342b845add2efd72e30024585
DEBUG LAMBDA: 013e64583ad395c96a7a06b0a95e6ed8be408e0a99e820f02fe8394a0cded87e, 277a839be02462eab9f548c2b32c0ab0010f307d95dd1dccd64a014e27cd5475
DEBUG DBL p->x: 0041e357641dd09c2cf7d52443c604b09f0e9f33e9a8a1cd5da7b28b7d91fae9, 224d5327e3f943edcf9fc230a1558e9e0409349f5b974d5a8c84f5cb6cece51d
DEBUG DBL t1 (X^2): 1c3bb174c8973269ff5ecdb8aa8e720cd09fe084a4b488727deafe11510c434e, 01654c4d047143f71e8c49384615a4eadf4d833f140e5f333935d5b88b726abe
DEBUG DBL M: 244ec5eb7893f71445cc23737e29fdc8da5e36fc85abceca3da06e1d1aa7cca3, 042fe4e70d53cbe55ba4dba8d240eec09de889bd3c2b1d99aba18129a257403a
DEBUG DBL S: 1130c2b7566f07f9f495e74d3bde7163c60ed7c9a5079ae8a5a35cd2115f0f6d, 039e9b8aabde95b5708562854af11cca43e625b5adcb6214c3264bd0a3fdfdde
DEBUG DBL X': 1a9ad02a5c5c4553c1ef206c52fba31bbc9c289bba439597295e3af5305ffad9, 1fb591ab52e193210cc3ed6a5c229951c1ca5ffd1b2f7bce15d65efe5e721465
DEBUG Q->z: 1ba80f2f4402e245072868a6baf2da32640c9f276081d3544fff2b42d0baac35, 0a4881a91c70fe3b507e0f181f00c3bbed777b18a14f4b1e605a4342bcbe6ccd
DEBUG yQ: 22307ac091f9a5ca65a88ee4b95debd9e13aa216fedcc9bf3d72a2936db37ba3, 09e12a5f2906d3c89ae6c8afc4c8881121e25b3d2f9d5e72ded2092051eb1399
DEBUG DEN: 13fca70e42c1ab6b1300d812f13a7f562af3d99c9547c8f13ec4b91002e9f9ff, 13c254be520da79135cd915f8991102243c4b67a5f3abce5bda41240a3d62732
DEBUG DEN_INV: 2d2f494060700a74c4f46be891bd5b7c555d998d98bd364e533d06b3aa058534, 159d07811a2a4092c7a6d5570cd437742301255900ffec941c21de9d822f6408
DEBUG LAMBDA: 0bb5af988c869711420452bd5f3dd666d90476215596245a7eb875308178b9e1, 01c14da3f85dddc252ee0e4fab00fa430c04998e3be75b295e6bb826159d09ce
DEBUG DBL p->x: 1a9ad02a5c5c4553c1ef206c52fba31bbc9c289bba439597295e3af5305ffad9, 1fb591ab52e193210cc3ed6a5c229951c1ca5ffd1b2f7bce15d65efe5e721465
DEBUG DBL t1 (X^2): 1ee59f03ffdcd73e7e96401df4ada0e64f9b3ba6215168705fdee3454da86f0e, 194e35eb8c41f00368265015a24c356719b31b3ac9ac485c10487965b79eb59d
DEBUG DBL M: 2c4c8e991e64e591c3727aa35c878a5557504860fb826ec3e37c1db9107c4fe3, 1b86534fc3942fe08022aa8a656347d7b597e71ef4930e86f4b8e01a4e5f2390
DEBUG DBL S: 2e73659ddafbd38cc685178a933793e9e0a15c1145c920b88ddf1aae47b0b255, 06be341e4ef36f5d1afe63e597663dc0df267db92abca01812b84e4c5f4bdc4c
DEBUG DBL X': 1bd2c6608cd4099e0d083d22391c76e5150dda9aeb2fb094f7408f4c3b964eaf, 0d71d68e563b7c92c88acdbbe4940acf9d4cc80b6ac860b9dbfa10c753bc82f5
DEBUG Q->z: 2fea0bf3d3d84542e5545c0a6ccd027856c7ccd6e30157124e4761e3f8e24ad6, 220316de27f7dac71b7b945ff16710304559238202d1cf40b70fe33370012d82
DEBUG yQ: 11b6869904abe1df93da9846201764ee6d83bb047043c45a5998abcf0b5f7a0b, 0ef1f8cbe0ece054642c64ffe52ac2fe6b707d3c3080e5b9ea0bf53be05ad0b7
DEBUG DEN: 236d0d320957c3bf27b5308c402ec9dcdb077608e08788b4b331579e16bef416, 1de3f197c1d9c0a8c858c9ffca5585fcd6e0fa786101cb73d417ea77c0b5a16e
DEBUG DEN_INV: 083434ef19a3719227b3d17e4f32f0c2f613b13e51bb0b3ef5d37b24576e08f2, 0dd4c901c37522dfff89c46e93bd165a8c3a6728d318341cf475c86025f62511
DEBUG LAMBDA: 10ae78d9d83bde983ec2458db477b99c2980dbbded8d29213f89b0f5d0c2a714, 19c95b655d591d712cf1c0ac4c792a7e33af7fcb1910033672c124d3f7146be6
DEBUG DBL p->x: 0fef530f2038814d6f0c6d4becebbb235107c3fbe6dbd7cd6f880f67ff54d9e0, 20ce65b90974cc27c43a9720703e236a3a315f273cbdd1201cc5f4bb75e08841
DEBUG DBL t1 (X^2): 24cd5e4ed9f2463252f246ec3842dd1d738a089f02b00cd674d41f5602a9f215, 1cb0a45bc02dbfbf4c9c54988b731a6fedbd27f76ae6dfb48cae99debfde0162
DEBUG DBL M: 0d9f7e06cb73924388364957a5c5e69d2b9b44ba372c9168e63b45d45703dbb1, 25ad9ea05f579f142d84b81320d7f6f231b60d54d842d49069eb4185671d06df
DEBUG DBL S: 0b889eec34c3056323916d411ae938a6ae589ebb9fb82897e8eadd58370c0742, 16067d2f915ebcc0b50eee94bdbb0e17f7c4d12931738727bf5a7c2f32661d6c
DEBUG DBL X': 2a3e26df225c635c27af9e9c39c4e22a17f1f8aeed55a8cfc5f2cfcd75bfd9e0, 117e3108e12a0502a78f7a2be9717229219c59fa2b6f6d88ac65c08d52a55c9f
DEBUG Q->z: 1cf9dcf6acc0936e719c0d605e97ed5c6a95528fe20943b7a837ef0f68cd2630, 0e7ebb96a6327b5f317a5d0543e14fc157e10c7a6065f405391aab4e8e7f04ef
DEBUG yQ: 13d57d88848e796e5e23d9f5a589d28b621ab6d33ea8fb2178c26a8d0bbcb152, 0ef91ba71b9a53c633e7eaef97d6d0c22b9d0655a598c3cce7df1ac4bdb08bd9
DEBUG DEN: 27aafb11091cf2dcbc47b3eb4b13a516c4356da67d51f642f184d51a177962a4, 1df2374e3734a78c67cfd5df2fada184573a0cab4b318799cfbe35897b6117b2
DEBUG DEN_INV: 0a5d6d0624a2570812a32ffc86bdbbdeda271eb29d3d86d279e22dce39815b12, 18180f2b4bb7b38fdae783875d111d628eccd95417c698de1da63b48ffcb43cd
DEBUG LAMBDA: 0e5a9966b512efc9a1d9081544035afc69999bddee88186de476649340dea2e1, 06c2aecb112564ba0908728fac8556cf6d8aaf8bb631aa06c9f6166e0b679b58
DEBUG DBL p->x: 2d6159f6de45fbe961684a477474db27178fda0e2777f469f4af82dac1a808e3, 150b9b4b9593847ee7e4435b6525cecc6337523a8a7238d76ceedadc4759ab5d
DEBUG DBL t1 (X^2): 1045b4f08d34b7b3dc808f66d26ca35bc3a9881e5168ae7944865f3c0a53e24a, 1036e6023520b1b1a7e423f86f3dd7ca8d6e58de712c6b2444c765e6b61fd27b
DEBUG DBL M: 006cd05ec66c86f1dd31687df5c491b5b37b2dc98bc840de9172919d467ea997, 00406393be3074eb3f5c2632cc382f0210c9a009eb1376df9235a59d49e27a2a
DEBUG DBL S: 2f6d66e92491941b35f32c0ab0ccd79c5f5f6442cd83a47c850b436c810d68b5, 2a30b9c3440c9a873cd489602d79faba3886bdef4a3eb54f2a1498546d2374e5
DEBUG DBL X': 305301417329318cd70679650aeca4ee38a8af2b624d6d8f39f45fe2eab8f59d, 0bd8ee1c7fb96f78d5289666be9c315f902adfc3e9d4edcb9d3765eb446377b9
DEBUG Q->z: 12ab47ace99149271440099b9aff9c396e19245672c6305ba150e16b3d4091e0, 2c991eae393936a37d61179d0bd51d763ce0f269a3b8137af8cd8d8a0f882d6e
DEBUG yQ: 11f1b2b1bef471620214f87e995d16ac99b45dc7e9f5e32bd5dd51332afce0ce, 09bcf90f244c6fbffaa91798d6399b2b2b2e4832d71f3d77a7e49014c52c5b40
DEBUG DEN: 23e365637de8e2c40429f0fd32ba2d593368bb8fd3ebc657abbaa26655f9c19c, 1379f21e4898df7ff5522f31ac733656565c9065ae3e7aef4fc920298a58b680
DEBUG DEN_INV: 040cb02aae87b4e07fe5bf177d24020090f288de4ac173d9a03b7fc4da6272c2, 2aa088bc8294835d25044dfdf2760280429a0f7f72e1df27aa44b576fa05e0dd
DEBUG LAMBDA: 1f9a1ea9b734d9c9087aa07bc8e37135cdb5d57aea4603c5726b6d2ef64b293e, 13aa46972925edd420d38f43a000fc1f9884b4634540d38c62298e7ec9108ef3
DEBUG DBL p->x: 216fbb94925e6f0e2a620cf671039a6cfc519f52acd601c4c6116c06ba83ec96, 2d6db1b4dfc4b5ddb3eff0a1a0cdd82893de7762f2885a322427d9ddf9597d70
DEBUG DBL t1 (X^2): 0574527ad17a08d1f821d7754b08dc9991431248384045cd945e554887c7dfad, 01169bc78fcb8a195e18d24b87c4acdfa94d490857fdb7cf06f91c86844f91a5
DEBUG DBL M: 105cf770746e1a75e865865fe11a95ccb3c936d8a8c0d168bd1affd997579f07, 0343d356af629e4c1a4a76e2974e069efbe7db1907f9276d14eb55938ceeb4ef
DEBUG DBL S: 200de9e9e07332309ba3ba0b4709dee237933d96bc0b7ff94cae21aca9b71962, 0e8818d913f528fc17f3a1529f46a64da70952811cc0db0992d664652dffe483
DEBUG DBL X': 2274efb568c602cb5e55a29fbc52c304541dfd0d38e122f9335b9a3fa49378ed, 21fe2009ef42c505a4595cdf6702fdb7b782b45a1bd94581d9f80217ed1e6d1a
DEBUG Q->z: 148fc307d91b1fbff641f68cf99fc648e94ab33ccb57264551eb8a656753d30e, 0293941eeed7b5f6c7a0f1ac0d482d44ee85dee5e85c8b8bf4ce4735ab513763
DEBUG yQ: 00d8374bd1cf1f3e0be93f02cf0dccb8d35d54395cad704350920e6ac46f2a4f, 0e97f98e9e6e0130faecb385587cddc47086ec8516dd553e5379c3a7f6dfa33f
DEBUG DEN: 01b06e97a39e3e7c17d27e059e1b9971a6baa872b95ae086a1241cd588de549e, 1d2ff31d3cdc0261f5d9670ab0f9bb88e10dd90a2dbaaa7ca6f3874fedbf467e
DEBUG DEN_INV: 1ce26d8dc0324892971708ecf4dd518bc2f469253695c7363b1aeb1294553eed, 0cf6832e1ab347c5001ce029f08d664be802b087d8b91491215ff3df7c4a6753
DEBUG LAMBDA: 2e24ce58f6ce110370706fe9da56c2ff0ce10df32a8589dc7ebd834b205a4e90, 0860c1bc5b8ff04a8c2c3af0b96e4c65afac00099c6ed51feab1eb93d84914a9
DEBUG DBL p->x: 2274efb568c602cb5e55a29fbc52c304541dfd0d38e122f9335b9a3fa49378ed, 21fe2009ef42c505a4595cdf6702fdb7b782b45a1bd94581d9f80217ed1e6d1a
DEBUG DBL t1 (X^2): 20b0601ab3cfbb7e5dccec6c361c2fc7a6ac693dfcbb09aaf30816bd35c1ed22, 19a07d178348b12cc9b3911ec6c70d8db77bc68a45f37d8a61c82c25b50258b0
DEBUG DBL M: 0148836a590bf227a8c639d79f51de9bc5026697254d87e660d72c09f04bccd8, 1c7d28d3a8a8735ca4ca6da5d2d3d04b8ef1e90d6968ae11e937f85a468a0cc9
DEBUG DBL S: 1fcae817c86f180ba2d6cd76bf42294fce21314813f432c6a8ebf2b44cac5aee, 2f221f0f46edc9f436a4cc2f5eb089e4bd53def235d23760827bc70ea7c4cff0
DEBUG DBL X': 0c4ee586d593853a8f951f6dbb51d7dda970e1350196bea30190462d389e125c, 230d2fb125af8cb4eedebf57b279c79bddaa3024511a0686d4a1907735bff8ba
DEBUG Q->z: 280a954797c3d40e19157cccc1b9e9c0b17b23c6256f8b6fa575854a4f3403b7, 25a43d75e042ce2a987e1aa08002dadf0cdcc3e018e4ad3dc2f998fead09ab03
DEBUG yQ: 13f0c62d4a3d722e89f84902300a5735bb0ec29fd11502f876a4ee8404fbfea2, 0002e50d6f9a4d118d380861a24dc32797b36ca81c6187203742bed3fae46f81
DEBUG DEN: 27e18c5a947ae45d13f092046014ae6b761d853fa22a05f0ed49dd0809f7fd44, 0005ca1adf349a231a7010c3449b864f2f66d95038c30e406e857da7f5c8df02
DEBUG DEN_INV: 274742d63c952786660f3a8ac87f89db9bcd6f78ae6bbd5809239f0b8d6a65c5, 05b801b8d0aec3d73c93a78a2c8e4ef7a60e5ff72452e9e38197939adbbe1a4d
DEBUG LAMBDA: 296d27e3c47ad5c56286a042830a5f030d1365b85ee5330d756bcf985ab8441e, 1ec1e4189182f044904a4444b72eef63999286a2eb454f4460fd09e202a8287f
DEBUG DBL p->x: 0c4ee586d593853a8f951f6dbb51d7dda970e1350196bea30190462d389e125c, 230d2fb125af8cb4eedebf57b279c79bddaa3024511a0686d4a1907735bff8ba
DEBUG DBL t1 (X^2): 0361767482845373f733a92ee961639fdf7187a4c6c48566b33be05b5147f313, 016cca9cc73afca002f465f8369b2302d08c63c546135fc4f4f1d09401568641
DEBUG DBL M: 0a24635d878cfa5be59afb8cbc242adf9e5496ee544d903419b3a111f3d7d939, 04465fd655b0f5e008dd31e8a3d1690871a52b4fd23a1f4eded571bc040392c3
DEBUG DBL S: 0f0b1f3d911a8740aa4bcb52debac61fca7424031bdb6a623a33a40f2126fc7a, 06f73a3b8e528cf451ea287d8118b641d69f4ad7acfbc1a138f7151d727a97a1
DEBUG DBL X': 1447d51c9788c9a9a1d01aa38ac94b56c31bd87306bc1e3a1d6ec1d7f9a6dc2f, 2f0d5853595b1970795a9048ab7510e8a69a965114990eaaa787d90174be86df
DEBUG Q->z: 1dbdba5b44b6b41f256404a5f96a4d48ad2e02e36d3dd0091c942acce4f1f3d5, 15e26a22697bbc8e1cc2c1d3b202b93c6c75634d89c9e04ff9d2059658846049
DEBUG yQ: 02914c821f1734c099059d1c19536b041053ea8ea6e34787090aa16ddd12da52, 056fdd9e3c431965f598e46d950bd37178b387de68b3ed1efdc6beeed1f47e77
DEBUG DEN: 052299043e2e6981320b3a3832a6d60820a7d51d4dc68f0e121542dbba25b4a4, 0adfbb3c788632cbeb31c8db2a17a6e2f1670fbcd167da3dfb8d7ddda3e8fcee
DEBUG DEN_INV: 2041dbfe58bb50f038d6ef43d7d984abf3ab0cdf7677b4dadb6439294d9756b1, 2b82811ea36f2d3e190121cd4582e26db9f47a3818b7a06501262febe7b03ae6
DEBUG LAMBDA: 2a26a87cc5d02a063f19e9cbb4b044520d73e4c0c4bbd25662e1ce8509779b01, 24c56f4139daaa252d2deb56548472e3fa31af00a388094c7684ad457d004918
DEBUG DBL p->x: 1447d51c9788c9a9a1d01aa38ac94b56c31bd87306bc1e3a1d6ec1d7f9a6dc2f, 2f0d5853595b1970795a9048ab7510e8a69a965114990eaaa787d90174be86df
DEBUG DBL t1 (X^2): 21d73d67615c9a8bfc400da282ce8dcb3989cdf1a9fe147dc3b54a46b129b327, 179f3d44c62bf0637dfe00ac59e4ebb46ff4316c49117b48c0cd688a36cc9bea
DEBUG DBL M: 04bd1b5061b28f50841f9d7a8568f8a67d9a94b22d16a85ed2dec6a662831ee7, 1679695b71523100c1a9bc4e8c2d6abfb85b29b372c2a74d0647ad87cbe8d677
DEBUG DBL S: 08b71d837115c6cb2f540d80eda8a22e162fb7e1d02c7b5d726953f049ccb57a, 1845920b950c313f10b828399d6e751844ccc5fd08d0af25f6fc7f95e7474132
DEBUG DBL X': 1073467b1f5f1ea4b1ee88f1b3efcff643f6fa26c909744a8ca6f3f0b1c9f8c5, 2396d351e1f31453dcbed586272609d5578b7f54da4b94a76840ca4a79b55f9f
DEBUG Q->z: 212d2e96de7e46a2a0b5aeccf8b946b5c3a7c9cf55c41994d6277b6ae8dd5330, 2698dc4f2599db4475bee06d2d1bb0619d80d18c51a0b45082ffe800fa5aa8e6
DEBUG yQ: 1b6d4ce4882cff852ae916b853ae93b461368e0cb1e955fc03058469077f7383, 07bfdae9a4587b6bda8e9b50083760011fc7b4c7f4685c5817196d69e1b15039
DEBUG DEN: 06764b562f285ee09d81e7ba25dbcf0b2aebb187fb60e16ac9ea7cbb3681e9bf, 0f7fb5d348b0f6d7b51d36a0106ec0023f8f698fe8d0b8b02e32dad3c362a072
DEBUG DEN_INV: 12460e7060e33843790c902864f44b06480f9b7d343c377704f2e303defed8de, 1ce2b23fe5e9977a5551d5c90d90d2b274dd16e4a1ab06fe2c3bb16b2056ce75
DEBUG LAMBDA: 2cdf6550bc2879e0325419a7654917f48b680572036ddb0b6fb1602d9b7b8d7b, 2273f77d7839cf1f050ea225c04730078c943937b300eb8b92c0111d33cb3d5d
DEBUG DBL p->x: 1073467b1f5f1ea4b1ee88f1b3efcff643f6fa26c909744a8ca6f3f0b1c9f8c5, 2396d351e1f31453dcbed586272609d5578b7f54da4b94a76840ca4a79b55f9f
DEBUG DBL t1 (X^2): 005bc807a9b897cd2cb2caa67b43f19df804d00e57ccfb30e782fd0710a28918, 112e73b398ca8dc26b0b31dc5065c46418b9e969cf6a02ded81785a1cab1df38
DEBUG DBL M: 01135816fd29c76786185ff371cbd4d9e80e702b0766f192b688f71531e79b48, 03270ca7e92e091d88d14fde6faff4ceb2ac51ac05cc3e0f4c2604ce8798a061
DEBUG DBL S: 12da875c9a3ab32190320ffdf63e7d49ff52cfc2c8856ccb97c3c7e1b8e0a233, 0cfd531d1b10a17fb4a69a57fe9a11482bf27dec3e869b64ebeeaa11057c4e53
DEBUG DBL X': 1249ec2dbb4c930bd90bc7a25813ab6ab7a37253e34511fab17f5b3847db2457, 1cdb9a1df082c2b82ed384b2fb223f30f146f19b0f5a556d88e0e66fcea1f500
DEBUG Q->z: 019bd31500656363da35cdc0f2ab3ff1133991312a39bb5d8445be77ee30ca2a, 0206acc638b5eddc0acc2e2996de22a52c3435b5298596084ea46ba3453ae110
DEBUG yQ: 0f8dca9e69337b46f422536175f229516a3c062dc8da495df7cc8c8de7a6718b, 1bd8604a02ed411b07d31a17b59b0ad05e497b27a78927fb7502f2a1cb7bc143
DEBUG DEN: 1f1b953cd266f68de844a6c2ebe452a2d4780c5b91b492bbef99191bcf4ce316, 074c722124a8e20c5755ee78e9b4bd4325118bbde6a08569ade5592cbe7a853f
DEBUG DEN_INV: 0405247c52a2a145ef32d5daf5ee9922109b4f89fe871e75c833a87257d3be61, 204bf3478aad155658397b0cc9afe697770859ac3aaa0b87b286aa4e8769f0c6
DEBUG LAMBDA: 0f7faac65766836f437a428b200b49e731ee2fefc15fb73eaf1ad3a92d367053, 0d158b208718bbad67118267e9529d60feb85ecfb855ae1632c34fe04e58bc00
DEBUG DBL p->x: 1249ec2dbb4c930bd90bc7a25813ab6ab7a37253e34511fab17f5b3847db2457, 1cdb9a1df082c2b82ed384b2fb223f30f146f19b0f5a556d88e0e66fcea1f500
DEBUG DBL t1 (X^2): 02b6cf899b757ab5434c29157c2c0e92dac560c01735c35ab24f4ef77a1d4426, 1ae853f9c7dda4677d5a72fb074f6fcedd98bb93c878ba707d2983620333a80d
DEBUG DBL M: 08246e9cd260701fc9e47b4074842bb89050224045a14a1016edece66e57cc72, 2054ad7a76674d0cbfbf133a946cf70f0148c829f0f864c43b5bfe0f311dfae0
DEBUG DBL S: 0596677a4a15f26885762597e8a695d161cac4b565b5b05dcd24a98d8410bf64, 2f61ddab0cbef4cd7d3a28add2827d67e3d6542ca41196cad87b3ae8708090aa
DEBUG DBL X': 02eece3498730ecab89783badb0081b057917e6d635a3d7c8f479e3ccd9d6c94, 1361aab70d594b079451e36180058fac1f22b7244f5a78349f0310c9d3dec527
DEBUG Q->z: 0b3cd4152244ba587d61eccec7eae7bd9fe259a8f1c76216d69435f59766a119, 0f71abef437080df08aa031147ef3b9a2095d2175964a932814882d858e3ccb3
DEBUG yQ: 27458da2fb74fc81ad54b3d70f2aeab1e5d02a55c1d7624ea0a7504aff97244c, 0a4d2df1d0467513801593058a3cb71efca5e1c955621babb8b6851357fc4fbe
DEBUG DEN: 1e26ccd315b858d9a25921f79cd47d06341eea1a1b3cfa10052e147f26b14b51, 149a5be3a08cea27002b260b14796e3df94bc392aac43757716d0a26aff89f7c
DEBUG DEN_INV: 30066987184bfe2f97cfb8c4c3e223bc2d2cf9ac9e830e33d43cf6ad1d0b318b, 102c5a65be1348ac4184f08d18296e13e0437a0ea3770bd8d1cde33019ceccc5
DEBUG LAMBDA: 1953160bafcfc0ef416c73121d0371e6c8821d462dec09899e32b8cfdeed3e68, 096037d04dfa96be7090156490805b47c7770f157d2676194e3a1d7e83c023a0
DEBUG DBL p->x: 02eece3498730ecab89783badb0081b057917e6d635a3d7c8f479e3ccd9d6c94, 1361aab70d594b079451e36180058fac1f22b7244f5a78349f0310c9d3dec527
DEBUG DBL t1 (X^2): 276a220ed5c48677361d152b47ba92aad5c9c7a391cf3f3dee2b729ce62a72cc, 0ab9ae669dadffd3d49df54e05f1c5dff1ba823e0657d4d1d426da916a073f58
DEBUG DBL M: 1575c946beea531231b6b414d42d0745525a81c7e48a289f52413fa901855dd6, 202d0b33d909ff7b7dd9dfea11d5519fd52f86ba13077e757c748fb43e15be08
DEBUG DBL S: 13aa5baa4df4189521c194d68b7900312374345de97155bc06d6906b7c831274, 2020125f883460c7e4edc9aa11bfb4a2e11a32bd12d98147d9273839d461d9bc
DEBUG DBL X': 234b69b8baf329f840f146a0978b2489a91aa9a0c02bf3290e203b601bcbe445, 163589ba300c1c5f26feee853800307d0d785be9eb675b40aa9ecce958d6dd22
DEBUG Q->z: 04926ac3e6b1a662ca973000aade785fa06e0b79b788a1d033eb78cb12cbe35d, 0d3f5b503a8090eb2e1107fe90c27c0f24bd46e582adec4f8cc3fa3151286993
DEBUG yQ: 0efeba63169837edbb47e1c5729609f0da837d305623bafd0ddb85877b3bbf19, 0ac6ed6a45a1d964b276c18246868d8d7b68db566e90f5e8b322c0078053cd32
DEBUG DEN: 1dfd74c62d306fdb768fc38ae52c13e1b506fa60ac4775fa1bb70b0ef6777e32, 158ddad48b43b2c964ed83048d0d1b1af6d1b6acdd21ebd16645800f00a79a64
DEBUG DEN_INV: 1982393d035c5e12c7d5f6f205fae1d0080c12f65dfe0092af367967fcd76be8, 1936ad7820ee0a0fcbed262f0569bc0ced27d6df47fc58433e5826e780ccc62d
DEBUG LAMBDA: 0bfe9ee7fb33adc39531863a4ee5e904224dc5e8d1ff8c83c285da3de0e51127, 2f041048c840309b278009413e267108360bdaa8cf8c656c7bf96a180aee07ea
DEBUG DBL p->x: 0b64557939370655ca8c12d1828124dd089e03c3a262b7c8aeda7e3a806ca0e4, 2bde15398b0b03354d086bd17408be47e0f7ebbf77e71b3cc785d4e0fb0109a6
DEBUG DBL t1 (X^2): 09d9b2a770ce1b4f68a6d860b458cdfc54dca01ec4fc69d4f1c489b64f72c2e0, 2360972770db2603c637bd2891490c103246a3728d088a4a5e1e8cdf774fd551
DEBUG DBL M: 1d8d17f6526a51ee39f489221d0a69f4fe95e05c4ef53d7ed54d9d22ee5848a0, 09592890902e31b7e206ac0cb0d8737567d11534d63609c4a21a8e70b4f58565
DEBUG DBL S: 2f34de6a3bb76200912a68f2155544719eef014a01f679e309c48e0fecbcaeb4, 139db4679906f6f1f92d59efcea0573c222655eabd49b937006e54a7b8c6ba33
DEBUG DBL X': 27636db459317df148068496dca1295b136c59a22fb1393c977c7809ccac97f0, 13448c59d80d8d7fcc1fbf8e685febfb0085f7dd20d6e3317192752308280ccc
DEBUG Q->z: 1fae4d146206eb98ec9a6009aa233a07a83c2e9588baa21478993102694468ce, 1d514c678ecffd6454db89f1903b263275536f40a28159252103e383535127fe
DEBUG yQ: 3041bef7d47795ab7d37403b6fdcbce8b153ef4054613d6c935b3d18ab407d4a, 218262ba5ce2a47c66e3ccc95a57cd4eb31c31b19578cd5b0206efb661d0ab39
DEBUG DEN: 301f2f7cc7bd8b2d421e3ac05e382173cb2673ef4050b04bea95ee1a7e03fd4d, 12a07701d893a8cf157753dc332e423fceb6f8d1c27fd028c7ed5355eb24592b
DEBUG DEN_INV: 122edc05bc12f31e28639b332fd6d6aa4081ed65c0127834f2d096d77dd1411c, 287d7ccf37a54e7ecb8747c19d60d18dc8df0a06e6bdf2d77801ad8817b9c87f
DEBUG LAMBDA: 1f8b504f736b8f97568fbbd18030eb07a46334ed6eb3e934091c3e8672719533, 094523246b06bb22192d8cfc3d1a0324c65d5d69e7d3430b24ced251d83cc994
DEBUG DBL p->x: 23dac7d8dd832ac78455e7a1cbfb1dfa3b4e10724e85244562087ec4f9cf15ca, 014f6039c345b3757384fdea6d48dd703f81db239d4bfa3135ff063b20c017dd
DEBUG DBL t1 (X^2): 09608e2c8f28f885e83e8245ba865c8ca2169c0446bf2ee14848591f7d085178, 048ad6d9c05607286d68d5b9bca0ca18fcea22fde2835a3b436a6d0259ba87e0
DEBUG DBL M: 1c21aa85ad7ae991b8bb86d12f9315a5e643d40cd43d8ca3d8d90b5e7718f468, 0da0848d41021579483a812d35e25e4af6be68f9a78a0eb1ca3f47070d2f97a0
DEBUG DBL S: 237af80a7e2e60c11176795394a04de498a0ff98bb4fd3fc498d9ec8597a65a9, 1789489312a778254761a452653fafe21654e0d154bac24d1c4b11412bd45cc3
DEBUG DBL X': 1ad5184297128805623a3299f1066fe210d3d18885bd9ddc13e5b08d5cd1fa93, 2a7ff05492aa82f1a931f302598405ee0ac097a06cf90aa7e31ae296c3c9e3ca
DEBUG Q->z: 2f439d3f39e981e30f22df4a9d68197641407cd9f9c3773d3f26f0adb6b5e2d7, 275cb2befd73a74d13616aedc056852c605ec1c44af47e5fa266e002cfddba37
DEBUG yQ: 224748a9014fb7cc46499270b72426c7c228323a52d873b535aeb2eef511072b, 14aa67a87b05ed108a6d6b295c4df0696cf345656f102c4625fc234a39c355dc
DEBUG DEN: 142a42df216dcf6ed442df2aecc6f531eccef9e33d3f1cdd2f3cd9c711a5110f, 2954cf50f60bda2114dad652b89be0d2d9e68acade20588c4bf846947386abb8
DEBUG DEN_INV: 1c500d283a65309d882092701a4a6739f0a1a266ce2822dd61ba258c58ec9f13, 2602ff3a7973c52440a87efc0e2a8d0e8daf3777c1f93490f62721e3ac37822a
DEBUG LAMBDA: 2be0ffc4786a13d7201a3b7fb81d73d4092bba7b3f877ea2cf9deb703eab34af, 00ba1f182dcc67f40b5a3351fd5e48742b8ab9e0d17251ab38c1e755615efa5b
DEBUG DBL p->x: 2fa253a328970cc143a832cc5d85915f2cdf64a8ac883be5d083e93bb7544358, 0cdb2ec511f34fb0202bb3810ded8115b53d3569d57f7e757fd9737c57499f30
DEBUG DBL t1 (X^2): 1871a21441e63957998517613cc6c42521dc50c45c4a0322f8919f0ee7cdecbb, 28928f300b39e0c08f5667867590c933e49a3ee751942de15563ff3b5e12c81d
DEBUG DBL M: 18f097c9e4810bdd143f006d34d2f411ce1387bbac6c3edbad945115deecc8ea, 18ef10aa5f4a61ee3d62ab265dafaae07ecbe79323d8f48987eae584693e5dc9
DEBUG DBL S: 2c1eca70375c5bf178d47f535f5c383610e83a46922897b1554ef5599cd8aa51, 1eaef2153820254216d67e895343d7ccbc728f260cf5e881fe7c7fa9131f510e
DEBUG DBL X': 297abce1e388a8a1f1fdffb50a2c4724336afbe65f1790d74382016ba5b14aaa, 030262c0b4ca78bdcf7ce2b75996fa31fb5c9409453873909ec29094210b98e8
DEBUG Q->z: 1747ac753320a5406533a6d5cfe330eadd2f5ab11c626ba38b479d6c11d83222, 0ee3b0f9095481b373441ee9b291c493604bfb64009fef534a1f7dbc8998ceed
DEBUG yQ: 2ba95833d92653a8503a7e46fcfdbd341aff85da586f483247f63f6c9a1eb680, 1b70a8e526b638297e6e9593e434e994194c36650a28c561bd0112025b488559
DEBUG DEN: 26ee61f4d11b0726e824b6d7787a220a9e7da123486cc5d753cbf2c25bc06fb9, 067d03576c3ad029448ce57146e87aca9b170238abdfc0363de197edde140d6b
DEBUG DEN_INV: 1aafa184a5ac50de2846f2db387d72b72aab73eb89d5023515bcde0cba35d6ee, 0c982e97d3068a60771423106559449787a19c6e061438d648ca6b0142766754
DEBUG LAMBDA: 20c1475b72971f87b847028f34ea20ef1fd2431b4a260fca34755e7ff452c122, 2516b750b12f147d58737129b28d66f4c45431b31f0b738484fd9ce465826dc6
DEBUG DBL p->x: 297abce1e388a8a1f1fdffb50a2c4724336afbe65f1790d74382016ba5b14aaa, 030262c0b4ca78bdcf7ce2b75996fa31fb5c9409453873909ec29094210b98e8
DEBUG DBL t1 (X^2): 0ef5a3acc57b7398b179537b668447a1bc8d397d366e6b4005375f4ab2fa7da0, 084c5f3d657e4ae17bafa06065e69cac728ef610a1d99b76679b62d973de05ae
DEBUG DBL M: 2ce0eb0650725aca146bfa72338cd6e535a7ac77a34b41c00fa61de018ef78e0, 18e51db8307ae0a4730ee12131b3d60557ace231e58cd26336d2288c5b9a110a
DEBUG DBL S: 2eb99b5ea8402adc6bc0698fdc51a3875d5c6b56a12001d2c9e12f56ddcb1286, 01a811051dec4b3b81ce97741feee08b71f56755368866c4314d0e18a969e574
DEBUG DBL X': 17c0565a7a7b438b103836eac7fac553300cf0fa1b54652066c6fb7a81381148, 0460f4daf4f2aa7fea13d3cc7fc90d0bc3bb9b17de7a1d5942e744961e2bb550
DEBUG Q->z: 1b8ad16b89926b398bdae68bbf3dfcc53c016a6781c54451fc2723595dbfd5df, 1484ed5f263c2e29cf4b959f74fecaf1da91e1be2b192ead1fec2f9a75dd28ab
DEBUG yQ: 2a9b68fe7b2c5a103c1dfdcb00d22c4ec80e6110617bc05ade01d0a3d8753057, 20eead1a5e3c798980b212b53b923b1e95cdf2bf2c580aff50a179636069cd3c
DEBUG DEN: 24d2838a152713f6bfebb5df8023003ff89b578f5a85b6287fe31530d86d6367, 11790bc1db4752e94913dfb3f5a31ddf941a7aecf03e4b71652266afe8569d31
DEBUG DEN_INV: 257bcdefbd320452041cd6919a51cb10c3f01b2c292f5f622dee5c87c56f7291, 2b1d381c94e26ef09d5237784c20e09f455206ad3d56ffdaea0d4fdb305bb5a8
DEBUG LAMBDA: 272df03b034650c6d243e4755df89c159929a166579e4fd2868872caf9009ba9, 07499e564e23e604fbf7260d15fe38096f408f4cb15ed88fa7b7616d7cae0bbd
DEBUG DBL p->x: 17c0565a7a7b438b103836eac7fac553300cf0fa1b54652066c6fb7a81381148, 0460f4daf4f2aa7fea13d3cc7fc90d0bc3bb9b17de7a1d5942e744961e2bb550
DEBUG DBL t1 (X^2): 298021774518159d5adb824b0457b12c3934a203852ad10e8808f996c484e9c8, 0630cdf912fb900d9a3137477b5d3e22ab0c304731362edb1d586a7c56a892c9
DEBUG DBL M: 1bb7c7800ce500849ff1fb740a0462c97c9b10e7be9cde111fd9d4969c94c2ca, 129269eb38f2b028ce93a5d67217ba68012490d593a28c9158093f7503f9b85b
DEBUG DBL S: 28883b8bc219d73d07e750afda0bafd79dfb6a511e548ed6f07cd8d9749be887, 0a325b367ef03737e520bbcd4881be85f2c441dc1b3d1b48cba0b3c37d2acf9b
DEBUG DBL X': 019e1e7de71c600b18d907580028f87600c02d2d7ff488d7c28156c2e65e0476, 08c3636b68252fce43e7d2cfbff33fe97b98ee29e0e77435ec09c8e23f89325b
DEBUG Q->z: 19db4b03fd6d5c89e81a951e3950165823344633b5bdb406986604caf89f7ba2, 185665d38fcff48ef71ed3a9d098da37ab81cec6d06a26301024c7abf226d504
DEBUG yQ: 1400633f62c5221155db83426fb0e018b31f945a52d0bba77827e4bcba668545, 024b2e66d7888ff96e88c59514785aeeb071f14530aeec5f63bce8a0a31eda24
DEBUG DEN: 2800c67ec58a4422abb70684df61c031663f28b4a5a1774ef04fc97974cd0a8a, 04965ccdaf111ff2dd118b2a28f0b5dd60e3e28a615dd8bec779d141463db448
DEBUG DEN_INV: 17da0e9576cb199c520bdb0440265701d2be50ee861fd930b6b1a1160fe53180, 18c3a9976e801f2b3131f4113f233cfa3f8fbd71f1a03b0c630277de94b83ebe
DEBUG LAMBDA: 0387c213ce4b171c2fc28e6cda193e9c0b8b7172c6979b6082bdd88db8df771a, 0e411f583566e211a9d2dff9080c4b9bd5e7605e0a4ec991f956935daeb591bf
DEBUG DBL p->x: 025a5484dfcae008fcdc6aabf50f3da915a3de4f7a5203b67f6d18150e8ec51f, 1359e6f98a2f469d6a01d31d0becce684bce8dce054930640284716aea05b203
DEBUG DBL t1 (X^2): 22354b24950f10a3795f5eb8a45e128df3ff81705985f276e689f02c2bed77a9, 142aa8ac8e0f607cf8091b5d00e50d1533055660494d1cf667ac22862f86f040
DEBUG DBL M: 05d74487fcc9f196fb7d90bcea1786eeacfbaf2e3bae424a3b5cb856d2ce6c6d, 0c1bab92c8fc814d2fcb0c60812dcee2018e988f73758c55fae3db7bb617d379
DEBUG DBL S: 0440dd163de4403d00542f8eb8b9d88ba17804e4de61630beb77c8fa9dae3b7e, 2887748eb13fbad2839f275628e02023cc8cc0752398c9a7317a442fa22524ea
DEBUG DBL X': 0ea696adde3553198471fb69a815aa99b48ce7874f3f6bbd0cff5bc868397240, 1ef03cf5ffd71d14eb68e2ea56f139da57e25425c14fe476fcf0e6e07e0a0942
DEBUG Q->z: 0bae4be9901adf9dd6bd8937bf803bc9e934b4381350efbb8eb3bff67dfdd76d, 136c9b3756cfb7ca0d591ff8a8a962b99a8b7360ce2fef8f5409e53999201c97
DEBUG yQ: 218f458871e5610b364226e4bc52d4c495ed6d793c351906b760ffcbf46131e5, 090d7034a18cf2e4a513ba2cddc2aa29b64fed3b95aec3e11903847551beecb0
DEBUG DEN: 12ba3c9e029921ecb4340812f724512b945970610ff8678032a1738110456683, 121ae0694319e5c94a277459bb8554536c9fda772b5d87c2320708eaa37dd960
DEBUG DEN_INV: 30213650e58fed11197fd5d786f42c1bf3b1c77a8d4554a2555bd291b035b7e4, 2988a550410a157b64e53e0391096887aa3e479e9f7cdd9e6ddc6d54163e4d98
DEBUG LAMBDA: 2974c90cbbf563cfc4fb6637b811bd09b17756681130e4f516379a9789793df3, 14984133954618cf587a93e28caace7b6424b9781837ac327f778a4a74bab2a5
DEBUG DBL p->x: 2909e509e8d7e26f13f4c28d484ba0df4ed064f15206d9dee27e2fcc3a645216, 18b6a71e2c47bee1cde667384fd6d23f00cd2854440d145f300eb29a0a4c0d34
DEBUG DBL t1 (X^2): 0d741bf42a7e1ba22488a9a03507e8dc839e8b6f5920e98c8085a87349157300, 1aee6883cdea1ab9a0b96d98be68a13ccb4c69153fd264e1f6a80d7a1e10c645
DEBUG DBL M: 285c53dc7f7a52e66d99fce09f17ba958adba24e0b62bca58190f959db405900, 2066eb18888cb00329dc0313b9b88b58ca63d0ae57056418a7d79c5781b55588
DEBUG DBL S: 10b905891554375544cc0d2ba4f41858de4d5da65692ef03fdd17f815b9208ea, 2eba5ce430f7a4fea5850c98ba816f7374a5b7fab04cf6b6614b834faccb59b6
DEBUG DBL X': 167ceb0106e282f6963c04068166ea791dbd6634b2e3b6f727f5a037c7d4e9da, 28dc2bd02ec1197161fca5982210fa613b96732f1155f422300d1a49caf5cfec
DEBUG Q->z: 19a16430a15ae54e0c933302f229cec5c75fd417a4cae8e63f3d225ccb7cde9d, 26aab85119a85dcea95bfca9b808108dc2f03fd3efcf5d611bd33a7cbef626c0
DEBUG yQ: 23d11b3430488c7cbbcde67e99a95897ee4bac38450028603300b45bde274fb5, 0c7c97d4c588718c9cfed4e47813ef1905de3637e1e642babee6c67f0cb65019
DEBUG DEN: 173de7f57f5f78cfbf4b8746b1d158d24515eddf218e863329e0dca0e3d1a223, 18f92fa98b10e31939fda9c8f027de320bbc6c6fc3cc85757dcd8cfe196ca032
DEBUG DEN_INV: 0cd328340ba6d78a8f0c0ed3054aaf8885017da5fe9fcbca0f55a173cc3a1132, 01f72507f662ca8bd52c936822fc262223b60bfcd484928fe9586cc4474a8cb6
DEBUG LAMBDA: 1e13c576b18ceec7f287a6ba341ccc0af86ab7060e51655383cfcb4c8b68b46e, 2e02cdec86f40665731b5af631235b0581acc5fca21c1ecc16f409931c7cf4b4
DEBUG DBL p->x: 167ceb0106e282f6963c04068166ea791dbd6634b2e3b6f727f5a037c7d4e9da, 28dc2bd02ec1197161fca5982210fa613b96732f1155f422300d1a49caf5cfec
DEBUG DBL t1 (X^2): 0ba42d73b75ab9a226fb28bd063218a39d70f850beb3f29caf4c5c9229c364db, 2a757dd6879100cec007ed8c7eced5c359df2c1c187621bd90fcdf87145b1c62
DEBUG DBL M: 22ec885b26102ce674f17a37129649ead852e8f23c1bd7d60de515b67d4a2e91, 1e97dc9dd44fc218cf773d387969d08ede9aaf31787ed01e3ab586678c175a98
DEBUG DBL S: 17f2795804edca247fc7d049c6153b2ec393a7ac16dec6b72b867784fffa2e7c, 01a609de40603581e89194df0112e32a7beed3de537f4300c04403df3f0c80da
DEBUG DBL X': 2618a5eee8530be055e4e9c42d823cb671304efe91b0d6705e13563d4b699e6a, 1363725d89fb048c38f079821cb639f696b81ef87c7d08979c41b6c254a5c418
DEBUG Q->z: 1571093cbce971786378f1726c054d97d9bdc3e6aa89a3467d1706afed877e43, 17157087e925757e7f019c9010b4cff0f88b71908cd4ddf716bcd28994395c8d
DEBUG yQ: 0c0737090ba3ffd9636f826cf1c2b273490f0e4547a8ae205f570a049afcb50f, 1e77e56cee066094fb8639e571178d115d2ae58482beb4dbe157266828bef03f
DEBUG DEN: 180e6e121747ffb2c6df04d9e38564e6921e1c8a8f515c40beae140935f96a1e, 0c8b7c66fadb21003ebc2e1460adc1c522d460779d0b9f2a868dc0b97900e337
DEBUG DEN_INV: 05b16bab209f9eda7c0674b05ab7536bcfb0881d5717c7108b5c3ecfd1c2f631, 0ac3b0dbbbf8d47ec35427b76e058a3bf075d59c260cca720a09a7b35604d1ec
DEBUG LAMBDA: 1dfcd202288ecf8c886cdc2b56e736fc21485000c20b3c9144b6139a2abe80ea, 09476ab7f05fcba42cb3db5fdfc6c6c9ad8d3a232391f3f44cd7f8b9db181241
DEBUG DBL p->x: 2b8e71adb39b85f999043fbaf94784ba84157ac1cb3c7556be1c23fd4ad875b2, 0b8d0d072b2e6893b5b9d945ec4bd0802972ef5e6f153a0fc58f0561b4444af6
DEBUG DBL t1 (X^2): 147245dea69af4920dcdb8e5bbb37d65a373da851be6eb794fff0f9ece4de783, 0f14a3d418a9a4a8a3ee1747ee1404fe2da6c3036c7020d014158898469ce53e
DEBUG DBL M: 0cf28329129f3d8c7118e4fab1991fd352da24fdeb42f7deb3dca2c5926cb942, 2d3deb7c49fcedf9ebca45d7ca3c0efa88f4490a455062703c4099c8d3d6afba
DEBUG DBL S: 1a209b9b37851de34516c719fe1ce4c47f73370fc03a9a9f175dd8a60a6b5ae8, 0c90cb516a45a5555a0aa1c32a635bedbf41f037f9949110641ed584ecfcf054
DEBUG DBL X': 1ef247922167901c6bca5801dcd99b43344439e5d94e589d8b21e4725a938408, 0ae39405560050de9475a6c9e8d4d14dd915a9fdf0a1aa50f1934b34bb35c251
DEBUG Q->z: 10457a0d8706f72c11ee6281301376e92b3d639f7443218193ec86cce86e718b, 2e00c106bfbd2eda83abb06666902a7d7ab4da30d4160b8eda9d70317394f078
DEBUG yQ: 14e228c629027d66aeda5257343c35a7240de8bf2c5a4c8bc765d9ddcbd1d773, 048eb079a57f08ba34387afd944cde956588887202a7b164028d1ddffc9cb9d8
DEBUG DEN: 29c4518c5204facd5db4a4ae68786b4e481bd17e58b499178ecbb3bb97a3aee6, 091d60f34afe11746870f5fb2899bd2acb1110e4054f62c8051a3bbff93973b0
DEBUG DEN_INV: 286d0d3458423df8d266734bf49f522a3166dfd6d778f7a34ebffb1191632420, 0572606ec8b2a3cb637836363e12c5c4e9cbd92d6ffc4ffd120ec94924025527
DEBUG LAMBDA: 0e1fea044e098468f957e0d5e66e581d705d5d65e41019090226b05f691064ca, 19027c8c39edb59f05159f0b4e57d724f6e8ecc3f50f872a2fc3f459984918d7
DEBUG DBL p->x: 023fe28d8cf921cdb56dcf648f0efaa402585f720639616afc973db924f797f2, 2af80257cfc10de0c294126c71ccb464e680a95f7ef3ec13a7d9ea51422eaa19
DEBUG DBL t1 (X^2): 20153a7d27ad6510fc1175baab2aecbb0ce2b98e729ae43e68be0ee91eb2a01c, 19d17274568a37d797530ded6516a53fab7b05ee66462af3844868a92df35f40
DEBUG DBL M: 2fdb610495d68f093be41b797fff6dd38f26c219ef5ee22dfe19a0a4839ae30d, 1d1008ea226d075d0da8e411adc297616aefa739ca60b64d50b8ade4b15d2079
DEBUG DBL S: 197e7d7680e252db1fc1109e78ca2ae232916a23a13e2e2d3d5c69f7d973b04b, 04bcc3fc67d37f32728bc877817e57caa469f4293ea1464cf06c1b1cff983053
DEBUG DBL X': 2e447964a494e6f4210f22cbc890b2b276f43d4157cef3a9ecd7fd563b677af2, 13bd4f3ddc96d169563ae7b18ce9780740f8642529b97bbc84183a923deafe9e
DEBUG Q->z: 2b4450fff93f109442e738186b4e3722d80165d84ad31bc798e81942bf0597f7, 0525511832c908e9df915124f586d8d64a16bad3324b1966a63ffbe5717ea8b1
DEBUG yQ: 058c3077444dbc6e36794cb17afa452aef758e1582f6011163f82d8343491f7c, 15d7db34603651c3f9ae5cfaa925bae37d16eb3d11b9407ad91c3e13c38735a0
DEBUG DEN: 0b1860ee889b78dc6cf29962f5f48a55deeb1c2b05ec0222c7f05b0686923ef8, 2bafb668c06ca387f35cb9f5524b75c6fa2dd67a237280f5b2387c27870e6b40
DEBUG DEN_INV: 01419207f06df538e5b3ce6693bf740151f4c184a71eb05f44ae0dad65176642, 2c5649dcf89bbcd3bed21f5a774a60a5938920f898ddcede9a3d3da645d30faa
DEBUG LAMBDA: 16b78ee00920dfe7d591090e4c709bb0c1e81bdde7f1cbad85dc0946e2fd0751, 2fe180380a78a0faf14fe8c3d09cbaee1b14e1efc45e191bdc6ddfb2f1afd945
DEBUG DBL p->x: 2f918a73f4a13bcc65c2418fdcadc0155ec7f91035eb42950b623eb8cfeb6975, 01f9707ecab8ba56719f82593b7f6b7c816c9976e5a10e996745210a996032c7
DEBUG DBL t1 (X^2): 209f1fbbc9d915e546164b0361a88d62c7b200c9769567496891575faaeedfa1, 2ab0982675f630c452cb7978ccf4ec6932c04aa2d7f28b67705ac5322c39bc41
DEBUG DBL M: 0114c24d9b28015c61a2559d21f6f76d28132d3992dca0c1c172edf14fd2a455, 1f492b8d9f7f51f987c1e0fd63dc1480693e0ac5b6f40d1bd8cf3768d3b33a35
DEBUG DBL S: 0ddc36c69e6c5ee7fe560f7525eb06f602da4e65b708899dd3503ae79cc5304b, 00b33309c185371b1dae9e9c8ca5c2b9b50e3e4e8a3f51a77792d89923878cdf
DEBUG DBL X': 23387760bf71005deffb238154ae84f745992a485ba5baea3143b2e9ba230360, 195abb3942a7ace6f1c0d113e22f5c360a6aa376025a6df49b847dc4fa7d8de8
DEBUG Q->z: 1b711b7c12059a2dd372718f5f63a7f725a891062cb44408d50f2a2d32dcf904, 0d875382f4fa832c1ff44c319b9426eb4f916c3b6388c25c4d6007b48f38b727
DEBUG yQ: 20915ca74fc3618f9131fb4139f4f4da0043167d5a2f55ad3102585fda623f75, 18b85c6d1266d83c6e35a0c82477950b81f9f6bfeb5286b26f0d28e1ae680cdf
DEBUG DEN: 10be6adbbe5522f56a13b0cbf26891566904c2694bece0cd25e424a8dc4781a3, 010c6a67439c104f241afbd9c76dd1b96c7282ee6e3342d7a1f9c5ac84531c77
DEBUG DEN_INV: 304f525a6e4f8d2513365b669e606531f79ddc17deefb75a2af51d8b922e00b6, 1f23727bf24ee2ebf5cd64fbd325551c018e00794bd912a4730a609e03a57e22
DEBUG LAMBDA: 1b2aac9c6a7b3348ab15656a8e8b6d502c7a96b1994a106b8724b34806168f16, 133061f8f5594da72da956542c2c5a49a75d36ce88cc1914c116cc5479e74c80
DEBUG DBL p->x: 0fad88312c23f36a6568be3980ac8bc75b3d5c74050201bf641995f070e0b808, 2a93e0930079728c0d997432f286a46406cefeff466ccb691bff5927a37b5e85
DEBUG DBL t1 (X^2): 127cb9e346a4f2bba7afbc8f4f1cc6769a730f6e94b06ca27c5edcd6305721f9, 0910dae5f1adf8afc6971f5f3030a9a159b4975e959b1e6cd7bc1613a8e8b4dd
DEBUG DBL M: 0711df36f2bd38093ebeeff76bd4fb0637d7c3ba559f7b5a38fc0a6bb88868a4, 1b3290b1d509ea0f53c55e1d9091fce40d1dc61bc0d15b468734423afaba1e97
DEBUG DBL S: 271e4a1221213f817a8f986b9f055455f0891a8071eeb4dae40f584e63761194, 09898533da463d5eee7c44dd82c3fac5737a369ed1be6c6d36da39e529efe590
DEBUG DBL X': 20a8487a5c187b684a9c03f963be84736ab6232da2f384425f4b02444c45441c, 2aecacc8c03fda6c60bf6d7e9a4bc68c17f4996f33d34b0d66e4de85e45e2f7e
DEBUG Q->z: 01df93a26c2b25ffe4d2120f0fde39fded32ff624769a8886a477ef9e5371263, 1de72c555c6febd533f8fbaa2b02ff5ed9b84f4491224f58af0417e2d88ea810
DEBUG yQ: 120dd9dbb9935530382c3bc8f354b8c1645d88be99ab1db0f402fb0cb71215e3, 23c26fdec5701d0ae064d122dd85de365dfa83511be63b0977312c039bb9a97a
DEBUG DEN: 241bb3b77326aa6070587791e6a97182c8bb117d33563b61e805f6196e242bc6, 1720914aa9ae99ec08795c8f398a640f24739c10cf5aab85b241cbf05ef655ad
DEBUG DEN_INV: 290060445555535df322172c11bff7d9f5b45c810e1e994026b0b256d5181880, 0d364b209513437a38aaf3ab3f94eb9d4c8889baeaf2c93572f27b6aa3e2d5e8
DEBUG LAMBDA: 2faa592abf9eace413940d4b5a29e95be8b13bc3ca643efde748717e280c1371, 07294b5a09a19a06663e9b5e25dd3a29225626893a52fbb40cb6e232f4735fff
DEBUG DBL p->x: 27c3d1a2c6be7124caba930024eff51addcb72eb7d9692253712252306369739, 2b5f275d8ce698f042cb5aa30ac15c54ca4fe5cad1ef2dda1a68e8128502dc32
DEBUG DBL t1 (X^2): 07c2d232e7abdc942f06e0acf4039efedd8e770395c4bc9be26bd0bff9e03c27, 0009e1e3d4e798299c85cff1c957ec7c9de7ceff375cfe2605e546388958daeb
DEBUG DBL M: 17487698b70395bc8d14a206dc0adcfc98ab650ac14e35d3a743723feda0b475, 001da5ab7eb6c87cd5916fd55c07c575d9b76cfda616fa7211afd2a99c0a90c1
DEBUG DBL S: 26410d32c14106a696827fccde482f967e54b2b335a6f833d33d33e3c0ca6c10, 2911b79b367372a57737b855239588d55e5ba32fbf9556ff5a9868743d7ac06c
DEBUG DBL X': 0bcd74b8b22731783bdcac75ef68c5be7bfca81541231d2d447361989f0084cb, 0614ebd3cf9c7dcd677a9b9c9d7d5d9bf6abb3e15d23cadfe263555b875940c0
DEBUG Q->z: 18a627bfc5ee982d450890573eadac718449d3a9071d0dc6d1291f6c05382424, 2cacece0c29d5612a5c8122d752c02f5552894adc8e89056547348eb151e3f88
DEBUG yQ: 2a291887fe9697acfe8c24181e291db1f085ecb4b88bb79373859da797905b9e, 1ff77277b4e4e2707382b158ddcf93756559068d44d402c62e3b9928b8cb8866
DEBUG DEN: 23ede29d1bfb8f3044c80279bad0e306498a6ed808a5a499aaeaaf3856a3b9f5, 0f8a967c889824b72eb51cfb3a1dce8d3330a28921363aff2056a63a991a1385
DEBUG DEN_INV: 1e1d80da8335d859ae6f876ca2ed486c9049a21ba5eb4bf37bf0ae64c26f7d85, 1b732afe76796a976e81db60ea50dc2df03a6a2f58cec2d6a0b9063dc11cc76c
DEBUG LAMBDA: 296c6b71205314ffaa9cfb67e9e41f64d97b315bb96ce659c5c7b5df315b53a7, 0d87e813bddb7845a2cd4f56876b921f6149fa2bb9dd7dda10bec1658f4ed0a0
DEBUG DBL p->x: 0bcd74b8b22731783bdcac75ef68c5be7bfca81541231d2d447361989f0084cb, 0614ebd3cf9c7dcd677a9b9c9d7d5d9bf6abb3e15d23cadfe263555b875940c0
DEBUG DBL t1 (X^2): 2d422e49ffdada1421c942d56b7875bd61fcb4c6a0b346e5952e76bb2127699e, 197e0184bebef3811cc833f6da784a2363e6979ba7174a71b98f47f2252506bd
DEBUG DBL M: 26fdedf83d2d4de8f4bb3d133f66b07cf6f3493111363f96474a4c03b27c424c, 1c15b61b5b0b3a599e08562e0de7860c94325c418cd414c7f08d4bbf96f216f0
DEBUG DBL S: 086d47a72c10b9484508aecf03602f4e6ed3dc50e11205b9dd4e117ad7c91cf0, 00da864792853a29b770026d760c285dea021d65bcf8e5e107d6184555b63cad
DEBUG DBL X': 08ad1d8025d027e6f5cc99875b8f7e4a7d9eab9ce0c289db6fa94f06d176b447, 1b04b460acd8519950613ddfc7e10231074bf283f96984a94fce51e6e8b566de
DEBUG Q->z: 29f1bf1aed98d2017896e720e02071d0ff0d79ff8b6f9d6db39a5c55a20c3fb1, 2b36f3f40b17d54e6d2ce8f1c7e54a5d10fd4e809bd70999858bfb9aabd3c47a
DEBUG yQ: 2e53722ba7458f4aece744c40934ccc4f8a9233ae0fe7569fe84ed622e461bef, 0142cc98fb58f5ae8a8b5feb4f147205f9ad604e212e24d675748e8d01820b2a
DEBUG DEN: 2c4295e46d597e6c217e43d190e8412c59d0dbe4598b2046c0e94ead840f3a97, 02859931f6b1eb5d1516bfd69e28e40bf35ac09c425c49aceae91d1a03041654
DEBUG DEN_INV: 2381ba0594be4ed8d7dba6b3fdc079ba5d55e6de2592baba3af01785b86732f4, 09bf755681ebfa93e98626fcccff565d542b94cc86884f6177d3f551bd5c8662
DEBUG LAMBDA: 17eadbe52d2a942a5fba73ff657ce9c3d379666b7136b6fbe49f82cfce25d028, 243307b86b46fbf661923799e8e005f3580d6c557118bff020537a37ed4e8f7d
DEBUG DBL p->x: 08ad1d8025d027e6f5cc99875b8f7e4a7d9eab9ce0c289db6fa94f06d176b447, 1b04b460acd8519950613ddfc7e10231074bf283f96984a94fce51e6e8b566de
DEBUG DBL t1 (X^2): 269fab4ac40f2911683b704a1e883f9b368f91b7ae02f54d22cf267e8f506af4, 105b53fe88469febf5def28de57cf5b37c73ba67e33296e2dee78ba0eb97f3e6
DEBUG DBL M: 131664fa89ca3ae0c811c57158960e1674abe00439254accf02c5b4dfcf7464e, 00adad88b7a23f9a294c91f32ef588bcddd9c4a64125fa1b609616cbea4ade6b
DEBUG DBL S: 2e21e82d383f3d883081e57277606537a9b6285fa1219ee7c8d2863705dc0217, 1c3b293a128fd4436459e9baaa20d583bd3627d28268264674475ecaf9270608
DEBUG DBL X': 1bae44111d23e96fbdd70aabd50e498fe367cc63d9fa1064217d8aed664eea4d, 1a365ed43e935044b3a8afb09cf80f0efd0e599b3cb7bccc926bfc33214930db
DEBUG Q->z: 249ca6b1120553e13fd22952475ffe173d9a30436eec9420137973eaa06992e7, 28dd81e93b5dd9ce4dbeae7afd24f089f325f91afb4973a77b74124f399ad4dc
DEBUG yQ: 2519e79df3015c00d95ff14e892eb899d7129f268f36549f55def92912c6b79f, 05630da6c07385850aa653f629743e6a85a1d15b49774de8ba02140d3ff7150a
DEBUG DEN: 19cf80c904d117d7fa6f9ce690dc18d616a3d3bbb5fadeb16f9d663b4d1071f7, 0ac61b4d80e70b0a154ca7ec52e87cd50b43a2b692ee9bd17404281a7fee2a14
DEBUG DEN_INV: 1e5d088a18c1b22964a58eb2ff738200b93b3f6e8924671434d248774fc9474b, 042a38f39e29ac1517edf17bd755791f3ee69345b138b5ccc128afe02e2d9e09
DEBUG LAMBDA: 0d68519cd727d0716d738748da1f074d98ada05e4ce49ede6d33580b59e9c08e, 146a834cc4a4b01c9dd74b3fb67f3ffa7caa552e37204b1336c031b90e6caa07
DEBUG DBL p->x: 18cdb88230bd63c1a8bd0a98d5e4fa802541a6da4c94929dcc37382939494bc0, 2177a6bdea934f39fa43a85b9a757c19d022742ee0c4e2b04d5b85b488e1feba
DEBUG DBL t1 (X^2): 28ee4c2a6fee3180a9527bb928fcd6dea3299fd04a6c2fd2c9fcfaa735d1cb42, 0434fab7712f12b49995ee638f9732b78af0646def3d8a8a011cdd005f51a49a
DEBUG DBL M: 1a0247998d67542e8b56e7be77f3d3e0ba7a0a4e0e60fa5de5b5d7c7f07b6738, 0c9ef026538d381dccc1cb2aaec59826a0d12d49cdb89f9e035697011df4edce
DEBUG DBL S: 1a20632782a9162aa43cfc5f978e73f315f1b8fdf2052a31ec27826f78f5ccc7, 1be39dce231f7abbbde946fd77b2771cd1c03fea1f8cea418d785c01a07a3d35
DEBUG DBL X': 121c84a8b9aae60cdab8a88982fe9f0230585ffd62352f6726883fc6c46f1c91, 1bf7d805bde49d8aefc1fe79bf9830ea6c358cbc32d757f9c95e0e0f80331757
DEBUG Q->z: 0d733a4479a3ceeb8fd7316ebc7776daa7cf7b371f444abbf37dbe91a8342d9d, 1528a76c1108f5ab681130da109331a503049e21481b6c8f9d66c0eb0ffa0836
DEBUG yQ: 2fcdecb050412f8a025587c4ce043ee546bf9bb60046c7a4e1bc8dc9ff5ee7e9, 2d0bd10eb22c7f0278a0f826010f11656b1b883e94d5173fa4cf7c88403aa86f
DEBUG DEN: 2f378aedbf50beea4c5ac9d31a87256cf5fdccda981bc4bc87588f7d2640d28b, 29b353aa83275ddb38f1aa95809cca6d3eb5a5ebc13863f20d7e6cf9a7f85397
DEBUG DEN_INV: 1648ef4c64a6a66be7ea917432b5651577e82a6ae795e68d096d4ff35be8f72c, 17e1a0156f6193876e6e3314d6c42aa53ab5d8bf4a816724b2f732196b2a1ead
DEBUG LAMBDA: 165d34932a0cd4b70538d0c845b1febdee660f3b55757a7b2a2ef6d1a596b37f, 013338b61e986a41c067c27b94dfb67e9d2dbc34d6b2911d3ebe6c983383e9af
DEBUG DBL p->x: 2fa1e6ed18d5a47cbf36a46ed03d71965b6e42493fb25d1eeffbe09ccde0bc9f, 253587008f62d3f167c285128e00b0c3a19d1fc7bc60b2dc9f466d359d4f1d54
DEBUG DBL t1 (X^2): 2d3beb02a6784044d3c5209c8bee9467fe7f80f0f31d9aace25f828b19c560ae, 19760cd3b79b65bb97a36d763187e0f58164dc64b819fe4240430cd42a1d9a14
DEBUG DBL M: 26eb24223105807b0aaed668a0c90c7ccc7badb008753aec2edd6f739c56277c, 1bfdd80845a091090e9a02ac13164a82ecad2a9cbfdc303984a89a65a5dbd0f5
DEBUG DBL S: 0572f8c65ee411d66104d91078ea39f5720a5e8a6440de82e710b056483810e9, 2d8a95bc929ae5411eaa841aa94b7f1e3b6c0b2289b48dd6d7da837cb8c105a3
DEBUG DBL X': 06cee3afba971e4955666ccb6cabebcccd450ffd377922ce61d65bf59414e106, 1d36406f68645fcc377f61e8dec068718862bf1db48bf2cd61bdf2ae453811a6
DEBUG Q->z: 024c681c0357cd44a790116fccaf626908d430a2cc4b44ba5a122006cd3b045c, 0a62e6a86dbf62fab1032133b8a170c7be7a6b441621b08274d95daeb3ad27fb
DEBUG yQ: 2b645bfd47c8f4b861640192339bd857a3f62912257697878d8a7c5e04021a75, 036f40a379584a4de4b9d79bb5d35e667b22ae273e5c6e6e579349fe1263bbcd
DEBUG DEN: 26646987ae6049470a77bd6de5b65851b06ae792e27b6481def46ca52f8737a3, 06de8146f2b0949bc973af376ba6bcccf6455c4e7cb8dcdcaf2693fc24c7779a
DEBUG DEN_INV: 1504003ff27539512392bff72a1f47f4b3b3220dd5d2c991770aac376817cb55, 0ec9f4f2b2a97d63b182850c5686a572ee8b965e0cfde4e8a9c647188fbcf8b9
DEBUG LAMBDA: 06c857aac5ccfed0daede44569f625fd8ff6fad9e1760562a85e885dcdca2c77, 1b12526c090150e0a10430c97a3233b40fb5a85bf6626f07eaec23da3db4ee75
DEBUG DBL p->x: 2b710198608a7888104d1c3ba3643c5a752827ef9932987ffdcbb97669b63f04, 07f7526902ec783ab310ebfb87604b14413e1d373c42bbd23722700b57312d17
DEBUG DBL t1 (X^2): 0db7f635af050636c054317d3c791ce4b9293a2d5ff2897927496097e02f4e90, 055cdb40edba5c18eb9cc0c2f395ddc54fcd4a46118da1aff11ca605a8fd3bec
DEBUG DBL M: 2927e2a10d0f12a440fc9477b56b56ae2b7bae881fd79c6b75dc21c7a08debb0, 101691c2c92f144ac2d64248dac1994fef67ded234a8e50fd355f210faf7b3c4
DEBUG DBL S: 1916ffd1a6bc91f43c5e5ddcaaa38077fa50f0910c7d6ed190090b8d6a7b3538, 1613d17f85872e7a9a2702138d1c9d5d302c836fb67a6cfd07788ca232a14c5a
DEBUG DBL X': 02d491cd4e3daa922ff9f06182532e7f902af39a3caa20e1ceb5a30ccb7a8d6a, 2de4506ab317660fd09f79bbc3a6f6138a2d746d222af76f52d612177d0d5638
DEBUG Q->z: 156f95c86062971427f732983bcdd21d0fde0eb354165402084a791fc2b4c27f, 0fae533638ab67a9d3a33b61f2406d5503416c7fd5fdcb4bcc209d1c615d61ff
DEBUG yQ: 117d673f20695060bf3c4eeb6aed3a58cab42d9c784814743d2fa6af718c2591, 06a86ea6e4b9cde1cc8c9c6d661f5119b3adb69cf9d17a8b12c568eec4910c39
DEBUG DEN: 22face7e40d2a0c17e789dd6d5da74b195685b38f09028e87a5f4d5ee3184b22, 0d50dd4dc9739bc3991938dacc3ea233675b6d39f3a2f516258ad1dd89221872
DEBUG DEN_INV: 1958e1cca32c1640a980a94ce4987fe36ed08eecb840f35675e151ae840cba9f, 257bf5839ac70a94cd7a2ca26d9a0da0bbe31cd8cee8dfec9d0e3af5ae016d84
DEBUG LAMBDA: 051ff76cdb2cea85950632fa75dd69e7200a6053de2c3b86e979a94786afa7c4, 1d3c62fa8e114007ec73bf06aaa1f092e99bdaedcda5c989b2243fb3ba5f5857
DEBUG DBL p->x: 02d491cd4e3daa922ff9f06182532e7f902af39a3caa20e1ceb5a30ccb7a8d6a, 2de4506ab317660fd09f79bbc3a6f6138a2d746d222af76f52d612177d0d5638
DEBUG DBL t1 (X^2): 238d82c0977065b6f562978f0c9f3909b92113393232b4c51b0662b895e0831a, 26e9f4559791f79fcf97d44efc262163c67b20f9171cb3cdfa18dfca5fb52212
DEBUG DBL M: 09dfeb5c03edf0d16f873b4022dafa61fc606488c5b48934d8d20ffc10a78ec0, 13f5401b0452a68bfe26f17ff16fb370246e8dc87472864f760987316e256ba8
DEBUG DBL S: 0971d2442744947bd7240d6f01cf2ffc723b0f555ca9adcd665e4e7be830aebb, 2a0c6ff3b0ad7f2d6d900e56b522000d7e04f32cc8baeafaa3ec99f55cf6e966
DEBUG DBL X': 09aa399250d3d3057008a4d964c1185ad55735bbceded338d2f029014a8c77cf, 0bdccf5ea67c5c33e456c211c19bae19a52461616d5a66466aebb986742b23ba
DEBUG Q->z: 265923686aab5409cbf8494c1c65ef0c0421aa462b61db9142a4e4b229afdf26, 260efcb18f485f3b0a29a6a1d537d1b79d7b18e57f37aae342d65fcc2f65ff5a
DEBUG yQ: 1a1cf7d95d2aaf1a2521be55048c9faab65ce8d751c049c235a9a7e22959cc0e, 0c0fa3bb7d685417ccbb60c7b6e080148115f930cc26741bac4b58da7b2c77ad
DEBUG DEN: 03d5a13fd923be0a91f336f38797e6f7d538671d3b0ec8f72f32c3ad7a369ad5, 181f4776fad0a82f9976c18f6dc10029022bf261984ce8375896b1b4f658ef5a
DEBUG DEN_INV: 0a01278ffd4f4d2471d61a92fd23912f690b9fdeccaf0a7f7e23ca7df721835d, 3044b0ed62d301f60cdecec1dce87bb8e5f635f1a8c15a860abc15b9e68bd349
DEBUG LAMBDA: 0da7c9b2930508043441e1e45cdffe54a3eb9b83c00c8f386c367018433101b3, 1d102685efcd0217aa801ef0243266e8cc56917666c99529268bc3b67aebcab0
DEBUG DBL p->x: 10493bcac7dfc485b97f57bbbe44996dc9862c5a0a2827a53e52045de8762d79, 0d0db2e932d30380cd3a8e679c65563d5cc057ad0a52c94c99c156cbd6caa538
DEBUG DBL t1 (X^2): 2c5b944bee4d1433946bba1ee04e590047bcdde6cde2d8c58f8adc04e65b96e7, 15a41f9d899d573083f730f42b3f3115600e6e57d36c5e5b1672fa20c5635880
DEBUG DBL M: 244a1ffe0883fc474ca2a2ef9de85a45a833c49198c4f536365f7be10218ca27, 10881065bba66567d3954d26003c3ae288a9e07611d350840738624b77ad0c39
DEBUG DBL S: 1babb7b7e0418aeeca1d98eecb24489beff61a36f1a7c56c7b15f8cfd76dcacb, 18256d07475e81ee378bc8b98a76d2fa3316233bd5bd7e39b5fb69ecd7a1d19c
DEBUG DBL X': 0556ded7e928104b78516c104acacbbcc77d79649ddfdb7c6d5fc58ee8fce233, 179353d160e10fcdf1571ac2b04850f9f66c09d3b80bce5f41b4aadd9e88ee19
DEBUG Q->z: 2a810cc2788aa422691e54d27cbc89c1e2abe4c410eea8fd28ce667d5fff7aaf, 0667286b2376b3c30f792c85c0bbdb47c3baeefa671f4f97b9a54a56cf878489
DEBUG yQ: 2aa6212ab6d42004e83f8eae927e2d772972c49d646d0f7fd6cbd3e71433d8fd, 136b596c5c4cc1b76ca30db309b462fcbce03b871bcf7108aa622a7d2f882f8e
DEBUG DEN: 24e7f3e28c769fe0182ed7a6a37b0290bb641ea96068547271771bb74feab4b3, 26d6b2d8b899836ed9461b661368c5f979c0770e379ee21154c454fa5f105f1c
DEBUG DEN_INV: 0301e86fe6cde39c51f2046236f6496afa2856194dc1204a06a76c6349ab9e93, 25584f4ffcd1547ff5b9a127a929118b0ed9df4f9f4954562843f03487fad888
DEBUG LAMBDA: 20f0934b597f703f2d77a0ccf75cd76fc63ecadb844461b37e1728ca40a1533c, 1f26285b612e746762e5d14f19ef9dff789135bc32dee414266e2fa8369a0b08
DEBUG DBL p->x: 2fe617956f4dbea8b097e4628984848e4a5a154e6d70c0f53f0942011dd9efdb, 20f2b22590e4cc3e829cf2db02df7ba39b01d8242be1cf4dcf76f3c6c7a8140c
DEBUG DBL t1 (X^2): 0a92c7ab2387c019c9fd7b876bdcdcfe77675fc3f6c107f707256e6562328b3e, 245916f8f7467195e14e40294fca85b37d5ec16785ddf33f80a12e72081990e4
DEBUG DBL M: 1fb857016a97404d5df87296439696fb66361f4be44317e515704b302697a1ba, 0c42a8052370146e334a350eec5ce05f49196f13c0b644a409a273286752b81e
DEBUG DBL S: 29bb58722625d166289046ce787f7f4ea560ee0ef0ce797af842c3cd9d09ed04, 0d4b32242863550ab9f5c180bf0729cdda56c593c213f4794bf26c4314fb9d48
DEBUG DBL X': 047df8ad3ce9e2646df75255409900e24ca7088735962f055e596de247ce0e7a, 067ad989b1ad6e28f55472d03ac1de8e3326d4e60cd16f671deda7130e89ec14
DEBUG Q->z: 1d3c81f244abef26ce0a52207d86d71c035d6f0d3de9a965aa6f3d5a832325bb, 02b595fa06174acec1fd376ef809f7689fc91b28784adceb75ef95370f4df509
DEBUG yQ: 2115b194bcb28aa065b908498fbf6240388e233bc92014dd2d41eb2a38205c01, 0f303fbc75317b11ffa47e0918427dc2a5d3b58f38bdc64490561e6579e95581
DEBUG DEN: 11c714b6983375171321cadc9dfd6c22d99adbe629ce5f2d1e634a3d97c3babb, 1e607f78ea62f623ff48fc123084fb854ba76b1e717b8c8920ac3ccaf3d2ab02
DEBUG DEN_INV: 22b595bf43f23022eaa4e5a94ac027e66695aab4bc68507e87cd2ddc281c9725, 1bc251c461a7e6db2c21f2a6e82d37f97cd6718626ebd3df5ec4c3c2b1fd9247
DEBUG LAMBDA: 0e007b688f413df0120d771898cc2d4749a27a3a720ef686f42b396f2bebcf1a, 1d06e9e5ede6d928307da31985c1bd5ae69adebbcca8dae3def5792aa92f3e9a
DEBUG DBL p->x: 047df8ad3ce9e2646df75255409900e24ca7088735962f055e596de247ce0e7a, 067ad989b1ad6e28f55472d03ac1de8e3326d4e60cd16f671deda7130e89ec14
DEBUG DBL t1 (X^2): 13574b427f5da2afa8d7968c97f6fe56e14a2dca691712a165353cbcf77569e4, 08f38d1fded8865c5298432fa0bb307aed5eac88b8817babb7f10c4ce34e7d9c
DEBUG DBL M: 09a193549ce747e542367def4663a2a70c5d1ecdd2d36d56f37f2a200de34065, 1adaa75f9c899314f7c8c98ee2319170c81c059a2984730327d324e6a9eb78d4
DEBUG DBL S: 25e0665bf482c95e66b1d7e1550b97db3b6277bd457c4a314c41120cc681ff80, 1b97c3a424e87800b3b6321596332ab72a2dfcb53658afe2694128ef6b58c6b7
DEBUG DBL X': 29c264df083aa63a5d5b1f2b6f9069d0f6c5c9fb53860a8d309339f09ec46e74, 248a92c69d0250d4084c7dfc8ef93e233f29d1c7bafb2897dd96510b032f9bd8
DEBUG Q->z: 11024702b9b81b9c05217f29827f5289096bd7fe095c513b6ba01bb63613420d, 2c2e2e55280ac7a3de11a1970279ac2a58ddd76d74f6c81422082b767c518ed6
DEBUG yQ: 1e1039d8ccb193da1459defda6893c1567f648c7762f7e4b027651a5e07e1a0f, 0e99055cb99404f8bcb8efc06f98c1829416840463912612e6165a099b57bd38
DEBUG DEN: 0bbc253eb831878a70637844cb911fcd386b26fd83ed3208c8cc1734e87f36d7, 1d320ab9732809f17971df80df318305282d0808c7224c25cc2cb41336af7a70
DEBUG DEN_INV: 285be837c02fac16fb74c6a4a15d39a31af1cb59f4a573299f8144e7d837d02b, 07c13eecc73267734a1835aebdcda0d00f5d817b09f4c8b6d2f5486c197776bd
DEBUG LAMBDA: 21646ba5629be3c03f77cf3d70844e27b12eb8fac2195ca03d57fd9f300c1faa, 09bf4c96de9b61ac5964c75f214b5fd7ccb234c2f945fffc19d89ff0a57bf6dc
DEBUG DBL p->x: 29c264df083aa63a5d5b1f2b6f9069d0f6c5c9fb53860a8d309339f09ec46e74, 248a92c69d0250d4084c7dfc8ef93e233f29d1c7bafb2897dd96510b032f9bd8
DEBUG DBL t1 (X^2): 2553d54758aef86c3704e3eaede945ab4f4a9b700dc8f60fa229580fe4fd5572, 1a19ef1c0c24d5aedebbdc1e2a0928f21dc6b374951ea10cda3d84e2ac892b42
DEBUG DBL M: 0f32e2f047a9a8f1346e2053c6b92046bedcfd2d58774d146e3af001fdfe05c8, 1de97ee1433ce0e2e3e34ea3fc9a2278c1d2afcc56ea1899529802912d1e847f
DEBUG DBL S: 054f053bba0f0b5e8c596f058895210152ede53339711ccd779500484722bb8b, 0aae5ce71af2e7c2e8c3c7bfe21959f62748723f5ed432b27a944b528db62c7d
DEBUG DBL X': 269f656cc5502ea367b3fd4c8bb8c040efbac1b13e8b0a143a7fc115eccf6666, 092381151170c48615d5a4b953699a30777432847bbc6fbe47aa3d87279fdaa8
DEBUG Q->z: 0b757771c51987a0b529b3c2f4bf56eece23742100aa1cc8c5f4ee3fa5bafac8, 0ebe2929280f223819727a3a2a129ccaa6dcf3a083c362fb92acea3d8cd9bc80
DEBUG yQ: 251415dd114fc32a1dddfe9104e1217d69054114104ec32d33653c9003c88845, 2dcaa6355302160030006ae1860f906a95bca7f82219929b15da2eb3efc10e15
DEBUG DEN: 19c3dd47416de62a836bb76b8840ea9d3a891796b82bbbcd2aa9ed092f141343, 2b30fdf7c4d28bd6a7b0900c8a9dc87793f7e55edbc15aa8ef93d15107051ee3
DEBUG DEN_INV: 0ee2ca07951fe506c531fbf36d90305c22d73eee6081884d890d4798992de255, 1c06ab800698042df4d4d35d66aa0faf60240d964d5ffd8f69347a5d180d9c57
DEBUG LAMBDA: 127fb8069c4a8bdb4d14ab0439999d62ef6609a68480312140361ff99ed2fbd5, 0dbf500314cde1bf1d27df675cb84b17668554a53997cd72057bc5cb64785997
DEBUG DBL p->x: 269f656cc5502ea367b3fd4c8bb8c040efbac1b13e8b0a143a7fc115eccf6666, 092381151170c48615d5a4b953699a30777432847bbc6fbe47aa3d87279fdaa8
DEBUG DBL t1 (X^2): 130b9eb25a9e5f503ea1eafa814e8b61463f4962df8c49df7979c83fb69504c2, 2c7d66a6b754141d2ddc8d7a16b386a3da2a81549edb2763c6c76c51cc61bf5c
DEBUG DBL M: 08be8da42ea97dc703957b39026a49c63b3c719736331311304ccca84b4210ff, 24af970e6398fc0418f51d014117e3305f7caedb0bade110dc152cc7b42b4386
DEBUG DBL S: 14cab768017cd0687c7785185169f1fb613f2f921fbdaf1054ffb938840d2185, 131c94a7f78730b3ed7fe6e9d46cb7c48945e6175037600d3b303068dab7d49b
DEBUG DBL X': 2fb4308eaa329a07d4d6c257fde568ebf8fe3b97677041a8f8117afcf88b0cc7, 238de52a1d65edb47078900f9ee250ec4e83b3189b02dd8f0c9aa604a99711b4
DEBUG Q->z: 11761ec2bb4fd19149b1597bec73a1679b6613c78cca72daf75d2f931ac5e95f, 2d795ed1df6567bc1f07c2d235ae2ab1540413bb8e3f91ae00ffdc19a917e524
DEBUG yQ: 0c8d8f75e3bf3d923c77221ba1849275eafebc6e0dddbc8fac795565859790ba, 0517a0b188bce388b94e0b9706175422d4775a015439d6b45a0c07f5b5fdf20a
DEBUG DEN: 191b1eebc77e7b2478ee4437430924ebd5fd78dc1bbb791f58f2aacb0b2f2174, 0a2f41631179c711729c172e0c2ea845a8eeb402a873ad68b4180feb6bfbe414
DEBUG DEN_INV: 0a4bbcedfcc82379b870a2f7ce97c62845bc24238a51f3bed160fab484ff53ab, 0a3785f7271d468933089ba0c6e2a08925a47cca3c75aaa5d180e35fc86c2680
DEBUG LAMBDA: 1a573ee488c7a107c34737ae227f688de952bb9fdd9972131a84d72825d45af4, 0faca9845b94299c5d5ad7ad5c84588e10311c33e31cd86d35c1b7dd98795076
DEBUG DBL p->x: 2dfac3544932fa4fb6c5e0bd025abbf5beeecb74a3daf8918f91c7651d14b35b, 1e6d8d2395544c8e63252987bd552521cadbba82a5dfa85b6bd8bace9729530d
DEBUG DBL t1 (X^2): 2c209227fe2f1864d215cb992523fd002e0998c8aabde4faf2ee9a52b20f21b7, 1d06e69e87440afe2b8027343863ffaa21ee7623df3d2aa4ef82b6ac280fdaa0
DEBUG DBL M: 23991992382a08db05a0d75e6c6946455b19f5372f5619d6608ab6ca65336a97, 26b06568b49a80d0ca302fe627aaa6a0ce49f7da3545b561926797ed9fb29299
DEBUG DBL S: 01c9edb6c1b8d60e0cf53e9d1c94231f7bebc485730d2a00637aa90c4d7b5942, 13e59ea526a216802e169e8fc9ba18eca6414198b3736a7493a1579dc7c2c836
DEBUG DBL X': 1464c4b3a28e5251170e2e021d294100d8efc0568c0d79520ddc0ad9aa12da8f, 02a005a8f70b41d324169440351236e39a8062eebff43632747f92f5d5467d20
DEBUG Q->z: 0e9e80f4c7e008100a7940f20a27be27b1311b87660e1c8b9b18af897217c104, 0ce0b4ae511bbb04b8d17fc0777850273a7e8cedb1ae88af76b4455b6e0bf722
DEBUG yQ: 1700b8cdb84474f39b7e7e1fc8be73c652d50f3c99505fe046debf816e36e8f9, 215332f79ef0ad93314c21582d5311c0a56a982690cc2f541203744f368ff3bd
DEBUG DEN: 2e01719b7088e9e736fcfc3f917ce78ca5aa1e7932a0bfc08dbd7f02dc6dd1f2, 1242177c5cafbafcaa47fcf9d924cb23b353c5bbb926941ae7e65c8794a2ea33
DEBUG DEN_INV: 1c967c5af722a5320b80ede00dd3b0dbab48cabf8cf7d1aebd83a206e705bf02, 155583c425ca75afc84c489d666ecda11dff36c8cf8a752c7273d40a57ac92c3
DEBUG LAMBDA: 07fc691054b452b0edf2ff9118178d7c5fb15e6f167b6137072213662b57e257, 10a125ad91d651d9e85febf5d43f9e39553917a1412122a77138012d5b26b9cb
DEBUG DBL p->x: 0ba1d622f22ef3fdb629951ea1ddc89a3db1a9eab0fe691b45a5eb5cb6ed2cb0, 077a2a175332ec8241cd05272408ab389b184493ee1115ddc1b66ac2e24e743b
DEBUG DBL t1 (X^2): 0f1d4698af510041f7dfc6d9a532ab54db5a8b2e0f43e22af83ccd92f15b3fd4, 0a1eab4f69cb20b9b5230e2b80e85d034e83ad0a54aed51c77f8a109da487314
DEBUG DBL M: 2d57d3ca0df300c5e79f548cef9801fe920fa18a2dcba680e8b668b8d411bf7c, 1e5c01ee3d61622d1f692a8282b91709eb8b071efe0c7f5567e9e31d8ed9593c
DEBUG DBL S: 2d0b898bf3ca10ce14638854254b08163a62632e4e5cdcde57796c4897912c96, 15680e0cba8f06aab86edaa1e7ec1fa1a257af36f125ef04ff321c69946e4db1
DEBUG DBL X': 0c89be5430881a0387da7b86064c2b355bf4208388d7bbf43d6b11f285f0de51, 237dd4e5f12c6fa864afc16c98648faaaaf90646de3d2a1bd97ee880f0306882
DEBUG Q->z: 21706f714bdb6d8d7cf92968b089c41110d799f971cf1a63b35eb3a54768ef39, 1a4c3529c7e5977c40c9d7cc1cbf6623a06358acb87c5dbfe3a00190a086eaa7
DEBUG yQ: 06cd36f7bee756825463db96411d5d9460addce2a6cf1142750777fc74ddcfd6, 068466fe7cfa8a9a30be6d4597491142df6067aeebecbe0b1c304affabc96bad
DEBUG DEN: 0d9a6def7dcead04a8c7b72c823abb28c15bb9c54d9e2284ea0eeff8e9bb9fac, 0d08cdfcf9f51534617cda8b2e922285bec0cf5dd7d97c16386095ff5792d75a
DEBUG DEN_INV: 0ea7719b4f013266bdf1976e5f7061068f06ad7b68f71949633d963891dbd042, 10d4668aac06f3282ae866b43f105e24f02c1134e0873d29b44de32f279c790c
DEBUG LAMBDA: 0dad776038a03d7652ff38fbc2e386aed56fcf5839950e288f58b237adfabeec, 2b2c79af817f016fbb30b55275c7886e574535276cd068e7301b1e4a3a0b4070
DEBUG DBL p->x: 10239348c61ab2040f18272bd360b20deea1cdbf77ac4769b439d7ed6e3e214e, 24f0f74f350a91130fb1e31c9a7ee6764c3601dc966be3809cad798b97ac31d5
DEBUG DBL t1 (X^2): 04a9d6c3dcfc21ffe90ec7c2448384dac9a8912b915aa8d2213c4720891464c8, 15d9c02f8ae93d0bb88a4efdd7466b61f2eb12b8a0224bb84cccd985a2e43eca
DEBUG DBL M: 0dfd844b96f465ffbb2c5746cd8a8e905cf9b382b40ffa7663b4d5619b3d2e58, 1128f21bbf8a16f9714ea7430451e9c8413fcd9877f5189baa46007a102fbf17
DEBUG DBL S: 0df448d5134c2885280c06bb4ce8b5b5c4228cae4e2de4cbe01a8db4e40e15c0, 04c20e086c09372b198ebc9d9423d5cd79aa2fb6c97006733c286b3bb5bca061
DEBUG DBL X': 212614d8166cc02526b7a3d9899f9b78a143d69bf10bb90223c5fc29584a5f68, 1deed6d58b4468c79e313741e37a54d35a61440cc37a8094a5cc02c75d534cc1
DEBUG Q->z: 2c6147708d41995d41341934ca7d827420f6238588ff56da060d8866be6305d2, 0a7030dc41b786aad6611f7d08c1888010100bc730a3f8291b13e91abd313866
DEBUG yQ: 0446dd6719cf7d96d41b33f1b6bdae22f4dbf4fda25b5841084af2103395871e, 0ed63b1be51b0d84831dc5b4ae0bea95e41a23df92dc3d93a185a0804f545ddb
DEBUG DEN: 088dbace339efb2da83667e36d7b5c45e9b7e9fb44b6b0821095e420672b0e3c, 1dac7637ca361b09063b8b695c17d52bc83447bf25b87b27430b41009ea8bbb6
DEBUG DEN_INV: 18c53c142dcc997a3553ca167535ff06083b16c2b5afbfd3e96e124f148115a4, 0058b612d9bff04ab72136a5e936899fdc083523fb5abf89e1772c2aad73dfbd
DEBUG LAMBDA: 10093583ee3b66657a6f5f68d13b5bea6bd807035f44bf69aa51c5c7c89ab78c, 2fedcec461fa9a76f115fe611cf4fd6f0b38a2cc340a5e6ccc87c17039a68264
DEBUG DBL p->x: 212614d8166cc02526b7a3d9899f9b78a143d69bf10bb90223c5fc29584a5f68, 1deed6d58b4468c79e313741e37a54d35a61440cc37a8094a5cc02c75d534cc1
DEBUG DBL t1 (X^2): 043c0424d3dd1f4a8a7340e6113bd4f9a0c388d1476751e079b0aaa37785f90d, 20dbf4e83e34d1c8d142fec2b00f0a1a9525b05ddc5fc282984399253802cda8
DEBUG DBL M: 0cb40c6e7b975ddf9f59c2b233b37eece24a9a73d635f5a16d11ffea6691eb27, 01cb41d2f83b3507032870db0d2a6d94906e3bf6c43bb26d5089b341f70e6e6a
DEBUG DBL S: 27dbccd9ffe4be5a8b50fc5b67a3b1ffb68e0961b5722d864fb3c1806af1ef92, 18674958375bd9e8e1838c7f4d85e53b535c06c848a33ca129e2a2c4c868c8ea
DEBUG DBL X': 2934abc19e391dc7742155a56be40a6e2f8643335138957073d032ba47db5722, 1b236d9f89b3cf77c3201287097488e3611709f6238339135606fe0d98947894
DEBUG Q->z: 1b403f7679b8d95ff970acb0d9dff59a17df30d1a69cec85a955c8589bb12479, 0cb55ee6d78896570edc576614acc3e53a3a19ec24e926dbe9b33e9db5937d68
DEBUG yQ: 0dd2e21d61a7ccf5dae2798febcc906e6c94cb45b106e72a130c16df12152e54, 1b36ddff26876b6d71261f6bcfec3f15791432134d749e1f2d5c61a0b711ba3f
DEBUG DEN: 1ba5c43ac34f99ebb5c4f31fd79920dcd929968b620dce5426182dbe242a5ca8, 06096d8b6bdd36b129fbf9211e5725cd5aa6f995327771b11e98372a95a67737
DEBUG DEN_INV: 16ad74b1afbcffbc973f0028f520d5f2e0fb61f29702984dc2c93e95fbbf753c, 0d552a9a809ef15bbee7477d377cfafb6866244c887dfe57108ce9b97a52f294
DEBUG LAMBDA: 193a764bc9487130b25e53cba4f3385dbd6091ba90c1704580797f0a63ce6c15, 2f3d0e937e42bd81e32e5f4690c2d6311b1d54e5285ae9f96a5d2e77610e17fe
DEBUG DBL p->x: 2f65b9a7eecf149e885ca2125cac1e37f196fc82aa6a289f849c2e7e2385fecf, 203b5118440f8d8274418d4fc68a2b28c29225b0722c7a40842141b72c182ee4
DEBUG DBL t1 (X^2): 145a43a66a31c6f5af9196f05792be00cf2db0990b645dd1ba4c3c6b41f6179e, 23caf243d85b98614b5f38b06214553504c11a85086f88601a0705529609894b
DEBUG DBL M: 0caa7c805d63b4b756647f1a8536e1a4d607a739b9bb4ee7f2c4292aed654993, 0a9839e5c6af88d0717d1ea4233a4ee3df407a6c486b0405d5d3f7ca1122a153
DEBUG DBL S: 1a2d547260f1d4e54ca905b59c92537fc7b23c85fc5f7528d7efd193baf7b9b7, 23a14bdd9e4742c7199842d61cc78568017858189c686832747678b205814966
DEBUG DBL X': 1dcb5d8c97fb34eefe31efde6c68e131bd32c20928d07f3102b5a5da0810e37c, 023c45f55d3eb01a7e6267e522a8eed208edbdd8bc61522f2489a01e5c91a1c7
DEBUG Q->z: 1a5b6db5811b85c275be925f2383dde38959d65203c7913a076cb31d15fea287, 1e3ebb5259bae92108d351273f10ff10dde439c17a0cbfb980608c8fd0ac6ab6
DEBUG yQ: 082f9199e0063641406844a481b0c4635db33f5b4c269cbe58abbd65cd47def9, 23d7a2847af2a02aacace06e2ecd9440ff316c524313cce4573676891ee90168
DEBUG DEN: 105f2333c00c6c8280d08949036188c6bb667eb6984d397cb1577acb9a8fbdf2, 174af69614b3a02ba1097b25dc19d02466e16e131db5cf3b724c60fb65550589
DEBUG DEN_INV: 2b1afdc1ff13689e5fdb2801773be8ddc3c7163452741799b87c747d6f063fe3, 17bdb441057ae445dd56f322fc94e7618f6df4581c66fdb841c9de0fc7a503fd
DEBUG LAMBDA: 2e83e86d17a8966fdda447c3c75986f60617d43ad8c679c9f3e6c2cc4e2b0c81, 1d780d8735b75e9c9622ec6addf5fdeb38dd11bdbd151c8a4ba3c98baa5902a5
DEBUG DBL p->x: 27e1684988a779c5950c5fa8218d3121e25e6751e6064ee0947b6e76b10475c6, 1064a18d4c41d3e9c4ea7cc58e0114d5341254ddc11bc713670c486520f63a00
DEBUG DBL t1 (X^2): 22a0b3c89b3918a35893617883284eff11cc0024c88a0373c114b66faf698a57, 1f50168e325635425450c2b8a505d85c9dfc97b4e67488aaeca5b07cea7baf47
DEBUG DBL M: 07197e740f480996991998fc86763c4206612b4b88ba7540cafd0b215d42a477, 2d8bf537b5d0ff9d44a202736d9030b842745c8d4aebcf7389d0855fe6f6108e
DEBUG DBL S: 063ee98d089fe0c14cc774b38915a69c289337b88ba95d959e640d55289c2a4d, 138773f5aa15c2a2b0e3ce68579c2ed5c17773b680edf68b058636588c6798b3
DEBUG DBL X': 170a032eeda5f32ea548ab0744bf05e0a458996b96a4293bbcdfa1a01760971f, 21dfc81ff9eec67151f0b106cb6381d5f0f2de3c0d46450975e3c25260323379
DEBUG Q->z: 21d13543a0257fd7b54c2429eee71c8e0df7b507d9f6ff5ad5c0cbdbc17efc32, 02990881798f1bb8670a4a42356f26014dd4f9a5555bee4c1f1ad68fe370415a
DEBUG yQ: 14ee723b186474b0327e65cd8ca7ae65fcafd2d201f69a7642ca2db19f39ff6a, 20d4a577af28334e1661ea23de7294e3a1e87bf9653137ca0d18489426b9c73d
DEBUG DEN: 29dce47630c8e96064fccb9b194f5ccbf95fa5a403ed34ec85945b633e73fed4, 1144fc7c7d1ec67274738e913b63d169ac4f8d6161f0a506de10051174f69133
DEBUG DEN_INV: 26d438320cdf7ce2d5d0eaffdd37a66afddcd1951f26ba1094c7c5580e1e546a, 10e0d8d9351def2d309d5b0150e6f36d8171358b33db8d299e3633bd575cce57
DEBUG LAMBDA: 0ec9d4d4b436491268a1789c0a57ff35e8d76dc5911e4b705066b4377a2b3d2f, 09074cb7686c51f4086145f3f4915c2e2d8dd7374373b62d0e66cfbdf7b6e09e
DEBUG DBL p->x: 15d9849c3dc3ff7e1b59399265dedaea9b80328109804c7b0b2cc459b2edba21, 1ca021fd77641333447e24f59e4dbb13d02276debc5579e5c7a33a6fc1dd8a4e
DEBUG DBL t1 (X^2): 278881fd1ba0bf71815ae3d0a97daf41b7d2cb311192c1bf13839dcac77fd48a, 1a09b341587af677a3465eb316a0a013ba70f47957816f3932ecbba9cc8febf6
DEBUG DBL M: 15d0e911907efe0113702004f9765d09f8758c7063d4b022c249c132a5858310, 1db8cb51283f433d3182d662c26087dd97d172da9e12831e5ca5a6e68d32c69b
DEBUG DBL S: 144b6ae6402ea2307c414fe8f984c73c877b50a3da5eba979539d307385b72d8, 1f8faea8583502f78f23303214111da5ffe3f99a9b6c90d587a279a53ac6fd74
DEBUG DBL X': 055a72b09154b3808339c1e126ff8c3cf48872ef06f5632c5c2409694d8ee142, 0f822bfd98e3b5d390508c2e26acefc8f8579e4148b08b044720b82f3cb08bbf
DEBUG Q->z: 2070a181154db7149c2d6cc43126765d1ecff9457ee9ae8c03ba2d59d87d4abd, 1771f9c85cde81d982cc3543700410a37db5956a312dedafccf08454e48a1070
DEBUG yQ: 26cb57d91ec42ab8e1a0e75375548d64e6130f1d1823485907af9146629eaee1, 2a4269bc9960554405f17b948d8d5965cdd49d4cfeb6263bd22d62958ffc9c3f
DEBUG DEN: 1d32613f5c56b5480af188f06927c26c34a4b3a8c7d4c624d33e9675ecc0607b, 24208506518f0a5e5392b17299995a6e0427d00894fa81ea683a3914477c3b37
DEBUG DEN_INV: 13c712586826d545936067c295702444cd778959c8b9bd25e6a5020e13b208bb, 0a1a0dce3cd3c0bca290676d619e5af402c1244f7f3418613d13b2e57689beff
DEBUG LAMBDA: 2eddb54ae813dc5ff827934fc842cc73fbbb461e97b56b5cc66193c644e2a8df, 0d3828d1e2d9cfdde9bc9a1f686f5afbfae4d99e6a30b3e3da2eb73479b32d22
DEBUG DBL p->x: 055a72b09154b3808339c1e126ff8c3cf48872ef06f5632c5c2409694d8ee142, 0f822bfd98e3b5d390508c2e26acefc8f8579e4148b08b044720b82f3cb08bbf
DEBUG DBL t1 (X^2): 26e459ab8a81f15277a64c4139ac34e0bf5551633436bd54830ac6ae40e25d9d, 11fb440e11cf7f3fac9716c6e44042618439ddd7da41df0dc875ca6e31588b38
DEBUG DBL M: 13e4701cdd2293a3f6525956aa01ede70efd1f06cbc0a2e310df3bdd11ad1e49, 058d7db7543cdd954d74fe9e2b3f6ec6f52c2ef62653d29c1d40d333bb8ca461
DEBUG DBL S: 2cb4ed881bf9955a2275fba43a83ab90fb5ca5c6e2b4737eeafb6897fbe5f09b, 23afbc54aab29343bcda02c0dfc088cb789b4fbbd048553b15c6a8c5c3d773b5
DEBUG DBL X': 1370e799538f38f4f907ac21160e9eca418b5c98613e054beaf1e001274a976c, 21f75c60b90bbce1d55164d84e1a2bec69eb1f965a8761f25ad2a42541e62c0c
DEBUG Q->z: 0b188b4d315109d25b747c4f7dea6774377e7ff8ab1560fd9ec8f618cbcf4056, 1aaecbfc90cbc96b68a7b3c6fe3609d1bb5bde0c1a7876cbae84a06341d72674
DEBUG yQ: 0cdb15428488296fa1fcb50b526d3c160ee9adf3b5c1d4ed94cffc5f5bee00a4, 27e278437133afff5d915e9de051c651215ba391a3fe83841433d0636c5f0ab9
DEBUG DEN: 19b62a85091052df43f96a16a4da782c1dd35be76b83a9db299ff8beb7dc0148, 1f60a2140135bfd502d277853f223444ab35dc91df8b3c7aec4714b00041182b
DEBUG DEN_INV: 28c36ef8b8be25fc1c3c64305eff71d8b113f8fcfbb86c1c7acafda40346256d, 1c58d209bdfac30c3db0a6b1949cbfc6fac6dc966b3159ebbf88899ca5bca493
DEBUG LAMBDA: 2a94340ee066317ed5520b100d8ed3190a01ebadb55e5d67ab59de885dbb1caf, 151e11d00273d3d3c60de4561e1707d51935bfb65f616c4f5bb9693620ab4caa
DEBUG DBL p->x: 0dbd3c2278c9ea5577d0c46842d747b336c9cedd31fc8215f4f623ab65379b8f, 1c3ee18613c74c3e9e1e1693e1d552f351a70acff96ffc63aabf3495e819db29
DEBUG DBL t1 (X^2): 0cd2468520c6a49006b4335249c7e0014765567853fadbc08c999e799c211ccb, 018438b561bbaa201d15ba68a1e96fa557c426ca51b1e782c234de3e8dcf48d6
DEBUG DBL M: 2676d38f6253edb0141c99f6dd57a003d6300368fbf09341a5ccdb6cd4635661, 048caa202532fe6057412f39e5bc4ef0074c745ef515b688469e9abba96dda82
DEBUG DBL S: 2c73c3209deec0ccf5340b9910215eda7639434e8579e01ff40972aaee3ecb6b, 11bf0de2b4ba832c651dcd5dd22e73645dd00dbdcf6016d9208fa49105244c9c
DEBUG DBL X': 019a6d54f0dd81181efb1b3cef808db578718f3b3a77f20a5f762b6c1e486115, 011d8b076fb06178b054d03550471d9e32e1b1300be2a0c1165c716f74530431
DEBUG Q->z: 301c23d6637512a131cdad6c3f93d6383016d2af3267c7f587d19217b5e4aaef, 2661456878ee196e43252a167009027f618f152c0f818b6f64a813b1d2887e84
DEBUG yQ: 2b090e0cfb250d907376c0bd23a51b65bb4a82c08879140208009eec62f37c8a, 244ade6eb149a30f9a19330afef2205622037b94ac3bb3ae4d40cbed351c81a8
DEBUG DEN: 25adcda715187af72e9d3bc3c5c8de6ddf139aefa8805d76d3e0b1c1ed69fbcd, 18316e6a8161a5f57be2205f7c62e84eac858c97f0059ccf5e610bc391bc0609
DEBUG DEN_INV: 0a1d87f5105c281b583fca2e6f5bf10fa51fb88059df7ac644ae86b4df823093, 0f5198d8900dc1854e8bc5ae2894bc8283fc8e4c3cc1bd10749b823fefaaadbf
DEBUG LAMBDA: 2da9d816ecb572e67be79935c385248ba07763dbb11cbad0a2e3393333fba40c, 2777a4262383008f2a80911089202516b0574b007e8fb8b455386dab39542ad5
DEBUG DBL p->x: 019a6d54f0dd81181efb1b3cef808db578718f3b3a77f20a5f762b6c1e486115, 011d8b076fb06178b054d03550471d9e32e1b1300be2a0c1165c716f74530431
DEBUG DBL t1 (X^2): 0c44c5dcb1abbc16cd18779e8e70db01d078a797fc4b8edaba331ead935143b3, 2bc9bb428b132372817b31441f48d598d91daf018b3f7c05b62681b32e6f59c6
DEBUG DBL M: 24ce519615033444674966dbab5291057169f6c7f4e2ac902e995c08b9f3cb19, 229494e1ded62a0413d1085f5ad7d00f5c5637e1d0dadef6aa326cebda5412c4
DEBUG DBL S: 1687168bdea70af133a0fc9f698d444a6b015dd3fbd567b4b795463cea8a862a, 0d921ea70391bb26b72e4b270991882929db38baaff22191f0c5e036f09d855c
DEBUG DBL X': 0d313c743067a6085b3d1c13e871fcdfdd003122962541d02dfeff29ce01b01a, 12f5c56a52a3b1c5d846d6ed40d52c64a5368c200f301abb1b0f92642b9b5ab2
DEBUG Q->z: 06685c17f3dc97db5bd5216abdc4d9be9fcd272d694582874c788c3e81ca538e, 1dda280b140a1b3be482fae11e43ffdad8d5e3503ed59b7f66b8457ea19d7add
DEBUG yQ: 1326d0235c807acfbd22a8ad167d161212d8db5f0b40573a5b410e30868a3bae, 2b95213dc3bb4c00b52a815a0989f9715c014861526d4b6940f4e97ff5d08081
DEBUG DEN: 264da046b900f59f7a45515a2cfa2c2425b1b6be1680ae74b6821c610d14775c, 26c5f408a644f7d7b204bcfd91929a85208126313c68cc4545c946e9132403bb
DEBUG DEN_INV: 039771900e3b138c19106c6f00f782129141bc64c43fd12b1371b731c1b1e772, 0150012f84c18beecd25cd6b4a312e539f6d574faa2601d563c76984bc28e783
DEBUG LAMBDA: 1370c1139f32a0d4efc87ae07f99b1ba8d7f080c3411941a5a6212bd9a37b036, 2f7949f5881d5a3776546cc8f73a14ea2134beab981bf7317da3c2aa5410a0db
DEBUG DBL p->x: 1cffb82551ef3f0f2d10bbf853955bd2458d13aa5f480ad1876fdccc77ef0ee4, 0bb976a0c3217e50b85294631d003832aace8b142535e58bd2199a8fae9e88ea
DEBUG DBL t1 (X^2): 06dcc2e9e506e2c7d9d5b9722094469712db545a9dd99c0f65e95a2d59150284, 22735721be9a5f827a3c023f236a086d1a1067feecf55e27dec9941ada825536
DEBUG DBL M: 149648bdaf14a8578d812c5661bcd3c53891fd0fd98cd42e31bc0e880b3f078c, 0691687f796bde33fe137b50673b688c1f2e62d9f5fc855d241ba422de8d0514
DEBUG DBL S: 2f91a66e0b69de1980b86780490e4c7c187ca3a430faa4b5b75887597ee4df08, 143bb11b937e82ba91f2c763c1eb3f5e90009ca39a008d6edc478d4993a486c1
DEBUG DBL X': 015775fef0ec4c4cd5447c1f5e5fc1df60f355a9006a55f74feda9c36743b43c, 0df9a78942ff4d91cbf082456791a18090c1ac529a3e9541f5d23772930c99db
DEBUG Q->z: 1f58be76a94e577c3e25811b567d145b98640b401062e66c4c6c79c3a5c823d3, 2481609cd2717f7c133705dfaebfab00aedee2924f45bb01b53f92199480f573
DEBUG yQ: 2ee26fd9aba640dc061a1d2e1bfb51035f6bdbd873019745e5c162eed201ea8a, 1da5acc14b90f8669efd45a1433b6e45baef15eacfd6c53c60094a322c196c24
DEBUG DEN: 2d609140761ae18e53e3f4a5b67549a927564d1f7d9163fe8f6239c6cb86d7cd, 0ae70b0fb5f050a385aa458c04f5842dde5cc144373bbfeb83f2084d7fb5db01
DEBUG DEN_INV: 0bb8d8f62f3dc2307d5ec9d29cd149dc2ea720c7388c2cbaa29640cc358f3fa8, 0875f4ef915c14f7748f65171bd036cdf16bc2779c61a43bbe45462d5ea2a7c1
DEBUG LAMBDA: 245457935898f6928ca3c18ff86adf0f91e80c3a13bc639a764816e5f7ab2a53, 1514cf3482b4661f15262366fa8c850c8598ece7e8f497a3cee2fe145602f9cb
DEBUG DBL p->x: 015775fef0ec4c4cd5447c1f5e5fc1df60f355a9006a55f74feda9c36743b43c, 0df9a78942ff4d91cbf082456791a18090c1ac529a3e9541f5d23772930c99db
DEBUG DBL t1 (X^2): 22e991c68705d71bcbcea3d08e4aed1f95854527a107b6c2008acb7ad07e7e13, 2dc0edc13646a084e669dace07d08017d4fd914d36fd2c62963b7f326feb3903
DEBUG DBL M: 07f4186dd2ae44fff2cb6004a7de16a3918cfa5412338f2b895f4a42c0817fab, 287a2c5de070a13b429d04fd146ecf8c4ff5dec4d413f00d4a7165699ec7b07b
DEBUG DBL S: 0ed4f70e0056951a5873b040173e2f7130d87fafdb78714277f7802ccf2ea565, 1161ea27a8533dd031eb4f2c9224c0dd2c5882748bc35c0ccaafc1b16d2e44da
DEBUG DBL X': 12b0dafc5c80cc5b1d2a069cb5b5bb36f5ceb05686eef988434bbf03d47eeb09, 03027add4f444620f873e0ee13967cba2cf490f909109e8db78c21ea8079a48c
DEBUG Q->z: 0026392dd28808a68374e71b52c2cacd354df3b6929d2175b9279a26c9e94072, 298746b4386afabe0f6b6d6a97bc03af749ee664edfb381608b170babdded787
DEBUG yQ: 2b086c616ff73f2afc4c840b2ff933b0f70de36c30fb5118adb297dc81047fb4, 28b5ddc7137c832d96a3b7a35dd6ba08764918c9c2112e72b5c4e303e23440e1
DEBUG DEN: 25ac8a4ffebcde2c4048c25fde710f04569a5c46f984d7a41f44a3a2298c0221, 21076d1b45c7663174f729903a2c1bb35510c7021bb092582f6939f0ebeb847b
DEBUG DEN_INV: 07713d85037e8e3cce82ca674ecee84f676c8ab08a10161e1ca2b134750f3e7e, 2ce65e69bf933bcb9d1e0377a323d7d998b100921b45a83a4ee485c64a38bdde
DEBUG LAMBDA: 2701215fe99f577ad880641e9b101feab287b4589d3b787e42eaf64b645899d0, 2fffb5b55d7ee7aa0e6c4a5365d8e79ae7d094790f0a1b5725000e2b3e84e709
DEBUG DBL p->x: 12b0dafc5c80cc5b1d2a069cb5b5bb36f5ceb05686eef988434bbf03d47eeb09, 03027add4f444620f873e0ee13967cba2cf490f909109e8db78c21ea8079a48c
DEBUG DBL t1 (X^2): 0b79d7d2ffa232254567610cf1da3db962964c5563e9d67b614d69bffa3b8ae2, 27bc93bf4934c0792c8f918406e0d228d5237ba933bacb61812fcc24287fc5d4
DEBUG DBL M: 226d8778fee6966fd0362326d58eb92c27c2e5002bbd837223e83d3feeb2a0a6, 166d1e58193b0118150e291f119fc5bf50679dd8ca4ccd0a0b4e4c3ec88556ee
DEBUG DBL S: 1b8e38a0e0397f1cd5fc98539bcb63e8f09f6716a3bd90629139eb94741e7195, 2362fb118070e269c1444882c2fa82ce71e935abf001633df90ff2f68737839b
DEBUG DBL X': 123c2c0a300d77c5a20d98743c687871162a45fa8d30d178aad45c305011167e, 18acc4f395e40436a8f9ea445f90b8fe657794b75d5901c144d7b3748bf013c9
DEBUG MILLER RES: 1b4dd8a9b174863f5c623fc18005865d5134da6ca538d223977e5f50286d9237 1762f5a207539ef3902167fdc57e466fdaf466911513bba9f2c3036b997638e3 26dc64585a535fc10005d9ad11157628b30bb8280f6e7f8e2ae775ff28fba785 062ec77f64194cd35e1b41911d0fe5a7624bdc052427a68cb09585bc6c8f5cb1 0fe61064234dd8e129d55eff2c25f7dfdaf77c64d1d1382733c918be504bc986 22640013d719eafbf7fc3999ad59905e9b3cdfa433d2c486b102baf78806dd92 17d1492e261ef7d76c85d3172a645e5b728c187fd2df5c95384e57f255b0bd9a 1108af5995c7688ca72001281de2f6894940be5f11f33edb42f603b1ac35e150 19eccba2ff988f2812c17c2eee6d047cf45c3fb8b58fb8148e3d7148abb84ef7 1fcf170f878e991f685dec6023e1e7dad3f597edaf6199446326c647fdf94bd0 1eadaf27ce9a7bd6ba47bca08a65c5270c5cda8b1d5c47152ce5e8290993dc56 1496e109a10fd6945e975784baf844201c5e33f8a90ead79c4138715b0876dc7 
DEBUG Q->z: 0000000000000000000000000000000000000000000000000000000000000001, 0000000000000000000000000000000000000000000000000000000000000000
DEBUG yQ: 192bd3274441670227b4f69a44005b8711266e474227c6439ca25ca8e1ec1fc2, 01909cd7827e0278e6b60843a4abc7b111d7f8b2725cd5902a6b20da7a2938fb
DEBUG DEN: 01f357dba7512dda9719a77e067f5eb08acb71fd1bddc1f9fd242d3aeb5b423d, 032139af04fc04f1cd6c108749578f6223aff164e4b9ab2054d641b4f45271f6
DEBUG DEN_INV: 2357d155110d6779959a8f6aa11b833bdb89bad068418b80728089780294aa31, 14ac2e8dc6b8d4e2c5ed3a4778526e32760219e06beecb0defe6d3ceb28bad42
DEBUG LAMBDA: 28740d492632c38f3bd3c90ac14dcf48e9204889ebb29cf5e488422959450431, 190baaa9a658afd407cfe4c67f9e2c6ca2c26b173f96bb87e9166a1c10062d63
DEBUG DBL p->x: 03ff41f4ba0c37fe2caf27354d28e4b8f83d3b76777a63b327d736bffb0122ed, 1cc7cb8de715675f21f01ecc9b46d236e0865e0cc020024521998269845f74e6
DEBUG DBL t1 (X^2): 2e05f14efcb1ca81d4fd3e638e28297fa2c96a3ab4bcb4505073698cd85a7258, 10bc9b962703233b3693ac333c1f339e863cdaea454304749aa15fe203dad320
DEBUG DBL M: 2949370733b21f320e572fbda775cbc3b959698d4d5287d679192478d8155c7a, 01d1844f93d7c987eb6abee332dc427dfb35262d675742d093c3938f33137c19
DEBUG DBL S: 013795fd2ee0a4566baa75cd37877c4bf7a564c2755bd42eee1cf7ad6f4bc49d, 199917e5faa4f56f3fa4c41bc46c1a60bd87ced052783b2d1d9c24cdbe7cc199
DEBUG DBL X': 2b9a7ff8a75a1955be53fc3614fc87b76b266b0c66b4ff3ac1538fb472dd4b3c, 141898908ab455ca91f3ef5e054da03a49eeb03eae6304d3560336a04339255a
DEBUG Q->z: 22386dcd2de172c71633c45121947a6c0f3a6dd3687b81cdf7bc68c7c2ba04b9, 2a43605e584b7d0147c1bc97a546a5ac264b7940428ebd00aaf9a7d1769ee15f
DEBUG yQ: 2431ff07bfb79616158a6ebff5de0df6b58b0e84989dd6f757ad6d781b5080b4, 303b17d049c2623e8e4ce0937b45faf52f52ce71ae20271e646b43d61f326f43
DEBUG DEN: 17ffaf9c9e3d8c0272c497c96a3ac38fd394b277c8c9e361733a4ed95e240421, 3011e12db253245364497b70750a9d8cc7243251f3ce83af8cb5fb9565e7e13f
DEBUG DEN_INV: 236f2044e6dc9f2debdf06f834809b82cb4bc3a570dbfb1abe780f83117a0c6c, 210c28bed311f853c9902b147a7393e6c3c69a1be7dd33e8371ea60793d05eef
DEBUG LAMBDA: 1c150aadc94d849641d1f88d34ea8cdce3e2b4bc71d1a347c158bc413e1977c4, 110dcc7f88722f9bbc804586f9d75350917563e8ac76efb69480c502104582c0
DEBUG DBL p->x: 10f01f49a24f9f075dec8a8a48a8b1426841c1c5f7c282c519d253f95f44a1f1, 0f083826900640dfd300e6f218d2dfbf9d176429f08c6e97fb27578871783a32
DEBUG DBL t1 (X^2): 276aa26cdfc01d83dc695c51e6c8a9b6a8b312b21406566e84d1f970ad5054ec, 1f3c37a7603359811caf9849f6e8b916af324757d25a457bd16e6fa5a67d26df
DEBUG DBL M: 15774a60dcdd1838249b8988b1574c68cb1662f36b2f6e311634d42456f70436, 2d5058833f686c599dbe83276338d2e676156b760e9d05e6382ac2da1afa7756
DEBUG DBL S: 1f525e90daa754176a0719ce4ecac4b785382f5f9ce417aa0fba2f85a86f1a25, 1f93db65584a0521cf9e9d9cef17fe8733a634aa8084c28c4756bdba733d8de1
DEBUG DBL X': 0772d3a0821819b09bcefff25cd3e2a9635034fe392f356a2261a11f86b96b84, 2056cecb2deffb047a3700a90958349f20aec185f1e94af887b86541f3fe21a3
DEBUG Q->z: 07b3cf6dd14be00764695fb83a08377c96e59feca61b79ec9b5818759c8085af, 2ea08155f6b72790b5c948cdcb8daf187f278bdb0fce4468ef7bdbe52745ea2f
DEBUG yQ: 07af74440793a9197b67c6886434964dc545803c538dc3a2fdb8a390562b25f8, 1e22f12b546d24c92e2a4fb5018f0539ce16e6c8261a08a2c5ecb5e69ff9a416
DEBUG DEN: 0f5ee8880f275232f6cf8d10c8692c9b8a8b0078a71b8745fb714720ac564bf0, 0be193e3c7a8a968a40459b3819cb21604ac62fee3c246b84fb8dfb667764ae5
DEBUG DEN_INV: 24ddeb829124ddc8a4177232721830b71cd651e683c6843b00b6409b461c6e3c, 01a5dfb32233ed9ad1a61af14ed288434648930e4fa7313722421725ca9869fd
DEBUG LAMBDA: 0ccc300aeff2486a5771873ab176b99aaf4f667a72de534f890c6a10d98358b6, 26314433b251067c076e4c2621a4443e4151196572998b9f0e0faccd2ef6fea4
DEBUG DBL p->x: 0772d3a0821819b09bcefff25cd3e2a9635034fe392f356a2261a11f86b96b84, 2056cecb2deffb047a3700a90958349f20aec185f1e94af887b86541f3fe21a3
DEBUG DBL t1 (X^2): 162651389cc2263b88a362c5aeb673d1c73d2b18d0785827e7552cc90928d1f5, 0b4c07aafbd0fb736fa1f6898d9630f86862449d858cf2d14a889a5ce171dcc2
DEBUG DBL M: 120ea536f514d288e199e29a8aa20317be3616b908f73dea79defa4442fd7898, 21e41700f372f25a4ee5e39ca8c292e93926cdd890a6d873df99cf16a4559646
DEBUG DBL S: 258252b2efa20e91e3bedd9b8c597bcc264d32f0de6ff19141824d0175827814, 2a033278ea4f754128f1bdefa83ef07b412f136ccc947e1e9645d6fc2dd3bc45
DEBUG DBL X': 153fbb4b02e415641838730eb97d6e50c185121beafb8a304e8a7542645fd2ab, 081f0867377f12d551bdb1ec00a97fdfb0619b456ccc72a65af33cc96dee1543
DEBUG Q->z: 02ce0d071777f465a11cad5ce8c6ed62f0b82f22478e7f73a73031d365d63b2e, 1382fbfb230f8cace9caad4ca132ff0d08027ec31d5c72bd79e9cfb5956b156d
DEBUG yQ: 0c01e4ffeaa5483a08cb3996c60ab6a9cc43113c8a4550c48967227a422bf371, 2f779ae672e18fb7c90ee0922282d391c04f36831eb577d86e99859642b7593b
DEBUG DEN: 1803c9ffd54a90741196732d8c156d5398862279148aa18912ce44f48457e6e2, 2e8ae75a04917f45d9cd7b6dc3844ec5e91d0274d4f92523a1127f15acf1b52f
DEBUG DEN_INV: 00707056a624024ba99517b99b4f723ba1fc74e9a7e67166b14a4c41929593d6, 0936c6f7b5c1a642b652ad2823c888bfac8ec1ad90a6c52a07bb9734eb669577
DEBUG LAMBDA: 0275ec73deee034c89828f31038dc9ee94d686d3805b07d144e14b936e822647, 1e93e14cd3d37ad248775a012a3256e0b513e0931c09adf33e3138334576e1ff
DEBUG DBL p->x: 153fbb4b02e415641838730eb97d6e50c185121beafb8a304e8a7542645fd2ab, 081f0867377f12d551bdb1ec00a97fdfb0619b456ccc72a65af33cc96dee1543
DEBUG DBL t1 (X^2): 1d8cbfcdd9bc50e7edb9cf564c5e3a1732523d9ea6ca48ca1129cbfdb7fce9c4, 1b9fd9ba7dd1abfbba30160b290c2b6c00304505eaff04797d796039c8004197
DEBUG DBL M: 2841f0f6ac03528e10dd284c639955e7ff754e4a8bed0fd0f75cd7e24f79c005, 227b3ebc984363c9763ffc6af9a329e6690f6480588b42df3c4b94967f83c77e
DEBUG DBL S: 1709ee3d5c12374796f34b889baeabce2cc02a5c4e1c585d6c18c6b53f452f41, 2223664422c26fab8882c285f7c32308995e1543ad264f7fed93ae3a0b10c412
DEBUG DBL X': 21dedad4962e6e38aef0146e80d0adfe894300ce420bfdaabc897d2aa771a75a, 300b14be452e6419a5201350dc05c9005cab2e7c5984f737fa2d3410cd72fad6
DEBUG Q->z: 11b857b7572f1adf957b9cf5ca6a3fa3989d947e1c19ce62649102d7e6b98fb9, 085ff285f201dd3b0e808b17fbbe581ec935907c08b02e35d646ecd6dde0ac80
DEBUG yQ: 1372c0b5dace3638cd1b7abfb56a32f0630bd37298868330b71909ba19dd3cce, 0413241f6b09802d40cd61f49bc3b166cb551fbda7713b7902d475c92065b591
DEBUG DEN: 26e5816bb59c6c719a36f57f6ad465e0c617a6e5310d06616e32137433ba799c, 0826483ed613005a819ac3e9378762cd96aa3f7b4ee276f205a8eb9240cb6b22
DEBUG DEN_INV: 26ebf3c587daee812901375c1742c8a165fd1f00c54bd538143a44ec85ffa084, 069076c95af26c4ee7e74f14034ea8b1d8dc2f2b3e21d76392b478b213d936ae
DEBUG LAMBDA: 1f6e6297d584ef19c62537949a3b676660a18cd214b71df556e98c47f7a99099, 09219fe79a2a7c96defd85b875b98fa7175b3426e07536afe7ffe1ccb0509dbb
DEBUG DBL p->x: 0405c30b7f2dd782d15c44602a1dc540e00d9766e292e524764957c581ef0431, 1551235feab14b04aa2dac1fb86e8c57eaa53da9cb1437afd1e07002b59d923b
DEBUG DBL t1 (X^2): 02a8f98e8d8927bb87d7234c8019000cd54a9c546b2249640e2be9da362249f2, 2c0a5b1a32a54f68d264e6a4a06802ef30e54183b4436856e29349ace9cf04f1
DEBUG DBL M: 07faecaba89b7732978569e5804b00267fdfd4fd4166dc2c2a83bd8ea266ddd6, 23567468d58cade7068e2880de35581263acef684be6a3ea2f78c4d90c731445
DEBUG DBL S: 22a3154a48519e96de857725fced6b271b12ebc552817a6056b16b27dc20dddc, 229be59699152dbc456f0e2a788c29b67f3dd390a879bd74966173c8fc3c8551
DEBUG DBL X': 2f38c9dc6629412ed27c03ab03e2431a69f627b442eb954578a7f499a70924e4, 206dbd986f0b705b33de214a9ab75e36174e909611fe9bf354e538354b3fa9b6
DEBUG Q->z: 21a9d6e2565cb4cd38f3d05008cdff7ee83d5ec34583dfc7788c75f7ff15b9d1, 1ed1b2c8112e1bd3a46fd2f7111445e3c9423c05acbd74bcb2e59081a5734c9e
DEBUG yQ: 074e7532a32a035c3b2a9fd83613189ff48b6543cba3eb17952812214daf3d72, 2e083a57415d787644fb6a343422a5a3ae0f5c59e447b92d658f3085e3e37dde
DEBUG DEN: 0e9cea65465406b876553fb06c26313fe916ca879747d62f2a5024429b5e7ae4, 2bac263ba18950c2d1a68eb1e6c3f2e9c49d4e22601da7cd8efdd4f4ef49fe75
DEBUG DEN_INV: 05b69c3ef799c222d14ce73d20a067a6b9c5d2e5a086baa529a8b8cfad7bca33, 2d2abd7d3774b25eff0e6f8c529cc07e4031b7b6705758829197df88c1e02c4a
DEBUG LAMBDA: 26336971db50f9065cbaa8ea8c9cf371907da55352da5544df9f471733cc469f, 1355e52cfdcbce53e1fc0e2118619be1e5145823381caf7a16c1e19961b23034
DEBUG DBL p->x: 2184cf9d92df5c991cec8f5e18b48b315230cf65b55d4186a33bb6aeb894a525, 2226ba5c8f7a7c48bb4a6e5049226c6eabd3ea1acdf708cfe2b9c0ff2eb95394
DEBUG DBL t1 (X^2): 2ec5cf3f817adfb220a527d9f18bec749ec7124cf4529a09971f090ba318c3cc, 0fbc69364206b900e8cad4683fbd657994d7dcffa53777394639a75efaa463f4
DEBUG DBL M: 2b88d0d8c20d5ec2f14eec20d1a114a2ad5261c40c1439024d1c02f5385050d6, 2f353ba2c6142b02ba607d38bf38306cbe8796feefa665abd2acf61cefed2bdc
DEBUG DBL S: 062b9169b8ab9bf0c6f549080c706c960b01433c0a717e9041fff7e45c2e6704, 24b69e4ae6082308951e19cbf99c8c9b24df73c205d436d821918b2e75bcebe7
DEBUG DBL X': 29b4a8f2c3fb8c13e0b30ecadc044b98b315adfb6cfa674979266305dcaf557c, 02f2b0a3100d4c29eaa1ef324a16656d953e43804f4e22bbe13d70fc083ba9ce
DEBUG Q->z: 2e5b685216807db07b57ce1e1b33a673a5a5a3892688fcfce5112febf626b659, 2b7531a1b1ab63c717c4bf24eb860aabefdf69edf567b3efe43c62d18ad5c1b9
DEBUG yQ: 2a87d477cfc33a09e4cd330586dc6c33cdee99b58a1469832ca5d1f267080d44, 17f8cc0cd7a2ac8c2a6924d6cc452ccd4e4ddfad8469cb3ee4842eb39a954a1a
DEBUG DEN: 24ab5a7cbe54d3ea114a20548c37800a045bc8d9abb708791d2b17cdf5931d41, 2ff19819af45591854d249ad988a599a9c9bbf5b08d3967dc9085d67352a9434
DEBUG DEN_INV: 024cb907f3b992d5e33ad5ead4956240ad7f451463aefe2716048e11d50a49d6, 2902c0421477fa1c76f5558fd211b723894c2a08feac962f287f28d450af8b24
DEBUG LAMBDA: 03f4cef44b7c913f53032d2263dfaf6b10c9396300282e1deda4333c5135ef3c, 1833cf92ce6c4f99a617891f49ec1524cb1146ea7d95e4899f6537c620addf20
DEBUG DBL p->x: 0b23f503bab69881c169193ebcc017bf95f61c622723932c8c63270b8e4425e4, 1a3c076eeea9d887499d73400d2e54f8e8409e04f2f6df2c396df3797a15804a
DEBUG DBL t1 (X^2): 0b3c0954f6767b6322d7551761e757cdb91c0d493217498d3291ad7ed3bba625, 099fd7b6a3a2d285b77474a27e1e8336374b53aef20193c096908b665fd0ca1b
DEBUG DBL M: 21b41bfee36372296885ff4625b607692b5427db9645dca797b5087c7b32f26f, 1cdf8723eae87791265d5de77a5b89a2a5e1fb0cd604bb41c3b1a2331f725e51
DEBUG DBL S: 03e9a7858aa57baf1ee97106ac6fb8edb98980a82fcf7dbc2dc001359e98af0e, 0e8efab4099b9102896dd88e37f141ffe5d81d067eeffef688fcfa52194a17da
DEBUG DBL X': 1cc6607b5426ffe99bd0643c16b914855f0ea61de207cd1d88421b0976c9be31, 172d7d024971d3d9d4846cb921bbdf4c5c1206ecd06512763cf984b8a9d0a372
DEBUG Q->z: 0b88d61750af354f7178ebdd573010a0134378df494df8a4d30dd8b6fd4f0d40, 032f39f535882fb13ca6dc1a87af09c1b6d7650759205d04e9f7d2d17fcf3a8d
DEBUG yQ: 26fd4a511a115b4f3d0197bd38f024326688b1b573142a66a9756e61b99a6a0b, 2119608889d4a5b85f21d5b6a1821d90727b7b7b6eca9d4f4920c0b51816b93f
DEBUG DEN: 1d96462f52f11674c1b2e9c3f05ef007358ff8d97db68a4016ca50ac9ab7d6cf, 11ce729e3277ab4705f365b6c182e2c34d758c65752370115620f55357b07537
DEBUG DEN_INV: 0d8e2aba70c44e15f480f61c57cd5a7d18c9f6421d72ad5d5f935ea9b3fadbc6, 07df6b7c147f77f4bd637912a4244c915312fb7bcbe468e736086272525aec3a
DEBUG LAMBDA: 1eeb9611c0351fdf1ae6ede1350e0e1f64967bca70735dd502784e0c59a32c57, 024737aae30ffd179c9a3877673abbac7ffd803423bc7301ccec29514460fde1
DEBUG DBL p->x: 1cc6607b5426ffe99bd0643c16b914855f0ea61de207cd1d88421b0976c9be31, 172d7d024971d3d9d4846cb921bbdf4c5c1206ecd06512763cf984b8a9d0a372
DEBUG DBL t1 (X^2): 270bb04af155ea665f02d6d0cacefac4936b96ca3126b86067a99484e28c0980, 0b394476e3a2337d5c50d9d3ca225104e23c927ea893ddfe220125b61227fe86
DEBUG DBL M: 145a73fb119e7edfac67f9055d6a3f928b3fef3bc2909406bebba560f6aa21f2, 21abcd64aae69a7814f28d7b5e66f30ea6b5b77bf9bb99fa660371223677fb92
DEBUG DBL S: 11687699135e8102ffe3243b1786763d8037d992711db01ef442df61b6f7a3e8, 2b8523175e1796adbb63e2cdefa01474d4ef6d14e7472b934ca69305d895acc8
DEBUG DBL X': 2dc01869f9496580a5a2f450bff5fed909ce5d159a42245f0a12eb3b99d32fbb, 1e1a4f9d32bca85c805bc849e6c0fdf8503beca87bd87e630f1d1b70596f0ad5
DEBUG Q->z: 0f5009f6508128a6c10004145ec94abc0d5bbed6d9a17670b42ae4937a9ed746, 16d52269d0deedd8478f3c5c98726d8d07b9d7c833e574dbdb523c0e4402b19e
DEBUG yQ: 0b72a08d85b7904311f28a28bb0fdbb9cd08d72964cfe7e30a38c0fb4662cbe9, 0916b01de9c1e9f765952d20e1c9b848ccd451eba5d6df78b364cc886877a663
DEBUG DEN: 16e5411b0b6f208623e51451761fb7739a11ae52c99fcfc6147181f68cc597d2, 122d603bd383d3eecb2a5a41c393709199a8a3d74badbef166c99910d0ef4cc6
DEBUG DEN_INV: 00d94722156092fed7de8284eb02645eb939d0a97e422bf0269158330743d17a, 2d9d5f1ac22a2050c7d8e78cfb544ff95b691542ec0df82975c2d806d89419a4
DEBUG LAMBDA: 2d91d307de1e58610e5ffe868945952fc8379e5cd13c383cfdc3a8defa49a959, 046e6ed7d77321f7a6181389759b12c16933a7b9bb3bd749cc417b16d0e8413e
DEBUG DBL p->x: 06bc71cd6bab8c86e2eaa26b9d367291fb402bee68a76fe27c7b96e1beb685fc, 097d73151cd90a6cb3abec70516fdbb1c7cab754be1e7b0d98c8fb83f888621a
DEBUG DBL t1 (X^2): 2cb36c67ab4486bcc72404f5bc138f771e018f20f6ebf05b3dfac28fe0f14520, 14a2c945b6b650e142b1a0c03f96d020180a015c37ad5fee1d6903ccce19c2aa
DEBUG DBL M: 2551a8513f6a53e2e4cb83743137fdaa2b01d84013e03bf741af2f81f1d9d4d2, 0d840d5e42f1527a0fc49c8a3d431802b09c99833e96553d1c1a7f4f91d04ab7
DEBUG DBL S: 202d666a4ae5fcf5ee11b09b3a01e38b997902dfa2562568459a82da66969e9a, 28184e887d94d8443d34a4d7d69ba742ae48fbda4ae165e222c46b2d36ee39f3
DEBUG DBL X': 08bbc4196ca07f10ebfce69a2477eb1852cee5ef80f0e7d31265af556c4e24fd, 1fffa82e9b9e5920ea9cd1cb021f187cbb8e2659be91c18691ab59dc0e236d38
DEBUG Q->z: 2d407fa8c47e94591949dfbb2c4a84c1560968b0a1b855db195885a3815a5e9a, 1609f3dffaff103e157e50244368472df6a3098f4f4125122a3146644639ffc6
DEBUG yQ: 2c2f54dadc80fc496a0cbfb3e0ba8d9f139f4e21488ea0f9a6cb60b188fcb2b9, 179b9ace91991e8e7e791ca4f8ccf9b34842e4181280cb523f945f662ec642e7
DEBUG DEN: 27fa5b42d7d058691bc939b13ff3c2e08fbd31b128ab77661176354c397c682b, 2f37359d23323d1cfcf23949f199f3669085c830250196a47f28becc5d8c85ce
DEBUG DEN_INV: 2c488920bb1ebdd8ccde810e10a0fe5f238d41c681777c3ebc36323c125c20de, 0dfc409091a61aab025c89e3f1aa2f686bcecd96a937f66f513526ff34046dea
DEBUG LAMBDA: 0548dffe65bd82678544aa79791f73249014a10a3b449b15b19ff189a590b84e, 019eb7263d98227beaf1644a94333011fe740515e9cbeeba909f9d54fedd0577
DEBUG DBL p->x: 08bbc4196ca07f10ebfce69a2477eb1852cee5ef80f0e7d31265af556c4e24fd, 1fffa82e9b9e5920ea9cd1cb021f187cbb8e2659be91c18691ab59dc0e236d38
DEBUG DBL t1 (X^2): 1d00e07df295d0d83f122fefe27c48f28b382e5f79a995e7ac40a575d12a258f, 26f1e482c0f6d40795b724a20ab77a082a063a77c9ca9c7fbc3501b9104e2c9e
DEBUG DBL M: 269e5306f68fd25f04e64a1925f3827a0a27208d048af729c8a1644a9b017366, 140d10a280813bc35084e2791d23bd5d4f0fda448c7c4064bc5decfd7ff08b4c
DEBUG DBL S: 15638df50f77b2feb64ddd4873ea8de673148a1079821a55a00f40719b6ed140, 2ac26dc0a1b7a164252c3a82f9bb61ffa3258384815f1ca406673df516c206f0
DEBUG DBL X': 23cab8f2a440625b08f51f7bd9f98fd87c2387bb948ddc86744397375c0d8b79, 05b067cb61f7bd9cc40ee7ce570ed0685475a450be8c3f67f70f7bd96f7da168
DEBUG Q->z: 0464120eb035a02aa11dd45c41c2d60648beecd8c19981957c97701a38075955, 0922053e5ce6aeaa6a3a2685f2a70740e1a78b7210cd21dd460faa2c0aaa01c3
DEBUG yQ: 14d7ef36f6e364914cfa2d2e161d687c09a293e9499cab33ad92710484c65acd, 1db6639a25a6501035ffcc675f14a9d1e8a71df6a161389295544817e460aa1d
DEBUG DEN: 29afde6dedc6c92299f45a5c2c3ad0f8134527d2933956675b24e209098cb59a, 0b0878c16a1afff6b3af53183ca7fb4639ccd15bda50a697ee880418f04456f3
DEBUG DEN_INV: 083b030a89728f16ec99ea2b9edd1457e9feb9bc3ec4e13510c9f79969911911, 2c63bd0b228b76e367a7054005a2bf6ae55f451fd78f41055c186563081ab4e2
DEBUG LAMBDA: 24d40b1f646eda1fc85cdf2e5924aba9fdf0bee2d911563555befa684b7407bb, 10a57c532bebe29bc883ac5e72e5b6117c593f292275dfa096e6a72243566395
DEBUG DBL p->x: 1d10d09f09823a026d6ad4068da80b1312ad005af88d5cf2b1fde493afc905f6, 2cbdd5b6e82e03f9aaa6f90e0eebf7e2761dbf30b52ddb4afc50befebd87556c
DEBUG DBL t1 (X^2): 2d7eda8acdea5958650de02c5dfdc3f68b4848a0ff385c66fd623f124daee9b5, 165aeb59256627f6084d7538ade771b15147be095c0d564bbf3247b93de4282a
DEBUG DBL M: 27b3f2baa75bcbb5be89151816f69b2872d604c02cc5801a7fe5a5093812c291, 12ac73988f00d7b8609819f38834fcb65c55cf8aabb6385601764b14e12f7b37
DEBUG DBL S: 074383593b58559f78227585e5d31bf334796b3e055ad604891dfc9df89f2d5b, 1d7233e4bad763bb6079963d298e4b8c3a3ac6b9ef9e11946828f2883ea8ba49
DEBUG DBL X': 2453dca7a07241fad2108bb39de233466884138ba3a65dbc7d608b9369549e7a, 00bbd5a1c3f3838ddc50d86cd2c6d161befb66a7bca6a75a041a65b27183f477
DEBUG Q->z: 2890261c9697f79184b9657ae240d5a9a8380cfb7b2a89dc9db21798583199b4, 0b6377b66f7f6f2b8930d6e4c86832af9e11419a9f826df857fccbed6dfc64cc
DEBUG yQ: 09026e6107afc75eb71d735a8ff181bd083a90e84fceb752b29d5c81ba3db099, 12ebe3e6ece8996cdefd03c775d7703e4e4fcca8a19d2344aecafc74ec97d4e1
DEBUG DEN: 1204dcc20f5f8ebd6e3ae6b51fe3037a107521d09f9d6ea5653ab903747b6132, 25d7c7cdd9d132d9bdfa078eebaee07c9c9f9951433a46895d95f8e9d92fa9c2
DEBUG DEN_INV: 1abf49d25b4784988f601be32386046a430f2ad608bbd5d6320ee5be8028b73e, 0b79adb86ea083fb77b32983b9a6a8a998688e6976a22c0146eadf330a39d422
DEBUG LAMBDA: 18b4f2dce64b16b182df4b6316810a83108089e4a938eb8de62ef470659eb4c5, 14acdfd7cbb3c1b5c41a527abc1f40d3c41485435ec22c71828ddc6c2d23ede3
DEBUG DBL p->x: 14fa1365864d6ff244f4ae081545fc07ebacbbbaa6a43c58de31d01815743914, 035d2680e6b4748291a8ba4cce9fc01b983413d46a611aadbb6d8767c1cb57ef
DEBUG DBL t1 (X^2): 051e6655b93df7d402533f2f27c18a3e02d62ab99900b2c102c304d308d8aec9, 1c4602d20d3f07d187e0b182db7bb2502ad72ceb293afd8798261b54f6b27b2a
DEBUG DBL M: 0f5b33012bb9e77c06f9bd8d77449eba0882802ccb02184308490e791a8a0c5b, 246dba03468b774adf51ced210f1be92e9041c30133f2e098c51c5e80b9a7437
DEBUG DBL S: 20618d198df84bbaee33248c954b170a68a9ba314cec293b408d946976c1926d, 20d251497e2947ede8681b636292ef15f20076cdb2763c7e56683c5d0048b816
DEBUG DBL X': 13500ae2523452a5b1e827039366216a3fb06e504638356d407cbd15a8e11211, 0b092eb578c139a8b9c50968e5fd0f80efcbe830554cb44baa2b933153b0cc4b
DEBUG Q->z: 23d4f911ad19d2d37ec2c34d3ae23b6b0f723987b7b1215dce8bb4d4e6398c90, 0c0149446dffc3960612f79460947564f0a340285bfcb75d4466c401410f7f50
DEBUG yQ: 252a213907d764ed9a82f235a2bb52a59cb3cd728fbf41175027337b5a58f17c, 1bbeaa4c3962b0bcf725723bc58ef4ae3cceba27c47a6a8857c9e0033ca81a90
DEBUG DEN: 19eff3ff2e7d29b17cb59eb4c3f54ceda1e63053b70cb7a1642ddadfdc34e5b1, 071906259193c15035fa9ec1099c90fee21c09be20830a83737333efa0d337d9
DEBUG DEN_INV: 16d785c39adf86758dbeb2035c46b8b903cd1114641e8eb353d0bdb541f10465, 03e36ced6aa2c94563fceb958aad52161f88743b1ea9409439ef8ff20e0a2370
DEBUG LAMBDA: 22d29b304fa17bd7851f4edc5c6cab48f91a5e4b20d222d9b5d1fde2f5fe8d8e, 1f45a7ecebdb6f4e616ba06c762453aa28d459ef27253f9c1d525cade3868491
DEBUG DBL p->x: 040da677d7cd7f28c244cb50ae5fe0ca020dcaace912e553067a69ad9dfd8b3e, 0b40ea5ab359d1d80fac08c69eed7db1decd45777e297d0e9bf2ab6befd01355
DEBUG DBL t1 (X^2): 061ddcadcc4962abe67a9538e5ea652999b5a07bece3929bad2d9ff990b18ae7, 18c0d898129f186c4362a5dd21c3ea0fe61c780212706896033485cd4c0c158b
DEBUG DBL M: 1259960964dc2803b36fbfaab1bf2f7ccd20e173c6aab7d30788dfecb214a0b5, 19de3b5556aba91b11d7abe0e3ca65d21ad3fd74cedf6f34cd7d05510ba7435a
DEBUG DBL S: 2b58ad4db689b7bcb0396f0346f644ece3783d72dd1b20fcb6002bc31ff7159d, 0fd5299e9a20d5c36644c035a2d832ca4eea9b657ab5139e5db0e935d4b9d082
DEBUG DBL X': 205bfe4be403ac5e85492910125a2e509be83c5deb9447b38e395ed90c94ceab, 040154489f1caf6f81e4bd7f0ff084778d122db41f650168461b64d1ccafab4f
DEBUG Q->z: 06a07569749868ebddb584f325e83f5b940f7ae049ea4ed4b9ae8ab510d91d17, 21d7866d6fd94f2bb7ac5463bbf07c846909a80283f0482dd63fd78727bcb05c
DEBUG yQ: 0b3d5d81566843c42cf4d7b410743aa245d1467157e09efb8dde53772d6d07c4, 18f64eea83b135b724c96b1f07254b01ab2a83550475d878be7eacd5cf6da342
DEBUG DEN: 167abb02acd0878859e9af6820e875448ba28ce2afc13df71bbca6ee5ada0f88, 01884f622630cb44914290878cc93da5bed39c18a079e66440dccd94c65e493d
DEBUG DEN_INV: 1785e170dbd29c60082a871117399ff92bfd66da3004b4d7099475a0f2131f8e, 281141712912811490f1089e2fa41e6c52e8f4907c5202725400c4f8e92a6d29
DEBUG LAMBDA: 108e5aa47cb9fcb87433cb0576b9ec51c8835585fe9bbbf5241923389721d891, 211bc6dd1cf7230caebf93da23efd27d0f5dadf3b2ee33234a9a9f1a8b850bed
DEBUG DBL p->x: 2eb06c4bee30bc06e78012ca567248bce56d2f33ef93222cafad1f43df372368, 0d16d103bf0578591ae4a3c4e5fb7b287d233ef60c675a19eef6e949f5676746
DEBUG DBL t1 (X^2): 142981aa47a7d5fde1115b2c89aafb10e71575515006b630bd9543f098f9166d, 24fdc75bea121629b9b2b2b792a6323b1144dcfa55a7d374895d7619f9cfa3fa
DEBUG DBL M: 0c18368bf5c5e1cfeae3cbcf1b7f98d51dbef56287a25804fc9f3fbaf26e4600, 0e30b92dfbd30229bc778cb9b4efe5f604cbc1cc3013e54323d74a203c74f160
DEBUG DBL S: 1813f5a716d1f6bc1979115fc357fd99341abc813e2260402cc75f436aff9d2d, 1233db0a57eea363601c729c27af6a500adf72cc84bbe311c1e49d213f86b400
DEBUG DBL X': 0b2031dc2dd260a607cfc67f7db148fdd52979a81136ad888615884f3df66ace, 2f7cda160ebb982ce8395d35faf03dcf1b8897cb127696ce2a1d4a34c3880bc2
DEBUG Q->z: 1b103e1f9cb7590c91a567e15aae962301a4a12467ad3026d4b9ad51e3958086, 11eef869ac0a4996c0737c9fef60a05e885541f3ef553ce8adc543a93353a8f7
DEBUG yQ: 193f74123f28c836f1f546ec6d562750581a2b94f67da0902467fe34433bade6, 076e0d45099b6b508694b2559d5d2bb2a654891ce8cbfb786eaf3713ee27856e
DEBUG DEN: 021a99b19d1ff0442b9a4822592af64318b2ec98848976930caf7051adfa5e85, 0edc1a8a1336d6a10d2964ab3aba57654ca91239d197f6f0dd5e6e27dc4f0adc
DEBUG DEN_INV: 13fb0d5b2c8efef3abd48ac10c3672e3b78f63f5d710cad7fdffa996a3daa7cb, 1d22d40e5848e8a40db6d3928c913d5de5b9fd4c72ff0ddd12bac6227488d66f
DEBUG LAMBDA: 283ec5c196ad6a498aed862239bed62681c07428a9f4b402a20774809ebec2ce, 1ad37c977ce999dec51dbf8a3b0ffa8e44e83291207a4df4683b99dcd5b046d6
DEBUG DBL p->x: 0b2031dc2dd260a607cfc67f7db148fdd52979a81136ad888615884f3df66ace, 2f7cda160ebb982ce8395d35faf03dcf1b8897cb127696ce2a1d4a34c3880bc2
DEBUG DBL t1 (X^2): 1b4a58ffcc6869208c97c4872574cba670f9f442c3522dc99dff7b10ec6670a6, 16a9bf42152c3972567ef45e2712ef3a9f7cca4f5acb3efe0704f1041c356a7f
DEBUG DBL M: 217abc8c84079b37ed7707deeedd0a95bb6c7236e184becf9ddde51becb654ab, 1398ef535e530c2d4b2c9763f3b7755246f4f45ca7eff26cd8ee46f57c234236
DEBUG DBL S: 00c0eeaa45dbb64866a38f5aa52ac7d2c44ebd0318fd51cfe2b7965996af1da4, 270433d7dd2b6b846bbf0abbc6ea628eb69ab8909f4bd92d2225175895bc3ee0
DEBUG DBL X': 14adfa0a981cbee4c11cda38686684cf8de8f5886199860b24b9f00b69f9c504, 155864de557df579b7638008b6231cd0905ee88d7d071eadb4e486fbdacbca9f
DEBUG Q->z: 0243e4ced05e0692cc6ab0733443d0878997ad4a5b47c58355ff4d9804f9afe6, 09f2957998c0725badfeb54fd93c96d113e278942d4feefb5a2407c0d2233b50
DEBUG yQ: 2b935b3f71ffad7c874f837980afac45ee3690c26f30ea59bc14347832b7034c, 0089e915aa77c97e7f1fb333e9f8b13c769f0fa141c383e6d2f7d6c7f4de1009
DEBUG DEN: 26c2680c02cdbacf564ec13c7fde002e44ebb6f375f00a263c07dcd98cf10951, 0113d22b54ef92fcfe3f6667d3f16278ed3e1f42838707cda5efad8fe9bc2012
DEBUG DEN_INV: 280045c856a11693c43b79214a44280ce9b249118d4d73d6a79e6031ea1491ed, 19fe8e719bbfd51a7d762c89b3102618d6a76779bd60d8f388a956eb9166084a
DEBUG LAMBDA: 2cf659db600df8366f281a21a1f4c3d186c57fb0d435143002324d81fdc377e4, 26cc1d4b209dd0cc53dc39f452bea301ad792abe62040c600b4c446d915cf569
DEBUG DBL p->x: 14adfa0a981cbee4c11cda38686684cf8de8f5886199860b24b9f00b69f9c504, 155864de557df579b7638008b6231cd0905ee88d7d071eadb4e486fbdacbca9f
DEBUG DBL t1 (X^2): 249538e8b4a51808340437a68ddd3d14b40223e7130b06a95f4cb3bcf540be99, 197006a9ef86d4f8388fc9e33701a10572ab653d953cb14afb88fe982fbff12d
DEBUG DBL M: 0cf70dd45b8c07c52b6c1b86a6950682ed039692683d7ee1a5a503092ec8413d, 1bebc58aed62debef15f17f323838ab2c080c52757444953b67a6fb1b6c2d640
DEBUG DBL S: 1fcd2010e1b576a9cf261f4f93d213baf7a2fd001b5fbee78b5ece85e99473e8, 1964df375600ff3607e87c4d9794084cf37e299f8f681f83be502902f7a06785
DEBUG DBL X': 2155aacf2792437b6760d2e675bb1a4ac13091e32839b2145ba42c093578b621, 029f3d8c11840700049753a8bb0d3240981e89865021bb7af7397db8404e60d2
DEBUG Q->z: 0b312eda076050277fd2332c3d7393cfa6ab0b173b2d77f05a78d1385c2e0312, 09af0d3eff49ca030c92ae527fffbf56c36a69a51d62169bde649f1882018bc9
DEBUG yQ: 026db55231271bae1553e3266fec3e909ee4998a7c03393a7b218aef9df47b9a, 0a8867a574ec7073b30e469c0f1d07cdb8faab047993694756b7af60fa16042c
DEBUG DEN: 04db6aa4624e375c2aa7c64cdfd87d213dc93314f8067274f64315df3be8f734, 1510cf4ae9d8e0e7661c8d381e3a0f9b71f55608f326d28ead6f5ec1f42c0858
DEBUG DEN_INV: 0ab2d396130f3be3285592b01c545247ab67a5bea41140584c02065f75c2856d, 0a1d31d3d5faa25f300c6ea6349f2489d9b3805d6b8c6a04824d1d08dca251b8
DEBUG LAMBDA: 0c187725b24906a2dd444afa6963d312517d509efde41ec79f32f1a1cca879c7, 0d5c6c4c11d1cf91402afc0da4966901bee0b5d03219e1211070600e7be53c81
DEBUG DBL p->x: 2130312bfc78aba2d43db168dbdaa7c9d3e4e91092f8d3d5c0e0995c7e4677e0, 273006edc28c1977a50ab6b90855241f61166859db46dca027c2adf955092f5a
DEBUG DBL t1 (X^2): 098bc48ae87ad4552251b547723fdf6a3aeddc909d00137a0270de45d5c82841, 2698e12ab8621526eced92da72b14d91f86c389cec85b22c313e2cf6b7600f60
DEBUG DBL M: 1ca34da0b9707cff66f51fd656bf9e3eb0c995b1d7003a6e07529ad1815878c3, 1302069a66c2ff2156282d22551137faba41d4b3f4ad816a1b796eb675263392
DEBUG DBL S: 2a89ba44dd31c9cabcf5d0b01aeabc9043c54ef3500a6d525731dbf0e4f30ea4, 01cab8a71a9c71dc43ebfd37e7d497ae90a6772b683542af9ebec036fb7c69f2
DEBUG DBL X': 2f91e500bcb8a270f6adfaa5264629ade0218285528589a8a5e6b155df2ebd0e, 01589818e80a9f2c6bb35f17d491d80a2bf0d0092d7d8b5fcfa1cc80cb6e2ff3
DEBUG Q->z: 045398a845a85153ff15243617cf87f4c648411f6e96dea92611296385a366d4, 148e02a77839c51ad077836c8e95e889d69538974e039b92eb1085b0d30d8cb1
DEBUG yQ: 2b8afb49ca02af79cd9b988f6bd668903ba469b8eba7398c93fb60e477bf848e, 019a052d901c83fa6f2c34f61f8e8d8c01108e0a5d901fd806cbbc5bd437a28e
DEBUG DEN: 26b1a820b2d3bec9e2e6eb68562b78c2dfc768e06edca88bebd635b217020bd5, 03340a5b203907f4de5869ec3f1d1b1802211c14bb203fb00d9778b7a86f451c
DEBUG DEN_INV: 08d1e8e1dca4bab3fd4974abdfece8de8727a96f5efc7c1a7765870255de9648, 10601129957eee1dce7e97bea08fc4575b79e5192e0da2275ea56f0142825260
DEBUG LAMBDA: 2fd93a53470647d7d331643b76d7c9c48f46e64b0dfe5a4df7b065a96b0317b5, 1c31c2f5e60e45f3b8776fad47b41ce300f224d4b220d1fbdfcb9301d2d279ae
DEBUG DBL p->x: 2f91e500bcb8a270f6adfaa5264629ade0218285528589a8a5e6b155df2ebd0e, 01589818e80a9f2c6bb35f17d491d80a2bf0d0092d7d8b5fcfa1cc80cb6e2ff3
DEBUG DBL t1 (X^2): 0dec19f91e67b680604f2033c56f751076c446fe3b8f5e7248536f4fcee80531, 16baaf0634552ada8c4ff8fdf7b2484a0cb4e465b69de2662d542f2e5ea49b11
DEBUG DBL M: 29c44deb5b37238120ed609b504e5f31644cd4fab2ae1b56d8fa4def6cb80f93, 13cbbe9fbbcde065ec9fa543659580808e9d429fbb67dca54bdc01744370d3ec
DEBUG DBL S: 1f00a903adff6a4c9b81f613da531c00cdc18b22c029cb0a5a1416702ccb7dd2, 03b35487b631a50875809f0cfd5ef7279d14e7f0108d5888971ce6ede280f78f
DEBUG DBL X': 29d9a9b63bc596b8dbd465ef5a2697263cfddbe39dd845f26bdf29f4da412a84, 253bfe5b55ee36c6709a85187d747a8cebc6199de9c15bac495dc63cd9bb9aa6
DEBUG Q->z: 09cae4f0e505a70d34e003dcc33ee5f29724610799fa122049ba3daa0ee6456f, 127010e92ad29ca434b126efb9a8dfa4e4eb1c3a72ea517f590b8addef68dac0
DEBUG yQ: 2daedd8a2ac1ddb31bc6b578cb9de2041b4056980ae708ba1e5d68cccf228016, 0f995001346b1221b8f21689508096739dec6e8d7f264aa381e2a24e726646da
DEBUG DEN: 2af96ca174521b3c7f3d253b15ba6baa9eff429ead5c46e7009a4582c5c802e5, 1f32a00268d6244371e42d12a1012ce73bd8dd1afe4c954703c5449ce4cc8db4
DEBUG DEN_INV: 09fab84111313a168a25682e08a988478f13cb0e747598ca3e50a887b4bf5d43, 1479016ccf2010c75a597d25a447b5a71a6238567cfa308f1eabae2b7a24dd62
DEBUG LAMBDA: 2ff448083862b04d60e7c511e9acd01a3903d3e37bbfe15d817783e967ce3806, 008115957c668066c14c6432fc94260f3753ea91c008736b55f095517340af8e
DEBUG DBL p->x: 103f13ae3c5085d2731c16d1c24daa208029268ffc27fd9f85aaa4f099301896, 23eadc14c395ad5692ca40dfa899160303615ec7285b6e9b54e565175bedf20b
DEBUG DBL t1 (X^2): 040b694259de61cef15ea2f97bae9b1daf1303c1ab5335c93c12566e4eada3f4, 2157483a53dbf553504b3ce18c64a37363163b754744cb1d674316ed1bddcfde
DEBUG DBL M: 0c223bc70d9b256cd41be8ec730bd1590d390b4501f9a15bb437034aec08ebdc, 033d3bc939309fa680412b37a22b399efa3fdd3d04eacc3dbd882c99a29f750c
DEBUG DBL S: 123d4d1dac099fa81f836bd6c2b496964344a4c1957a4e0d98d03a882f225721, 300c7d3a281d0115eec515876d330729dd372cf4423a2eae9ada7329b438eaeb
DEBUG DBL X': 305c4d7dcdf61aa3ba57c1779c6d58e280645743026c22a1187d86cd3f50eb3d, 1965eefebe3ca79b8529cac8346379987ee29229c4ff0c3521cb9f6ecb322232
DEBUG Q->z: 24b884999a76f8faf0bc37f2e97f2cdac494e00fd9f7216ab8e6894ea4eba2bd, 0f4094c769254047f76805c3ab49b621a15636399aeee7b9ff498a2c8d24483d
DEBUG yQ: 02472066527a07d67ecac4b7b00a28b462e20c767e6ad69c62e9f0d77e0855c9, 2c2550378b28664b05cdf22b04e8584bc76a8766bef44063f04e82d5ef90bb59
DEBUG DEN: 048e40cca4f40facfd95896f60145168c5c418ecfcd5ad38c5d3e1aefc10ab92, 27e651fc351f2c6c534b9e9f884f5839f753a43c1576b63aa47c799506a4796b
DEBUG DEN_INV: 0e7b20e56ee560b43e543bc741bfd49bd4df63c9ff662f1002bc3ceb57e8013a, 0d094f97f9f02051e1737b128b0a7c2579f000be4eb174870236a92c087eebe9
DEBUG LAMBDA: 0e96535a74df79c021ed89b7899d1f78a4a2d70c2e959486378f0ada9f98a597, 1069e3eb1c8d2e33a10ea24bffee5a8d66ecd878f4437c8c13ab89d6f764aa92
DEBUG DBL p->x: 08551caaad20f9c27cf4ae1f9c667a89102f4aaa76a2c04627cad6dae4bedc35, 2b6abb1ec9c9e433d945ec9a4722b426a054855c38ee3067418997cd14bec84b
DEBUG DBL t1 (X^2): 0c5e78a34545ffe941d07bdb59064efb73c0246a8801f4aab2353cd1d1c646b4, 2bda1ab75893a2f301e43823627f61a82432d73798aa82846dc36c6bc309c9c0
DEBUG DBL M: 251b69e9cfd1ffbbc57173920b12ecf25b406d3f9805de00169fb6757552d41c, 22c5b3404757a885950c1cfd247b743d3d95b083f91bf272d1092d15982362b2
DEBUG DBL S: 2fe664e860d39c540f24bf540760a2631e77d3037e7900d198270fdab1c0d42d, 19959762e88305c8e6ce8aa9c136cfdea5a08b2af7cda0c5281d87f275ed7d2b
DEBUG DBL X': 290877e2edafc539f59cc989c93ccb6a64b60779cae522bf2ac8ca30abc77a77, 262bb091ddcdb08def21c880d52587c2f27d26deaaed3496a3815f3876c87cdf
DEBUG Q->z: 2817feab9090dc73ca6d43ba63342321023c5bc8a84d56e9389d0b102ea32d83, 2be01a530acb137d3d8dcda6ef4698a7b8d119f2eee9be9e9365c0adefe18886
DEBUG yQ: 1fa73b241bb4cf6c795d07efaf877ea12e4f0b98bf2748c27385014ae4691158, 03400e1643760eb2868ef1dc7141228a259321c8d49e3fd302ee3e679872a46a
DEBUG DEN: 0eea27d55637feaf3a69ca28dd8da4e4c51caca015dcc6f7aae9767ef0552569, 06801c2c86ec1d650d1de3b8e28245144b264391a93c7fa605dc7ccf30e548d4
DEBUG DEN_INV: 1268723a5a551d0aac420c0b3fa910f6e1be0bab6615544f483e8d1ae4c06aec, 0797f56ff80bda6bc2251666d73b9ed93623cd1081bf2c395b2bb71b34ab5e45
DEBUG LAMBDA: 0a280d00f8f202be12a151da0922aa1c13f73269dc29f80cae4f6adffd9713fd, 03b6cc578ffc29a2ff0a7b8755797c7e9fcbd6945d1d725e6049b007c7195ca7
DEBUG DBL p->x: 12bb5140c740726faae5772b72fe539224ba65c5a6b981b245746eccee27d7c9, 2035493f60179072281cda11583802c67cac78fd44c68b768b101f14953ad049
DEBUG DBL t1 (X^2): 0e98a5208a90c76c984c1e749203db11ba4c767f7dad419a0faf9eac03a6077b, 2facb28ba9e3283b049c22f954d1a6a77504edb9ad181c690f3ced85be70af5b
DEBUG DBL M: 2bc9ef619fb25645c8e45b5db60b91352ee5637e7907c4ce2f0edc040af21671, 2e3d7abd3b46385d9d33dd7efb72433b300bf40a3664c020b575b0638a581383
DEBUG DBL S: 22c7edeac6d4876456012a2d0d5bab4da5e488fe7d630deed1b574376f8be08e, 27fe82a30448248b3cb2b7a3d6f0a08e6424dcbbe2e95af620824468817b50bf
DEBUG DBL X': 0a3a9b3bd8d6cb4618862d264802678cf8076b68000aff355490712e437aa748, 1431987e804d1d859a07aef37539853e81fd33ff5e70af303fabef9687c7308a
DEBUG Q->z: 122e4078fd52e817840ebaa6f80483852aa11fce9ac865906ca751cc1633572e, 0076142106abdc5bd17d9c84e17610b2ca4d9a420ea0a010873a2a60555e8f84
DEBUG yQ: 0ed76570f57fcfe68f9685d67a87695b5bb47fd02b822809be5b38b0ee77f9a0, 1d2491dcb2986bfaf7b7450d8c030b902f25fe0b7726a5928e06b5f7c109a01e
DEBUG DEN: 1daecae1eaff9fcd1f2d0bacf50ed2b6b768ffa0570450137cb67161dceff340, 09e4d54683ff37cc371e44649684bec2c6ca918585db8097dfecdfd8a99642f5
DEBUG DEN_INV: 124337ac13e051d79daa6fe6a7c118b6db9f4c0c8ba1fa23e2771ec87c78c615, 27de0d6e160803815de6f92a4a2ef19dbb6d089bc8ced966fc1974a8c0189ba7
DEBUG LAMBDA: 01e9eac3806f3ad55ce9f244de49856f2f8b978b094340c3862854ee8e3a0009, 295561b80dde87e1bd6a915131b5f716c9ebdfc46f093890f4ac780d24f4db8d
DEBUG DBL p->x: 0a3a9b3bd8d6cb4618862d264802678cf8076b68000aff355490712e437aa748, 1431987e804d1d859a07aef37539853e81fd33ff5e70af303fabef9687c7308a
DEBUG DBL t1 (X^2): 2f6f1189fee99d5f44b3c2d08c460c34c08daceb81a7c9f0a937c4c07bd18c35, 0e65e212429f8a68ebc38d51ebf51378ac1b7ba6aa8e54791c3eee921df8ed42
DEBUG DBL M: 2d8497b83a5997ca5d7abd04a1cf73e312a6319fb413c8b783663613c27aaa11, 2b31a636c7de9f3ac34aa7f5c3df3a6a045272f3ffaafd6b54bccbb659eac7c6
DEBUG DBL S: 0fa47f54b298f817a5d3000e502e3a224050a6a809ed1c5a7266252c5495b641, 051a75aea070858a8385c06b1af41ef468e42fbc29c6b10fb7b7bd3ea9d8b2ac
DEBUG DBL X': 24aeba6218979c10fef0eac1d6d575ef59f205a3563c726a37a31da5d539b530, 0020340f42bcb75e306f4f1158682aa71435613c465a2372cf1e263e0c8fc691
DEBUG Q->z: 2d45db0aedcb938e92f47720323f531595fbbfc179e92f7b45d254c4c7f9dd42, 1d2a0af610124488b6e681a43acf0f9853ff2cc3d3951421df4b0ad3d197cbc8
DEBUG yQ: 215312ce3678f7cb92d82b13ea025435a14f168c82980ea59cbe3dce57a6b1e7, 1ac6027945dabe8a96cb6dca170627fd396f7dfa4219e23f062db01d9e195aca
DEBUG DEN: 1241d7298bc04f6d6d6010715283500dab1cc2879cbe52bdfd5bef85d6d06687, 0527b67faa83dceb754695ddac8af79cdb5d91631bc1f9f0d03ad42463b5b84d
DEBUG DEN_INV: 02779e1c6cc9b746c0d0cb6f2eedbbdf4c8d8c781ebb8ffcd3e366a940017b64, 166c5a0bc27142c462dde7d26dc033dc7f0fb76373fc1fb29fcafc6f09dea1d7
DEBUG LAMBDA: 2be17b1b9f608504fdeba688c1fbebcdae58229f7443118e8a3bdcb65ec1d224, 2ccddf7f655efaede572e635f04bd9f8ecc70d198abda46c68284c659c5b61fa
DEBUG DBL p->x: 24aeba6218979c10fef0eac1d6d575ef59f205a3563c726a37a31da5d539b530, 0020340f42bcb75e306f4f1158682aa71435613c465a2372cf1e263e0c8fc691
DEBUG DBL t1 (X^2): 110233b2d68c7650d4f9eaad1dc07f08cb7ece93702a57095c48883e04ef2d0a, 1469a1d00963b45035fd5e9d1837c44ee2173c68fad05a39e2b2fb04e08d56a8
DEBUG DBL M: 02a24ca5a273c2c8c69d7a50d7c024bccafb0128e80d3a8ed8b90ca3365089d7, 0cd896fd3af97cc6e9a7d620c725f48f0ec44aa987ff44206bf864f7c92b06b1
DEBUG DBL S: 240d9406687b177a863706998f9ffd94cc0f9e688cd755b414b7636c15dfee91, 1060fc3360f272df68a5e1f73882e0363b0a475de6744736d661647884d73108
DEBUG DBL X': 2946a523eb81bf4acc5e8840507a0daf3e170ac86d90795d23809797b133b9b9, 0ba7d8502f5c8fb2a6f81d4d88bd7795b0c4932630db1fe483e43331179503d3
DEBUG Q->z: 1856570005b5620426c0d4fccffe72eac756841438f3e81861c8a4fb4389a5fe, 23f3506c97c436b23d6c5ba464e21c25d3c5a466f5f0591bc3a8db09bf82b69c
DEBUG yQ: 20bf3922b086568e52c16f61774a74aca04554c1e168cd849c57ee223bc52a8d, 1f5b6892c4fea68980f914c24ff0e050299d4de38a220adddc68d84a75629229
DEBUG DEN: 111a23d27fdb0cf2ed32990c6d1390fba9093ef25a5fd07bfc8f502d9f0d57d3, 0e5282b2a8cbace949a1e3ce1e606842bbb93135abd24b2e7cb1247e1248270b
DEBUG DEN_INV: 232e48ebea2e4a63892b402f4e0fb4eeca9d6d50512edf00426e943c62aeda72, 2376d7f43c2e357855c7e291e2de25421851270a1d76268ab80692116630f63c
DEBUG LAMBDA: 29bc45563f6feea0011fdda0476192cac76adf82c64a1e523b3496b3b454e16c, 0312186ebd391c18feeee10e59ad607b4bffdb85c6bc394ddd80afaf642b9289
DEBUG DBL p->x: 2946a523eb81bf4acc5e8840507a0daf3e170ac86d90795d23809797b133b9b9, 0ba7d8502f5c8fb2a6f81d4d88bd7795b0c4932630db1fe483e43331179503d3
DEBUG DBL t1 (X^2): 2681f95bb3ab78dfa96d4b3c79e30a038e7934f7e21662965138cd3932166020, 2842ef8487206491584eba0a138f967a7c3307c705220c2a62c6708be33cd2fa
DEBUG DBL M: 12bd4f2d589f2a4b8ba756486aa66d4f7c68c9c4d55f92a87b694f7de54925d2, 180031a7d2fded60984ba2b137ac12b4459642323e828f64b0123975f8bc7e60
DEBUG DBL S: 16f65378fb6d4c9a1c1efaba06cdba30462d79031fa71de72067d50c51db8a97, 0ebf4ab4181620e13cc0bff425746623e49020416f56dceb7171ef4eb7d2ad2e
DEBUG DBL X': 0a84e46c94ab0a1b8c7b17b7f73e9ea18b3f477f0ec58ce0aaf2f6ddf717a880, 2ba1bc2ff10f7dba5f1bbc9abd2cc9af18a752f793afe9c1c4b3d204133bfc1b
DEBUG Q->z: 20d15d8657e608a58d7f8ca65d4e95b37d50b4dafb9b5156c56fdcbdc4c7de57, 30419734e52d4540882f7f157f85b9c295f7f28d086aec48ae71af90c253743c
DEBUG yQ: 242019e393b51ccb5a2b0ddbf413cae07e92f6afd6cf9830672c6ab8ea7a4a34, 05bc2f6df63e14b4a34e9f7d04e75955b7e14ffe44f603b2c3a48fa420e4f99c
DEBUG DEN: 17dbe5544638996cfc05d60166a63d6365a482ce452d65d39238495afc779721, 0b785edbec7c2969469d3efa09ceb2ab6fc29ffc89ec076587491f4841c9f338
DEBUG DEN_INV: 1c1b33da323108f81ebaa9524b8229794c153685f14fec59db2eb8205ab1234c, 12faec9c5c97f51b95c12f51240685746c7c5c5b204ad9bacf783087431a86d0
DEBUG LAMBDA: 194b07a90bc91d642bb500dbff13531d71864e0b7429f9f4765797e04509126d, 17ae4efe22c13a4e8cb176074d9d3b7b62543ccebc9c336a5a5f8bcbcd6e6b18
DEBUG DBL p->x: 0a84e46c94ab0a1b8c7b17b7f73e9ea18b3f477f0ec58ce0aaf2f6ddf717a880, 2ba1bc2ff10f7dba5f1bbc9abd2cc9af18a752f793afe9c1c4b3d204133bfc1b
DEBUG DBL t1 (X^2): 25be096b07ba72a30ea3ba2d3bc3c519372e00e898c0908f873482e472686a5f, 1f49c61c9a7b4ca11f26cea8a2f80b9d3b2307e58a3da0f297f0a0c60b44397f
DEBUG DBL M: 10717f5b54cc1795bb4aa31ab0489e9076872d96f95e1c941d5c707fa63f448f, 2d7903e2ee4045b9a52426436766ca7a19e7ad1f3647184a8bb1563b494faf36
DEBUG DBL S: 099c83b4f165c358e15683471b51e4e5f296b43dd62131a179d8297b00519438, 213dec7d3f32e8513dca36359a3ef8de966143cb703d32e8590aec83c268084d
DEBUG DBL X': 1b82a2c8d30901744e4464237906f6929392eae9a77e049ce163dabe1458af9f, 22f0ca533fb43d4cdfab49370bff6e3a00a07ca4eae295f8e5427a063877c402
DEBUG Q->z: 100ed091836260efad9830e2c8b3028a363105df45e96721e29ac7d2008260a2, 0d1cddcd46216bfbf4a1139f263e2a36c303280da812e73648713b900a9c25d6
DEBUG yQ: 0f3498ef70781703268d96097cdb34aaad321a6c5981014edf3434810513ec87, 092ee4ab9e943fc8813fe628d465c4f74c44d203101d48be89d338be30e3da7a
DEBUG DEN: 1e6931dee0f02e064d1b2c12f9b669555a6434d8b302029dbe6869020a27d90e, 125dc9573d287f91027fcc51a8cb89ee9889a406203a917d13a6717c61c7b4f4
DEBUG DEN_INV: 28c3405824fc11043d5cf3e4b8dfade16d74516977ca9b2d1a1c88ffac169365, 16f20d2574d6a1e6879adbd420ea7435fc835a3f9135e4cc6dac02503a473146
DEBUG LAMBDA: 237cd0d4fe26c9df7a9fa9552451dd41a0538321c1f13b48c216563373580556, 207d95fb166fd7c10bb8e167bee4e4a8524a997430d1a7b82c1e8926e464fdd0
DEBUG DBL p->x: 1b82a2c8d30901744e4464237906f6929392eae9a77e049ce163dabe1458af9f, 22f0ca533fb43d4cdfab49370bff6e3a00a07ca4eae295f8e5427a063877c402
DEBUG DBL t1 (X^2): 2d2b110d748633b2d3f98cbd39211e877ea08415eb34ec3dda5542c43d63e4e6, 1c6b3b292c959c5408388afb0330f77abc06b4988e2319841c8b03d3960807d7
DEBUG DBL M: 26b896429b2f5ac50b4c1acaa860aadb4cdeb71ef0bb2f9f16beb01f0731b424, 24dd6308a48f34d260595b3a88118e129c92b33841f781ff19807f63e99b1a3e
DEBUG DBL S: 0983690b00f4ab8a83a5d9f8c0c2becaa9f919a89ceb5d58ba05e67bd8950bed, 1cfa19a3816480e66c923519bd6160fe55c2b5bc1b1d72adb4250acd7e256170
DEBUG DBL X': 0a7bd34a13eb38418922acf10b8cc028d26fc0d732cbb3400a96eaf17ed5e946, 1d3eaa103346834f37f2792cf20493cfa8ba9d78df458acb3abb3c692522ecdc
DEBUG Q->z: 0df309aa6a037fe8fc9cf88345f88d81edff07ae7599af7356a0d14562ceca8a, 077bcc93e3b6fdd7ac8e38944a065fd6b691e2dd2003db51f213919b736597ab
DEBUG yQ: 23210b25b959a171383a3e4cd1dd8b739c9c126d1e319e654874bbea30134ef4, 15756699f70d97fef266671ec0afd168940d08cc661e0f607faeb7424e1a8c20
DEBUG DEN: 15ddc7d89181a2b8b82436e32239be89a1b6ba48d3f1723d54c8ebbd87a9a0a1, 2aeacd33ee1b2ffde4ccce3d815fa2d1281a1198cc3c1ec0ff5d6e849c351840
DEBUG DEN_INV: 09306e6bdc4813fa0b1f8f4a987c76a83f6b412eaab61ec83fff30c56bef6501, 27c2884617633f0d1cd0c7a0016dc504b2749b51d4aaa4740dc163d80f464b0a
DEBUG LAMBDA: 2e67cecc3084e81548f02ddf8822484f79112dd310adaa666990713552955cf8, 13d31ae0b1601676685811994a8b3eb8d59249472a741a0b280dd5f9556573c0
DEBUG DBL p->x: 0a7bd34a13eb38418922acf10b8cc028d26fc0d732cbb3400a96eaf17ed5e946, 1d3eaa103346834f37f2792cf20493cfa8ba9d78df458acb3abb3c692522ecdc
DEBUG DBL t1 (X^2): 0e198b7cf8c26b5612c5c57ce50b2f59eb7fabb7984d88b66d113736faccde31, 2c504f9345177ff3bae2c7d30fed2184d4d88948a693b8533156d904e8a4fcda
DEBUG DBL M: 2a4ca276ea47420238515076af218e0dc27f0326c8e89a234733a5a4f0669a93, 242851d40ce33f87c007cc0c2cc4b3d34f86c6b722d793df1bc372e108f4fc00
DEBUG DBL S: 06d35d9ce9be9e7348938bfea35823ff230d091f3d4e7020a6912db162e4b7a2, 18a45296cb0e7c69cf9fac496ceebdeee21891095000f48eb9605833527beb5c
DEBUG DBL X': 23a9185fb7c5ea23573d742db344e9e38ebc87c83b2d25b0b9d8724d4b6dcb87, 2a8808d415958a23faaa2cc8f97917b99b98eabf4b6601a9a4973a248c2a16f2
DEBUG Q->z: 2b515b0dfa0f3ab2f78cd94c3a590dce1cae1845d51d218a0dc0f19346bda419, 27a989bf16c0a6cd665279c33bc88adb9ce7531dff2192357532222b2f0fa43c
DEBUG yQ: 1b5aa878c7b5cfe002e711303b7fc6aa5040cfc2f72a0224b5af69a39e88f5ca, 09a803c724267a4558d4b7678482a894386ad290e738d90dc42b28e71c618d0f
DEBUG DEN: 0651027eae39ff964d7ddca9f57e34f7090034f485e239bc2f3e47306494ee4d, 1350078e484cf48ab1a96ecf0905512870d5a521ce71b21b885651ce38c31a1e
DEBUG DEN_INV: 1ed063be369c0d5dd00599039854ea72c55fa1278c63a9158422963f0d094636, 20470f7973f2fcf8eef8b01d2bcb98c8db7b41ff7050471ec370270fb3c9ac1a
DEBUG LAMBDA: 1955e1d394100a8e8ec0ecae49e3a73ec98c046edd16ceaa6c5e14fb26a736c2, 272eaae15eb95aa2274a7f001f35d754be61100853dd8fdb1551b6c08317f2ac
DEBUG DBL p->x: 1ed77b1994daff1aaab361c5ead09e473038c918b17f41dde1e36dc7a818bf96, 27bc366d5f44635b0b246e7fbd0338985f4006d39be5a64c3e2031b3fd8867f2
DEBUG DBL t1 (X^2): 077a3c01489b165a0aa36a442e9ecc66d792718187487aeb3874ffc23b75f85f, 1a73fc6b953350bc9f10be7613a4d3d04a0cd3998d630ea1006cadffce7b4a27
DEBUG DBL M: 166eb403d9d1430e1fea3ecc8bdc653486b7548495d970c1a95eff46b261e91d, 1ef7a6cfde68520c24e1f5abb96d231346a5103b3fb76155c5257de892f4e12e
DEBUG DBL S: 119088911835ea58bd18bba19ea7aec1d1d528073b1b719913c005a38e744b04, 2d82f8ede1a097c6d77bfecbd221f6282da7c209dd7880f909b4e7186847aff7
DEBUG DBL X': 1b5c52dfcf536b59a02d0def802eacd65a1369579e8cce624cc342103057fedf, 2c31cf770ef17fb36628a2754b48dfe769bbc07f13377bd2a86229588a1d7806
DEBUG Q->z: 2ffb43e01211ab6b15009fdac9ff548c5cd5b4038541c34798527779f56d512f, 0dd2a5810522b301874b7db0fa96a3524d270fc2dea730fe6865e198b8bea941
DEBUG yQ: 2543139ebdaf6cda1ad33b303486a4ce3880181188837914b5d5f9772a6c9f82, 078ccbd4775cfac5cd067359b556645b1033f939385748fe6d85756913a47ee4
DEBUG DEN: 1a21d8ca9a2d398a7d5630a9e78bf13ed97ec591a895279c2f8b66d77c5c41bd, 0f1997a8eeb9f58b9a0ce6b36aacc8b62067f27270ae91fcdb0aead22748fdc8
DEBUG DEN_INV: 0f1acdd4019d7fbad945d2f10570a6a5587335a211f288b044621058676f3d02, 02bf69da969a745fa0cb78a94ee016370e1800776659a3d1b915fed570773d03
DEBUG LAMBDA: 2b4568e8ad69d8a2772cc729dcc02e2357c2b7f6217ea9a593e1c22c2ea56891, 01d0ad98897e25b6783a416579c5e58002d9eea86967f51426b0205b6531a392
DEBUG DBL p->x: 2ddcb9ee5f66b70f318c2043a2ef4c1ddf42f4c6de8523a64cfa97f7f08c1500, 2b87814337eb83f49b15e022d432d04db39f5fbe8d1dff08f23e5e8a49fa3024
DEBUG DBL t1 (X^2): 18912fb88e2fea132399dba8d6f7d4de6c63e09a6fcc31a307b6043a768ef913, 14452afd2c4fb658cd4a1509fc515526b2b8b93ed0966543b6db105a94765578
DEBUG DBL M: 194f40b6c95e1e0fb27d4d440366263dadaa373de6f2ca5bdb0180988b2fedf2, 0c6b3284a3bd82e0af8df9677372a71680a8c12b0951653de870a4f8e4e60321
DEBUG DBL S: 1d03c92bfad3a29be4e63a9011e18d932ec9cf2456837285d119addc346ecdb7, 0525863d142f020948170277170bb3b1791dcc911e910c5afa4ca6fad4244079
DEBUG DBL X': 05cdf48df29c89cbaf8f804f933aa1ce152972b4b8ed7489ec98184a49370b1d, 0fd38444a4fa56ffaa4aeed5e5fc77f9ea3ada52cb2897022c61c39b53b9e396
DEBUG Q->z: 179c5b69ca4f6659fffa5807b871ef7f21eaaca375dff1d02110e1abf1b2896f, 1478e823f23067201c709bebf669c29dc24e47010ae5bb58f7c8736672d72fef
DEBUG yQ: 2e50682963b3940e7a1023e632c1cd6544477602187f67c4cf62ff5d16b530f6, 2b7c849ceee34f70dc928816bec3b38d25f5b040aae5e321f6db7d319de46161
DEBUG DEN: 2c3c81dfe63587f33bd00215e402426cf10d8172c88d04fc62a572a354ed64a5, 2694bac6fc94feb800d4ca76fc060ebcb469f5efed59fbb6b1966e4c634bc57b
DEBUG DEN_INV: 2c3f8cad17f020c60108f4af8ef539bc115adcadfcc787078445735dab130621, 2cb03875cb026b2ec4b902557cc94fe131fdf6e5f14ba80fb720df9f7fbadfeb
DEBUG LAMBDA: 0b5141cf7542b4501ac10f388e5f216d109e6c391511194dd4d6e784b3e38876, 302ac11c7419ba181e19a3b66cfccf86b12e0d75ffd3568cec1d0e4aaf8a94bd
DEBUG DBL p->x: 077bcbf6117f27df9863659e9ee3d8c5fa8a36c4e3671f437253c693f3d4d91f, 2b5ecc8bc3218cca700b0da5e7637f54bf5a4e1b3b7f5ab875e8bad2d9d2f377
DEBUG DBL t1 (X^2): 0d414264bd705806b18a515241c038af7f5b2f6150e6b6694a076754f4c2d211, 2dd60d086a89c144e9af0e078bb179fdb38575548af986019c44fac34d9c7939
DEBUG DBL M: 27c3c72e38510814149ef3f6c540aa0e7e118e23f2b4233bde1635fede487633, 28b98a337d3a037b4c6c9ea9a011bd3deb8d8adad008fcea5c8dd81c37db711d
DEBUG DBL S: 15ada052645beaede92cdbb1026fa502c27601fa92e697b7b61b19e4a03ed609, 21a73d92b4eb9c2be62cc2c7a5d8bbb8d6e353c426506930bbc1b65d0ea2049e
DEBUG DBL X': 0af7962af5947a2eb5c213f30739d1eee5ce95ff8bb1754eb60610bc150db6a8, 1439ed7fe74ba739cd2e47d5de740c7ed463d3b688938fdff7f6451d5f57aca6
DEBUG Q->z: 0279d5d06ff3d26b4f908a0891476c3412d2782d6409db7af6af1e05f9b4af70, 1e732e00c7b85799e220525a705b632f4a1ae7035705fda1aed56713148324e1
DEBUG yQ: 0090d44fc16b1d1325f0a0319ae5eecafaf7498d50d845ef085ef6197cc62809, 19749ef0a4b7afd6813b95041d654e7c1090bada770761c7a444ec1a5384c83b
DEBUG DEN: 0121a89f82d63a264be1406335cbdd95f5ee931aa1b08bde10bdec32f98c5012, 0284ef6e683dbf834a26e451b949449a89a00b23859cf9020c694c1dce8c932f
DEBUG DEN_INV: 0d2e9a71e7798547f65798da582d653ec7ffa3810ff14fc9a24acd6a1e6ff5e3, 185de8da245920f8d2ca4bda4de51d73f26880c354ab5546dcbbfddfb533a3a0
DEBUG LAMBDA: 20051a6639e1994e0ba2ec5f58eb5574c267e833d1a40cfadfb2bdcc205a5063, 2de9943a6903a31ff95a2605667a8024c9364b1869edf51ed4f242ccb5e337b8
DEBUG DBL p->x: 0af7962af5947a2eb5c213f30739d1eee5ce95ff8bb1754eb60610bc150db6a8, 1439ed7fe74ba739cd2e47d5de740c7ed463d3b688938fdff7f6451d5f57aca6
DEBUG DBL t1 (X^2): 0b3a33750a2bf92eb845c638491a1cc6ddde1f49b360b4a4dc13eca7a612ad52, 1eaaabdc024575a030995bc1b5baec4e69de3c32fbb3e7d90a07def486633417
DEBUG DBL M: 21ae9a5f1e83eb8c28d152a8db4e5654999a5ddd1a221dee943bc5f6f23807f6, 2b9bb521259ec0b6d97bcd8e9faf6c8da6194a078aa9ecfde1f710c6baac9efe
DEBUG DBL S: 03a66ee9d1295764f2cd8a67180a0c43805b5972f1a6b4f707a7f4adb3cef0a2, 00edc574d04184c28d1f40e85c895236c0ccb7fd3559d4d940f23a9e2c4a6e4a
DEBUG DBL X': 1158bd4960de8308ea1cfb74c4d6a11f12773f35337b5f57d4e20efe966f74c0, 22bd9265870aadb6a78c7b0c2c89132c1f7340ea710f309ba6b5f917d5bcb757
DEBUG Q->z: 2d00fee0e5546ecec74251b12c29f69fd6478167121aaa739c72bfac5369e2af, 0263b05a46b93f612d200d6d569f40a4fd51f672d08df5fa3f9e94208683e44b
DEBUG yQ: 30499032dda656ba596c39f3bd60522d98eb94946e5a01c3035ebfa0f18b3137, 2eddbe659f40c570a19be07d755ee0541349a8a662adbc4fdd8c0c4e9df9641b
DEBUG DEN: 302ed1f2da1b0d4afa882e30f93f4bfd9a55be97744238f8ca9cf32b0a996527, 2d572e585d4feab78ae77b44693c684a8f11e6bb5ce9ae127ef78c866375caef
DEBUG DEN_INV: 0f344c925266551bd9903c00109a9ed22a8456142a4c9a230f1cfcf58ffc7a92, 20bfc4377cac0f35548a60dcef68ff2bfab06250db5c77f15198f56b22c39def
DEBUG LAMBDA: 200f06611ba482d35a58eba01f9633e4d667ed668c1b5a5bec8008ba0240a487, 120f0356f686b1cca96bf02d340ac09d9179d2bd1b737baa53ce36887a0e4c50
DEBUG DBL p->x: 1158bd4960de8308ea1cfb74c4d6a11f12773f35337b5f57d4e20efe966f74c0, 22bd9265870aadb6a78c7b0c2c89132c1f7340ea710f309ba6b5f917d5bcb757
DEBUG DBL t1 (X^2): 2afc89002103446b636acabea32c4170909bbf402b1624938ea0707cb2cb2e11, 2582fc999b8de203715106e78a8468763a61c2d08c71a72d6756270b40941103
DEBUG DBL M: 202cfe1aa0a68ceeb99fd4cee682139682d0689db05ed8a033a0394867678fa5, 0fc058e7104665b6e35289499c8a88a78022734ed471606dbdc15cf410c2387b
DEBUG DBL S: 22c1ae4805c2b2614f85e1bd2d6be587c7cdad1e070fca382afc1e3910918e4b, 210f09d1c2df6de3614c072d548ee2262fcbf3161c02d54bd7f8b85977b2c779
DEBUG DBL X': 11598f75fd5625210a01ef8ef88ab89b402fb8e765f16132561f577e967b52cf, 01668f469911262df410e23754017467056fa35025fac16823858edfe966e02d
DEBUG Q->z: 0b7cdca9b1a2a37bac14621043f64ee1596220e9d09c60644fa1acb70e1db5be, 1782ad8f21b570e6ebd38e65a61a6607cf07f9a2f58b005a201bc3c53d9b3c41
DEBUG yQ: 2892cf18f1fd32a5c06cc4686b60cbb525acec775a406740f0a48dd1e36a1baf, 1d7512f9323a0a143d54c83af04696863e943f943414cd1254ef0fb59b4f09f2
DEBUG DEN: 20c14fbf02c8c521c889431a55403f0cb3d86e5d4c0f03f4a5288f8cee573a17, 0a85d77f834273fec2594abf5f0bd4aee5a71496ffb7cf976dbd93545e21169d
DEBUG DEN_INV: 0f25ddacbf5074879f82840ddbd7d51dae8e94a09ded08d5649439f7d81189ba, 0ab62738469baa6523d58cf096979c80d359a4d3c451f205227e944e03e481f0
DEBUG LAMBDA: 072db3ca98adcecdf986c08773ff08e4f430b87fe62010d3086ba2d0f3a31679, 1007f7cc6bd1d2e9ddd404dd98ce96feab9667f2acd5ab4a475c7df35978667a
DEBUG DBL p->x: 0f2be83f5062e2a8cbc72e07651857d70fc621c94eb2fdac9768649b09893919, 2e5c4a32045a3cbc4ea9e028c8ba3c88d721fa7ffcb5d14a04ea4e54d7ec0f97
DEBUG DBL t1 (X^2): 00c69e06bffd118511669a4aec91c805b00fc9cd5f22ab862833c49b846b5a65, 2212b5c386b25ec2385979816ab7f8886dfcfcdbf233efde75eebff91d158301
DEBUG DBL M: 0253da143ff7348f3433cee0c5b55811102f5d681d680292789b4dd28d420f2f, 056f8464d1b3dbf3386be1173d2538de1af4217105b83a80e98b27bda6468e75
DEBUG DBL S: 132f25ae34ce69f823c95a307faea6abb3faba68986b7b465431d9e7755c536e, 0c455130fa96d9f1b785f442304750e83feb082ee86f79ee93a2245eee7cf06b
DEBUG DBL X': 1cc2ccb1bea2da535f577ed86f342549af63a7fa693649adb476258e6667da5d, 16504ad84642dcb11e703728bdaeb346adeb4daa8858f792d0b2b1bba8e917ad
DEBUG Q->z: 2b09915a2c6b0e24e6cd785443f307147b2a1cc041c5b30c6f90a7518c5ec5f2, 09aba2d10267a190995a0e4ac9ec313e1aba72ad52ca75f6cce917ed10aac12f
DEBUG yQ: 1c93d4653a510309882422a1033ed3b8c6d0600f91795fc6584e0b2a80e1bf9a, 165e3d935d78571c58dd10031e699a9712de6755e96eb4615fa01576ce4a25a3
DEBUG DEN: 08c35a57937065e957f7ff8b84fc4f13f61f558dba80f4ff747b8a3e294681ed, 2cbc7b26baf0ae38b1ba20063cd3352e25bcceabd2dd68c2bf402aed9c944b46
DEBUG DEN_INV: 01c39ba0290c52fc6b33ce8f62d332b3637550fa0bab47cbc8b6f6b71df318a4, 1e9510003194130de50a8eed3cb2d24cfeb8030305cc4474a54acd23147b99a2
DEBUG LAMBDA: 1cfac61e6b9621fb2281c36d17bf01532d28065f549d9ec2b69e27c67cecd1de, 28d2b0f6edfaa7151532f8fcb26589e73f3fcdc85d445a89ab38c7e4d6d4d528
DEBUG DBL p->x: 1fd61a1e016b572c90a389f05074b7781ec2d16c1c80a4b717e6fb4996eb7184, 0601bcdfb07c28856a51c69609e318def0ce3b17f50bcf174bdbbb58c11587de
DEBUG DBL t1 (X^2): 1fd67481a37f919f1e29a86cebab99368b726a3c191f4d85f6632d37c3126fdc, 2dc47e841a46164cf0bf55afd986416c9d092f2cdecd626c4d31e35c8294fd1d
DEBUG DBL M: 2f1f0f12094d14b3a22cb390418173460ad5d422e2ec1e04a708fb9070ba524d, 2884dea68c6f0293619d75a28990138aa818b863cb84922a6f5491e7d6c4fcc9
DEBUG DBL S: 0cc5b59415b0e6420a2b1fdbf09bdc2734d5873fb8aa35aa803d3e6d29eb6cdc, 1bc165baf79851a2b58dfe4478b8d5accada6980eada0f55e7517fdef377d282
DEBUG DBL X': 247a7c866947909c688434eeec2a81b4cd28e72bd71912f4433723935f279316, 16cfa304ec3493fa0667ee791a4cf4c17cf97a0eee8ef6521754b287cf9784ad
DEBUG Q->z: 211925f744037ff3d08eda2aed236b304a65ffb66d5c53a2a76edbf0abe93e96, 1406a34ff1f1e0d13f6ad858921e9087888b264b1f7f5aa162392ec4b4d36b81
DEBUG yQ: 2cccfeef4a7116fc895f9fe529125098bd2ea0bf7b5c2b033a3f5010fefe67b3, 2728ca7d76eaa8ad9f2070066a733a217b0a3a6e1ec4ed1e4a53a3d8de1375d3
DEBUG DEN: 2935af6bb3b08dcf5a6efa13d0a348d3e2dbd6ed8e468b79385e140b257fd21f, 1ded46880ca3b13185f09a5653651be55e930a4ad5180faf5886bb9ae3a9ee5f
DEBUG DEN_INV: 24e550ec092c5a4ceb03f3f0d15b5d9534068633830dd57b142d861c33640934, 1ec35fe91ff8e32f80234a854cc4c541b2b7de0e655359df9d86fdfbd9d4e78c
DEBUG LAMBDA: 1c03d5359bc2fe4afbb82931c01f86e1b370d20acc820457170a1f9f584a1008, 1912250f77bf487934a624e0156e99550cfd261ec80facfea602466f8c605a0f
DEBUG DBL p->x: 247a7c866947909c688434eeec2a81b4cd28e72bd71912f4433723935f279316, 16cfa304ec3493fa0667ee791a4cf4c17cf97a0eee8ef6521754b287cf9784ad
DEBUG DBL t1 (X^2): 27df803649f99eb4b1841d59a3e1bd1d4bbfc659e65d871420cc477e84a7bda5, 15a88a5079176225b0a125f826c8b140060165f732521387fd951bf572f6ac67
DEBUG DBL M: 16d5e3bd1b899bcaa3ebcc9fe8a2869cb43c7deae2350021ea23be4ddcfd3e61, 1095507e8a14864759932c31f2d8bb627a82c7542e84700abc9ec7c9806707ee
DEBUG DBL S: 1b01bbd34141db96f0066d8176c34fd2b902a8dd1ecdf7ff7500361444f5930c, 04491298810eda7f3a8bba3ae72c4ba114ddb80f7f230c12db9cb7da6e2f9643
DEBUG DBL X': 0c58bf5c28a388c0b981bc359d1b83fb2261cd882f91a5e2218cc7ded5c4bc2c, 2c00c32b18672ece65aa973a079c558f3be2f36f47b1d5a46fda48bcf3f86bd8
DEBUG Q->z: 26cce1facc5ee2f44682c6b00e4a24131b0763d3d4edd53004c6918b67674370, 250a50bb082e67d34c2d2d56ed73b20a0c5b6822b59690dfb35d3a77c7f7d417
DEBUG yQ: 2b5cb812f25e9121e20ea4765366e43ac53cca8c700a58bc7777401140bef1fd, 2226ccbdc8e490429a69045837683693a17c4ab8763c57c5275412d0256c83e2
DEBUG DEN: 265521b3038b821a0bcd0336254c7017f2f82a8777a2e6ebb2cdf40ba900e6b3, 13e94b08b097805b7c81c2f9ed4f14c9ab772adf8406e4fd12879989725c0a7d
DEBUG DEN_INV: 0da7e6f363b63764d639e917abda088e704aaa842526964e02443edb17f15150, 1a60183b92a071e63b96398d3442df0cc4ca2341b2cc32308574563eec82d049
DEBUG LAMBDA: 1a401b9c8001c6b4e5ae5cf9922c3b0511125db8fa0f42d8246d01bb2dd81802, 04c2b20c9306df182314fd83dc4c08caaa12c95c0a9bbedb989716efcd02948d
DEBUG DBL p->x: 18b5cb75b8b6803d0505bf75d3407d5028cee904bb8774fcc9d96dc46e5d0ace, 0b9f7c7905afe87f4bfc7cb696fc85cef516e8f8eaf5cca0fbdf928f1f0e3b99
DEBUG DBL t1 (X^2): 1aeaaf42af2fe3278f6b2f8baa74b62a859e5691eeb703bf997d4395285dc542, 1b8feef306b36897ce1ca152830547568a14f1d0f415925c4ddf61380ed66ee5
DEBUG DBL M: 205bbf552c5e094cf5f148ec7ddcca21f959992463b340b190573ea8a09c527f, 224b7e6632e8999db2059e41078e7da606bd6ae173ceec87ad7d979154064f68
DEBUG DBL S: 2d5aa9ae3794adbec32cd142a3b9045922782902239989e7dd8e896e59e6d7c0, 129ad962756f846b484173861cf8f8c7a00b9f25958239d09adfc3fc381d4b58
DEBUG DBL X': 26cfa3dc084aadc2953e805d42b1833aef0130c901dd18cca0a358dd5b7030ec, 27fb8b42fadafdcfeacc4240bc004bac6a1ffe473d85612c46c8414a4fdf65e4
DEBUG Q->z: 2fff5b9e8018d37409e333926841b94bb99d4245ec4a98de8f71c5f502ed515b, 23166f4ddd3e337e5fd7d74a39b5641a51a4272a9760d4c25d3498dcf2cfe45b
DEBUG yQ: 13549dee24203afb9b74872f87daa3cdda4046fef480a19f113c9bb334ec89d5, 0b80a3b5bd091060e8c62a82f0fe470a2b93f6de33a78c47bae0c8dda45af9d5
DEBUG DEN: 26a93bdc484075f736e90e5f0fb5479bb4808dfde901433e2279376669d913aa, 1701476b7a1220c1d18c5505e1fc8e145727edbc674f188f75c191bb48b5f3aa
DEBUG DEN_INV: 23e0aadb0e8369fe0af81fdd9bbf4d1d6a84f112cc573598244a094395041832, 0720ca74d11cd39275f97654ed07daa9c2d36e5114ddcb755538468f53b32743
DEBUG LAMBDA: 0ebde3eb1d9aba82527033017c1fb5b4e9519682c5101332b6232dc24ea5d3e5, 170278b178b6386f1eb6c26d779d06f6172832c954d560ed9bf9996ac32a4c65
DEBUG DBL p->x: 017c86e53109426c1d52ad44ff71c7c57b5071c2d0b4fe71dc5418642bb23926, 0040304464c56bb2f51f3481f8e7ff688788a70a31fe1eb0cfda1d1566821a1e
DEBUG DBL t1 (X^2): 0b4731edc6797f12d82bd6c3167d3590181b839e2054bd805a824f07249b6e8b, 179ae2ec0d854bbd00af819f9fee4833936bb7fe3577cc7899ec77f763ede9a7
DEBUG DBL M: 21d595c9536c7d38888384494377a0b048528ada60fe38810f86ed156dd24ba1, 166c5a51475e430d49be3f285e49803d22c1bd6937f59adc91a4dbcf534cbfae
DEBUG DBL S: 19dd55ca346aa03ad39bb758939fae0edc4e90ac446100ea0e78e4c9f8f866d9, 226c4ec5083a652f0689bee1f7f1f57e8afa626d489eac129d66b4e5c1a7b12d
DEBUG DBL X': 12aa5c259b08b1bfc0c070afc8a74f601be19846b56b303f919549a2ae0259b4, 01b0e4a163c5adc92229ab6716c4b60d887b18786909ecd02a938814c36ab9a7
DEBUG Q->z: 14981c567a50436816e040999fe0856f2642de8d46af957fc2c6d40a88ccc019, 190bc85c802dc215ea8633835328f51cb37b3f350094c96b1eff059191d8aeda
DEBUG yQ: 248fa13004a415e5095a4197fe9f6bbed93695206a3efa4ac7f0badd4c98c2ca, 196d6415befbcc2bba75325d31c156ec24e7cd020df4ce5d005d53da5e03aacf
DEBUG DEN: 18baf3ed28168ba05a643d797bbd7f201aebbfaf6c0c2a0853c0e9a3c0b4884d, 027679b89cc5f82dbc9a1f03e201557ab24e2f72b377d22cc49a1b9de38a5857
DEBUG DEN_INV: 0423d7c111219bc2f33301d24b0d4b50f31389ffb3a7c9762d7346354abce9ec, 26bdf6b43ca8af6d522725c9c4d34f30deb99257275dead772eb8af392d48583
DEBUG LAMBDA: 1d12f327dbd35731b1598759331beedbd5f50f47e00a55b31f1800a2a5de673c, 191cae949221b1ed2d00e520d1f4f20872b53645ef4008560374d5c1a9b87d9e
DEBUG DBL p->x: 2712bbe5e52cedc51403dfed082cb5ac31a1f88491902db62e98a6da9101e795, 084b9fd1890752fc79cdb7af9d42e19146cd5e57e0468a2d9c36d0afcccb75ad
DEBUG DBL t1 (X^2): 25b0907bbf12d4797d1641552fd3665703aa334a505433246a1ede57e96f5f41, 00ce9845b228757ef8de8bd9d81bccc58983035304702df76945cc0f84ecb57d
DEBUG DBL M: 1049148d7ad53d1906a238928c778249dbfbc4bc20190452c61b82da0b542335, 026bc8d11679607cea9ba38d885366509c8909f90d5089e63bd1642e8ec62077
DEBUG DBL S: 29b97c4144d915e7a742bb9a6846161fe7a28db78a6725a0ceb8a30472a6bb40, 03ca7a842917e245097269e7bfc765923fd8ac080162877fbb1b7ae0218ac13e
DEBUG DBL X': 1d0c0574ad506c5e13cf419aa1348088adea0fe9f640501c950c4c65ba06b416, 27f8b105d323c2e09d7d766318dee0901cead18e0834d7d3595733eb6400e0d1
DEBUG Q->z: 04544dbf6c3a1fcc443002dab49a097629b3941f45036a5f6229c7b01d5433d3, 21583f611bb88bba28ef15b44f3f163d94f251c47c515dd5df38af4a47925b7b
DEBUG yQ: 27639d1b0fc95d316c2531511c4d87226e60a268449d2ddc007ccc8fd671bb34, 2aa9fb04fd4f5dd63b1bf2f15d85dd1ae41cd9c443befc3562b1a7d09c1b29be
DEBUG DEN: 1e62ebc33e611a391ffa1cebb719b5e7453fda3f20c8912ac4d90d08d4667921, 24efa797196d1b82bde7a02c398a61d830b848f71f0c2ddd8942c38a5fb95635
DEBUG DEN_INV: 03f4fef9eb407ec17357a25848ed8e47b58b13802b582fbbf23650d6713bd6df, 137227794c3444a57e3982b4489130e9e972d99dd6265d44b368530941ea8518
DEBUG LAMBDA: 1e7f8cfb32542a1d1f2a7eb72425194c19d9ae37924153947800d4e5d9033be8, 0ce96b8e951bf8827f2248ef352dc46e8f6a9980c89515f234f75ff1f85f6cd8
DEBUG DBL p->x: 08d29986fa790c360db1f57bf03450397918d1cce9956e7c8bb1d29877711d92, 29960a07ff4e9aa31c1d30d08f3e0969bae1731d7bdf2783b64ead148d6960eb
DEBUG DBL t1 (X^2): 02cb2a481f85a8e91c8d77e1318c3174013c8b5e4e938e6dfb866e567e884e0b, 124114c5339797af1e3c35428789991816eabb51fbcc38deec2058b9261ab7d7
DEBUG DBL M: 08617ed85e90fabb55a867a394a4945c03b5a21aebbaab49f2934b037b98ea21, 065eefdcb99526e3a2645a11151b72eaad3ec7648af2e00f88407e1499d32a3e
DEBUG DBL S: 0b7fef8eecbe40658c5e854f8d9e299a07a1df8aefa90eda73301159e5361040, 0ddfd3cfbca24a191c683218476558318ae8a6ce97df81893b22786bd8e8fbf4
DEBUG DBL X': 2aba198e524557ab37acff8ce465f03f8049f1ad8f23d15796f2b371b7a74c83, 1fdba7be895de7dd13d786ce815e229d12b37e87c138374d5ab572c5eff99702
DEBUG Q->z: 21dc8b49d9893b396b08d836a3370e85dd35cc6f36cd202f0875a05bdee9ed49, 02148facf1ef642de066701b4c41990d2654c4f120e91475fa7d2c769b89fc44
DEBUG yQ: 1e34da9936a42bed4c8ca71758515aef7bb71f89b04dbf5e8883c20e93e1bf82, 2c24eb761dace3771f2c3d721c707157c18b13f49945eaa6fb5ab021f6bb2299
DEBUG DEN: 0c0566bf8c16b7b0e0c908782f215d815fecd481f829b42fd4e6f8064f4681bd, 27e588795a2826c48608352db75f8a51eb94bd57ca1a0ac0ba94d42d14f947eb
DEBUG DEN_INV: 0038687bcdae332d7ac0c6b98ffae7c9ec4d098d4e81aea16994ca92f0196144, 2cd0eecff8c3eacd9244bd4a5d7a9e853d63fdf5c95cdba3185da2aff9072c18
DEBUG LAMBDA: 1bbf111b2d0e5f001781ec3c74d8843729d4f5d24069c6b0821b89bb2a9f0554, 05fa10271e26b4790711f1a0fccbd5a353cb02d8826e791efb4b173070a0b144
DEBUG DBL p->x: 15a904d78282fc9a4c401bd50da7022fed199f13db7131a0dea4a0ba1791223c, 0399fdbd718a98beaa3af8e1983d50c2a2d49e000bad1143bcbc8af4c6470ea0
DEBUG DBL t1 (X^2): 07bc2cfcf707e74f77a37a2d67554d2cc896320ce9c7ca88a72bf9c068ba7b5e, 29dc0167ea2c8188e8969cd5812041438f61e3f2fe4385fa7f7ff4798a4690c9
DEBUG DBL M: 173486f6e517b5ee66ea6e8835ffe78659c29626bd575f99f583ed413a2f721a, 1ccb6751fc22444749234b13805e130f7f22d6b629e6fcd5063ec53eedd9b7cd
DEBUG DBL S: 051d0de0e2f8e269ed95f90118cb04ba48a22a1f5659f24f9a0dbf5d6a1baef4, 213bd6f5852eb96da36fcbc6d6492e2d86176906e78ddd2798d1f5c92581eb32
DEBUG DBL X': 2e42c4f03de967a5a1691c303085ec2dd2d4fb6b5b5dc3db9723eeebce06f667, 11d0ecba5959b462f3fcfaae67c6beee5510f29ae7ccd4b751441958cee66b13
DEBUG Q->z: 18e5a40ab8f080f01cce2d7b8ed5f49c58a3ff27c4a7dab4b5893a71e7572c8d, 0ae39e0a91a01e86d6a028a2a69103ad1859d0dc18ff1eaf60bf2c5fc9c54c24
DEBUG yQ: 1d3af5cf87faff5d724f1b33d679ece31384712df8284af2b9da2a40899f1c5b, 14a879b5d17e13dc4e7bfcb0f1c4a79c4979fdae339dac8fc2e9c6aaac70c646
DEBUG DEN: 0a119d2c2ec45e912c4df0b12b7281688f8777ca87decb583793c86a3ac13b6f, 2950f36ba2fc27b89cf7f961e3894f3892f3fb5c673b591f85d38d5558e18c8c
DEBUG DEN_INV: 2513c3e5a6597e3e7cae9d1caf45be74e9d6654267687492d722ddebc54128c1, 1c296c1a2ef4cf03eb7dd3e149ab69e3de8ae67171f74346da6a2298e381c036
DEBUG LAMBDA: 21234ec4a35194df0ad060615868fcfb548c17abae3f69ec6b6ec38f253daff8, 13ff817f0345e5c18647d2cb933d6e3db9e3596fb9444378d176d52a6ab58b92
DEBUG DBL p->x: 2e42c4f03de967a5a1691c303085ec2dd2d4fb6b5b5dc3db9723eeebce06f667, 11d0ecba5959b462f3fcfaae67c6beee5510f29ae7ccd4b751441958cee66b13
DEBUG DBL t1 (X^2): 1f17103bcab5fb903168320805d577acd664f62d2138ae3345a7ed522e6ee3c3, 2ac46897e947a339a9eece11330bc951b1b74236d16a83578832d0c18c260cbf
DEBUG DBL M: 2ce0e2407ef05286dbe850618fff0ea8ebad77f5fb38400c94d73bdfb2cfae02, 1f849ce1f973a9598d2bdec69620ab39e622f181a35bf4ec20575a16f3782baf
DEBUG DBL S: 0d30fa33ebe4f8c8b70fdf107605be1042a26cabf0d80b28e7706de8f04b3dac, 2f2eb9232f63716e19ccf53afc7c44d97affe1bcf0faf3097a1fe9aa5c2bf6a4
DEBUG DBL X': 044a3e1943265939b46a4f01cec05ff615dac31dbc38f2cd27981852b2f55ab9, 0846ba6c40094147c354cb59134c5b72d9968ec3b434263f04e019d443dcc99e
DEBUG Q->z: 2d867c0dfde715534db869d0c292c60eead1eb1c589df3000e91bfc2776483a9, 2457aed8f6d2e049bd68e35e9e17f5d110e11915330434e2a1d71aeecdd83eb7
DEBUG yQ: 037edfca5a46e13a62e61f1db57e5d813256d7e956aa538953f6de2b8b166a00, 22bbf9d78fa2a093487fe039001ee840fc20339868d945b468994e6c05d3fd01
DEBUG DEN: 06fdbf94b48dc274c5cc3e3b6afcbb0264adafd2ad54a712a7edbc57162cd400, 1513a53c3e13a0fcd8af7abb7ebc782460befc9f6940c0db951210c1332afcbb
DEBUG DEN_INV: 0778762cfc24b3e57a0284365b06d96e60aab768d4bf65e7dbdcd284cefb2eac, 117be817b8de94fd5c3945d7d7ffb27b38467884953fb64f5015197e94e41603
DEBUG LAMBDA: 2b9475489d44023755dcd97b957fb3a69cdc6e73db7a01b37c07aa23ba8953e6, 04b7cb44bef87415c56df613aa6c3058b68e31bc7b8de0b802426e9e89632cb6
DEBUG DBL p->x: 044a3e1943265939b46a4f01cec05ff615dac31dbc38f2cd27981852b2f55ab9, 0846ba6c40094147c354cb59134c5b72d9968ec3b434263f04e019d443dcc99e
DEBUG DBL t1 (X^2): 2d0f56c21f6c9a8e6155955482ecef027f523b4876f1478c85c21b4423111d53, 037125210f3e4d2a3a3fc9de87bda62bfb480ed7c3abf4dfdd1a5eabee5693de
DEBUG DBL M: 266567609be28f57b360349085c41c4c4ef3dcb693f0418b1905399eb8395d6b, 0a536f632dbae77eaebf5d9b9738f283f1d82c874b03de9f974f1c03cb03bb9a
DEBUG DBL S: 0b6a5998d8ba6358cbf270219b2e9db918d673194a8efb5a2a55286dedd75e5e, 210d2d2cfec4f14e1131ca02f0969918b85698bea3717dad02cbc4c80232319a
DEBUG DBL X': 17285e91e065d15b8fe1b07de4be0398942833ed3f263978099c1a82012d441e, 202d15b9fc8f320abae0860df96ae335f2b4f572c8c681b3ad881c6b32c3c336
DEBUG Q->z: 09a8f4a0f5ac1ac751e7e904d8d34d1ca0e3ce798e04fd235269086c417eafb6, 043df297e407b0efb889aeb7707f06c4c6a573e1c63d9638a393ac269b6e893d
DEBUG yQ: 241038b7c4741d821cc126d4eff4a4292df0c4401925b86bc2aa6de10f79e15d, 0f192317a4c1484c09a7ee73ef9e680e5f12bade5a6bb071e135a31fd2a42c13
DEBUG DEN: 17bc22fca7b69ada813207f35e67eff4c4601deec9d9a64a49344fab4676c573, 1e32462f49829098134fdce7df3cd01cbe2575bcb4d760e3c26b463fa5485826
DEBUG DEN_INV: 163c185990a55c5c25c79fce4e9816bce5f6c8a17b39b7ca33f9ecaa3f6830e3, 1140c26f69a37d3025ce74c64c178c33293da8836edf2fa02b7a9a218c6135a2
DEBUG LAMBDA: 061559154010eff8def14efbee247396976b3988333f780fb94638d93f7dd074, 0fd99685d05c9f85548413f3e6ef7fe1e9a53675794906324a5c5e8966b7de95
DEBUG DBL p->x: 07bf2a5e010dcc110170c065b8471d46d475ab69e5644140850f3942579fc7e3, 20cf47989acd05f409eee559f7a9981a4be914110ef595f49cc5015680d54120
DEBUG DBL t1 (X^2): 06e5efdf5af4029ca7e4a36fe7601b1ecc4a83c23498fefd07b78ad4e0cd5aa5, 09edbadaf645cc07c48723e133f5babe91efd14fb24f17c5597ffc69d68b99fd
DEBUG DBL M: 14b1cf9e10dc07d5f7adea4fb620515c64df8b469dcafcf71726a07ea2680fef, 1dc93090e2d164174d956ba39be1303bb5cf73ef16ed47500c7ff53d83a2cdf7
DEBUG DBL S: 1dc4bc1178985205c8a0654750040760fd4e060759991e562e2a3767e87c4c48, 17ff252b243e3ee374cedaf02dda0a38e6d0db52fd20ea72995aceb29732d85e
DEBUG DBL X': 014ddf478fa302984ad06ac875a46bef8aa167b53225894f2b1d292a09d88315, 04fae3ee8255cb46db436454240328670973a796a1445ce0bd8aaf3a38da363e
DEBUG Q->z: 0002b764cc7c7ba66dc0747ef17286b6e404dd60e8308781a329618b502450d3, 2f26d247cfe396cdcde87c2af5ef300e3c254caae0bfb54b0306079e66f770d0
DEBUG yQ: 1d2fda7c4cbd6dffeffb4db8719e929a03751c6a70b8312309262a939eadc155, 1158af00e477b7822e8fda9b75532327ef45f7121435e0a9ca8874a098bf7f21
DEBUG DEN: 09fb6685b8493bd627a655ba61bbccd66f68ce4378fe97b8d62bc91064de8563, 22b15e01c8ef6f045d1fb536eaa6464fde8bee24286bc1539510e941317efe42
DEBUG DEN_INV: 2916b818d46f76d4399a4af8a830e67a8249ba770d69e5bbadb627f412633c78, 088c2b8fc5d6f75f825fbc22071bcf9cafb376fbf9cf24da85efbf31d60df77c
DEBUG LAMBDA: 2cba9c1bf2dc45575c117d430bfbfbf4bff039134b8081295fe282027c3a9d8f, 24b66f2ef80c23c0286f67d3f94ba9ae1ef1e8800990d7e7af05133d0f4f5697
DEBUG DBL p->x: 1d2e3312c25d890f48ccda99ce1e6db51c6bc5f11cc06358e27f64310fc63ceb, 059240eeffbaac50823bbd69309130fd5bee020b7ff31ba10ed141b37d9c8e0e
DEBUG DBL t1 (X^2): 2d10268ad3d025aea44c8a487c49e77f878fbf64e4e86a1e39f412cdaec43c19, 089e3292069c3ebe25bbc7482291a58ee48495d1020b1485ffd7cfed86bd8337
DEBUG DBL M: 2667d6bab90d30b87c45136c71db05c367ac690bddd5a940359b203b5b52b9bd, 19da97b613d4bc3a713355d867b4f0acad8dc17306213d91ff876fc8943889a5
DEBUG DBL S: 191457ab6201209dc40ae31c06b8773a92ae81bb2447cfc27a06a1ef3f1cf6d3, 05730bd0d9900672b2ed874a1fdccdf182ee6f237513c226fe385f6b6483da32
DEBUG DBL X': 1100c6754d6e499e8a8feed94446cbe7ed78f8f2a4687a21ee608349c5dd9244, 210fb1611d09ea452969e0e879d33b9ae43e393d3d67b701042c2f30b8d22a7c
DEBUG Q->z: 1ffc1f48b2d7a2b2a0ed3c3cf55f31a1d6c44f32aab83d8ebd02110135197025, 004bdbfb2066a5c25a6b721f92864c02fbe03d728151418dba6b5418a4dc9976
DEBUG yQ: 2fc70b9c57624236335cd3d9c0cda14f5e44354f78a7a2e633d5059097d30704, 2ecfb7fffe185c28cb36d6a712486a94a878a1506034643c86041f2fff2dea90
DEBUG DEN: 2f29c8c5cd92e442ae6961fd0019ea412507000d88dd7b3f2b897f0a572910c1, 2d3b218d1aff1827de1d6797a30f7ccbb96fd80f57f6fdebcfe7b24925ded7d9
DEBUG DEN_INV: 1ce606cf2f5fc0edf64ae74912d845872321cf3649dbf77e46fc55af3489c0b9, 25e2dcac936bd1003f97489ca4fe5b595f62a98db922b1bad8ec18a4d1d5c890
DEBUG LAMBDA: 0a975498e6a3655d04542ad38a291556a32c33668b35e282d35b41cb75fcf0a7, 15ebee86d387fb417960d2a9b6e0c1f4cb4be3d5c0129b788c908ab63b1c313b
DEBUG DBL p->x: 03f22d38bd82d547d22ea7ea5ada979c80d1621da5e1bae55f59cecc01451f9e, 2c77ba3f965258fd0a480c4dcd8922334ab35568ef4d595222f254f5a788e788
DEBUG DBL t1 (X^2): 0142b05c4cac6822d28d076ffc799bf8da2ece557012aeeeee64120466e415f1, 10c7dd560c598fb98b9ce651c289c2f69cae77d44dbef8b07eeb14650c2ac175
DEBUG DBL M: 03c81114e605386877a7164ff56cd3ea8e8c6b0050380ccccb2c360d34ac41d3, 01f3498f43db0f02ea866d3ec61bf0863e89fceb80cb1f8440a0b1184c034718
DEBUG DBL S: 1d10b7f3102e1ee18b69965eddf48df8c43a62e6749e5fd19f38564d4a40174f, 147345a3aefb4d842861f927579797a4beb12aaae848e1a3b160524211bfcedf
DEBUG DBL X': 121c96201528ebbea4708e9468db4d05f1d850db56cb4633cba320580d5c0fc0, 286858e205b1efdd9881d6b84defa03eff1b853fe7e8c84f33a9a3e47f948911
DEBUG Q->z: 021eab345bc4238ffe7eb6753c7add4fedd396479743d5062c1adf8746e8e3da, 2944802d607db899031862eb69d1b772d037d0d37791e0c9f3a080a811da778c
DEBUG yQ: 23a2422ff65d7f59f3c9630377ec7c461e55d74956268b8d035f11f0ff3f7460, 0747f65e5654daaebcad2ada00a822abd6c424ffc36dac313068ae035fda1bff
DEBUG DEN: 16e035ed0b895e8a2f4280506e57a02ea52a440143db4c8cca9d97cb2601eb79, 0e8fecbcaca9b55d795a55b401504557ad8849ff86db586260d15c06bfb437fe
DEBUG DEN_INV: 1f8643c3e0f8558a3b7b7746f864f17847a719212f38f846a1297f49576a7910, 22133d51c22f69bb73308f858ba9d1b8536fd4aaf8153ff04039f1180459a580
DEBUG LAMBDA: 0df8058858012670ca7f372086ae2d47827f583ecf1fca9980ace5616913e94b, 180cbeaa19e8a1a824f8e8d18e8167e4cb95975ae5b5ca9e6185cd4b4ac2dfe3
DEBUG DBL p->x: 121c96201528ebbea4708e9468db4d05f1d850db56cb4633cba320580d5c0fc0, 286858e205b1efdd9881d6b84defa03eff1b853fe7e8c84f33a9a3e47f948911
DEBUG DBL t1 (X^2): 270967163ba4889910cf2ce7e8fbbee665891f296437323b38957852b7f20522, 1bd7631e32b5f384439179f249764b42212ff2313d81adb77a67421f841f79d2
DEBUG DBL M: 1453985cf08a5977c1ccfb4ab7f08bf8019888595bc20197317f50ca76dc14d8, 2321dae7b6f03a63126428205ae18968cc0e6c0250133e9933153a47b3e1702f
DEBUG DBL S: 0735c8f59722a3d10051a5879ef41e3d37ae4b56aa394171688623e8a180e09a, 2909ce50609a7ffcba750cdba6ee1a5a902cdc4847ce7722c90cb1d225facea6
DEBUG DBL X': 0bd48638022247099a52d830c7e830d37549e43adc3f52003f578c526c5ffc06, 25bc61cf4b909f6b51fa6c5a8d48622f3fc275408a5a928787f5b535ba0778e1
DEBUG Q->z: 1a382bd61b71d4d294ffeb7f27f6cc5da18a05aab22e71813efede2e858e9d03, 19ce767bfb8b6466993e7feb45ddb15686b3ab823b7c45dd4e59089ca7f5adb0
DEBUG yQ: 1db96be9c459f0a5078b6aca9591ddebc7f03cfb855916dd0b8faa4c0d20609d, 1bc6b9f2273a3167306608f808690c554f4aff00a2b30862fb9fb8868885d234
DEBUG DEN: 0b0e8960a782412056c68fdea9a26379f85f0f65a240632cdafec88141c3c3f3, 072925716d42c2a4a87bcc398f50c04d0714936fdcf44638bb1ee4f6388ea721
DEBUG DEN_INV: 110290eff97716c9452d099c261be68a97e94080f8af482a9dc2041674928b88, 0fde45287f6a1591b39f13aadb1cb301187816838a3912301651076b4627379d
DEBUG LAMBDA: 2f41eef680aaea80575d208de675f78072d533fc43cd454b94ced78b858e8b10, 05f1c96e534306b3c86f8b68af354e36770976ffd9f40e6251d7d904917f96cb
DEBUG DBL p->x: 1c46e5e5d9f309c7228d779f3f67eb6557c822389cdb2b6020ed319509de7ef4, 1caa18d7bb341be7461d6b65492f0548311545f1ac1d2644dafb136387e1e4e6
DEBUG DBL t1 (X^2): 1ae24299ca5b53e2c861dcc7db58bc538f0ebf5170e0cecfb015f01c75810c7e, 2e3d72dc3a3ac7809488c53725a0a27c3805c2dc929683166a9793393c845d37
DEBUG DBL M: 2042795a7de05b7ea0d550a11088dc9d15aad362ea30a1e1d421443e88062833, 29efbbaeec4d162e4cf9c4386ddf36b9790e7372e6dff428c785a17e04931d17
DEBUG DBL S: 23fb25e6306722931c4b59c3ddcde8e36f1b5649a23b21edf93379ddf64fa1ce, 29920d8b5bbe184be786b8c934fd197b94c515f497ea1b03a46337b5dd122bbf
DEBUG DBL X': 0b64548de01e70b2800b1a035b3584f6a9cab7aa6515f78dcd3882bb5c68e260, 2621fb5eae025565f555d4e128241810a523b2d8921c9198c1812e04e64afc88
DEBUG Q->z: 2cfaef9fdf19800c6c09a045c52c840324ad8291b0d40c47e0a0c11bc5b0d1df, 0e9d2fabaea2d61577ec4707f796c8034ef9732c4b27d42926b0cddfb08b75b4
DEBUG yQ: 08ee6fe03689daa2ff439c7812253a445d5cfd75dd34ebee18683e7014edaaf1, 21e3580bea348bc898ee760acd5b37617dc360697602978caf4a99afcfeba33c
DEBUG DEN: 11dcdfc06d13b545fe8738f0244a7488bab9faebba69d7dc30d07ce029db55e2, 136261a4f3377767798ca65f19351665640556418393648c2274a748c75a4931
DEBUG DEN_INV: 066386fa23ab074d688283e799d013a9ad74bc0a9eb8ac63948b327321e16017, 20c953016a6d4f5ca78d9291544a79a1343027a5f43649a5a75aa27b37c9585a
DEBUG LAMBDA: 2ce74d5442d3ed1a5fe18a9e96bef168d62b930f6691ddf0d05b77f003083ad0, 1b2ebe298a8f2b990c4c620279d7291b7bf9bb2dd3823a1ed1c087e26b620fd4
DEBUG DBL p->x: 226575bcc237e8d4dd0e83befec9c66a3d5ab76f6db677ddca81814da85faf09, 1a17694dc4257419bb07b5c9e893174a577ea490a9fdec249745accd4920aff5
DEBUG DBL t1 (X^2): 069702b51a1c4b06a68bff48b992840da7bf26752792791f9a419e2414cf7857, 0583e6307558a5a9d92647358ed334a34a942f8c13d4abe3a65a6e752797d7dc
DEBUG DBL M: 13c5081f4e54e113f3a3fdda2cb78c28f73d735f76b76b5ecec4da6c3e6e6905, 108bb2916009f0fd8b72d5a0ac799de9dfbc8ea43b7e03aaf30f4b5f76c78794
DEBUG DBL S: 14add3f49d79146b361808942bed803785f2bcc488b296d0702cd43a67548907, 0df5f47e59509e37eb3fc82092ffec8559f47073e5f89c4d576cd4ecaa604fa7
DEBUG DBL X': 2130854c498ed2a98a41794c4c537d4d699a736ce8febd65b0c714b5efd64270, 015367670838e44a5f377148891df2dd484800aaf3d25ede79d5b185c34cefe9
DEBUG Q->z: 2d0180a82f28c0e70f37b373c812d5d7916fb68184bced17e23981ffd7a128a7, 2621d5987079fb5a4fed0353d85034b6f9c4d96a7b9e8b29bb8253eb3a7ab30a
DEBUG yQ: 0381872c3253f4a83fcb7cda1150b17eff1a1d0acd270bf4feb6820648996243, 2648b8dc633cf58377496d716c6e6699363fe68d1acd12d6d29d8ceec77d651e
DEBUG DEN: 07030e5864a7e9507f96f9b422a162fdfe343a159a4e17e9fd6d040c9132c486, 1c2d2345e5484add3642952c575b74d4d4fe6288cd285b20691a8dc6b67dccf5
DEBUG DEN_INV: 02a4375aeb70f463b00350978575ed78cf50bba1034616bdae6a369cc2b20f9c, 0020f3eb7182448ac75afbfa09202247913ee0ea8ee9979a564353dfa7d88baa
DEBUG LAMBDA: 2cc016bdf77461070aaea214521340a3b4ad01a8ad07a3920629b4c875ddc6de, 14c4f0e1fa04a8d99833c47b203771ece244b9bac6935ec9d5279ca2f4b6674f
DEBUG DBL p->x: 2130854c498ed2a98a41794c4c537d4d699a736ce8febd65b0c714b5efd64270, 015367670838e44a5f377148891df2dd484800aaf3d25ede79d5b185c34cefe9
DEBUG DBL t1 (X^2): 273e7e8f36987bbd5e18bd9b2805ac2ad2154d639e54956020678ab10066c4ea, 1b32db4afa8eab81ba2c63dbcfb2a9b977ff689972060b115a3837aeaab45937
DEBUG DBL M: 14f2dec7e16632e4a9a9ad64750e53c5473d13080a1a2b05e8f587e5503a5430, 2134436e0e7a625b7634e5dced96a4ced07ccf3aeda056a6d2881af527a00e5e
DEBUG DBL S: 0e82bdeff8a7d78af719770d95300c4b9e2e44882ab83721c67ed28688a580dc, 0bf61deea02de7581b7c2637e8c8978c5cd77556b99e9b1db9aba02abf869902
DEBUG DBL X': 0d9b2c7f29d65335c772784cf24c61d6767e5223beafa1a92f86b28ba7ee5e11, 0cb85a3151310e83cc406187fcc4dc4c79da7db45752f892576172a7770fb6da
DEBUG Q->z: 3024de85e04dc82a4f3d712f8c1ddbb020116a449b9508a4dfbf944046af336a, 0b131d5a0ec529024371075911cb4a04234b0608d23addba100234c336648572
DEBUG yQ: 04aaf8a1881c9c0948ecc4f700f7f6c12b45d28a6ceab0004b2f7fb6d8bfd329, 12685614873483861ca19e74448b44b3cefc62a3c6b8e208095c7a76fce00886
DEBUG DEN: 0955f1431039381291d989ee01efed82568ba514d9d56000965eff6db17fa652, 24d0ac290e69070c39433ce8891689679df8c5478d71c41012b8f4edf9c0110c
DEBUG DEN_INV: 1f7f7a1bc811b7ee18b85d425032befbbeb6d942a6f0c9dd2bc6e1271c4001a7, 26a1092d357c7ee60c7c059db5678a85eadac2d77e6051d74e27a50e24cf3ece
DEBUG LAMBDA: 12fdc3eed1d6ca435c35fa6e861df823cb6ccb4e195da847fac153d275c99b98, 1c66f94409ed2a636a05a7429ed888eb7c5592e8c4d96b77a31a05c655a3180e
DEBUG DBL p->x: 0d9b2c7f29d65335c772784cf24c61d6767e5223beafa1a92f86b28ba7ee5e11, 0cb85a3151310e83cc406187fcc4dc4c79da7db45752f892576172a7770fb6da
DEBUG DBL t1 (X^2): 1e5e02b365980188715e56eab03c6df1d7c9ac83ee981e938a2d97e41e31b506, 0b0688fc709d2e208b4cd958d7d60cb9594230b834e9aed3aabddd85621d7cf8
DEBUG DBL M: 2ab5b9a74f96646f9bcabf098f33f177efdb9afa6356912d62683b95821821cb, 21139af551d78a61a1e68c0a8782262c0bc692289ebd0c7b00399890265876e8
DEBUG DBL S: 01ef7329cabf8156f2ef38bc74e419ee5080057d7b441b1acf78d93deaaf33c8, 13af9310d107d08575009ae228a162f694884392b94581e4827611c91a4e8499
DEBUG DBL X': 1b9fbc30900af21dad2f704dc586ff353ba1929ddc31347477f8fd07c71203c0, 0e00936334c16d7e59fdb6e60cd78d8e5abeebbd9531113e1f96f24f3ada4242
DEBUG Q->z: 07bc9e6c74e57e0ac7ceb6054a9f41c6c9277df71bfb587e28f652123e279e72, 01e0586904dd5e796608632555590b49e4580da1f649fce21a9b8b1e8e22c193
DEBUG yQ: 00a8c68a820d4ab6c3e48e28a1b9690b1869e8faf040483e2cb48fb5f7099d60, 035359060cdc99cd69252d8cf275de41638191278569875227f7c24d7be5c8fa
DEBUG DEN: 01518d15041a956d87c91c514372d21630d3d1f5e080907c59691f6bee133ac0, 06a6b20c19b9339ad24a5b19e4ebbc82c703224f0ad30ea44fef849af7cb91f4
DEBUG DEN_INV: 014c19182254a0aecda4ce1de926f6189dd448d01f13a44c1228c42b90ce076f, 2b40e6699b479b80c7caf7de2d088a065e29d51aecc4535d4b4dfc158ba89db6
DEBUG LAMBDA: 0c010259ca0472c852dde994250a58389ac3c79b4b8e39f6e247cf0ecb63807c, 222eb1471efa728fec9a9f0e32bd8a07c08242b14b7b0cc2633ae1268f5bec5e
DEBUG DBL p->x: 1b9fbc30900af21dad2f704dc586ff353ba1929ddc31347477f8fd07c71203c0, 0e00936334c16d7e59fdb6e60cd78d8e5abeebbd9531113e1f96f24f3ada4242
DEBUG DBL t1 (X^2): 15ad5c5ecc3453f886792f354e0d50d73ce19ee913b1150d5f12d9c2468c25fd, 0a778484578cd4a514f8efa108466f9f17dd2f9bae396ec76e5cd70b8216f7ac
DEBUG DBL M: 10a3c6a9836b5bbfdb1b47e968a69a281f237229d2a1749ae118012ffb2774b0, 1f668d8d06a67def3eeacee318d34edd47978ed30aac4c564b1685228644e704
DEBUG DBL S: 1cb8573c44d7f32951725471ec48e0cb86ea1dc810beb0f201c93078cf7942d1, 28629136dde0e066338a508a90848b3f10ba8e363277e3cdd37103362b35756a
DEBUG DBL X': 0cb3ab454359a047deaeaacaa389111b0fe41916d29ce9c860962933a7f64186, 21e6c1bba2092a52eb18a0b433eb7d01d51be3c6de38d6f27781b87e7afc1e16
DEBUG Q->z: 264668e68eacbe3b8c0e98392e76924355262fb25c9e2266d9974bf3f8790061, 04df370d36297e132abc242f6fe938477b969d5c6d9fd6ee41030b2232f91c6c
DEBUG yQ: 2baa1bc621986ba7e3edba5aefe99b18cc97851ce092d48b0552d999f41cd1d8, 28506bc5e281a20f7d8e38f55273a9e62ec7dab5306c92e9870c4654e0e2feff
DEBUG DEN: 26efe91961ff37260f8b2eff5e51ddd401ad9fa858b3de88ce85271d0fbca669, 203c8918e3d1a3f542cc2c342365fb6ec60e4ad8f8675b45d1f80092e94900b7
DEBUG DEN_INV: 0c9d72a004d8e3b92dca800dc7c6e8e4b35d30d4accb1c96f60d8f49e037a204, 2fc466ffbec280c6056b44569134f86360eb5200b64a067ce1c9e879d1998776
DEBUG LAMBDA: 1097b7dca8417b0d2af43cc4d7f63484b32bac6cae54f1984d54e488b6bee34f, 2e49bc2e071fb35cc28c90b9a55ef5d533d886e081a677313949ab22212ee78c
DEBUG DBL p->x: 1002dfcd46cf57f5771b340e7296561476e262b145af0ac9b7d0845ef8a77419, 15279f001a6b7982d2f662c94d52ffb55bc0450a3348a316187e7f0d0b72a346
DEBUG DBL t1 (X^2): 236cc7f81831139e3e47e8eccf442f0f8aec82bf9aaecd63ce03ad16e375ce95, 22dd589dfb3c1e88b7a21834a8afab3fafdeba7bb980fcfd0d4a7e3b289d04dd
DEBUG DBL M: 097dbb02862ffa874a372f596ac9dc7371c2b31bff28d310f1c9ef16f9677131, 07cf6cf42f511b46b645bd30f70c5103e0995a505b9f61dcaf9e6283c8dd1409
DEBUG DBL S: 088907f937d43dfa93cdc15500f61e0a48489b68a0a562e39c6f3a30460314dd, 24df16196f0eda8bf25701cb87d6234d4c9f6c784e88bc8b3e4b1c398e72c0f9
DEBUG DBL X': 1b58d6af755fde07912707247c10955d1fa862c1e6eea6770d525cac1765f5b0, 05c1f23c9b328d48bd3baeb81cbb8fcc81a35c59060cf5468efa85c3a1fd148e
DEBUG Q->z: 247312403627445157b2366ebeefaf09ab32ce83d538166b4e7f805092a14f25, 261af3ac15f351f7de2d5289eb03a29e6593bcdcab4d8026b2df588689e05873
DEBUG yQ: 08dcc26746efbdc2158978c9ea591afaf7c50b767ef88c876b672ea699f187d6, 0a0a85a27df7b524bbf9e42052fb68ff51b07ab9ac11ed885de1411e6a822cde
DEBUG DEN: 11b984ce8ddf7b842b12f193d4b235f5ef8a16ecfdf1190ed6ce5d4d33e30fac, 14150b44fbef6a4977f3c840a5f6d1fea360f5735823db10bbc2823cd50459bc
DEBUG DEN_INV: 043ae4e12c716cdda09187a26416089d7607668b71134833f004cf91bb2e7301, 2ae1f290242caa8f129351870f57bd819cabcd63f09912177943d83742d56f46
DEBUG LAMBDA: 23750bd6c5a9c22817df76bfac54ae314a73560675fb0d9aeaa4015d10dc6144, 0b84cfce7c594439280d8d34a40dbc3148c53ab3220902c414895c94c8dec56e
DEBUG DBL p->x: 104fbb514c16ebc5c49966857e9a8b13828602e3107a20a69aa0216ab4985999, 2f058f9c2d26d53d79e0a69b99c234e2fa4bfe3d288a7a7156001faabd004394
DEBUG DBL t1 (X^2): 1e1331bb062dce52afea1fa18878588d40ff840a4227bfe5bf92a08e9fee4996, 0bc637248300c5df38726d378dcbfed1878ae39c0632b5bca84ff21ddca92a17
DEBUG DBL M: 29d546be3157cace576e192e17e7b14a2b7d218d5e05752402975595074ddf7b, 2352a56d8902519da95747a6a963fc7496a0aad412982135f8efd65995fb7e45
DEBUG DBL S: 27d9b8329f14f935a13436978d2d72180dacb9f413dbd111554929449e6086f9, 0527a7b6ea2bf22de2b3c24f7e566dc90cbfb536774949a276fe2447416f5169
DEBUG DBL X': 12cad80a276845c0f196a291b9e7db9ca53f5130134c9f0f5a2a3c261998080a, 063bb7baa181a67c13ae822699abc55ef13e1d8b16ecc1471f42ef2876de5a1b
DEBUG Q->z: 18b8cb8448fd62421cecdb887593f62d5fc29b87387985b622100deba8629983, 2dc29853efe9878985dc46f809dc43e0d17dfbf632ee22bcc78f31507e13f641
DEBUG yQ: 0a8f6d24bcc5475df7cdafa3b9e4ad2644b0c9a9e9782cfbeb57301de299ba12, 1bd735bcd1f9551f6f89e0b93bfcece671277e562bb750fbb4e7694f9763b24f
DEBUG DEN: 151eda49798a8ebbef9b5f4773c95a4c89619353d2f059f7d6ae603bc5337424, 074a1d06c2c10a1526c37bbbf678816f4acd921aeefcd76a2dae4688564a6757
DEBUG DEN_INV: 0a2cc2cc06905ecb7534e8809bff934b4f936699a1e700cba13de5f539d7dc23, 20aa1951c405a3c774a003bd800824ce361e0da95bea5a52c3d36fc470d22a3e
DEBUG LAMBDA: 0500ca5d652b3505a6a7a8f2fac15da0e708136bf1868c49a81adee04a0099d3, 1a7448ee0b0c70f9a6066c8c3b916129a5ec5d27a00bf8ceefd6714ae52d74a0
DEBUG DBL p->x: 07a5757130d1c955f44d47bd4f1414da12bba6b3bdbc56105ca25d2e94c456ca, 044ddd7e8e2b5cc69aafb9543cac8c500740a69c230af83d5d17fd291668cc71
DEBUG DBL t1 (X^2): 11a64a3f920bfd919849bc04eaf56af569073efb70ea27c0f0a6b52b10f677f7, 18442e742f69d7af33030052b669db3e50c9bc9f7c62a2881a54ae51bcf5ee27
DEBUG DBL M: 048e904bd4f2588b108cee583f5ee882a3945260ea4cacb595d3936a5a666a9e, 18683ce9ad0be6e3e0b8bb41a1bc395d5adbcb4d0cb61d0b12dd7ede5e64cd2e
DEBUG DBL S: 0af51f44ed90d9100c1def033383f50beefb4d3aa802b88259289412d9d99b3e, 1171aeffc5d1246a53f6cd843f4071de4348d47c95bef993c2f1f608268f8ad2
DEBUG DBL X': 24df64e0b3e10e63204e390580360313a9e01e1e52c5654bad0c277742cbd67d, 1daf4acf8082928c0e6c79779dac5ab81b3359b7dba556d41241b77f61de56b5
DEBUG Q->z: 1067b3f7ddd662a5492cf4d7fc282a29b787f70a3874636840d8cec99c4998d7, 3013ec2b73763d0439a3105e34320f70391657df78563e80a504ba847e5aadb6
DEBUG yQ: 065d69f9c9952bba0a7210b20a1accbdeffbe41467aa21290c93f11322c68f45, 2132b960280152900aa00b5b7d2471d2e13ab47104470c833cd6657954fd322a
DEBUG DEN: 0cbad3f3932a577414e421641435997bdff7c828cf5442521927e226458d1e8a, 1201244d6ed104f65cefd10078c78b482af3fe50a01c4e793d8c3edbd17d670d
DEBUG DEN_INV: 0031e3a62ab2d1863b42277a418e39d02971ec4843ffdf018fd8756561681606, 1050659227935971e2864c8828e49341974d0e8d6846a4c448c5a777a77eb34d
DEBUG LAMBDA: 20ac02f37c488d97d7e4fcd13ffed89b348768ea444aea1706f3b34ff3a32a56, 0613120455e9aa0a5a33b74099d89fdf30986c7495851d99b12e453589773d40
DEBUG DBL p->x: 24df64e0b3e10e63204e390580360313a9e01e1e52c5654bad0c277742cbd67d, 1daf4acf8082928c0e6c79779dac5ab81b3359b7dba556d41241b77f61de56b5
DEBUG DBL t1 (X^2): 2cf025297ade01f99dd1a4afa959def8b61eef93e42574670bd58cfbdc4f1806, 1e5ab5acd1366c20f3d5d8c85914675a0860ac8db795f3e319e14c24d58abef1
DEBUG DBL M: 2607d296ae36c59968d462a1f90aec2ef359f998db8cc81aab3f8ec5e3f34d84, 2aabd2939271a439233144a289bbddb081a09b17be50111c11835857a8233f8c
DEBUG DBL S: 0dfb49941f8e9f4bef9a913ab975276a1dff009cda65c3d21adc43e2e4ac485a, 20339b540fd9b995c56794e3010daa1aa1f192578fc89a514ce5f26400c72166
DEBUG DBL X': 292c7e9c7e7b8da41a54f281a4d275bb2fc48109feaa86599fd3dfdd8eecaabd, 1a87a6be286c854aabd0d3fc0dc176178631d8ada46594bb9bd67010d4d55fb2
DEBUG Q->z: 11c4d1a79b0be45e9df9382afc98276cf0992f1a5a2ce3b8494bfd94e2a0356a, 18523f7b931a79423a50224d11187bc0b5cec0f4ebf3b2347c7562a7703a1946
DEBUG yQ: 09344526270d8807992d29dac804c1a2098232ec8a18452fe32a19ba647272c1, 2da4106411e80b8ddab51d8867b153e618ba82bea737fcf5d1ea87a1152192f9
DEBUG DEN: 12688a4c4e1b100f325a53b590098344130465d914308a5fc6543374c8e4e582, 2ae3d255429e76f1fd19f55a4de14f6e99f39aebe5fe2f5e67b4832b51c628ab
DEBUG DEN_INV: 2a300d1a09e552e3c83875e962847c0d603864d2f6f527013cc01b5effc83a3c, 063c09638cc9ce3c87c02f917d83c96e270d8af59953d4b8b15bdc58c91f3e6e
DEBUG LAMBDA: 0acc5285bf2ca4fdd4db4737f155916d11df800a2efd9556178b453b1cb703a2, 0f89f2c7f3b62e2c1b7e52b532c89b8b004d80f5ce0a74e16f18ed5abc4c5bba
DEBUG DBL p->x: 014f955f81c10a805bc256a4179844d18c06ea6e9bcb3ae358a6ac7d069a4e53, 15639c11a5c088762c3de60b0320ba7fa680abf6159b1dbadd7aa0b25de0f1aa
DEBUG DBL t1 (X^2): 08ffa0d559c8d40d64c2dc47edc3f9a14af7cdf8a426dcc8d258c7f998c7c2a5, 1ee7976021a3343eb9e5e7a7c4d15f2904bde9aec5c86a243a06d868a746a4d3
DEBUG DBL M: 1afee2800d5a7c282e4894d7c94bece3e0e769e9ec74965a770a57ecca5747ef, 2c5277ad83b7fc9275617140ccf2c51d76b8527ae8e773df71f3fd231d56f132
DEBUG DBL S: 0f30107467e869c5cb2b582dc56bf7017005ed65c538446528725b21970706ab, 18e95b12a8aca674b452789c25d3b887158ef10815fb8d02d858b1315d039766
DEBUG DBL X': 0414c60655c02ebf96a259f559a38f7c41e118f3ed1a9294a9a1497e7c4f5230, 25ac9c2af0f97841130a1ee388749afce5f5adc8f5bf93e77600d8c206e7a1a2
DEBUG Q->z: 17d8be0186929a0b10fb8c89106abf6cd4cd2f3efa9e5737c3200a8f65c1126f, 0fddf5e4137ff899f190e772dc0670e69f0ff861418dcd47bd7af94546ceb8b8
DEBUG yQ: 1e7ccfe4cac06062d53fd6c622f770c0fc1302387dbcd400c458c5675dc07b1f, 2ac6ba8572225db477affe683f613ce2c7b70b9f5e435b47b833f4eef450b984
DEBUG DEN: 0c955156b44f209bf22f67d5c46d892460a499df9307dd744c90feb7e303f8f7, 2529269803131b3f370fb719fd412167f7ecacad5414ec0234475dc7102475c1
DEBUG DEN_INV: 086035ab3e2fd15825cf53536ad376ba38f70432199be43c279478abc22e6af2, 26be2c19c3780846bf8199ec73dcd04729faa979d3ab446bfb2ec507b63a0a02
DEBUG LAMBDA: 1db37aa5033928416ad9560ea701fd3ddb97c62fa88129cb48ffc8512c917812, 0c5d6939de5bf3dc62dd4133ceb9be9a6ca96922b9c29c76b31babe8f59bc9b4
DEBUG DBL p->x: 1c62b1a2a1732ee74a0b94c2b3f739d47f7bf0e4c7d8900a319cae33e9710bcb, 2f59595475473d476a2e008f847fe1c1b4dd6230c16a8932e6514464760935db
DEBUG DBL t1 (X^2): 1aabc964650b52101d981484c04f1c46aa65444ee9afdd4426496aa99cf5cbd0, 225d2efb5966d8b66e3a822b70104c77411fb2b0d73bfcb15a872d7442a126e2
DEBUG DBL M: 1f9f0dba4df05606a077f7d7bf6bfc7667ae625b549dcd3f36bbb3e5fe646629, 064ef00c49d149cfda0efb154d2e34aa945c42efb4d060f99754702f16e97a18
DEBUG DBL S: 21a51e955a1215a2b0bb82294f070945e325f33c8ba100ecb0796d7cd35d680e, 23daad2b98798021c1febc106f2e9328d8f9c6b3559d1d9418c184d5f4ee947f
DEBUG DBL X': 2c59ff22c6e5cbcbf20707beae6771419bb8170fb1eb7d4c63d94d660f733836, 302a173b281c8061236550b81e4309ee0b1073029a4c0f2c3ec516c17b0dd90e
DEBUG Q->z: 2288c237054cdeebce674c6915bcb1ecaa2f444c1c2a05318fe12c4ecab360e3, 0b8d21bfb8256466eb3311b230fc98a106571e7becfc8201e0fcba7758793c75
DEBUG yQ: 23440d5a690a7498c19c9eee9c475fb280bd48e462f4d60da9cd42d49ad745ed, 2f0cab2bc66db5665ff367623c694ec74172c00c9e4e12dd34ee2d2ae6252c16
DEBUG DEN: 1623cc41f0e34907cae8f826b70d670769f927375d77e18e1779f9925d318e93, 2db507e4aba9caa30796890df7514530eb641587d42a5b2d2dbbce3ef3cd5ae5
DEBUG DEN_INV: 1682da889a8baab6630d825071ec038e081ec63257b3b7042a0d7eca7dd7bea0, 09860b413a350523de45fcba8fbfdfddf389f127780cc9bfb95f56a373f82b95
DEBUG LAMBDA: 00dccc2473e6fed701bd5414bdf4bfe534f61a27a0a159c70fdd0d503191bbdb, 09788a3c1404c311fe8750301daeb9f2df61b5fbfac0dee55a2ffaee172f2758
DEBUG DBL p->x: 195a602d879cf9a6df325f6c90119330a7d8d28f92f6f990134bb000df1793da, 294e630deea491c59fd46f548c4f5b461ee7a1bcbd981074f704f335041c7217
DEBUG DBL t1 (X^2): 1e466407b55948252d8bb73f678b24c656645d6dd9a73dcad8f76ef3fe385d91, 00c7eaa4211ea8e58c7d6bc2ebabfce0353d23fb5e1ab6ad5d4545c5a74cda3e
DEBUG DBL M: 2a6edda43eda3845d052e007b52015f56babadb82483eed34ec5c0c5222c1b6c, 0257bfec635bfab0a5784348c303f6a09fb76bf21a50240817cfd150f5e68eba
DEBUG DBL S: 00b27b7177f2f50f4208164b197294299566b5bb10715a92d8b932f08abbd481, 26c55ad4755aa90daf503ef010d1a5e28e9299880e02a682975d7378df9d48c4
DEBUG DBL X': 269d5b2bc1bdd49dcad5727a191f015a120cd411464d2ce541ffa3933de71f39, 09341492da85a89ff7eafcb1f50379bb11165a0cea1049551d5807996cb2717c
DEBUG Q->z: 0b99a5ff94fbcd7cab5995fd7a2d91dec77688e59b508bab203cf417103e0b1e, 0ddc065e7edc9a2c6fb34867300d84d7758844f3ddde4399d68044a039dcfc80
DEBUG yQ: 0e3e66130cc0e09f1cc2bf1ee1edd8f02602926cf8363d9dc71663a0c9a0aba3, 205f503be6f603327cde5ed8759dacdde6b423594aaf20ca9c8ab361026c8b1a
DEBUG DEN: 1c7ccc261981c13e39857e3dc3dbb1e04c0524d9f06c7b3b8e2cc74193415746, 105a5204ecba663b416c77fa69ba015e35e6dc212cec7707fcf4daab2c5c18ed
DEBUG DEN_INV: 2d23584511504565c752d9bfb0ea7a63d9004dcc9c23a5912b02a3056650ad30, 1339c1bb53e853493b63582b8f98709ad3670e4ee9a32a9bc6073b1814581b42
DEBUG LAMBDA: 2703d9177fea216ca66e2cc84f1681e25c55ee53fdc37ee73eb0aa05e281d577, 140262368454926e43758258ce99b6f4f2a04c841bfd31509fee1879a877bd9e
DEBUG DBL p->x: 269d5b2bc1bdd49dcad5727a191f015a120cd411464d2ce541ffa3933de71f39, 09341492da85a89ff7eafcb1f50379bb11165a0cea1049551d5807996cb2717c
DEBUG DBL t1 (X^2): 037f4e3c00ffc8d11c9b42e5e90f8f67f412534e3d7972fb094513231c01e1a8, 03d9291d20643b58913fe7969de039aa43414943de883e7928931fcaec0b13d8
DEBUG DBL M: 0a7deab402ff5a7355d1c8b1bb2eae37dc36f9eab86c58f11bcf39695405a4f8, 0b8b7b57612cb209b3bfb6c3d9a0acfec9c3dbcb9b98bb6b79b95f60c4213b88
DEBUG DBL S: 18d5b3b7326de81adce23238822dbeb2e04a3cf735f28683614b5870fa080c4b, 1b30a1fb5db91a6ff1a018dbe048b6f34455515770b064997097198641ac2a75
DEBUG DBL X': 2fb8398419f93ff40af866c58ce31d7c68f9ce720080ec5c9d17f287f6d9ed81, 023908abedd53d9064d5cc93ad3e45da5f9006ddee10c251f59476e81a7fdd14
DEBUG Q->z: 29a63cda0915407f1a23f6a7915818fd55a1de41fd453eb8499bb45182d1f2b7, 0187bd69d57f67df88fc889d69e8f1d76b39a190003dd419250abaf304b4d03c
DEBUG yQ: 029495c80788b9d3460632de566eae02490de441c9ab318f9967165f852153f7, 06030eb2f801ff39ae1cca85a9c02c3eb2e535ca88e9c8a2bc4706ff115ce45d
DEBUG DEN: 05292b900f1173a68c0c65bcacdd5c04921bc8839356631f32ce2cbf0a42a7ee, 0c061d65f003fe735c39950b5380587d65ca6b9511d39145788e0dfe22b9c8ba
DEBUG DEN_INV: 0431108da2620882b143c4c2779004f8f121ad9f416bfbdde02cd1ffa94d3ec9, 271382597449fa36c578f85077f157487ce8cc017f207721bbad166ee16dda78
DEBUG LAMBDA: 1f3f3da73fbd6ec5bfb56fc30bdca24375d1bf20d3f7fb18c1023ac10b2eeddc, 0fba612b69f5cb4738eaa920aecfbedcd40f158db3750b90cbe40b86fe76f47b
DEBUG DBL p->x: 07978d65077bb0485613a1ccbfbea5a22bbf3e5793272fc0ebf84fc4ac9893c3, 2eadb52d88dc843ed85ea465c048681eca8d5d0be1153b6236db5c5f8577ecb5
DEBUG DBL t1 (X^2): 1cf555431461fd4717cb4459461e662a125e03aa561b1b970dc1f0123a26b714, 03b4ffcc1b4456c54c75ae49e311f638de9247696abb47107aeb37162b2dfcf5
DEBUG DBL M: 267bb1565bf457ab8f11875550d9da209f98a06d99df8837ed25441fd5f727f5, 0b1eff6451cd044fe5610adda935e2aa9bb6d63c4031d53170c1a5428189f6df
DEBUG DBL S: 052d4dc49ab6b3427adc9252a4f5029f5bd769e743c8b6f70dbdab6b0f487955, 1a2ca145055dda386b6d082fb7dc411a7eae3d7bb23166c8be1ba4e17332b270
DEBUG DBL X': 09173ed8069b1753a6cdab5cf763419d2dfd094d8692d3398b362b04c2ad62c4, 0156b10c405f28540afc9098d268ffedc99e1e719c7dd416866911ad4f23e62a
DEBUG Q->z: 1a2592843e6aeb67d827342885c9f1d75c02725432fbdd41812c0befa0031fd7, 0eaa3f3e74cefa55f07981716613383714f4787419c03b02bbccffac204baeee
DEBUG yQ: 298f634d04ffe3871028c279cadca03100a4b8599b50359c95cbd7b456c72684, 1e5dc22bf1bfe0b2ed27ae0a57e367f54a21b2cfe303bb43ae38f2bfe7170551
DEBUG DEN: 22ba782728ce26e468013f3d1437e80469c80621ce2ea0abef772351d5114fc1, 0c5735e5024e213c21ff165e2e45778cfcc1fb0e5d95abfa20515968f5b10d5b
DEBUG DEN_INV: 1c71a53d37fd651fa14df193a4b37a6ce719a3f3ddeff876b5cbf06af34d24af, 2ee2b6d4a43f21e5b433b8d97a84ce7aa4efe983ba41826ae100d970a7e8a327
DEBUG LAMBDA: 10e6c9dedc1df8289d8f756e0991ef08113c11831cbc8b3f382ea70075f2cb70, 28509f3ad32b454adcf16a7fdd8f224d0ae9c848bb49c8f044c490f7743eeeff
DEBUG DBL p->x: 09173ed8069b1753a6cdab5cf763419d2dfd094d8692d3398b362b04c2ad62c4, 0156b10c405f28540afc9098d268ffedc99e1e719c7dd416866911ad4f23e62a
DEBUG DBL t1 (X^2): 14d34fdf430a4f9ec0dc50d37711d6881dfd30e5040a35ce20ccc79bc115dbc2, 0035ebf66563385d398adb71e97533af995145e6296de98e22b912d7949d77e5
DEBUG DBL M: 0e15a12ae7ed4eb28a44acc3e3b42b3ac276281da3acd6dd2645cabc6ac495ff, 00a1c3e33029a917aca09255bc5f9b0ecbf3d1b27c49bcaa682b3886bdd867af
DEBUG DBL S: 14bb2990b23813dcb626619203ce7023e7de647c711a17586bbd56a6e2e2d5ee, 29e870e9de8f8e3689a30c977b7d2fc51dd250b8642fa24f3308e99bd4b088ee
DEBUG DBL X': 0a4ae4e6e50cda549e71b2c2585c5b472294ac7a0aa8a9431f47c555a7d5feaf, 12cc0524c28f007664ab55ead24dcafb8fb3c73ab855496f9644937c4ce103c1
DEBUG Q->z: 02d81e0bd5f36fe070204af0a7d79ce2081fcfb9a7247d5fac64cf1f5ae2c6e4, 2b29220fe642e7dcaa0a211e5b17a62c922758d86723dc00752dcf42bd475645
DEBUG yQ: 1cb1bc3983fcd54169de9a9b0323788b27f5ec5d471926b3ffe70d172321a890, 16c81d3e95ca533989cf0eb0a31ec4a09640fbe17bc84d555f59c809a6462817
DEBUG DEN: 08ff2a0026c80a591b6cef7f84c598b8b86a6e2925c082dac3ad8e176dc653d9, 2d903a7d2b94a673139e1d61463d89412c81f7c2f7909aaabeb390134c8c502e
DEBUG DEN_INV: 24bef3cec18f61fc48324b9837c0b07a0a9fb07e423faa1862d839981c135470, 0e32f55965359638744899542a8a4ce719e0933fcc5e34934a7961a55c97dc8e
DEBUG LAMBDA: 305e331dafa94cc4c865a191e0f679c76a43dfcc1799e90601e03a71fb8d13a4, 1e1214b6f7ab129d95210b7f55b3b088b21528839a131165221c4ea7cc62dbc2
DEBUG DBL p->x: 0af47bd172d30256e4b349368e9d1a8e016c94446316ae89f4c00fff6710cf47, 12495e260793c6b07b4b743ee2cd277377e4e60e2f51179d82dc6a66df9736b8
DEBUG DBL t1 (X^2): 0877ca8e3af95546a96e0408f46974d153f37cc4add312fcb508638218b2f89a, 1cfa72e92858dc0c50c9fe7a3b82b3d3adfea845619632c633b3ff260fc421f1
DEBUG DBL M: 19675faab0ebffd3fc4a0c1add3c5e73fbda764e097938f61f192a864a18e9ce, 268b0a4897d8f3fb3a0db5b83106c31d727a8e3ebc50cdc55efb715b56cf688c
DEBUG DBL S: 15cb5a766bc8382b76578003e23d233eaa3741a7e2775d8f3c967f47ef7c380b, 2d37027dc6847b51fb775f3d8b71c7b991d1aa1ac5665c5c460811eb0523729d
DEBUG DBL X': 12b2cfeb55074ab3ca1479a4b5ebb7cab2c33e4ab6c685ae1739b4755ddff4cc, 1821aaf20307964495850265c2a6fb305975ca7ca0986c8c961f634760638a08
DEBUG Q->z: 0fc49ea093f6dd4e6a257849dd5c028fc3ac417c6fcdccda4b27236575672208, 209ebc1006e50d3b5f0b1c011f42fff44dc9803006ae2320a1fbf787a31b2d63
DEBUG yQ: 0cfa8517d97cc3383cd9e177824dce13f24af27965e4ec9a59c60b2503df69cc, 290f439b7ceb279b9bb9bdaf06ab526e8b387c3c48622f079530a1a7fe19930d
DEBUG DEN: 19f50a2fb2f9867079b3c2ef049b9c27e495e4f2cbc9d934b38c164a07bed398, 21ba38c418a4af0d7f2335a78bd54c7f7eef8de728529381ee40b73923b628d3
DEBUG DEN_INV: 2a7031bc92efa5f196d4bbc1c3a1091c009579c5412662122fa94ada62296f24, 12fd3bdde2c42fb0deae5422dfb9df2aabbd93915f0b15d06afd9958c8a19f28
DEBUG LAMBDA: 0624732f7bb600551004a95aeff7038fbd42793bfcdb62a52169ddd10d5395d9, 15984d16ea7b2cdf9143e229999507341e56cb499d5f6e6f0ff34c1f4f35e290
DEBUG DBL p->x: 12b2cfeb55074ab3ca1479a4b5ebb7cab2c33e4ab6c685ae1739b4755ddff4cc, 1821aaf20307964495850265c2a6fb305975ca7ca0986c8c961f634760638a08
DEBUG DBL t1 (X^2): 07cb45a5c64a49a372a6ed5991ca792d56e305a6f7f36db1962dbf3e7c6400d4, 2b9429fd4bd2baabccbff8eb7039735906ecc234e0cbe25afbdc5d89febd981e
DEBUG DBL M: 1761d0f152dedcea57f4c80cb55f6b8804a910f4e7da4914c2893dbb752c027c, 21f3e1122114efaff59f5f554da9a94fe5c3717bd18011f67b5400704b3ecdcc
DEBUG DBL S: 1d2f76892ba97e9229873b07d4981fb98264f42f06cbd0cc3a014c1a71c7a25e, 1a6fd0347f70203327ce0d82f6b39c6c7a2dd41a6adda38d23294565badfb33e
DEBUG DBL X': 2c8d9f8a8e76731e4198c91699b9edf8d48d5e5b7b6e0d8c656409ee889dfa54, 027737fe42e1c481746aee8890f7b78743d12da385b7748e8e0eb9eeb977b0a5
DEBUG Q->z: 1937d4eacaaf477e39b8a456fdaf539976e05d5dbea410d4c701ea5ddadd5c6f, 1d3f3d6666c52ec6e676c8fa40e7c5dc00624254d80a1f9b014d363e84c80b34
DEBUG yQ: 2f1ded8688d418d8cf2abaf89119cac01edd9b575470040c54a22fee0905dc0b, 1e019247f4108ccebb8ce5f753afb6c8a0ad62987dbb4b1634bafdd34ac68553
DEBUG DEN: 2dd78c9a30769187e605303aa0b23d22a639cc1d406e3d8b6d23d3c5398ebacf, 0b9ed61d06ef7973bec9863825de1533a9d95a9f9304cb9f2d556f8fbd100d5f
DEBUG DEN_INV: 0bbbc0086adcbf4b19bf662ddc93fda3ffe4ff22cd9f6d983f34a37b60c20720, 28d26c866e06ab75b9188fc27e9503f4b63b3ee38b155b65237cf9d77c6db1a6
DEBUG LAMBDA: 18ed4f9cad7e9288aff3ffc554493cd6e7234008e9fe02590b7f83e79b0f65a0, 2d03ced4b351141ec47fa759cb94d580e78ddcc82c7b133779a0de7c0a41f4a4
DEBUG DBL p->x: 2c8d9f8a8e76731e4198c91699b9edf8d48d5e5b7b6e0d8c656409ee889dfa54, 027737fe42e1c481746aee8890f7b78743d12da385b7748e8e0eb9eeb977b0a5
DEBUG DBL t1 (X^2): 14c2e3e29223274855b362f0fb79841924c48bd9910c9467fd74df921850136c, 0e4242c6bd4ec167a96ec94a884fabf09c2e099a840f152662cdac810233066a
DEBUG DBL M: 0de45d34d537d5af48c9e31c70eb33edd6cc38fb4ab3f2aabc3e129f70733cfd, 2ac6c85437ec4436fc4c5bdf98ef03d1d48a1ccf8c2d3f73286905830699133e
DEBUG DBL S: 13fcec1c6277f9930a831f6ea72840935e6b2955b8d767cdd328323d923b511e, 100dc4f03344e11be22b0d9ef65f0f4d3054984a6c7d85ba8554e9f90af1dbce
DEBUG DBL X': 1f347c7ee095dbbd07b6e14c4b0ea729f47e2c29946738c3773f0cc5b62e65d6, 15a26e8ef0c9ea5a068c37a9aaeb6739b9bcf8b97f00483909cd48bf51429488
DEBUG MILLER RES: 0f62fffc77aa90890aaa7d3eff76f94f7080c1a54e1105c2ec941cceaac009ff 1a87264dd4021a9c3c30a7ec744fdf3037421e818efe32ca8d939bcbf8a40e48 1edc2d975f9600f1a296b1bbadaf8b17c74a9ec895dc46cf23e0c73abadba3d3 2d0f9954d006e055ae86c3020b2aaaf025de3105c7eb53bd0f36a2f7af361093 1afba1588f9e3be6d59a6d6edaf6fdf8fdc351eebdf7f483a8bcfc1133900c79 2aec4c02933d10f9e582218934ae2bdd0fa938dfda2d4cc5d5f78236b3fc45fe 166edfe5b6a896dd7b593eb6c1509e1ffe443503f360eb5ee91c50771b444310 1cf9bb026ef26db5f47ce20ee56db0963b20532c6d7df8214a3e5d4cb14ad632 1605aad84b0c58b6c0e387adc6548abc342326ed26b19fb44638f9e23ae5bf3a 0644c3953506eac6d628b019769abca05e14a48da34a7f7e26ee26dacf87f98f 061391157281508832f882b7b33824df7027d3bb568047a9ca05e2993f89e60c 2b5384926684dbd0115ccf919411a3f1e863b9d64dbe774d69a45696c87dd43e 
DEBUG Q->z: 0000000000000000000000000000000000000000000000000000000000000001, 0000000000000000000000000000000000000000000000000000000000000000
DEBUG yQ: 192a8cc13cd9f762871f21e43451c6ca9eeab2cb2987c4e366a185c25dac2e7f, 001752a100a72fdf1e5a5d6ea841cc20ec838bccfcf7bd559e79f1c9c759b6a0
DEBUG DEN: 01f0cb0f98824e9b55edfe11e7223537a653fb04ea9dbf3991227f6de2db5fb7, 002ea542014e5fbe3cb4badd50839841d9071799f9ef7aab3cf3e3938eb36d40
DEBUG DEN_INV: 10e801ecdb801836277da8e710cb00e5ce2dba3a5732758e7dff022ea3a3738e, 2b2d91d84ee93d40f20705576a0920b9d279ada0fa2e9c2d469803e523b9eb67
DEBUG LAMBDA: 089a9912f76c4d26ef4cf1c0785f120976002c76c3bb6733b485f239ced3fd7b, 06f0cde845a85d67ca4ba987eae917cdb42006a0e1810d86c16c267b8b152c92
DEBUG DBL p->x: 0e187847ad4c798374d0d6732bf501847dd68bc0e071241e0213bc7fc13db7ab, 0967032fcbf776d1afc985f88877f182d38480a653f2decaa9794cbc3bf3060c
DEBUG DBL t1 (X^2): 1b7776cd80bc9b0d4ecb60916f3b4802cb96aeb58e50a1ec5c043557af53f019, 2f68d4170af7a68b6ff19dbc5e093f34ed63c3f78baf83596bb8cc2b45c6b8bd
DEBUG DBL M: 220215f5a10430fe3411dbfdcc307faacb42a18f42801b37d7ec13f0357ed304, 2d71df5f5e83b34edf344dc817190ce3992876c3d22af4f1cae94c54205a2fa9
DEBUG DBL S: 1872b922b85d34ec8d490d6ec9029a85c829fd01cef96ab57671107f09218509, 13f4958dcd0be3950ad9b768695b6e0910aeffaab249ae10ebd7334affb9bbb6
DEBUG DBL X': 0a85a849e7aa05020af3a769b8e159dca79d7f5bef961872b2bbc31a8cc6fc36, 01d4f0908e0a0653acab2e810ba88c5d7e4b19c161333a4aa3095b55599e985b
DEBUG Q->z: 2d92b494172274f0bb7a73c2434aae7c04eefec161abea29bd576d2c97980511, 16817af076e9f8655f438f46a2ccf8b04b556cf3de48f73b86be353c194d2237
DEBUG yQ: 0121be658af454ab828f451baaf00c178c6539ebe1a58b906448653f31be5899, 2206985bd7895b5275be404a9c6b22e71a765a6d1ef2ae6e2893355d41a6ef36
DEBUG DEN: 02437ccb15e8a957051e8a3755e0182f18ca73d7c34b1720c890ca7e637cb132, 13a8e244cde1167b332c3adeb754ed709d6b4a48d573924f1505dea3aad0e125
DEBUG DEN_INV: 0625e34f51628bcbcc109a43050c2fcd445f0069cab4bcd3b6089699676ec4c7, 1b473bfb945c457b48f5d908af71d1579e15c1ca55e8f5640d318f1bfc37a33f
DEBUG LAMBDA: 141485c0e1397536a0c9dd7efcb956ebddcfe7cb738b0bcd1350aa6afd41b7d2, 130aa57544472c293165ea2f7bed3251a78626e9b1ec62b51bc992dd6f2657c9
DEBUG DBL p->x: 214d31899f48e92f206adf0b6f3822152efa671b34f540a64cff1b8282a37f5c, 2001d07287337c55441dab1f4898e7e47ca3c2864fc188756b62c4b87ddd2805
DEBUG DBL t1 (X^2): 2a1e3107c73f4346197ab754e5da7377f3a05d446c7f53aeb98c6c1dc0eb9abf, 1e96297b322f10286b84c2165634a83477d7c64a4432cb69c17ee1ab850389f0
DEBUG DBL M: 1d91f631935a897edbcf9a91ae8ca9acabde42aa749a65f1b4642c2b91c8d5af, 2b5e2dfeb55b904f8a3e008c811ca03fd005e84d642697b0085c18ebb68da089
DEBUG DBL S: 2e6ab75f4003d4c3def7d54feca5513913ed362bcd904cf975782940a9fba6dc, 0ef97af87dce3cb7f8481897c4787a4340f91848fb3b7df6ef06c1ff51866ca4
DEBUG DBL X': 254d693d72dfe769ba1b347ddd9aa646c9f124fbfe9817d8b668acfe64073dde, 17bca911e651da5ee14679e8a4f681f2c272fec0f88eb6930e6ee3f44c574026
DEBUG Q->z: 0c75b78c17646d059f8e9f829116252bb50b3d75798d64deb06bce50a5a1c459, 2b7f9519a71c6b5437f8161f01f5874e9c0ba61ba61eae6fd83a35719ffdf7a6
DEBUG yQ: 286dbd70aabc6e5c3471fe3957aa5692ef894f9754cc4ba402cd6b0c52e6f3f9, 1b7c3f77c4cb316928c0e85a3e56f94c2004c98c44eb6508255c48b639977a75
DEBUG DEN: 20772c6e74473c8eb093b6bc2dd354c84791349d4126ccbac97a4a01cd50eaab, 0694307ca864c2a899318afdfb2c9a3aa88828872164ff830e9805559ab1f7a3
DEBUG DEN_INV: 28aeb25b276eec94da37f55435e98a3178a10207775d5beeddbd0c7f8419d4dc, 1120c48072b5355f62120a98e0dff52900545fdf9790c200769973476c8c4bc0
DEBUG LAMBDA: 1cbf8a4b9c181796836216f133fac1ce2e2f8c70a9512d82f174514a87f5b00a, 1524918387dc8efb5d8f39c0f083e0fc9f4b0394b877437b402d6ebae99d4c5e
DEBUG DBL p->x: 254d693d72dfe769ba1b347ddd9aa646c9f124fbfe9817d8b668acfe64073dde, 17bca911e651da5ee14679e8a4f681f2c272fec0f88eb6930e6ee3f44c574026
DEBUG DBL t1 (X^2): 1c0f4f4ee9cee738f59630f6d2a4d31ba0bd1dadb4a85227eca81dcdb70461c8, 08a6b16f705cf08425d04dd0aaf4d6ae48aaf7a6bba86c302fe3203a2e758117
DEBUG DBL M: 23c99f79dc3b158128724d2df66d20f54ab5ee77b5872bea89d7cd524c902811, 19f4144e5116d18c7170e97200de840ada00e6f432f944908fa960ae8b608345
DEBUG DBL S: 0f4723bf3ee74228d7971eb94b3fd421d2212f0cd9b2a08021f7d2bf0aeacfb0, 012c644d3d3d0e8ac793e079b9b5db1adcdac8cd65bab05bdb45775f4fd99dd6
DEBUG DBL X': 2f2ccef6f385b0d797679217496fdb9643ecf91772f55733c6e49e6b8e05ca24, 1335e51c57f7cb5f75b53ee64e861d9c484cf26e1d95bc471007a7d45cec6e17
DEBUG Q->z: 1397662e0d92e893116fc45b8796cad3b75fc44563c83f53f4eb6f17fd07eecc, 0c1914a6bc060406ece70ab6a6ff5a6c37be9e07027eaee076a6dd94f34c4137
DEBUG yQ: 0454a4a772c713772ae6f7e74e5a6b2ff36b0e3ae7d2b2af3984301a8f082652, 1971ed6c7cb3e8a02fb223adab273be80079b14ba253f0e825d9c054522c50ef
DEBUG DEN: 08a9494ee58e26ee55cdefce9cb4d65fe6d61c75cfa5655e730860351e104ca4, 027f8c6618363116a71401a4d4cd1f726971f805dc3617430f92f491cbdba497
DEBUG DEN_INV: 16fcf2376ac0e5b8ce9efa102b5e8ec009c5583b42e20da33b5dc0fc2b5846ef, 122e70c918df11c9efd08c316835d42901755f5df3e799dcd6d7c7b081189bcd
DEBUG LAMBDA: 2e83c6841c121bc6452810101eeea17ec4010e1b70ab2bfa9de63b0139eb87ae, 2f4c47e1359a8d542d1951b497461c46e617e77fb2e07cdcfb203d1cd4381b66
DEBUG DBL p->x: 2f2ccef6f385b0d797679217496fdb9643ecf91772f55733c6e49e6b8e05ca24, 1335e51c57f7cb5f75b53ee64e861d9c484cf26e1d95bc471007a7d45cec6e17
DEBUG DBL t1 (X^2): 21d4be122877e0d3e0bc189745e321f06e7eefd1e994bd021c4a53d3a8cc199e, 050aeab01d751dd5a3aa12cafded8cf787ea146f7c6b7efcb8d71cff083dc6a3
DEBUG DBL M: 04b59d50b70462283193be58cea6b5161c79fa52ebdaa1ebdc9de34d496a524c, 0f20c010585f5980eafe3860f9c8a6e697be3d4e75427cf62a8556fd18b953e9
DEBUG DBL S: 04556f78db0ed291d5ffe35c5679a053239500d0e6546582841ce5c6e0bddf5b, 2a958369e2fbc3137ca37692c7e16c24a98d1ff4851d4cca3cbe0732f9d41651
DEBUG DBL X': 2a4ee0a259ba146f74aa771e82510084f9ae10b8f56325aa528c9ba73d9c9847, 25207bea05ea7ddbf29e70412df19bcb1a7c085350378906b05b905b59f977b8
DEBUG Q->z: 07b5cb5d73712815e3720186e70bbd6ca5c2be88a72df920e8d9882fe66a6610, 139a8e909d8c5ff39bf6135a3b9f2b5108dcd00e93257420ce421032a9bc7cd9
DEBUG yQ: 21bc67dd7c4f101577a707a2b83247e1361f2e78babd5042b2abc2c39984759f, 29e7f1cf6d1b7c86476e800e67091518c14bb16c1df5752c2ae75cea8ec9a32a
DEBUG DEN: 13148148176c800136fdc98eeee33764d4bcf2600d08d5f82936f9705a8bedf7, 236b952bf90558e2d68cba664c90d1d3eb15f846d3791fcb19ae2dbe4516490d
DEBUG DEN_INV: 1fa35552b6cad36d56fd093918c84000db408247d723acd6da2de6282298768f, 00989754553071f321f697c41b79f72a67480a0c19a343230d8e48cc46e37225
DEBUG LAMBDA: 015cf8f49d876f5d7784dc0e3c77e10ec5530df97c85fe6bfb7935a3fc66e523, 05ae2cec79a7c7aa933c4c2eccdc171d188dcdddca6de21fcc244372ae30ee4d
DEBUG DBL p->x: 1f31adb55ed9e3c91c300bc9579ecbf7cb3d28f7e6594658c3b03e208e72ca16, 015e3c52ea1599a7050cd6d21f36c3a7856855802a3597cbef0adb83b34e5c08
DEBUG DBL t1 (X^2): 0454b2fc47be4af979135c798d425582afa20417ba76bbe7aeb0478fd995fd62, 24c9dbcdbdb11ee9dcef3ea8cbff795aae5ce80c1df19d9fe2f7dbf944b7af1f
DEBUG DBL M: 0cfe18f4d73ae0ec6b3a156ca7c700880ee60c472f6433b70c10d6af8cc1f826, 0d94f68376b01c6a262d308d60fbbb54dc13e30188f143c530a67bbe1d2d12cf
DEBUG DBL S: 27884b8caac8be71cc7830dae9efbcf05bb72fb68a4e826facdfe79f9f8a3c82, 141424e56a335103bcb9a2f7f2a642b504b0808b3ed59dc5d48f780fb114acec
DEBUG DBL X': 0c91d526e74feedc86d99f02ed036af5c0df077079bb06e07a9c7c9a6a97f7a4, 1e5ca7d421785327c2a1045abe7af5dec29faa6e01be60915cbe84c649872773
DEBUG Q->z: 2c1c863a63cbbbdf200e912d7c85424baf168af9140e316e57c5c8a815b57bb3, 2fd9605c447c7d818653b4ef752c1a9022996b8b1c4973d6e6ed87136b294f2f
DEBUG yQ: 0b33c7802712358692a11e3e7c13712fd91756894062d3fef36034d8a892bf83, 170a1d5d21095b6a5d82c4211c12ce72e5842057cb9f1750b1e73bba90d0e6f8
DEBUG DEN: 16678f004e246b0d25423c7cf826e25fb22ead1280c5a7fde6c069b151257f06, 2e143aba4212b6d4bb05884238259ce5cb0840af973e2ea163ce777521a1cdf0
DEBUG DEN_INV: 250fb4060cb8391fc28218df8c10874a608bcd04e6d54dfaf0efe0c8f9d58d06, 0d99d31b81b1383e81599a6ac4380d0302a71623ba56a16edf0f40b8f487b083
DEBUG LAMBDA: 19228636891bd2e7ed8dc590626658e24e46f7b4970929278aa16b78b6d34495, 1afb9ee82ff8f6cd6f95d75328c20d242d8005bef207db77a3d1af8ee9fb9b2b
DEBUG DBL p->x: 1a973bcf4d34d7119d04e2ac1141e23b61f7baf2faef3e49bed57b63423e8298, 1ce75f152379c188076e812ec3757e80a78c3784b4789225a3ee06903ac6728a
DEBUG DBL t1 (X^2): 2abaa5a08d2134351f2e62c3defa84bcc8605c3a091294495c2a71017e7666a8, 17913a82ce4c85e2fb806e9b9d663e95aeb49a98f08fa7242fbc34d7196bf991
DEBUG DBL M: 1f6753fbe5005c4becea9cde99ecdd7b2a1e3f8b4a5427c19c3e3ad6ca69396a, 164f611589b3f17f3a31061c56b16363749c6539693d2adf5314126e73c6ef6c
DEBUG DBL S: 20c834336461f29dfd09a65172c5dd6d931637fbec32f593ccbd88a48db95377, 054b3e2b63f420052dc9cc638e5d53b4f3cd577527671ceff9ac57b0fb46c9bb
DEBUG DBL X': 24d2117eba4b614b7fe2efda7b2b15d730fe4e5a411103d2249302f2d500c637, 08e0a5cc42ca64a9f4993e5728deb99f68f087db80cc24ad7685923050c0cd29
DEBUG Q->z: 1daf60be5970371afc8d773ec6842162a23b2315a396e096d1b6648e9f67c846, 2a64ee7def5e7ffacf3764a7fb7ff8545939df204b12ae4db005a73b4a0a35c2
DEBUG yQ: 10c1dcf1d00450d9794ebba8442761419f7faa4dca7893b6eceb22ac853d295d, 1090172a547a6200d0b62322485729ca8eed47ac7bd289fe641d06ad527b88a7
DEBUG DEN: 2183b9e3a008a1b2f29d7750884ec2833eff549b94f1276dd9d645590a7a52ba, 21202e54a8f4c401a16c464490ae53951dda8f58f7a513fcc83a0d5aa4f7114e
DEBUG DEN_INV: 2eb8fbd7d12b76492cc57739f4ce85ba15350b22367d678196dde1baa6e9a766, 19117ddb4119381ba1d14875364c5b108844f01177562a309efd82ebd3203456
DEBUG LAMBDA: 12605724c1013d3a796e75ca22d91a588004efd597f84833f07b92b28ef2610f, 00567d536d1bbc9e97ebe5ebc1d5d7e6b3d3e3af3989c4353e14285fee3c435c
DEBUG DBL p->x: 28548f397459f460b2a8300cd1645cdabdfe2f0bea0ce8d8b2a506f76ded5a92, 046ad8512b3b7e1742b89e8d9a521edede09ac77f24c66e895c0f1c65b44eab2
DEBUG DBL t1 (X^2): 2737d265fdb3baac2203e668b25c65c801d68051f54fb131040c207e5226e7ab, 1c953207bc28fd3c04d2b3a9f2924b6f324acd6007d8be283e6104cd42fea36c
DEBUG DBL M: 14deda4c36b7efb0f56b27cd1412809cd680abd30f0b7e7893e3494d457abc73, 255b47a45349578a5627d547563589efff5efd8eaf186feb7f028250f07eecfd
DEBUG DBL S: 2107407c8ec97e85825ea9dd33d34e56a1fc7fa893822bc417c15d7fb2d10596, 0580c9975744d2e19f2168a3f8f693edddcc56972147aa4728abae1746a77892
DEBUG DBL X': 1b64796b68a36f15b6161584e6376e7bbd175720f9e297bc8415eb5759bed5cb, 0eba234301b958b0180827bcabc9d4b4bf57d329268ea801672b4e9895a5bae3
DEBUG Q->z: 27bf7b794f6058ac4a11f13567472085b7df31a671a253d4bdcfec69fd31d74b, 19668b354aebb86dfe1b78a4f058cfea63bb28afc6d68e92e151978498cc36b4
DEBUG yQ: 059072f3fae86bb3d9258dec28ca0823929e8a3cf110c9e36bd395af9e67a041, 258986f387404d7d491a77c1a4598c4af0d108bda252497de7b4dcc054dfed37
DEBUG DEN: 0b20e5e7f5d0d767b24b1bd851941047253d1479e22193c6d7a72b5f3ccf4082, 1aaebf742d4efad0d9e4a9ccc731c0384a20a6e9dc32c86e93492d69d142dd27
DEBUG DEN_INV: 2f093263d09b32cd3a5d2357120d1a94244bf71fcd663c32e9341bf7489bef7d, 2be17ce0377aecc8fe30a2cbe4430d5fd357ad721ae7f1ccc3d333ca60ca70a8
DEBUG LAMBDA: 210e5a9e5a4f49ad9627cadb7e9977050cc993a25f82bc36dda8bec7dd65bdc4, 2498dcb8dcc38362aca251e46cf0cdf4e8ae45a09672fb7b66492fbbea33125e
DEBUG DBL p->x: 1b64796b68a36f15b6161584e6376e7bbd175720f9e297bc8415eb5759bed5cb, 0eba234301b958b0180827bcabc9d4b4bf57d329268ea801672b4e9895a5bae3
DEBUG DBL t1 (X^2): 067dc666d2b003ecae74b5566f291caafaac752d0459e57acc94f3dad5e60bf1, 1326b2cfa1d49d29beb34119c5bc162b06f5f5339e801ed6742b6b497870a7ff
DEBUG DBL M: 1379533478100bc60b5e20034d7b5600f0055f870d0db07065bedb9081b223d3, 090fc9fc044c375383c97d96cfb2ea237d607509730e91f62061b5c590d4fab6
DEBUG DBL S: 2b021322d2ddd34e44f5200297e7d84df8b83de68ed960507f74a9bd7ab1e258, 21a317d2a10728d3a14a0882d8726573ca5e0a960733f2f25a5adf3719d103e7
DEBUG DBL X': 160ebe538329a209a0fe032704d4bba95fe0e04e1dc9fab78829ba7c839e4a87, 1c588ea68bbb8f491884fe89c06930213efa88a00648e9ef23a222f81433b8f9
DEBUG Q->z: 13af30a60341e8ac29c4eca632581b60133aad312db92738c697d4fa4937039a, 03bd1bde9aba9d453a5ab62ba1e88765f632e0e511a29b336ebc927910366abd
DEBUG yQ: 2560b97f935b98fa0dd9e8e96a172505bd10f68c2f5156445cdfc5a827a92aef, 3032b3a9ec0da6dee03e54605bb7c27fc31afa99f90c522bf1a0987ce4a8f037
DEBUG DEN: 1a5d248c458591ca63638c1c52acf1ade2a08286f630e1fb7d9eff3976d55897, 300118e0f6e9ad94082c630a35ee2ca1eeb48aa289a6d9caa720a4e2f0d4e327
DEBUG DEN_INV: 0601dc9793702082568789578cfbbbb857802f47a4290452f438fbbb4ed204b3, 14b331d8964da9f33c27ce0df14a11f2b16af47217e8e63e309670cbdd10355b
DEBUG LAMBDA: 11049c759c98adc0217c02d8aa796ee54918a188222038902bf51e978da22404, 2b67b213e7305634330aea7f2b4f51240f37257d3b14946d06b3a8362aae879a
DEBUG DBL p->x: 2304fff5bc095265f936faa08bc346c05d917b7546912dc037595f1b83f3e501, 02be909e16ae47ae177f87b915b18d89baa2101a931be2e49f483afee5663cda
DEBUG DBL t1 (X^2): 2e135f2d0bce0283b32ab788d17dc52ce394a16524d25d7480364ecf9140f9b7, 2e379ec8e2640810100779a5203626813b1d1173929ea38bc1ec314155d8dda5
DEBUG DBL M: 297180a16106c737a8df9b2d71769ecb7bbb0f0c9d9383430861d44102c8f297, 29de3f74e4c8d7dcbf75e1825d9fc2c882545f37e6f85588cd837b9650909e61
DEBUG DBL S: 1da3842d4a3faa0320a9510ee7734403f80519b5dac8575dc8216c2cdb089010, 1554fbf737eedef0108bfa6a700d900161e19429970e38bd0e13a7456c888c1a
DEBUG DBL X': 25823fe7d943eb185baf4d9d3e29d638800bc53f80dd6b63b15507efd135ee00, 1575d2fbdebd9a3268de8fb15bc3bf567fd69898327d15bcc4c885a04c3be323
DEBUG Q->z: 240d4e130aceac8bb2da8745b938bbddf4189f3f3c08704651d9444c8447d602, 1eb34f8cfd707f765c059737b28b6969f1f43e24be195a7937a61a143c0a5311
DEBUG yQ: 09c02581a8e13ce2230b863d3980874f333e88aa51f184308c59d03d6998c422, 144ac9d259faa26a82b83764c4eb9d329f5b9baa10906435281d7fff724a73ea
DEBUG DEN: 13804b0351c279c446170c7a73010e9e667d1154a3e3086118b3a07ad3318844, 289593a4b3f544d505706ec989d73a653eb737542120c86a503afffee494e7d4
DEBUG DEN_INV: 2c0737da646bbb1ccdf70dfaf6817cbfd5aabfcdfe2c1ec2a901763afb1d1ccb, 02773e6a4095ad2d1132f18ee377edf0e04f666dd936cccb7ee6baf86701ff5d
DEBUG LAMBDA: 02354c1a4080a800093eaed889016803a70a0d7954dbb55dec14482e1d17d560, 1e531b21c03b41d8d7fec2ce17e8e978d067af38174bea64bc7231070b972277
DEBUG DBL p->x: 25823fe7d943eb185baf4d9d3e29d638800bc53f80dd6b63b15507efd135ee00, 1575d2fbdebd9a3268de8fb15bc3bf567fd69898327d15bcc4c885a04c3be323
DEBUG DBL t1 (X^2): 1ed0afa6db57a9798349e60358782500da5f16a0cf1b6e5c219c075251179c92, 002449895efbd68e1541f338ef35cf61a2e0d9c1752d217d33b7b8201398a6cc
DEBUG DBL M: 2c0dc081b0d55c42d18d6c5387e716a4f79bd95104e0808728b389e01ac9d86f, 006cdc9c1cf383aa3fc5d9aacda16e24e8a28d445f8764779b2728603ac9f464
DEBUG DBL S: 2d64b47c1f937b65835a6999b46f9686661669f85f27f3d13ae0123d980befcf, 18df04abef22f835f6d8089e99c9fd8c362b1191b7c53d82d88522af240c3b33
DEBUG DBL X': 05fec77de9c781711837e058e4bf4f03a2fe99db337c9da9918865aa81e494b5, 28af76a9b14c809faba496e6da736dbf0cfa1b6cd995979a5ce93bb9e26118a9
DEBUG Q->z: 2f26ed19f43f627024a4ec1dbe1684800c30a05e96db580be3816717d7e1bb5e, 26921d339023737b70ae96376bcc55918d516dd87c4ca844a2eb92ee17006d2f
DEBUG yQ: 03025f55b216d3408f0164d0ca6fc1ed2efe0628fd5d4c7d6e6e2684cf3db5b8, 10c92012837052a9ed8ce1fc6cfdbc6bd209e9d630d1739cc0eb07a411457d2c
DEBUG DEN: 0604beab642da6811e02c9a194df83da5dfc0c51faba98fadcdc4d099e7b6b70, 2192402506e0a553db19c3f8d9fb78d7a413d3ac61a2e73981d60f48228afa58
DEBUG DEN_INV: 2fe984afd3e2e1c86bccda002da6f9719c88889b7c804580784127b1851c533f, 1a0b71b79619b13a0b101ab98b33eb6e03b86a5094632e351466d1aa156c0a0f
DEBUG LAMBDA: 14ec80b3620ddebd9ce3915b0e977e305e95ad310fda45e519c0073d45409f8b, 20620f59daa6e3a3d3775ca7d74531e0b90140a2b0954599a8288d5d3d7cec9b
DEBUG DBL p->x: 1080a7c39418b7b83180436a26a37ad24bfd76a99f56932f32d887dacf0c8b1a, 1f5bf4472c65c59a9f35b455fdc45d994e7cd73bc5dfb185ae73bc94d3280b6d
DEBUG DBL t1 (X^2): 0fc8fa310bdcdaafcb787fe1bb9f15168386563b7ec11754e6d950fe0c3ac579, 11d3bb6ef2bb844a3cda390c7e00ecb84097c3693469902d75bbc4383caa906a
DEBUG DBL M: 2f5aee932396900f62697fa532dd3f438a9302b27c4345feb48bf2fa24b0506b, 0516e3d9f700ecb4fe3e656ef8816dcb2a45dfaa34cae5fb2512c091dd82b3f7
DEBUG DBL S: 2d2dfd1fedeef4b8626f8fe1245006b72712bff1a63adad4eb248f69e58f0ac1, 08699351aec95dbbab3e1018ae9f41fb7d3a5e31ee2998c1007e287ece877eb5
DEBUG DBL X': 06b46a0c54305d8e66ab953c9767a0eeef835bed79fd51315143d45839c4205b, 0f3738d3cf4b0b63e31279dea20307b93a9d9184cbc9c232b6ca61e69df04bfa
DEBUG Q->z: 2553a97fbecf9a21d4dbb4704e8621c85631dba1f31b8bf5c40f48988c80732c, 1f90b42f4cb986d0d958fe3aae2eb7613b9b9c6b6ac2414bf961f9d0c945cb5f
DEBUG yQ: 1365cd6111f7d010b3ff6e4ee373d61152a35be7a9b3fa940bb934c2483f1aec, 2187110cbf4ea8585d389f03a06784fff53253aedf38ea94c85538ed1880d944
DEBUG DEN: 26cb9ac223efa02167fedc9dc6e7ac22a546b7cf5367f52817726984907e35d8, 12a9d3a69d6bb0870220f850bf4db1a252e33ccc56000a9c5489e5c35884b541
DEBUG DEN_INV: 1138efc9b9a4e2c4a17ecbcadfd63e20161eff8771d0303c8397a71a2f26164d, 1433b97a72fe6a3163444efa4323309f7a81c77c944267cf49de97e1e3f989a4
DEBUG LAMBDA: 03e5223f9c157e8eb9a18d4c593088502035cb9faf52ebfbef7fbb0f1bb78fa8, 0b23a90d0a8f9e925d3c8fbc96a74eff11d853e0375df338ee0e59bf5725e480
DEBUG DBL p->x: 1ab88959f6a345f94290c4ad7420a3d30043159861a1b83f68ea97aa82ee3fbb, 2ff12739e64ce19ef4da6843af07c5a1c6375f90a1c3538a42515b0f2ee41195
DEBUG DBL t1 (X^2): 0e4cc99a204985798be36e76f0855c17e7dcb882b3acddcdcd2af0ea12cd0d26, 1bbfd2c0322eef7fc32c113a9ab84775cc1acecaf4e83c2766ea673875fb31d2
DEBUG DBL M: 2ae65cce60dc906ca3aa4b64d1901447b79629881b0699696780d2be38672772, 22db29cdb55b2e559133edf94ea77e03cccf01cf7646e9e8f89ea9928974982f
DEBUG DBL S: 0416819bec15b79d19b3c347f37a2c2f01a9f8e2aef736c385b43a8a7e86a9ff, 04f33feff9fcc59352094d6d9652d64f351af025f9ee1ee8c8dd56203776bbd2
DEBUG DBL X': 166b9279a13f7e682fb963ae891a33e978af7161e1dc606a22582cfea1214152, 0be9c5377595f980f1d37616aee0508ddcb9561bb25495977d24324a6e3c907a
DEBUG Q->z: 2c2d7daf8ff9e69b6f84191b7d8d4ef725dabee7e8c62e3cee1dc577a1a0802e, 20372ceaffe8ebadaf35245e076eeec083aa68563eb2c6f1c941ee2f54afe44c
DEBUG yQ: 05e83610b8d15a93db58346b51dedd678b8ad5ebc678036d37f44659b6712c9d, 1bfab3c5091f0c8c609d1d13a950d25142cc6f2ef707361be5c903ce20c849f4
DEBUG DEN: 0bd06c2171a2b527b6b068d6a3bdbacf1715abd78cf006da6fe88cb36ce2593a, 07911917310c78ef08e9f470d1204c44ee1773cc859ca1aa8f717b85691396a1
DEBUG DEN_INV: 04939dd8d9e390626cda694c7fcf4188e07cc5daa653e62ae263c08b95775847, 168f14166e645a1149c01a8ced92543b0b9284bc7b8bd04e0ba8a784aad7f1ce
DEBUG LAMBDA: 0ca2e1d1d741e0da4a9fcd9a93e28f78695cda0f602af7aaeabdb283043894b6, 1357f1080502e577a475fdb254210f8c146a0d5cccc05fd2dd63e942ca434e87
DEBUG DBL p->x: 27590c482017968922d34eb210a762b329e33c5bb01cf6a54bbb1cb818be7288, 2bb4e99bd408f6b952e1189b4b30886dbaa9b44f813698ee669a7d88152efdf8
DEBUG DBL t1 (X^2): 233f9b7d1821dc89db03dac814e0228343b0d772a3cb4a04bcd497feec19e6f8, 2204302349175764c2250618e399c83dc7b4a8b64984305a74c56adb152495f6
DEBUG DBL M: 08f635918602554a206b04eb3b9db6ce9c0fb1351a7e48f3be3cafcf1353ba5a, 0543f38418e2c5dad5ce86dda7caa7fe281b25000ba8fbf4e60f28638e73c754
DEBUG DBL S: 302c2e7eef6535629351bb7c1f8892ac365e1efa600c23c1a8d02ec296b30842, 14fb74a0c7122a9a1ca5f86c218102be72725210b5634cd170ebb3b521833d78
DEBUG DBL X': 0e2d7a8e471657bb47dc29616235f42112171efcba36b75fb7af58683b894982, 24ec1dc9c283b38549449ca255520c2a380c88f0c6bff826424f7c03c78e10af
DEBUG Q->z: 196ad0075bc634339cfa4fd81e75ddea985bd9cebb89b3623f1d400af3776851, 2c6ca2c737e67ab5dc1bf85eef57b4553ddf5375fc4617bfa4c6d734be1a2f88
DEBUG yQ: 2ff84c1255076f73241b5287e3375ab5ee33ce9dc39386f187d2be00c0d39032, 295eef6e898d1f924f4a5426b832986d327756326e90fa9d154a035f13d003f5
DEBUG DEN: 2f8c49b1c8dd3ebc8fe65f5944ed5d0e44e632aa1eb54355d384efeaa92a231d, 2259906a31e89efae6446296eee3d87ccd6d41d374b02aacee737aa74f230aa3
DEBUG DEN_INV: 2d641ac56cca6a59914ee8b9921f278ebc8136c84d60739f3a51d01dc58f3c0a, 1ffaf670c27f4cc0b19f756cf90d8a654c9314f33dac8a179b812a184ca3bdaf
DEBUG LAMBDA: 152e4dac45042f1b3b698e9728f533692f776e2deaee304e98fab53648a7749c, 0718d0bd75dbc4a0bde5984d2f48ba39d64d61ca24716491c39520a081c4481c
DEBUG DBL p->x: 0f4e259de0f01b808a2295c9936293787481a29fc31eaa9f832d66793ded9ac4, 0ebfa9e58345bd3996807e64e2af99a0419f5b213ed857729ac81f6238c8e355
DEBUG DBL t1 (X^2): 0c19b9c60c4faa54c9627a8fed0c7bd50850a91cb68bfe78794b50ba0fd63f83, 15ce17a63eb3001832db6791b4cc8fb50c239015924c08c79e2c0427180e9275
DEBUG DBL M: 244d2d5224eefefe5c276fafc725737f18f1fb5623a3fb696be1f22e2f82be89, 1105f87fdae7601ee041f0fe9ce456c18ce945af4e724fc99e63805e6faeba18
DEBUG DBL S: 0d2b122ca577a86a841435443304a22981e3bdeaf0239d40abc1916de7790e8f, 23bc15b4755517c185eb879c43d10c4d803f7fef92af3e14282ce2ae54d01289
DEBUG DBL X': 0c3b11916d9b98150842c159e6658b41e3899a2236f89dcfe6c3ed4af603d32e, 13079a40ef571afdfdddcf3b09a5f6c1df28c3090dad5d547a7d13d34e8e0029
DEBUG Q->z: 1368c882f60b6941a471233055d6cca9ad32624bc625bc2aa52b2431837deb0a, 048d6153267622578ef7c0d2b54a7702926bb186baceba5024467ac6a3a0295f
DEBUG yQ: 2d1861e2ef209796f5fac72d665056b671273c0b017cf01d932f8a77c014a318, 1aad640385ad3ec2fd1f6d66e45ca4e43076418f93c7335cc1f984f60d9629fd
DEBUG DEN: 29cc7552fd0f8f0433a548a44b1f550f4acd0d849a8815adea3e88d8a7ac48e9, 04f679942a28dd5c41ee95174737f16ac96b188dbf1c9c2c47d27dd542af56b3
DEBUG DEN_INV: 23a5a021b7e26ac2858a437601646d6f198732589d0e711c5ada08c73b74f0af, 0d7f7f13bf0778cbc7db3afc3782a613f82b26a75bdf5160145ccb93086a702f
DEBUG LAMBDA: 0989136304e0a67ccdb594e97d5fb58cdbe910dcfa514c0856899fb5f2591856, 2ee110b38214868e9a98e112f7946f2c43a525563e2fab3d0986832ac04a6a4c
DEBUG DBL p->x: 0c3b11916d9b98150842c159e6658b41e3899a2236f89dcfe6c3ed4af603d32e, 13079a40ef571afdfdddcf3b09a5f6c1df28c3090dad5d547a7d13d34e8e0029
DEBUG DBL t1 (X^2): 242326f39ffec2b9c02ee8113ba43dc725e031f56794b7b5c2d4b02e318cd976, 245a7f0ca7f256f6d1692077295a0c9f97eb7fa7ea5ea8b3dadda4ad2adbe390
DEBUG DBL M: 0ba0d7f51d9907d9cfec2cc6afea089a429dc0bd65da9206d03cf85ce3ac91d4, 0c46e0403573c491039ad5f8790b752398bfa9d4ee3865011857d5d9cf99b022
DEBUG DBL S: 110762e28a687b3e4a10e8a6aa8217575d6fddb4f2460ef745e4d200486e6a83, 0eccfc76f923421d1847f0e13d259009483bb9b69564fe8a9216b940db746312
DEBUG DBL X': 022fde20bc6c5e14db55a0b344f4161d2d82aa887eca422a3f12d4eb74465c73, 28ada50c06ebd95ef1c56a0a77533c7860ad66de68b982dcfe4acca35ef971fa
DEBUG Q->z: 2b4b5d9f9fbed0924ef285c3c961e51272a87aef1219d35a53fcbd776ead82f3, 2d7ab692abbfd19367474afe63a1c70caf50e703c85b3ed3046952e1757ce212
DEBUG yQ: 0257b28f07b54f7323b37364e6ee6ed1300a9dddb5c7555417cb4b60fd7442ea, 2d2db3c112ff56c405749671d62b3b0cce6ed5e2317672fb5a704967d8380b16
DEBUG DEN: 04af651e0f6a9ee64766e6c9cddcdda260153bbb6b8eaaa82f9696c1fae885d4, 29f7190f44cd0d5e5298e72d2ad51dbc055c4132fa7b1b6978c006b8d7f318e5
DEBUG DEN_INV: 1d5982b2871de836aba7643a4eab4203f4cdb099cbbc16e84e4e35307c09debb, 19e5df9f5bdecdec2496ac906f1b41f35f9c11e2c8d7a2f9cbba43fce0539d44
DEBUG LAMBDA: 13c4c6686101956f5803cbc92b983dc0869d1a62c952daddeb4b3b4a859e0e04, 2feb823d3e3967972416ace4e48111aa27c5fa0758143456a374d0d0a6191ee8
DEBUG DBL p->x: 022fde20bc6c5e14db55a0b344f4161d2d82aa887eca422a3f12d4eb74465c73, 28ada50c06ebd95ef1c56a0a77533c7860ad66de68b982dcfe4acca35ef971fa
DEBUG DBL t1 (X^2): 25b9858d990bde599e7d6b92c7c54a53ca7f26dea299c0691bbb688eb9f1c79f, 0073efbdab72cdde1cd522d42c624673838a5a7a3589e6b6c2a4d839748ed89d
DEBUG DBL M: 1063f3c308c05ab96ad7b74b544d2e40307a9f7916e9ac20daf1217e7cdb5c4f, 015bcf390258699a567f687c8526d35a8a9f0f6ea09db42447ee88ac5dac89d7
DEBUG DBL S: 27169ac1fd05c0aa65bd8d506d8c9df5bff96623581c8208d1d75a9129e94f3e, 021be8f2499a5a396534a51fd746c2449e608761d908badb687574f925182117
DEBUG DBL X': 19e30175ee429b5b96bf8e6b74a5f9ae109427b08e4bca3f72ace6c3f39e9eb8, 10ee1d07ea28a4e62e482dd425438ea5cbe5dba0355db9939ed9694edcff4009
DEBUG Q->z: 025745e1a400e8ddf1a85c451f8ce1942bb95fbf84291c63c6a0c93f6b65bbc3, 1e546307717fd3db1b12036c6ae5e1d61fe6a1e977ab539ddfef568f5aedfb6e
DEBUG yQ: 1e1f41a3e59f93e080b18974bee9b271c97b5409339e56079b4e47fdd407c585, 1fe0c594b5d4ab1a6efff6443a7c0de1c403340baa0065d6ea992fe19455139e
DEBUG DEN: 0bda34d4ea0d87974912cd32fc520c85fb753d80fecae181fa7c03e4cf928dc3, 0f5d3cb68a77b60b25afa6d1f376c365f084fd85eb8f01209911d3ac502d29f5
DEBUG DEN_INV: 04bf147a45bacb17f3b0669821d1182297f5dd915c69a947f5174df3de2e398c, 2ff4b42d469a8db2524b0962d980d32fcba9edcd9511ac4a6e8b615efbc3c65e
DEBUG LAMBDA: 2d04c772dbcbcdee32873c57ac20ec878cbfab3cf6d21586216cae48d150b36e, 2d21355ccff2b90ecaa96f705fd9340da65ee2948eabedab33088017b5053736
DEBUG DBL p->x: 28726fdab854a9f054e531a386b774c578f1e6adc87e985ea6bac7805cf3a31e, 2365adc9aa6511df27b4d367b998a411f029c4b1f63d0a537ea43aa2e44d4e97
DEBUG DBL t1 (X^2): 137db3a16639258097d4eedf0b91cd07cb381e7abbb7c04cbee8e8a53fdffb0f, 0850c0412bb44c329cb193e4d0e195486860c0aa6be45cf7bacaa66887c18720
DEBUG DBL M: 0a14cc715179d0580f2e86e6a1340eb9ca26f0decab57659009a2dd8e722f3e6, 18f240c3831ce497d614bbae72a4bfd9392241ff43ad16e7305ff33997449560
DEBUG DBL S: 0407987b59d74fff1e7805ba454943461b974f27a9c95c706088b534d8a7ca92, 1d70e2e8e980d125fadfe63a5ddc54e28da13a224520df84405b9b5aa8d3bcf9
DEBUG DBL X': 1ec38258e20bf2cf1942cee7a6e6265be0073c0256f71f7dda41d37721e7df7d, 2013f12d419e32d58096bfc0ca106143004b9624404f8d6684daa54a9a1c6f79
DEBUG Q->z: 15fcdf8e41f7d3818eafc2a76dba96927f9c03b9ec1c2a949d1aae2c57711964, 1f4d54e55c4845b133c616f095d560301d04f9e5a97ca988feb1c3d7a0e4856b
DEBUG yQ: 2537f0bda5741406ba62763a914b446ecdd0f26fd578a4dbba702865ea5e4368, 07f1178d905c60446ef4bde21d8503487f4f6f5f8bb182200389be3e294305c6
DEBUG DEN: 1a0b930869b687e3bc74a6bea115308004207a4e427f7f2a38bfc4b4fc3f8989, 0fe22f1b20b8c088dde97bc43b0a0690fe9edebf1763044007137c7c52860b8c
DEBUG DEN_INV: 13ecfb819cc95e045e0608bac4fb6525ad36f189c5fb5bcfceeb0947a304a582, 01a0eebfca51039f4f45a18809dd7409d3f00fb93b76ba4c964da4a97e605c09
DEBUG LAMBDA: 1615e1d839a265e5a9e043b95089c18679d241e271f151c2f84114444a32cd7d, 1265398b1b8f33abb8f18e62f547807750a064aa696878aaca69199a9f287b45
DEBUG DBL p->x: 1ec38258e20bf2cf1942cee7a6e6265be0073c0256f71f7dda41d37721e7df7d, 2013f12d419e32d58096bfc0ca106143004b9624404f8d6684daa54a9a1c6f79
DEBUG DBL t1 (X^2): 08374c5a7bbbf56d454bea3b4cce923eb1393c9fb40cf24a3035cafd6b210434, 1f939fa8fba9d4ceb3e97934153d1da93722b6248d0119edfd906f550a36d000
DEBUG DBL M: 18a5e50f7333e047cfe3beb1e66bb6bc13abb5df1c26d6de90a160f841630c9c, 2e56908811cbde42636c25e5be36009e0de6b7dc3e91833cbc90c1e8462772b9
DEBUG DBL S: 2e2ddd1f435be6d45de72597ee081be1b0e66c655e68142f64ba63cca2fa2fa7, 063fa7eefd63abcff2c87eff6673439c9231c16aea53d231bb49b29c658de0d6
DEBUG DBL X': 2b815811f5d7787d5eaa1b4546e82ff570563bc6b15a6465118229ffba4c084f, 0996eeae0ae6a6bc1ca0acc92acda43cdaad31fe36b891ee953cd37bded1f98f
DEBUG Q->z: 105afb2b52086a1c94266cd34b6825997b9e2ce6f927178a306bfe0917387a1e, 1e272947cd2150b4d49c1ff18ea2b3b7e2ad24ac9e27ac017d4a51d43bc5e6b8
DEBUG yQ: 0e26430b6711fadab85dded6b226f6bc5a6141c1b3f7115f4c1cc408b5b9e7ec, 08535113706c6f0b17e146fee98b3ad4e4a1a021a732170be6048c71aaaf3c25
DEBUG DEN: 1c4c8616ce23f5b570bbbdad644ded78b4c2838367ee22be983988116b73cfd8, 10a6a226e0d8de162fc28dfdd31675a9c94340434e642e17cc0918e3555e784a
DEBUG DEN_INV: 070e2deefdc5e9275f6b8705eb39c7b733bacf673a8aee631dac2c0d8c6f38f3, 0f35e792d8c697e3df1d623e8ef3fb6859bcd987c08dffe4f7d73203f755eed7
DEBUG LAMBDA: 1bf08cc220cb4d197f9d85ae97bf3f71721930528cb3cae6449eb1079535192b, 2a9ef1d72050d7e39660cd0ee7d3530440b4cf30b88b7bb64529331881dc13f3
DEBUG DBL p->x: 0d747a3fe065c0134d68db455833d782c43622ad0f2f9d97579c4700e193fa75, 021046fd3bfab11c99ddcd055ab618c561575b7e4a6e42fdd1c5aecebbd9a780
DEBUG DBL t1 (X^2): 2866238c7557281db08564169f2e5dd208cd305c4450b55c3eb9eee40d6715ae, 202163540e8f9c62dd2223224fd41aba6ed5044da522667d41bc9e467e106311
DEBUG DBL M: 1869cdbf9da23805a0efa0d6da8868baeb64bbf1fc0e8afa43ecb47e773b467c, 2fffdb894a7d34fedf1623b06dfaf7d1b4fda25786f568ea89154ebca1b42bec
DEBUG DBL S: 2d19b079a9d50ee8af71132455a92ae789ec3ed0660fcd3cfac466cde582f5ca, 2b567539a320a0599d47002d0b64c16bb509825d256700dbac01fdd195dff005
DEBUG DBL X': 154e1b918803df8b7c2300478a0d45a5eb38aa7bf5abc6e40d58072fd18b97d6, 21399ca88540456c1e6680e8d11da3a0f40d1439416b5d7ad319e409c66c1e25
DEBUG Q->z: 0bf4c2b71852222eb9bc7d0fa60eaf91e2547edf62f3dadcbf1973cd7d78d892, 0a20b9bf99326f3a43dbdb4564683611d055355613af6eb98015ce75d75644e6
DEBUG yQ: 0b10a2a5d3258aab225ea669adf16b3bf5c4534d32a78bae2cd975dd6311bed2, 2926749c3ba1fb3205d4a45c5d839d8bebfa4eddbdb5afcb8cc04f9080405095
DEBUG DEN: 1621454ba64b155644bd4cd35be2d677eb88a69a654f175c59b2ebbac6237da4, 21e89ac59612563a535903023985e2ba4073332a12f99509dd60130a2803a3e3
DEBUG DEN_INV: 2254903d37693ec9cc61febf479d9993a05da6ad2833ac0eb08fe3490f259c64, 24019ead0d41ef13942899ed57f370113cca57e5e53eae9aa04653b149c8a9ba
DEBUG LAMBDA: 095b34f94b84c229ed97d0965e881c648f7ff6df0d0da3b0351af6f5130492ed, 242417612b6284de7bd963091a562f04fb53f4f1d480b762b6c6433aad4622f7
DEBUG DBL p->x: 05c35c4d174b9aadce9979d5220b4d94fbba81b8d4822b7386f78bb9fa2d5443, 2eff892ca68e1d2b86e8193e7e411f7cfa0a55b515fe23d7b4726e8b337916d6
DEBUG DBL t1 (X^2): 11fba14896f1a5b46021431b217bc5951e98f8ab05239d5273db2298e932a559, 2f3d76f39f84ba3453da2e0fa1ea5fc78b4a752f4c7fb8e76d5592effee350ac
DEBUG DBL M: 058e9566e3a350f36813839ae2f1f861c4497f6fa6f90d6a1f70dbb3e31af2c4, 2cefc7f51c2aee498aedfec1e2bc6e9b72dc8a6b149b959bcfbfa0a24baff776
DEBUG DBL S: 018449833d90208555818093b3a3d6a8d5f52b622b84dee1d30a05775cfe0049, 20f66aea9f3377c0a4c64fdeaf7c0ba6aa024e665687aa4708a335b714ba2c2b
DEBUG DBL X': 0f7a3257b7b6bf07c5e39b421b240a7a0c65014c44fe1101385056cc7faf96fd, 2fe9b21a2bdb4f414eef171e5fc864ed6cd6434e85175f75e95720d11e6caacc
DEBUG Q->z: 14f8b78f8dae128c0e60b975eb79efee21aea1c24eb62a0268dd6312dfe57144, 258bcdbeeffaa2d020c9576e065d795592fa020996eb6a47c20dac4ca84099ad
DEBUG yQ: 0d553b114f464a5bb3bd54d3a7f7ae7810ab8f5b72bdbe0718dcf7c9fb948f24, 1dc91c70af16e6e5bbf1bf787e3d47f64c08858b26a7f804fe396c1ec2cdcb98
DEBUG DEN: 1aaa76229e8c94b7677aa9a74fef5cf021571eb6e57b7c0e31b9ef93f7291e48, 0b2dea6e7cfc2da1bf93393a7af9378f008fa084e4de257cc0524c26ad1e99e9
DEBUG DEN_INV: 2698a48c7e5b949abde7e2cefdda0693a24b19d674071bd70ed2e82a458a878b, 11a9a5b54c5d7cb23b3f08e350af37ca373cae1d3140556fe0e5d906a39e8378
DEBUG LAMBDA: 11206c9fffe86a9fcb738890a64a24281420e276b3a75aa16695709f5184b40b, 154c0d26909c02f0ff16e30f373c18f2059b4e5ac5d4bd9aa66400c9f6b7349e
DEBUG DBL p->x: 06e5cc5d2dcc528ecc77006c72fc22bc76dec6cacbadfb59d2521228ad6a3062, 1fb1874a68f393c3cabe3c4b68e3e66f873649efaa112cf9bfbdd78b474bb32c
DEBUG DBL t1 (X^2): 2bbbad5f77ad91754bb63c062231757c69737dac0648664b5deba37cb8a54d24, 2c632d1c242134dc89b0b95ff8bc4fe2fc8fcd4764aa088b9b2db3fcd7945dfb
DEBUG DBL M: 226a6b38a4a5740c728228a56391afba0d57a3e141f59dc7a181d24878f5ecde, 2460ea6eaa005e422c71a0b2e7323eedc6ac92b35d1a8488594803c8d5c31f63
DEBUG DBL S: 0bb0459b9ed6e4b0c0f5fae5d11117555a0f39f5928b46ea3ac0a4da85fb526c, 2fe87d4ca8735bdfbbc7ca4673598c3580469a28488d526d4f9cce0f9e3e4b0b
DEBUG DBL X': 29836b92fefce3adabba9c0a253d3b3e8a7732a685bfc61413059320f20698e0, 056e4d3ca31d9380a447029982019ab85efe47920e839272f3b50c1a3becef00
DEBUG Q->z: 2e7445c52046f93b4d24ec0f930bf5cff1029e9dbc4892e7e783a8208b99f9f1, 255494748a7a827dcbe03b569355457cfd5d2797ede296626982d4a6f60c7b9c
DEBUG yQ: 01024f788f6f10ad531a7fb34db5f427140fdfb2372ad335da54a2e4180d9596, 29cd266d9802b8765ed0595ea5d8460de69d069ccf18a2056f000981f37320d9
DEBUG DEN: 02049ef11ede215aa634ff669b6be84e281fbf646e55a66bb4a945c8301b2b2c, 2335fe684ed3d0c305506d06ca2f33be35b8a2a835bf797da1df86ed0e69446b
DEBUG DEN_INV: 060770df2490e9c59e83c2cd446684f07fd9951b3d207cf26f59748465c8876d, 13f9699fa5dc4b9699e8753a6a88b6577ad7e8da673f502207c4e23df9b0cacb
DEBUG LAMBDA: 1ceb3576a058a652148167545739e8503c693b5e5370dcb6ddc6da1dc517bd1d, 00f991f49e3d9b774212fa8132918d7da7918d838348fd21f2075c90faeafee4
DEBUG DBL p->x: 29836b92fefce3adabba9c0a253d3b3e8a7732a685bfc61413059320f20698e0, 056e4d3ca31d9380a447029982019ab85efe47920e839272f3b50c1a3becef00
DEBUG DBL t1 (X^2): 05b857a2a1f481fd7f95bd333bbedbb6cd93dc97b574477f9c21cbb9b21965ba, 265a253678ffca4873bb03f2429c998e962e39165ecaad0a536f8829849d6102
DEBUG DBL M: 112906e7e5dd85f87ec13799b33c932468bb95c7205cd67ed465632d164c312e, 1245d2bda89c1e85ea908069c4d31bf09387d6204b7c7204820d804edcde2878
DEBUG DBL S: 265e66e9c43cfcea89cf47d230e04609bb60b2d82e3f71f03ef08f63142b1a55, 279cea0e616ea1e1d7e2b182580b32db5f87e05d4a1c4076147994d219f19adb
DEBUG DBL X': 107440ccd0a2b32541baeebed47b0a9e119fca7bb77467a2090d9cb06971e76b, 219e4c2b163bb6a41b9df12321aaa81831907742b2d78ce71c051a3294f83a6a
DEBUG Q->z: 09e1bbe897d446e5f3beee436e366f15014717454ae287a1476cbc3c1af55c61, 074806dafd0ef0dfeab99740ad4f3a5c21c3bad49c07089b54b350cfe15b259d
DEBUG yQ: 01ab6c81291e8976180b00d4d38f967a02cead8588420e1194b7f0632579eddd, 2ffaf523fab1b7e142be1047003be58eb18415b054bda6c18cf25121d59b4153
DEBUG DEN: 0356d902523d12ec301601a9a71f2cf4059d5b0b10841c23296fe0c64af3dbba, 2f919bd51431cf98cd2bdad77ef672bfcb86c0cf410982f5ddc4162cd2b9855f
DEBUG DEN_INV: 18c5e38f075ba4236db455a68e4471ca43cef43b69cbaa80cc217f8163b7c2f4, 2d6258bd8675d5d2d9423f17d69fc59efbf5b1f41dd1ef6f6ef5429386e6c3c1
DEBUG LAMBDA: 1745fe1925f8b384f19e278d5802ca823a7f0ab8384fbc6e7cd6f6e177a99dcd, 2be8bbd2e15889ed338c7cf505a414725316a52be70fcfbac04b3a5383b2ae67
DEBUG DBL p->x: 107440ccd0a2b32541baeebed47b0a9e119fca7bb77467a2090d9cb06971e76b, 219e4c2b163bb6a41b9df12321aaa81831907742b2d78ce71c051a3294f83a6a
DEBUG DBL t1 (X^2): 1320a9ff321d44f9fa065295a3214632ce1501acc660cabb4d23a8cc103d4deb, 210b0ad56933f2f6dc7026fd4eadd9542cf01bb34e821ee02296632b42a5c1e4
DEBUG DBL M: 08fdaf8ab5262ec435c2b20a67e27a3ad2bd9a74eab095a4ab4a6e4d583aec7a, 0258839a7938989124afe98ae906db4157cd7df71aa2c785ef82115416f74b1e
DEBUG DBL S: 2f4c8aa4dd7a238a6f25f0324fedbda58649eb050f986a95a16daa915bbd7ee7, 1950acb6d22f6090269b3dc24a7bd5f3bb84206486c7ecae77476ff8740a5633
DEBUG DBL X': 1239a570f7b079118c49cef1d90df9b4cb071eb9d5592ee8de0603922a2112c0, 292d05fb0529426cdd8dbf189df296d68047b2ca14135a902d39270d8bc40d72
DEBUG Q->z: 1bd88d5a6d5bc22db95c3e823008c72df346f00ec1e8cca5c98c1b1c22f233a2, 1667e633aa606d7f70986ca19bae7c3e937e742af9d0b3c3b9256c02e0a635eb
DEBUG yQ: 1a50412601e0c5336ce956f5784760f414c1651d6d04810a0d025860d78ea080, 22dc6c3338edd730a1d8817c70ec86d17beb7c4d2d8bdc0e78cde670853e0b0d
DEBUG DEN: 043c33d9228fea3d218268346f0d698a92015fa971973786dde424aad6a043b9, 155489f390aa0e378b60bd426057b54560558e08f2a5ed8fb57b40ca31ff18d3
DEBUG DEN_INV: 1c64afa252362ea58dcbb7a72140e2f2c44e464af54edbc891684e5e25ebc616, 21c64a79351e8ceb17559ac7461a1b16a8a1fd54cb44612d15721d74142446d8
DEBUG LAMBDA: 28e96cf83ab1809bacaa1cfc822bc2617b65647153b4e0d7a807717f827d27be, 085856814c1fc0a09fad4e2d90162d38449cf67f10f1f2570201b81d54a768e2
DEBUG DBL p->x: 1239a570f7b079118c49cef1d90df9b4cb071eb9d5592ee8de0603922a2112c0, 292d05fb0529426cdd8dbf189df296d68047b2ca14135a902d39270d8bc40d72
DEBUG DBL t1 (X^2): 2d18b0d3211f6b043d652e465f7c61a6e1ac8fe5ce7069d77bff4ed4ffb455f4, 2969e50d71d4910c5154c22861824f17ee7a93ad240652b817ccac0a3cccf289
DEBUG DBL M: 26817593a0fb00b9478eff661b7274397602da8e9a6da86bfbbcd4514e23074e, 1b751242931a72d1835dbb0c21843c8c9c6ce5e49b2f630dcf24ebf1056cdd0d
DEBUG DBL S: 1db043d9588216227a4345dffd4e11b472b0b9970eaaaf459aa37e8ab23baeea, 1a714ec8b4b5a631e4c5cd9d7a2f4d3a4ccc4386b740092bfd5125792d19d8a2
DEBUG DBL X': 0d983ce7d54ba3fb29420341aabe2169041b00e45e9a88e191a401f570492b5a, 0ee5393ebd38faf756cc8f3de967d75d6d2d0eda9816fc3a86bd6ffde4414925
DEBUG Q->z: 1528b2f18adcac3a1f29fa25b9f3072f4b3f2efa7c44ae73be9800d7addecf7b, 2ed87f2f0daab14fc74447e0a4beda667ce70bc796c1a71aea02b43ae76766dc
DEBUG yQ: 125d6537b5c287c2a31d362471fc7784350a4a080608e07f4310092c833b750a, 1c7fa73b589c2f8bf03acfd778c1aa7eb23feecc10e6da003a274f52623cadb9
DEBUG DEN: 24baca6f6b850f85463a6c48e3f8ef086a1494100c11c0fe862012590676ea14, 089b0003d006beee282559f87001fc9fccfe7306b95be973382e128debfc5e2b
DEBUG DEN_INV: 2be1f9ee03c1a36bc85a100d524b66a706eebafac32b0bfbf5821e5ae4b93bb2, 0cee3f3a171090b295072415e6b43960aa34e1560d55e521b2f7e9ac74903dfe
DEBUG LAMBDA: 01280b76a7eb3425d8d8eed4dd86d225720debcd6e67cfc002389592cbe6c787, 2e48ad857f20e4172a5effdf5b595341f5cd2895fe431f88b45ff8cd3b9b61d2
DEBUG DBL p->x: 0d983ce7d54ba3fb29420341aabe2169041b00e45e9a88e191a401f570492b5a, 0ee5393ebd38faf756cc8f3de967d75d6d2d0eda9816fc3a86bd6ffde4414925
DEBUG DBL t1 (X^2): 00f2fd7024860fed990187a857c93d99c603e0a6ba5f806b2154879f91a15551, 1e7101c1ac1d7a6ce4df11f9efc37b3dd878a620c10ba52c31d2568dba03a812
DEBUG DBL M: 02d8f8506d922fc8cb0496f9075bb8cd520ba1f42f1e814163fd96deb4e3fff3, 2aeeb6d22326cf1cf64cf0374dc9195bf1e887d0dab124f759567792558dfaef
DEBUG DBL S: 0a9c012b5556df021a743f6b199cdb758e46ced4f7133876c7c40b62fe862888, 03443128dda49b5478cdfa285b15f18e6ad56ba71cb5e13df869a8b57a8c35a9
DEBUG DBL X': 02c03db0694952dfc0ac597792d0c9f7b84a5824c36914a68cd482bae11feacc, 2cdd8b61d8d0a7e07407d8e9717d19ee864f4f44e1392ea524ed0c1ccd0db558
DEBUG Q->z: 04c6107992600917bb26284adca9b386326e1bb452dcff14055a0aa664e4b658, 151f650b1661bfe382605f2a3a4563c0f292f663e26f6ef8c979fc80684f3837
DEBUG yQ: 12cba8db069b78cc82f79fde8b23dcf8597fd99c55514b6c4aebddcb2c073529, 16aec3e8c4df18e0324ed17fc3cc47f97d8109eb18bbec1cc07dd90a850ad1ad
DEBUG DEN: 259751b60d36f19905ef3fbd1647b9f0b2ffb338aaa296d895d7bb96580e6a52, 2d5d87d189be31c0649da2ff87988ff2fb0213d63177d83980fbb2150a15a35a
DEBUG DEN_INV: 208774c85faaee3f50f846e0fb4eda3c1e83eab85baf7a4865197e8d6e3ce806, 2198024b4ee0932421090d8106df7ed690b9582411f7bce7061956b2e0035a37
DEBUG LAMBDA: 0adb8a363372ff19c49f59e9425ea9948c847563f10fe5c366bdcce48b3f8ce6, 18792fbd16881b6b3145c4906447f858a4f90663734182a41aa4ad28fcecc5f5
DEBUG DBL p->x: 02c03db0694952dfc0ac597792d0c9f7b84a5824c36914a68cd482bae11feacc, 2cdd8b61d8d0a7e07407d8e9717d19ee864f4f44e1392ea524ed0c1ccd0db558
DEBUG DBL t1 (X^2): 00f734403ecd363b762266774160a0d756ea29a2ae33632358321d36c1ffa9c0, 153789910414fde2cec0fd117772ce2bcd643f3c06f814d1026709c350294e4e
DEBUG DBL M: 02e59cc0bc67a2b262673365c421e28604be7ce80a9a296a089657a445fefd40, 0f424e402b0d597eb3f2b17de4d71225d0ab5322ac7673e5cb14913317feeda3
DEBUG DBL S: 04210741de8171e7db351a0409d12a013c8039352b821aa5219ee3494b538163, 2dd24433fd365bc6e6eb160baaa1276b2421deb5c08305e588271e4c9ef48eb7
DEBUG DBL X': 11c2783847aa7c620fe809ca97f8cb4e134e1c6b49b9835ba93c4f39007bbcc2, 0d71e07fe321531351bc19872e6943aa0bcdfda2426179cc1c7c74773d0882a1
DEBUG Q->z: 05cd2a12196bc82a738a81a4cd9d9abfbc18cb19fbf6265ceb2aa6012c5ae8d7, 1486165a18a7513f52c2bd8660d70d0f3ec3230091f42abc2643c3c199df7d4e
DEBUG yQ: 1017303857bfae7d5ef68892d5207a42981892f9d7b9bd3846d782a68f565ee5, 106eb3a54656ac90f44a7a29b1e30a5222986a1c5fc79d08bba318a2cf83e02d
DEBUG DEN: 202e6070af7f5cfabded1125aa40f485303125f3af737a708daf054d1eacbdca, 20dd674a8cad5921e894f45363c614a44530d438bf8f3a11774631459f07c05a
DEBUG DEN_INV: 2961546caced55441f154fba4a6ea3c34a4823bc399c4f4003adba0ec57e7729, 068d5b7cb3598ea92ff4ed57cc692dbe43c30abdd46f11e710f50ff7f9b28387
DEBUG LAMBDA: 09371b0124c540fd688c8e4fe56dc5552a1d7908d923b5c0f9c2f12b42c2fe7e, 28393f4155508c4aa460a1343e2cf94fa1ff532b0a65386f4427a63cf99fc1d4
DEBUG DBL p->x: 11c2783847aa7c620fe809ca97f8cb4e134e1c6b49b9835ba93c4f39007bbcc2, 0d71e07fe321531351bc19872e6943aa0bcdfda2426179cc1c7c74773d0882a1
DEBUG DBL t1 (X^2): 262eb1a386ad9c62d23e7f10f2adda9e88095a257f980903b0371e50090d90bc, 00591b62cd8f0907329f61b720c4b0273eee2ac24f6ad962760d7c3e2b6c8fa9
DEBUG DBL M: 11c37804d1a594d5061af1c5d506df206919394dade485f0986442c26a2eb7a6, 010b522868ad1b1597de2525624e1075bcca8046ee408c27622874ba8245aefb
DEBUG DBL S: 26d8f91a58740da555cff4ce8c25fb635bc27efa86bd54f5b60d33a37e3107a9, 2541973fe45743556c85eb19f940205a0233c7aba6d662ffe2bf74eb36e9e9d3
DEBUG DBL X': 2381b48d879fdc9b61ea389de8f3c40bca436d93e038c0193e87e95189cda3b0, 15c703cbcc8aa850153b15b8581df542f4c964b41608240fb7e7d1b4730d8685
DEBUG Q->z: 20966091b6b9000e307033ceb78f13b8b44bcb0f5d3358982a6d8b587d611b93, 2a0b0977d217e3eac61a01a9bc080058036cf8be72afe377a3c4a711bd87a94f
DEBUG yQ: 281c00276b14fb75f1ecaea1a25c6608f1afc573a542ce25c0dba93090dc74e2, 12e26fd3e1dcec250bfca72f06653dfb132c3abb164d169f9080a0b5f767a274
DEBUG DEN: 1fd3b1dbf4f856c22b89178cc33773b44bde2055e213d1be4596c64a493bec7d, 25c4dfa7c3b9d84a17f94e5e0cca7bf6265875762c9a2d3f2101416beecf44e8
DEBUG DEN_INV: 053cbf21d1b1a7e7ac30ab041cb36c1d00b1388cb77e386849e91a464bdfd598, 13dd84975f4e492412704ca2ac8f3283695039813abf8e429a884280de91ee47
DEBUG LAMBDA: 081fb852b42e3f5e92fb21320c829dc11f65695466d5008613f75cf3c9a8ff5d, 14dfde566ea4d3ec554a1a981ec4f81707b04acf964b81eb8da91b05398c7d6d
DEBUG DBL p->x: 12abeb43c469482553a918e18db2872c1120c00dc4f9e3ac40ed326b80e447dc, 0070203a8b8801cb5c6926c9169cad9a59ed7c7fe2fb73a4329e83c3fdde2f01
DEBUG DBL t1 (X^2): 2b66bdebad8bb7231bffddede0985d3cd9f85b150436357e70da756dcef5facc, 0ca3d013b9d44ef5b9a2ad99303043c4195085c0795d791d87c02877a355b637
DEBUG DBL M: 216b9cdd463fe515e35f0e5c9ec666fb5ee63c1c3bbf0b60da4e481bbbe7f5d6, 25eb703b2d7cece12ce808cb9090cb4c4bf191416c186b5897407966ea0122a5
DEBUG DBL S: 0beba3f8d1699f510ff8f738ee11638554a91ef0b5f6fade9be65f26d862128c, 256e01c2f28e51566299a483a133915b59e92ded4284816c5e8ee1c4ce6f7a1b
DEBUG DBL X': 0ddeae7d8da09ada3f26acd3c786d616fca34cb06c84a74a10aa0ae77ea3be22, 0514b1fc70b526388265e0cb6e8d76d109ad0362c3f75e8b31703198f56b1c82
DEBUG Q->z: 25734927e0a9d915808e15890a830a697da768bcfb25beb822d3e37e26aebd23, 08cb987191d5128cb78f857806f404f8af946aaedd69af5ba786ad448d4b0808
DEBUG yQ: 2fcd1cde381d772b95e5b5cf4aa784d61875279a7af587dd423b3c052f98462b, 17a34744c76734eac30a56f2227eb815e78688215c797d5a882df347e0674a35
DEBUG DEN: 2f35eb498f094e2d737b25e813cdb14e9968e4a38d79452d4855ebf386b38f0f, 2f468e898ece69d58614ade444fd702bcf0d1042b8f2fab5105be68fc0ce946a
DEBUG DEN_INV: 1d2fc15935b005751dba430cbe3f013556f071601631a83fb1cecfaf5e0c7970, 2a0c99fd0a8c1eff823bbf53f19f606164b0a415809bc6d9a76b10555cb1075f
DEBUG LAMBDA: 011bd87aa0823c88bb86929fbd67e0c44124c59ed14cad882c83667fad30d339, 2035b053b16af9b623618d1650ab05118edefaf2bdbdc857af1a1642af841121
DEBUG DBL p->x: 2f83928a8e8ff4639a46f7b02fd5d15b11690760ec3ba975e046656d5deb9ba2, 13affb650f4c1d4c4f139b05293504365d3d5394fa8f73ca26b5c33112b4eff4
DEBUG DBL t1 (X^2): 16f33ab713984204314709f75e6025a99cfa9a96532f8d81d15caac2d1c55d48, 0f9c035db696cfc06ec72c34203f58a0fc982b293514619f1fcd6107c650bb5b
DEBUG DBL M: 147561b2599725e2db84d82f999f189f3f6e6531911cddf837f574319cd31a91, 2ed40a1923c46f414c55849c60be09e2f5c8817b9f3d24dd5f68231752f23211
DEBUG DBL S: 1d041d4a071b049037bc279e3e2754a2dbb6bb429cef3a559f9fce5483c38c97, 194cbbba05d35bf83df9a4c9f09db8c830841312d70f5cd1b3285721624c7b31
DEBUG DBL X': 11aa79297244fba8b902f4fd9a43f14a871658cc8e5183275b4b6ec7c23f4141, 154ba441d0cb1b03adf9813c884cbe534cb8adfb0ad14da6d76913e5fbd55da2
DEBUG Q->z: 2ba4cb0a8d9806a076d526166bc69ee950b5733e14d9f0c058e9db158a91e680, 2eaa5c860d175353705d9e86c1716e709ededf9ad611c8b034c42bb24af25a7b
DEBUG yQ: 05a3216c115d1ccb0d3b6457344ec6f769f89608eb26def0a57751d94b85b430, 19d26f3b55baca18bb943f5cd4247ca9787c1c3d2b76d77869c63656851283ef
DEBUG DEN: 0b4642d822ba39961a76c8ae689d8deed3f12c11d64dbde14aeea3b2970b6860, 03409003ca43f407bed8390326c7a0f55976cde8ee7be463976be09631a80a97
DEBUG DEN_INV: 217161dd430eec68126968865666c6f76c3a59f42026820afbff9f14018da01b, 1ec2fe8e0b01ce1b8168d9b80ea7f52d7b946ff6de5b64dfd1345eb166c54934
DEBUG LAMBDA: 2d3ecce8b3da63288b1d11865565726094f7539480c42ed285796e2002d07a5b, 0b12349a9db0d92608af1379d00af9bdebfa5b895783751e6d8b8358b079dd8a
DEBUG DBL p->x: 0bd88aa192dd2683e3985a818554d5aa0df1f7c656dc184bc35dae02bd9fbed1, 2e544d0404aa8e74d43ac6cedba463167834f9dd4eb49a39076c5b5c93f431b9
DEBUG DBL t1 (X^2): 231b8006e98d5d83e81bf4bce417620d07d3b67150dc32d2800335ed752bb851, 0f8ca5f240bafb89fe9c258790f2887718fd821c168fa3ae1b73afccff31ff5c
DEBUG DBL M: 0889e32efa44d83847b352c9a943756be8784e3121b1035d07c8899aae892e65, 2ea5f1d6c230f29dfbd47096b2d799654af8865443aeeb0a525b0f66fd95fe14
DEBUG DBL S: 0ea13ff1902710cb20be34a0537c261665d09742c67ac69bcd988e47da8c85c2, 20c858e666d1fa429d17832f4e5d4c55d727b8a2991c0d57e8e5f5e31f7c5922
DEBUG DBL X': 1cb5f9efd9a78a4cb3a4398e1b89a5e95841ef736f55b0f4d79191396e3eadbd, 2fcf841e79824ebcce167dd26225ff88c2f36c5eb39051022669deefe9b3c745
DEBUG Q->z: 19c2e5672199e2737903327b1b1736d5d4664e6c9ff3d98fc8df579a2234bb51, 2baee25c79e9c827069841f1cada7555cd9ca72c4573cccbbe79421166dc9c9a
DEBUG yQ: 006dfed623111db152395c74927e01ffcc2eaba14a7d341c92078d34c58c4996, 1304bc2db6627e35fcc6008617cca65fd6b40fbaf1d29aea52db61f01b5b97c7
DEBUG DEN: 00dbfdac46223b62a472b8e924fc03ff985d574294fa6839240f1a698b18932c, 2609785b6cc4fc6bf98c010c2f994cbfad681f75e3a535d4a5b6c3e036b72f8e
DEBUG DEN_INV: 0dae3b31e2c163cce9f16b78b18c3b2656283e0d4737b113dc18ed85b5423331, 2b0562600572101e469e80573de4bbc973c557cc47e100364413205b74d875bc
DEBUG LAMBDA: 1c5545f346051ec3644f98080ac054fcc297f51b19dd06e87e0136608d83d768, 2dfad35c6e205c4dc276303f326cf20cf891a0adba0cafca0a69194af5e037b9
DEBUG DBL p->x: 1cb5f9efd9a78a4cb3a4398e1b89a5e95841ef736f55b0f4d79191396e3eadbd, 2fcf841e79824ebcce167dd26225ff88c2f36c5eb39051022669deefe9b3c745
DEBUG DBL t1 (X^2): 18e214cb2fd4e31a6148e6353b55d1c70632d154e794dc3e4e6e0e6fd6fba6f4, 2b3b2e76c4b8c2570c404be7e25544daa0d4a08cde917ad1eef7e9d0b308adc9
DEBUG DBL M: 1a41efeeae4d09256b8a6ce930801cf77b17096d4e4cca2daf299f38ac75f795, 20e8ee7e8bc706b1b420584aa3fd1dd4b37b0c83cad0db5b54a6a54468200ecd
DEBUG DBL S: 07ca16d43c490aa93ee7e4e2284cca81398919a70c6e339376274ffca389f0c9, 174daa50c549d8cf2dbbf94fba366004fd0eb1503b44cef814d7dc5086afeb1f
DEBUG DBL X': 000fb073a0cd17fc5efedea204aea016f43ae0dd0298cba8143c860799de5abc, 23a018853db61c29f634b02bc5a52bfba3d6d4685409eb73b02c4e1a3897b7e4
DEBUG Q->z: 0085ac611a4c124c1edbfc169921546002d6561fe291e57b7267aefacb8f4b03, 28fbfcd68d8f59582bc7bc9cf5a775ba39a0bf96395966cf459a4174d7d4a30c
DEBUG yQ: 037466f865742e406edbfbeb9f1c60ae251d1bd37fd770bc24c7616f702bbb89, 0f25d0ddbdd90cfca3c2a355f346dbcf5172d0891e74b2f745d742780e7e1f8c
DEBUG DEN: 06e8cdf0cae85c80ddb7f7d73e38c15c4a3a37a6ffaee178498ec2dee0577712, 1e4ba1bb7bb219f9478546abe68db79ea2e5a1123ce965ee8bae84f01cfc3f18
DEBUG DEN_INV: 0b03e7f4a9ad154d4c9c5e5ed0706329e9fd3ba697ab020e64de5afc441e71cd, 19d285f26697f514c156f4fd595a18c3410bb62cccd39351aa0268176d266a96
DEBUG LAMBDA: 1da7a7faf1edb1e35de448ad241d916598d1aedc3f7776ebedbaba03070d287b, 2efd9af4a4d52f47442489cc349a95627b63edf57ecd43a6349133cf50ac9a51
DEBUG DBL p->x: 000fb073a0cd17fc5efedea204aea016f43ae0dd0298cba8143c860799de5abc, 23a018853db61c29f634b02bc5a52bfba3d6d4685409eb73b02c4e1a3897b7e4
DEBUG DBL t1 (X^2): 16a7c95d8cb94365cb4e8a2d5cb4ce581c0e3aa3e809b0554a80e3959692a232, 0a9329b7dfebccad7030871e0e7af404f90b05456a723740d7ceeb3d032db7f2
DEBUG DBL M: 13930da5c4fa2a07a99b58d1949d12aabca9455a4fab4672a3621ea9eb3ae94f, 1fb97d279fc366085091955a2b70dc0eeb210fd03f56a5c2876cc1b7098927d6
DEBUG DBL S: 25fe0bff6057f761db28d7d148d867a6c247b86567324098679971256d0784e6, 0fc22203dbe4e4c6f76ab8945ff114fe24c5fbe33a755627853071968620fb8d
DEBUG DBL X': 01afc60b2866e48a360c585e8285757ac60136e5d18e181862c3ab95d8407ebe, 031f0338f9a28ac27bc663b76b8b21f26fe126fd6501221ea9a1836e4ff0720a
DEBUG Q->z: 040fb89552b7da7db5c748364709e5bfa5f1396e13d342bf29634ddfa2ec9dcf, 132011c71d5ec6321235d2936f03041d4785e0ebf3c39118466a9e8a03fcee66
DEBUG yQ: 040db0cdb821364c40b9a6560cedbd3a0a5bf267d89adf3611dba89c399e42b0, 0a91a5341475568de1c33a3cab8b2c44688f3f596fc93455372eae62f9413b11
DEBUG DEN: 081b619b70426c9881734cac19db7a7414b7e4cfb135be6c23b75138733c8560, 15234a6828eaad1bc386747957165888d11e7eb2df9268aa6e5d5cc5f2827622
DEBUG DEN_INV: 2258a7a3a6aaae0cc038d07a7a47ed52568730c96ce2d20dd35c46bbae147121, 11406c15f24ff03d0a362d0f13fb2bfeed60013432539b22d614e3562c411507
DEBUG LAMBDA: 1edbfa0b3e43cf5a42c3fad56a768b5eea9587040a1b8b3de1e57d3fc03b3de6, 10f12767f5d7f2e174da461c364673e116359e5f70674fea5d07092c3f70dedc
DEBUG DBL p->x: 23b3af9f3b2f17855d341754631642d54583049c081fbc176f11d9af7a90c1d2, 1e9e130f38528709deec824c4be9995e2f6dc36ed08ad697aac50f94c417dfc7
DEBUG DBL t1 (X^2): 0d93381b7424639e6f5bb5f4e03e713500aa698ad1a9e5bd45b140012be931e4, 0a27f21532beb347f447ad081094d33b72f46fdcddbdd1d62cf67a5c1bcc2968
DEBUG DBL M: 28b9a8525c6d2adb4e1321dea0bb539f01ff3ca074fdb137d113c00383bb95ac, 1e77d63f983c19d7dcd7071831be79b258dd4f969939758286e36f1453647c38
DEBUG DBL S: 1a4f0edeb735cdf4aad78cc6ed3db741d4b55bea4c3cb32ff9693f47e8a95931, 28ac7ec2a26510248ebc22191906b988bdf4b464c544f2fb0839ae1e92197cd6
DEBUG DBL X': 04b794ed9137c5bdc102e6b3643d9e71245514dcb2e88a4f1d588329a02c3fd9, 0c2b3d874027d39836281a125279d85339a82b8e0c83cb4e2edd743432ea3dd2
DEBUG Q->z: 1e5d199c5042f9b4512f81a98298eab396196d86601e86d7b219e316cf41f356, 05a42773cbed8995570b61780685a62f351b4825743ea808962b788eb9d4e1ed
DEBUG yQ: 1ae631325475fbd51d66f06f57ab838398b75336e12a0d79b069addf6f95da34, 17ad8930590c00e9b4f69498662f1e69a4cc685971f73618e3af874beb0f497d
DEBUG DEN: 056813f1c7ba5780827d9b282dd5aea999ed3bdc59e2506624b2cfa806aeb721, 2f5b1260b21801d369ed2930cc5e3cd34998d0b2e3ee6c31c75f0e97d61e92fa
DEBUG DEN_INV: 07c124014937c19b050561bdc99610f8c72f089b5a4136ba9c9fa37c5f22a6dd, 2b451c7f436768455b97dba8890bcfa8e64e07ce7c5af259c440542fa4628a9f
DEBUG LAMBDA: 109c8a004ca7a1efa26d418fd7dbd29a9401de18f74cc93d33120cec01883d88, 0f242e2ad9cc571768dd4a67f71f54f7d327b4d83d2545141615966b4e8f2a2a
DEBUG DBL p->x: 150c22cc5bda8c6e7bfe430061575322fbcbce54d4f228f33cf3c1d6d614087b, 1e4ab1bf4dd1fc62225f80330be7f155bee486e286286a5a3ef73baf2c924374
DEBUG DBL t1 (X^2): 1d109cb4193943d2b45b2e5e830851f9820757cbbdc89d4b6b3a676f72d6d7e1, 09987435336b88b165c2b1cd4ec80dbef559d14f24cffe3f8debc75d3919c29f
DEBUG DBL M: 26cd87a96a7a2b4e64c1456507979d8eee949cd1d0e80d55058eaa3780078a5c, 1cc95c9f9a429a1431481567ec58293ce00d73ed6e6ffabea9c35617ab4d47dd
DEBUG DBL S: 2cdd7e29c56ce58a1bff6710d5903f2024a234224bce0a795c26cee388d71ecd, 1c0ce7ba42105c46f0131e2e32da08cfce095983e0f630bf8d15de40fbf4e2e5
DEBUG DBL X': 1880746ac9e7c6bbe5c19a2b894d181a020666dad25a418ac1301d64618b56a9, 1adaed7ac14c85ffa4ece2674c863db823c322046f3598812fec8ed31500b0ab
DEBUG Q->z: 1afd348390765b2c6fcecb0eda10d437f4a7b980c32710137969201b8732be80, 14dd8742bbd921ade69e44b375c90b363fbbff93a5c0784f828600bed1b2a815
DEBUG yQ: 1a09786f1679af74875fd20441012232c8aa3f87e286d425ca16ea1ea0cf4280, 0e9d30195d1fc5422e8023a56fa114247bd5a39469e9dd005a0912cfffb5df1e
DEBUG DEN: 03aea26b4bc1bebf566f5e520080ec07f9d3147e5c9bddbe580d4826692187b9, 1d3a6032ba3f8a845d00474adf422848f7ab4728d3d3ba00b412259fff6bbe3c
DEBUG DEN_INV: 1acbffe6f4a7e8e8e9f8d47cc6f24f8bd46495e542528791313a8c52e1449fc0, 2ae9d0211c947da032c5b4a406da70b17f89cbd098501ad889670249aa8ebefa
DEBUG LAMBDA: 03ebc17522660a58c8497fc70ee4efdf44c7d1481207a2752db6bd07836195c9, 19a796e8bb201dc189271ed8c5d1b42373314e9c2bbd380bf382bf04d3ad5324
DEBUG DBL p->x: 1880746ac9e7c6bbe5c19a2b894d181a020666dad25a418ac1301d64618b56a9, 1adaed7ac14c85ffa4ece2674c863db823c322046f3598812fec8ed31500b0ab
DEBUG DBL t1 (X^2): 0aed0ee03cea1988b06eb06239c84714d6a4c5daf7fd0aa8a24e2db7bdbba04a, 275807327dca686d774babf59a4aa0594d36fc8f44ad4492b1e3ea25979a3ece
DEBUG DBL M: 20c72ca0b6be4c9a114c1126ad58d53e83ee5190e7f71ff9e6ea89273932e0de, 153f78b1b6fbf8f4f5427873cbdd3050b8a2208afd24389d9d6aa64315d4c1dc
DEBUG DBL S: 04d34b742b9a8d5f8372b4b91a0bf37348b08d35fc8b14ee259d82c7f5b73b7d, 2574897901d2c4b7b11b863d283c36978644542ebd5c8fc5e2ab08eac16e2410
DEBUG DBL X': 29fb06b04b552dcd1eb55c486b33716c0a19127a66ae1d555666fd9429629c10, 2581757c1353eacd3090ecd8d989fdf69b3c8f7e26381c86707f81a1711876af
DEBUG Q->z: 00eb7d8593bc3a7b35813de6eef83b17b425ab238583cf3ea5aa01467feb06c3, 03f012ae3d2e837793687656bf9c8b442a98ac6d88c5336cbf2e53a2663f5f1e
DEBUG yQ: 26b524c507f7b6b01233e51696160281ad5417be0089815d806d7747ef1e8335, 050e1d760a609f5ede83b0b2bd51d105efac77698312fb879be7bfd3219583f6
DEBUG DEN: 1d05fb172ebdcd366c178476aaaaaca5c326c4ea98a1382dc4ba627905c00923, 0a1c3aec14c13ebdbd0761657aa3a20bdf58eed30625f70f37cf7fa6432b07ec
DEBUG DEN_INV: 2244393eee9b0bc94eea38f08bbe0a8920ddd6a5a52171401555deeb29130291, 153aa82472e703bb1f43955aa0a7118c32836f458a3a5e3151529a2d27d72fba
DEBUG LAMBDA: 2146fa32c370b2071a0271590adce4fe02a0677d0952175037c4be51aaf1afcf, 1d9fbe7fe3b97f19afc25d330b581dbb2368177ec4f25d23f59c3022a143d0ca
DEBUG DBL p->x: 00c1a26028d6da090f423ff70b06b9334db26495daa7231e7bf516b4eb7141e1, 0f66d36991468eaf2cffe784f08211556da17a94b02170a33530cc530660185e
DEBUG DBL t1 (X^2): 2249a2a8784cd9b56c55d530bd71b614531182e801bba2794c32ba25f2b3c9f0, 12122f6ae8b8d251c78e97bb0f59545c6cc95c5dcc6afb43a6aa6c29a58a4baf
DEBUG DBL M: 06144b13a6834cccd460f42535527181ca31b395344f52516c57164427216342, 05d23fcdd8f8d6cb9e5b817aac8aa4b7aedaaa87fccf273db7deb8661821e5c6
DEBUG DBL S: 2d3765d8dae9536c2801aae680dbd434e140acfca0048df642101d6f18c2ef6b, 29ee49af32855f118207fc64abca44ea970eb94028deb83077801ad843bfd5a1
DEBUG DBL X': 302b5fe02beeabf3251f078593442bd90e9e0fe06fb82e6f01f527d600e58c04, 063fc83c6e57b769734179b7670b162ed69bf55e11cd06726e348a080d2b6e59
DEBUG Q->z: 25c5421ebd25bd5ef78a56faa2070ceb9b0a6b4c881a280c7a6239f05e5b9be3, 158ba123bb533cf92a3e7cba8995fbeb1a82798ff2b3f152951d909008cfa856
DEBUG yQ: 28ad65df1d43c8ab3a6cc413de065fa9e024935117265d1bd86224d79e1a093e, 2cd55d71608da0a4f48ab6a8969c84d263c0de801d2eec48cdbd8f9adcff5ee4
DEBUG DEN: 20f67d4b5955f12cbc8942713a8b66f628c7bc10c5daefaa74a3bd9863b71535, 29466c6fdfe9a12030c5279aabb7b1473000526ed1ec0e045f5a931ee181c081
DEBUG DEN_INV: 207a1d14c2d60944539916e075b6500ac447529fdd726464e81ad8960cbbd06d, 2fd0cce2e527be5d8de7dc625e63720c35e08dbd9c917406e2c4e6cdc4444eda
DEBUG LAMBDA: 1830507164aca259df6703a4fa14c0876b34e1714df90e89c9a2e759d7316646, 1bb8755b0297c5487baf2153a96385cf1c4a8da05a9f4f6879e58f907ab3f5c6
DEBUG DBL p->x: 2ddfd40448263afd2099a72791f7d48868f223404f6c1700868ace029cf627a4, 2efd6c7ae17e2c34202fcd90f019913255c7578908d9fb0157001ed0ae680c89
DEBUG DBL t1 (X^2): 2a45f82349c4c9419c783da01c2838c3096b0573bd9129255b0c326763ec6054, 0d451fc1a46232a62b321a8639b3cfd3f133ed017abb0ed7c2253ca95e8ef759
DEBUG DBL M: 1e094b841aeb1b7164c82d735175f98ded3e3b3867cfe65598e37f087acb266e, 27cf5f44ed2697f281964f92ad1b6f7bd39bc70470312c87466fb5fc1bace60b
DEBUG DBL S: 1bba57df773b53fd038c3db828087016cac33c0fcfb11434997f4ebcaf5739bb, 0325e4c39fb27d4e15be9b873602b9db72e4b8722ebbd032318bcefb30adf7f6
DEBUG DBL X': 0292ac789d0de8576ba8f42a9295dc726cc14dbf3f3546346431862b8c39782a, 0a9530f412b30d89e6ed117efc5e788c4579723c5ddc74804778799352fe58d7
DEBUG Q->z: 2c5646900dd15e795c336211e030c5046c6c5d5a9ff1e64dfd5d0d06c8de64d1, 202d196cd0aeec7b7c2a77c07d762edc81e0528650b6119739f00c1df18940e9
DEBUG yQ: 1942a745fef896e13c9444877ce394e87e0e09026cfb6a766e8e995a10a96d5e, 00c92d06bc7e9450d195efe55fef09d21f73ee9935c89a50b612ba5272154cb6
DEBUG DEN: 022100191cbf8d98c0d843587845d173649aa77371850a5fa0fca69d48d5dd75, 01925a0d78fd28a1a32bdfcabfde13a43ee7dd326b9134a16c2574a4e42a996c
DEBUG DEN_INV: 14f0a5e357e34e5a5fef67b2a5f85ad1e33e2a53856fbe40420d9a5e382fa81c, 1e649b13b1ae3d590a96e73b9974f7f52d128e3623b0a401b0c3ca9d5aabe566
DEBUG LAMBDA: 2f6e77c6da883d6c6aa37df99444bd90bc6e0677b3577b5b898dfada08cd3c26, 0f69cbd2f17c2063faaea96039f738da9dca085b2e25ff5def94ceea4dd0b812
DEBUG DBL p->x: 266c6963bf7c0f9d7f07e5a90d34aae2f09dac268fade2b254f14271787e8afc, 28ff2478b609a4b14a390aa9804c126a8de8d045fe353d4efc5f04ddbc4f7d78
DEBUG DBL t1 (X^2): 15d87de2c483d86cf45caf13c5de288cf2a29b3f34abddf0209aead2844cc500, 24f2fc8eeae1178add7c4928f837e591e6ebfbb5da0b3f88d8ee14b8eb976c60
DEBUG DBL M: 11252b356c59e91d24c5c784d01921494066672c3591cf4325b03460b46951b9, 0e1058c6fe40064d27d4500de5a4fffa85c11dfebd3e2980128925fd11cc4a92
DEBUG DBL S: 2618ca9b64540949ac57488a461f8948aee1ed799c967491afeaf4273a1a6350, 1df4c837bf82554d8f79fd0d62db2d6ace6830d175376efa3ad5c258cd0d749a
DEBUG DBL X': 15edd60e18764e396919effd2d846f3a287be7115ca2b0d5c4446945f1db7672, 0e9a505ccb4939e8794a1b2518a84a8445d9aa15a7301e485fb3a9cd1c0818ee
DEBUG Q->z: 27710c2abef1b0d6fd09713c4fefc32ae802f1ddbab2d2587f7c5cdbd70fe81f, 06b7c25b7c2da7479df6a70a734ebd7eef9fd589cc88baf4d5fd6d7ed0141744
DEBUG yQ: 0d91b7dfbb678973a7b0b3a481baac72ad5c2e5f5bae363289f505c2139493cc, 0a2f0a00cc40309d82aaa73d1afc6be9802c3da53cfc2281f5daf51d79b0a6df
DEBUG DEN: 1b236fbf76cf12e74f616749037558e55ab85cbeb75c6c6513ea0b8427292798, 145e14019880613b05554e7a35f8d7d300587b4a79f84503ebb5ea3af3614dbe
DEBUG DEN_INV: 1c894d372bad9291ea29873abe1c5fac515d753ff0f1487346405cd49ee753c7, 0880198e065c0ee5dfab85bcfc047ccec3e4868102b4d1bf21a0f3bbbdd41fd5
DEBUG LAMBDA: 0ca98fb6ab43e2eb0893f8549895f36990c5ac5fae7352b3eba2462de0b95337, 2c97dfcd2a205f8e0d41d628b37b6a76952e1718e373d944e61be710e768132f
DEBUG DBL p->x: 2167aa12ad81e5634138aa421a556019518872caa49961b125bacc039ddfd980, 02b214591a2b2d8e7d0b2caa7ad4a26229275cac7620597a969d65c56f04538d
DEBUG DBL t1 (X^2): 1d4c4814be9b95fa546e82522a755b8ee731a06cce727941c08ba805cfac4214, 114e9f7176c32c2c41c4185e7d139dd312fdbc69483bb2e46ecbd82e237903fd
DEBUG DBL M: 278089cb5aa121c544fb413ffddeba4f1e1376b502e5a13805826bfa9687c8f5, 03878fe18317e45b0cfc0364f5b9811ba177caaa70414e201042fc7391ee0eb0
DEBUG DBL S: 1e18cc619a06f3950adb5b5d1068be95dd1d1f4fb50c85746862c9a1163c41dd, 0d83f5a8dad23534d363e9d136f3a0514a4e8f722904bb5038b278fc9dadeda8
DEBUG DBL X': 2b273451516ae157b260d18dc71dcc8122c70d33c4b5ed1f489636b40427cf1e, 001e2c4a47324ccbc8823140b2e855a1df51f5de8b5b261154de9dabc4efaad9
DEBUG Q->z: 03fa9714aadf5b7db8a63b9f8b1cf3964e7596fdea66e81c8cccbe94e28571b2, 0392cf2a3d22b4fb844f097cddf0fa2eb148410a83bf75ce1a88077addf5c814
DEBUG yQ: 0dc1ce8d86bcd92ba098daf06cd1eaa30cf1f0b3142a2642f567337a0a5aa794, 23c4f7b5364283b69f46419c6261270476a78a1e949f61d237268cad54011932
DEBUG DEN: 1b839d1b0d79b2574131b5e0d9a3d54619e3e16628544c85eace66f414b54f28, 1725a0f78b536743863c3d824340f5ab55cda9abc0ccf917322c8d43cf85351d
DEBUG DEN_INV: 09b6e280b3b0d45a2cd2b635c43f63151b9a582e3bcde651e99ab5ef6070783a, 11365cdafd71ce265cb2080621b12e95112e7581bea6b1e4f9060c5f58f0f15e
DEBUG LAMBDA: 096a4b2a65b7948490808f774700e10084457f64ab6d42e26149da203be4f296, 1d7fc1353378a1b38e6685c34e0c7a2a9a3d4ed315028527709e46b250647c57
DEBUG DBL p->x: 1d0be5f3dda14a309715366790795547969562d358748fc77bb45db256bbe53c, 16e9a7338cf4c1a5084c14ed8ea1eed53fd0b7928403afd8f6df6027e8683b52
DEBUG DBL t1 (X^2): 0e2405aa1f85b8735916e990cb67d5f681ee3397e5a732e83b2a7061dc0a9c1b, 122770f545a02c9b879abaea4948206a61bbfc4c0a088ed4b8b22908b3754eee
DEBUG DBL M: 2a6c10fe5e91295a0b44bcb2623781e385ca9ac7b0f598b8b17f5125941fd451, 0612046cefaee5a8de7feb085a5708e18db28a52b5a7e1f0edf5ef0341e2ef83
DEBUG DBL S: 276f61b7838c993bc38d92d8d4e0f0eac37650f69a49f3ac30d0cec3ca981537, 1945dc5623369d5d423987fe20f4627d1dad5bb5fedb2eb7e6dc479a03907b66
DEBUG DBL X': 0bc774f4246f8257612368ee5d1b77b3dac5e32e01f09159c2ad6b328d18c48a, 00b2ed53c35ccac137ee6d677b426173a0231588b42ca2c7e7065b25c0e07beb
DEBUG Q->z: 191ce9966d657dcb21b02f79584ea977de6a883980e189f644ddb51d27b535f9, 1bc799d7889a078f5b2a90af4b00ba00930aa310830fc84b8af118022aa15d86
DEBUG yQ: 0062190253be3209ad2670f5889decf7ca862556edeef13083fc3d97811a5e72, 0d63138253110f6c9bc6f8cadb3782f9d13ab8b0a782246d463de927126b50f3
DEBUG DEN: 00c43204a77c64135a4ce1eb113bd9ef950c4aaddbdde26107f87b2f0234bce4, 1ac62704a6221ed9378df195b66f05f3a27571614f0448da8c7bd24e24d6a1e6
DEBUG DEN_INV: 1108ced783040a27c299b9b57bb24630ab187c39f406836a317abecb108bcd3a, 0d09fb1f0835d7c0cd96c1f4eb5d8d55823912b25a56f0f94230a7e69e000422
DEBUG LAMBDA: 23c85936545d3d098a9f3ec3eb03f1b1f8c44681d9f9ed18838ceed6bc6bba2c, 191dfc6d9df2bcf06bac17be69dc7d60bb32e977e60bbacf1e0bbcd40d554057
DEBUG DBL p->x: 0bc774f4246f8257612368ee5d1b77b3dac5e32e01f09159c2ad6b328d18c48a, 00b2ed53c35ccac137ee6d677b426173a0231588b42ca2c7e7065b25c0e07beb
DEBUG DBL t1 (X^2): 25c0bf47693489ebbcfbb6e310f032190bad4789b67cb739ea301d4f65d7b7cd, 07e8104617a036f2e0123443807dff4543945b2947e74c1896df56151b2bf0e0
DEBUG DBL M: 1079a0f0793a5d6fc652993c2fcde58ff405017a52929093464f3fc0808d2cd9, 17b830d246e0a4d8a0369cca8179fdcfcabd117bd7b5e449c49e023f5183d2a0
DEBUG DBL S: 1c9c295309914e536d032eebe1751331ccf86f3aa5b5dc4ecd34c9faebdb5a16, 23f54c2714939f76fa27d9f97eae13b86b155283609462cb3e32d609102f3545
DEBUG DBL X': 05defe3a4ecbd3a569b67267e1f2530d50a362ee073e9c614501e2c020033ee5, 176a00d9ca8f9a409ec32e3d0d49d028ca604478ea23d0335e9cbc0bd047719a
DEBUG Q->z: 2181898b50b8ab9e98aa317f8443c3f5d46dafbe20c270500416838896603769, 10df60233d649bfefaf3813e12fa616cfad2e46d7796d6209443f260732297cb
DEBUG yQ: 2a1a104e2be05b121bc201f6b5daa0a94ecb4b971cb65ce2b12677ca2927427d, 241aa09749a9581f1198b113362a05d5a7661a11429e8705d584d1fc969cf3e1
DEBUG DEN: 23cfd229768f15fa7f33be36ea33e8f506152c9cd0faef38262c637d79d187b3, 17d0f2bbb22110146ae11c6fead2b34db74ac9911ccb437e6ee917e254bcea7b
DEBUG DEN_INV: 02ecb748f55c146660a4d5032d1da0d1dcff6800bd9efd264451d1fabb0a40d2, 27a909ef4c1967b1b347bf32aa2807e095477a3f61a75a4d5199f81c09d8ee15
DEBUG LAMBDA: 04e2cbbf9b4aa659a8ffa53b6974d58abdb971572003ad67bf5bf3e7fb050cc7, 1eb53b209d52e4d3b005d1ea989e0f5802871213977c00bbe961e1abdef6bff1
DEBUG DBL p->x: 05defe3a4ecbd3a569b67267e1f2530d50a362ee073e9c614501e2c020033ee5, 176a00d9ca8f9a409ec32e3d0d49d028ca604478ea23d0335e9cbc0bd047719a
DEBUG DBL t1 (X^2): 20ae95bcc200af9a1e2a9eb5f21d9b0419d5814dabe27e8a623f96b5c4bfa7e5, 2874a99caab6da367f26174db448f0be8267c4a4112ffed0466918200255a22f
DEBUG DBL M: 01432450839ece7ae9df50b4d35620511e7daec632c3e684ae7dabf39d44fd21, 18955ff03dc14e500cd1ba7c19d82180583478c962ac67565afa30325606ebff
DEBUG DBL S: 0d2bda49ff82834cd8e677470f4eb525dc398cd4f544689eb2b84f3908d421dc, 0c15659f94db813b92a1f4a87f46539161c421bf810d4693e76d2ebba54d957c
DEBUG DBL X': 100e27f6514e7a7e1c841e898c5f8add8f491fe03fbb774df3818d26f543ec47, 0a0e0d5c05b58c1b3a95312a93db29d8e5a9e33724cd2e5c6cd35af5a7494190
DEBUG Q->z: 0529ca7f5be061e67aeffbcad91a6e9e6922e3324527d330c78f34426d86e2f4, 0415e7ede8ab72e14b7f112a3d776aa0202e0c82d28f50cc2dfb30f76a6e15e1
DEBUG yQ: 017c2183ec811c7788510801581965f9e717a1b2286528a00ef5e753c035cf4f, 13aac27c5e63b4c845d3378f780a0ef67002be4886980a17f3896c6616171cbd
DEBUG DEN: 02f84307d90238ef10a21002b032cbf3ce2f436450ca51401debcea7806b9e9e, 275584f8bcc769908ba66f1ef0141dece0057c910d30142fe712d8cc2c2e397a
DEBUG DEN_INV: 1c6c268981247ce84d3de9ae13825ab4ed8a9e1f48f8b5d28f6db7b63c63a954, 2f3823c6fd062b43ed6999d6d1400d7870390c2d2791f7840f02148974790454
DEBUG LAMBDA: 287cf96c37ecccdb70d00c96a7efcc7de652a885f25fed9f69ddd63cf0bfe141, 174e4b821dc68776f5f84721bead53224122091bf6c19bca57630eb6d6240613
DEBUG DBL p->x: 0b2d5b0e10c309e0247f09e1705b3b26cb93caf4c946df778eae7b0771bd981b, 01d3698fdd5bcf83f125d80eefee814566526316a120e5c7bc75cec9311642df
DEBUG DBL t1 (X^2): 21e22324cb7611e9d4505b893247c56ac354d65b5e60efb9bfe70fddf60aab7e, 14b9b03f57286b310680298d6ee91d1af2f912057e08d32edec718d6564d3212
DEBUG DBL M: 04ddcc889ffef56a0c50872e93d49f851afbadef4a3f3a12c774176c312607ec, 0dc8c24b2447a1695b3036f1cb39fef34169cb7f11a8aeff6034be6c2a6a98ef
DEBUG DBL S: 0cb398464c3c40d40b049db4e1f928993a15933e94a637236e1a559e90769af5, 1f3d8b0f1db6bf47193e03ed4a2cfbc624240ee18de3ae4bb4a90b8fba8de6f2
DEBUG DBL X': 15e41c0b956c134f53e34fd0be14452874bc2f7b7382b3237f36752ab09a8bf4, 302363ef7ffccb1b4c6572d02fc03d35cae3d24a422ef8d6a0b234c591ef1294
DEBUG Q->z: 1d1e398f96ab940c6d96f40ba2c1ad60e9ae9b7b5729eace0e69419e22210841, 296011e7bba7697b4182c3fdcb01a90e7e07da370d877a48bfb075f0bc57d75e
DEBUG yQ: 1a790137694bddf8430ee497082598832f661925b7f92a67d6a2b7b6f032623a, 201946382854b274a895a9d38cdc5fbe4f5a944cc031a4b86f4cd1050855b9d8
DEBUG DEN: 048db3fbf1661bc6cdcd83778ec9d8a8c74ac7ba07808a427124e35707e7c72d, 0fce3dfd6f77c4bf98db0df09837671f0733be0817f17ee3a27915f3382e7669
DEBUG DEN_INV: 09b7d4b022f3b8b10ebe1806563aeed916f4b863eeb72f496c0478f39a911bea, 303624580302dd949ef48d44980c4098d1b99e70398a797e914d20f228720390
DEBUG LAMBDA: 07925b092f33bbc685b7464f5dc3a4f9cc8ca520abd32b605af5e23184562f49, 0bdd498e957f8ce98062b373bbadc1b71412dcc84474bfe33bc88a571674c642
DEBUG DBL p->x: 05cdf2b9c6d7bc19c9ef8e8af5fb7fd5f4a2746832fcb5bf526a5b999a75f691, 2efe55198bf1a31baa349f9d014520fdae36de9c40d6e962436873a867795a1f
DEBUG DBL t1 (X^2): 00ad42eda3e1a695d0f53cec69c11986925061fdfad3fa0f6f28ecb72ac6473e, 010c3d081dc4fab4656b3f341e748ffd4e94c0b80f267cff92a4eb2e5c194663
DEBUG DBL M: 0207c8c8eba4f3c172dfb6c53d434c93b6f125f9f07bee2e4d7ac6258052d5ba, 0324b718594ef01d3041bd9c5b5daff7ebbe42282d7376feb7eec18b144bd329
DEBUG DBL S: 208f482e35d53a32c5d24d32f189baa12a6f3ae626a6dbd26f5722067bb1b903, 04dfe97cdb1c284519a0529ed9918851a15abc41e297d2a7c0f0e6a679746441
DEBUG DBL X': 18269d156519db03fa46e8295ebbaa94790b1746e324482fbad09e2e385da65f, 01547c1dab66cd0b6e9512ffe264744642ded9c285a4f1eed3564d954280cd6e
DEBUG Q->z: 1f539e5fd0821c5118546bacd1edcf7bf23d9f90e5dc95f7bb2869c0372a0fa1, 28ed693f71d6d14362d41ca3722b084126acc48e2ff44a692f183d93e6109af2
DEBUG yQ: 185ee8f5a92a5218de60ebd042fbbcd4462d55b74761dabac6e1eaba801131d6, 1456fa956f3608a32206359862f167b5d31ef5159ade58a1aca8d642b801340a
DEBUG DEN: 0059837871230408047191ea0476214af4d940dd2651eae851a3495e27a56665, 28adf52ade6c1146440c6b30c5e2cf6ba63dea2b35bcb1435951ac8570026814
DEBUG DEN_INV: 260423ffa9c388b20fc4df59a418fdbfcf5908b4d09873137a60616e34185411, 0440a5a60a6e5e3400ef45c0c4c4311874dc2edf79a10162b444b992dba5eb2f
DEBUG LAMBDA: 19da6d72bfb2e1f2a6c039c5935d2caee91370104c28dfc26544fb6505c5be50, 2425dae8a900b4a1114a65c3c5cfee0706c153970bda355bc9898ce38e7d2a31
DEBUG DBL p->x: 0ce5a04f88606972ee3123322cd0e13e5743f9b2ab46a482050d22cdb0fdd406, 05cb0796bcf01acc81b458c96ac9bb2c4d52108a2ff40164135176b9d1c12a4c
DEBUG DBL t1 (X^2): 21db94da27aaa55d928e72cd1a0836e61222657e75784476e063994adeef161f, 0c403236a1f2296adcbe3b694ad6f52a3eb3ecd26b5b5631c2bff541d980951c
DEBUG DBL M: 04ca21a8b49cafc5470accfa4b15f3f707645b588f85384a28e9b3b2ebd347cf, 24c096a3e5d67c40963ab23be084df7ebc1bc67742120295483fdfc58c81bf54
DEBUG DBL S: 1880c098d83419e82253173a936c44277ad20281fdc688e2820ffb16fad65629, 284ad9ad075a033d849670c1a9329e0d5d37e1820dab98c3bfc90e6f10e20d39
DEBUG DBL X': 01e2b63eb83fe95dc276ec918a66628f88af2f0707a75bc71aa727571439acfa, 004599dabfd7df4a52fd0ea61700ab2969baccf5f468f949d853c52f1ded0a41
DEBUG Q->z: 1997d84e255931f3fadd937ede206ca1621768fd13e6b47360a1c8870e334aa8, 1d0d5ca1a9dbed57dc0405f05cb27c6a66fe8bee7f342587990f113628eba762
DEBUG yQ: 276a60ab4bd4b18bb399e6213ecb3b1cbe30f4cac28921dc6b6896b2895274ac, 0355b5b61919fe439bc267fadbafc938a22e9eb97cd31ca8ab46168b7aeef8d0
DEBUG DEN: 1e7072e3b677c2edaee3868bfc151ddbe4e07f041ca0792b9ab0a14e3a27ec11, 06ab6b6c3233fc873784cff5b75f9271445d3d72f9a63951568c2d16f5ddf1a0
DEBUG DEN_INV: 142936c28b6cceb39e297c29e0f9faa263b8b4ad4aae1940c895e6519937edaa, 2ef822aedfc8979fa20ee2c8ca4a09082949c6a182c45d5a77de644fe88ebd69
DEBUG LAMBDA: 118b56e3d1552ef4be75466e3e214098c9ee7aa28f4a4052b0ee343398578866, 102fa77000149bf02e4a0ae272d108d0e17e4db6e3656c120f7d403aa51b81db
DEBUG DBL p->x: 01e2b63eb83fe95dc276ec918a66628f88af2f0707a75bc71aa727571439acfa, 004599dabfd7df4a52fd0ea61700ab2969baccf5f468f949d853c52f1ded0a41
DEBUG DBL t1 (X^2): 0db394e2a997fe225217ef9fa347d8ec9708f58e5ad55a9a13abeed215202e52, 27344af34331d24f5d0b89dab939e705e62ac3a00c8a3657fdf5df5884f47b5d
DEBUG DBL M: 291abea7fcc7fa66f647cedee9d78ac5c51ae0ab10800fce3b03cc763f608af6, 14d443f40732369aa682122328ab0456837d75bd54bb0ded81a085dbdde37789
DEBUG DBL S: 101785c358d802c5cb1fdb1a4c8e95692add9aa9fd75381590711158a71cdc43, 23891575562f420899f4b904436b1c94ff9cfa1f5fb68f38a6ee4d9fd9a10449
DEBUG DBL X': 0bf6827a92919b05bfbcbca06409f0831fc6e44e23f60bc6325994612217fa5b, 0dae0a7ab31d2cfa9d8dddc0d8c4de590f28c3ba61c5883cd0a6e4243a660432
DEBUG Q->z: 250646f7ea451200b453be76d5ee9ee3e418da9e043253c763986fcee49885cb, 25eb3ecd668f4c482641f7d3e11db2287e3e6dfb5cd068a488e56fca751223b1
DEBUG yQ: 0d5fb4bd459904036fc6a7169c013105aa85eca2a9d584222930f88fc2067a9b, 282b8bae00e6c83b57ad2a03926a75384609d4cf730c1a8b47a14bf3ef42f9ee
DEBUG DEN: 1abf697a8b320806df8d4e2d3802620b550bd94553ab08445261f11f840cf536, 1ff2c8e9209bf04cf70a0e50a3539212f4923f0d7da66a8953220bd10608f695
DEBUG DEN_INV: 1b83233750efae13d41cd532790403e923a6474d80c49c2a5f21d0db7246f594, 0c6138ecf3dd10de292059b8cc4ae9f35b28de549370c2c244631e8528968d55
DEBUG LAMBDA: 1cc75979f320b9d21943b45651693b9a30a77d88b85474b7465f6b89231e5830, 1406e7abfa945899c4b7bca2b60fed144468f84acb9232f5ae7fbed991229bd1
DEBUG DBL p->x: 16dfc9f15754c86161f9471acdf4e1932acc4f9d21814090293d6d9247c50e58, 2121336f0f65f8408f02f8de2c0490a71b05c381ba3afc3417831a5b58124754
DEBUG DBL t1 (X^2): 1be007dbb966ebbc6931fb31b0dc69644881597ad2f364817edd84f3f8db39cc, 09ab1a4aa6937146bfce768e510b0d33834c50b08a9d241eb4989a8d1947df26
DEBUG DBL M: 233bc9204b03230b8345abde9113e3cf4202a1df106862f7407802c51214b01d, 1d014edff3ba53d43f6b63aaf321279a89e4f2119fd76c5c1dc9cfa74bd79d72
DEBUG DBL S: 0b61dd5fac99ced16243b42cf4e2bf89653d68cca575b166ee2565372f366f67, 2decef904ec4cb9f0980cc3f0d19c4115706b8a6ee8d62e05c3fba06f6865b50
DEBUG DBL X': 110bff50844a59c669f41aaae3d8d863dbcee221544413f13594cea5958de475, 05b97f0b3157d24c0451e1a5093b90c5d2550295e2df12a7b6f58a32a4b43648
DEBUG Q->z: 0a29992a7da89ec84e1ec47361b0cb92e253b0cf4c510b4bca4349add7c14aec, 04c1741dd3f69b4f2cf4a8e1384479663ec57f6fb2370295fb390ac855e3e70d
DEBUG yQ: 03ed0f660862824de231093a827c4224016f282fdc4b5bd7da129bacdf33e912, 1963111cd5effcdf962041c61a3b81c922a065b19fe19d0383359d96bc070d85
DEBUG DEN: 07da1ecc10c5049bc462127504f8844802de505fb896b7afb4253759be67d224, 0261d3c6caae599573f03dd5b2f5ab34adbf60d1d7516f79ca4aaf169f911dc3
DEBUG DEN_INV: 23dfd16812526016b83f7b61350de0e33082b9f3cb1d01ce565e47035c49d8ab, 08c2b2c5d9b64538ccddf43678c05c190a4e8b66b017ae4385edb6a4ca19a6be
DEBUG LAMBDA: 2ea1e542da3cb10ab4dfebbeb3873afc04feb586f0a427ff313e3b2e600ca5ad, 17b538851d5b9ed35da6a400681fef00e6bc249bdc39d139e45ad2437802cb2c
DEBUG DBL p->x: 1fa347438d5e898baa00afcf62d123ccdc2a480fe77cc75d6a1c1be80e98cb27, 2549510016b0255a300b79b512e126a87669e432069904ab4c46ede6e446e08f
DEBUG DBL t1 (X^2): 1dead0e567bc2dee808dcedda20da4653dd160afd1c203af7a52c5957d40cc08, 0543a55929eb08a4d3b294650f89aa98e8b80d45145f97d8f314cea945819189
DEBUG DBL M: 295c243d5602e9a1c95926e264a794d221f2b77e0cd4408132d7c4a99f4566d1, 0fcaf00b7dc119ee7b17bd2f2e9cffcaba2827cf3d1ec78ad93e6bfbd084b49b
DEBUG DBL S: 268de468293f31c1f83a7c87138b22bdcf9101ac0b19e40e5dfca8569950ae5a, 2d4562e27f1ca9819a411b81a32ac71270ead4cce498724a47a93567e02b8726
DEBUG DBL X': 22c1246424dfd9771d9c771e96f031add86210091c13e34093b9223551ea4849, 139b0a66b8002d3444a96fb95bc9e60ee8569391188b48286d22d8a827634ae7
DEBUG Q->z: 1cce8c6759703c1f1311f39f379a73d27b22d7954021a17890d3d432b1031c94, 09a372760a66bc3d092e49000b8cc4a3e4e6dee4fd829840e0a34117dc5a02cf
DEBUG yQ: 15b9c4be30c6c818cf2763d083dac9349381d8d677fe26e292c7998e559a5e13, 199217282b6053e171041d9f11cc5ef4aeb6031ca46578953f4f0c46f7940304
DEBUG DEN: 2b73897c618d90319e4ec7a107b592692703b1aceffc4dc5258f331cab34bc26, 02bfdfdd758f079929b7f587a217658bc5ea9ba7e059269d427d8c7716ab08c1
DEBUG DEN_INV: 04af42da37d46074d7eb9a3137f24c1704ccf53a30e0b2846f1cc01b6014c065, 148fe7781034963e8233ba0440c1fbf6b7f4c56bb0404165d39617b66187d1c2
DEBUG LAMBDA: 17ba96e21189a0694a006a7c4e5d3ec9f82be925e697fdaccd5263e2f9b88e30, 0c573470e5f7879b01804be5edb139fce0f4f3d0fdc8848f5448eef91d9cc123
DEBUG DBL p->x: 22c1246424dfd9771d9c771e96f031add86210091c13e34093b9223551ea4849, 139b0a66b8002d3444a96fb95bc9e60ee8569391188b48286d22d8a827634ae7
DEBUG DBL t1 (X^2): 244ca5c967e95f7733193f1469a4cd4bedebe06f00063017080ea7796c644bfc, 0418a5771c62c670ef442c83ab123da648fff1c09d8ae72580d075a78d008012
DEBUG DBL M: 0c1d54767558de1228ab31d039ebb7289ac0cc2a2f2efb2a9feade3e9432e966, 0c49f06555285352cdcc858b0136b8f2daffd541d8a0b570827160f6a7018036
DEBUG DBL S: 27454349edbff8ff9740654021146e607b35b8dd3378f995806862a1c52e933b, 0b78665572bd01ccae6e92d341a138bc3258b5238e07642d70947948603e30f2
DEBUG DBL X': 1e70dfa5bbfac1e2e3f7c232d258aa1c424c85ec4c7172bbb2f2b96cac7425ce, 1f8663229d8e92ebc0891c2bd561a2321e6c6ac250e81d27611a1eafc7f85c40
DEBUG Q->z: 160a15dd3a779f5859d8512808459fb96e443b8fbe5a863d60bcc76db6b5cc57, 1574a4f10dc85fffa76a0356d08b3fd0012a2a17af93872b8012ffdc01150a0d
DEBUG yQ: 1151472956ad7cf15d4f95fc759893caadde241ab4eac44d62cae0c9dfbe6804, 073391f769ba8c05d39cf610de1663bd09b14d0df6e77e1d05be47cac77ce664
DEBUG DEN: 22a28e52ad5af9e2ba9f2bf8eb3127955bbc483569d5889ac595c193bf7cd008, 0e6723eed375180ba739ec21bc2cc77a13629a1bedcefc3a0b7c8f958ef9ccc8
DEBUG DEN_INV: 1e2b2b37bb6edcd09e18f0d5bbf9bb5f836c232895a6699d30d24957b1419e61, 0e471b4257b149886e500d4f7773100e2e5160a6a43a2183c991a9370b467d8e
DEBUG LAMBDA: 164665085c367615704db63f3ced215bb803b1d37daaf9485d60a2f2d68a1923, 117fa588fcb566db14b92174ecd733b1f03eca368bc89b1c437124c7e7b89f9c
DEBUG DBL p->x: 1e70dfa5bbfac1e2e3f7c232d258aa1c424c85ec4c7172bbb2f2b96cac7425ce, 1f8663229d8e92ebc0891c2bd561a2321e6c6ac250e81d27611a1eafc7f85c40
DEBUG DBL t1 (X^2): 2f8308491c0a0bcc453de06c6379c6d28d994a47aaf45e5f64e6ac9b973eb91e, 11242cfc6696db196c8a0c0d913bcb700d06d6bde590ed58008c2248ef1b6df9
DEBUG DBL M: 2dc07bf591bae3115f1915d8276aa3bc79c909b42ff98603b672eda514c230cc, 030838825292f1228d4dde72323209f28f9319a84840fd7ac583dac3f4d54ca4
DEBUG DBL S: 16c041c6060e392769e0d7d7ffd7763e012fb88b6dab3fa3eb0fb5b5e2e2de7c, 17c17d7122deab338d3f4be021d2b8c0255e0dbd5753215806e92c8e302a0936
DEBUG DBL X': 25eae0c6044095bae29aaec6c619e2d26b02b6b3e88e2721d6a6ee3be6a230d2, 1291c62e8706b1051d851ec29ee2bf020e63649e6961d8823089bc6fbd4c1db6
DEBUG Q->z: 2634ca3e4edab04de94fce9e25a13a6eda32318a7213a7fae6fe12e6afbb84f7, 0909b62699182e63bcc37096ab9d0ca8c3ad0f92a39a56970b0b92bef86c6216
DEBUG yQ: 009bfa8f7332462c156aece4cafb9f2c69a22326a0ad08a0772945a5a60b687c, 134df41d9ff465674848732633afdc920fbaa2e7557bca242af9c98b1dd659be
DEBUG DEN: 0137f51ee6648c582ad5d9c995f73e58d344464d415a1140ee528b4b4c16d0f8, 269be83b3fe8cace9090e64c675fb9241f7545ceaaf7944855f393163bacb37c
DEBUG DEN_INV: 0e990ee89fd697444db1c605b759a696981c7ea41233e83dc6bfbfa1a735a3c8, 1039827c0b49dc78935424c2d717e52ca4ece809e92171a9e9edc9314cc34f66
DEBUG LAMBDA: 2ef3ed952afec27a5b2d40de895589ef8b76fdbec35ff9bfcf4c58b45ca820df, 0450b5e0be6d14aef77b6447ae5dfc178663acebe5b1d99cfa9d3a9c368ddda0
DEBUG DBL p->x: 25eae0c6044095bae29aaec6c619e2d26b02b6b3e88e2721d6a6ee3be6a230d2, 1291c62e8706b1051d851ec29ee2bf020e63649e6961d8823089bc6fbd4c1db6
DEBUG DBL t1 (X^2): 19eaa53dadf79db9086c299b561ff136d646ebe2f604280ef4332c9a845a6710, 13142f69a16ddcc2c781ff86b1264d9c56158d86f5d672a781c98ecbe53c6fcd
DEBUG DBL M: 1d5ba14628b5390160f4371b80de7b46eb535917799aad9fa078f9b8b49237e9, 08d83fca0317f61e9e35b8dd91f190776abf3e0379118d69493c204cd7385220
DEBUG DBL S: 1897b14efaeb5f2c9c0c35bc2eb0fbb6ffd734697b41f402c39834bc1741f8d0, 1139af4b025bd0a8f832e01d9c7a4240ce7e7a4cb0c5a97751b37d5aa7815605
DEBUG DBL X': 26a450c86ab1395805af424baef5a6b945d38f2608c4c92b4ec43cfd3b088f86, 2fb8e19051b1df6961c569554001ee8fd6556651136ef03fe23af5cc28e451e9
DEBUG Q->z: 0151c11ad5226532021fa84a846a9c32b49e3916684f8c3116964027d4e9aba9, 263ee3a2b5f18ad6f7bbfce607954fa34c4faaa9a06617bb53a7847689285217
DEBUG yQ: 0c23feba2ab6615dc4d1a8201bdcd921c6395c08f4e3a18970c11523b545e600, 137e9fb73ffce6c486da967bf3f1010936d8c47d50f42524be7560580f03d3dd
DEBUG DEN: 1847fd74556cc2bb89a3504037b9b2438c72b811e9c74312e1822a476a8bcc00, 26fd3f6e7ff9cd890db52cf7e7e202126db188faa1e84a497ceac0b01e07a7ba
DEBUG DEN_INV: 0c7799135fc0587d2b1066edebd8bd32fa0c61323360e4ad876fb4f140655959, 177f8cdbb5961e44b1e4b92b10b2a2132be83d2d4d883852ae29898018cf901d
DEBUG LAMBDA: 103ce6d702efa719435b34bfefe82eabe70ef9096e24a39ee129aec25054a3fc, 0962f79404de94d36f5606daa71ac215f156af89b93d186df794e90eb460a93c
DEBUG DBL p->x: 145726f8df633a3e0a011568746e4096c176123e2dba79864e3bffe6fbc3799f, 0b880428c0a107fb6cd48e07cc37d8455006931504ab1bea9d2b02b30cca59b1
DEBUG DBL t1 (X^2): 246bf5b1a4b7dd84a2065471fdc36f5e7a462a55ebd478819a1caf36ff3e0a3b, 0bab93448296e28855b10fd930814bdf7b5ff9e8a1afe5a424ed8ca9760bfbd1
DEBUG DBL M: 0c7b442f2bc4583a757271e8f6479d603fcfa9def299d46a5614f5774cc02423, 2302b9cd87c4a79901132f8b9183e39e721fedb9e50fb0ec6ec8a5fc6223f373
DEBUG DBL S: 2cd2fd42224bf6e42f77b6eb008ddf8f0819b34e1087f38c4851a6629ea80274, 1b2b3aeebe0f267c30cbe95e5d72df69c5c11b651e0266397a967c400888e139
DEBUG DBL X': 27a3d4fe5bf8c0c8c7a803a020ce3c5f4eda9e24da3c94f2fd7e6c573d1536a0, 16b67adece9109339ecd27af3c5c6bb77e3178e7a412ad724b55a60184b7f740
DEBUG Q->z: 184788d3e59644c4914dc67ab8f738ea4f02261ea8a0362647c182532b5293b6, 226744af76dae1352a2d1ea5a5fbe08593671976c6a4cf7ea8dde2d39bfaa916
DEBUG yQ: 29f3b7c5e7acd0cea664c7942901f6f38f36574980b10751b79aabaf90d25093, 046f8571cafb1c7b35ecf8e0256dcf44640327fdd65bad7b8a6c907dcd2de7a7
DEBUG DEN: 23832118ee28017394794971d082958986eb440198f044163314cb484927a3df, 08df0ae395f638f66bd9f1c04adb9e88c8064ffbacb75af714d920fb9a5bcf4e
DEBUG DEN_INV: 29a6d43504478ec09915abd8a1f3a132194a45393a83959b7b8f6cc987c0e341, 08d49585a2521919caa34dd4c9e83fdf88184ac6760be5f00806f2b602e5c9c9
DEBUG LAMBDA: 28dd6e3434fc3c92dcb5422f5828449145d2e28059dfe32c046e75aa5b962172, 0f77f33fb8b23e7f0e19fed36031d349417198ae8db5eb80b381aeb6d618af01
DEBUG DBL p->x: 06ffdcb955c4d0b1919c045499d9bf5ae0371967f651abc52f88de26c6a97f53, 01e7d82efba57f0d2afbbc9ce600cc1f352a790d478840d90d790720c6776367
DEBUG DBL t1 (X^2): 126110a6cb8b6687de57bdb17224d2a67a4fa7f7ad936a7fc505340b6492e6fb, 1a56896b72186dbf727bf992222b8d501cce6b19674620540f1b2e7f954fccb3
DEBUG DBL M: 06bee3818170936de2b6f35dd4ed1f95d76d8d55a04874f212ef100b553bb7aa, 1e9f4dcf7517a9149f23a6ffe5014f92bee9d6bacd60966ef130ff67e77268d2
DEBUG DBL S: 08f2f7e5ef769a4aae659f0f191e21fbe90112c3bbe5ae8e71b7814cad956c72, 255cc283ac53e1fb446272015069a6c06a76385061c69fe0786642b3ee2b365d
DEBUG DBL X': 07f745df07cf756ca7d1b3de1863c2079f7137f40e0f738c2739c49a9fcab6f6, 0bbf3a30be9210a6c021a0d1e3471ad6000d4257cb8a68263a2691ab447a38ca
DEBUG Q->z: 04671ab572b246e8d434f3621935a50efb0da353d3e176092ff257f712ed315d, 0b5fdb42e30fc4e37c2868cccf8f316f14175ac8255c79fbbdf4f34291db21f9
DEBUG yQ: 302dd35b6932cbe1bd82bb0d3b9364dd4da6d51069e6b99f92569fe435e6cfc7, 1cfbb251ab6c6d70389b119bf19ef7e6f0b8ae5b13194908dac0e4afc440aa72
DEBUG DEN: 2ff75843f133f799c2b53063f5a5715d03cc3f8f6b5ba8b1e88cb3b19350a247, 0993163075a73ab6b8e5dd8161bc977049eff224bdc0c78479613d48b004579d
DEBUG DEN_INV: 2ff2c8d8e9cd93d0895e33dafad783400483b06babfd5a6c4e6a432727e7ef11, 1ac9171955ffcdcf072839aa239bde4e2dbc626c2a871b1cefebc06553702d15
DEBUG LAMBDA: 20de5ce189f0e29a13fae24b1c133c2295005b072afe2d2780017a55c6829449, 1e4c4e91243c1bf99188cace9058be8d1c5a1b8e1dc57d2aa6ec5bb3622406d8
DEBUG DBL p->x: 23c814151c3e321ff954f880380031aafeb97e5c55c761857f1217760103a163, 0ea1fb1b1c79255930131136a25a98c6f8c83a0a5334a188b8eb35433028577a
DEBUG DBL t1 (X^2): 1293665fd73f55232330961b0e756bb88e03cef8760e7069548ada08b30949fa, 0afba05f759ea263d74da0f9142151b02f0858f6d497197fb0f9eab70b25b478
DEBUG DBL M: 0755e4aca48c5f3fb1417c9aa9deeacc128a0257f9b986aec1800203409ee0a7, 20f2e11e60dbe72b85e8e2eb3c63f5108d190ae47dc54c7f12edc02521711d68
DEBUG DBL S: 0793ba6a4f0ea49d1fa2d87a2750c3b66068875bf94c0bb2b57bfb7b416e0e7b, 25fd1eb55535abbbc7ea28a641616dccdf2c5637e24fdabd24bce606e9d774e7
DEBUG DBL X': 25604098089e190a7c8e99d1ac941efc9ee75111018d29ddef3e79f7da6210c8, 2c9864b0f45fe075267a37894b8f25693c4eba6cbb62c5af17f1a964b580550c
DEBUG Q->z: 2dae167975c5eb8f5dd197328d3fa479de93c7a778ad628e18596953f93f5467, 242dc5b964d120768395dd97c97533fab84cbbbbcff3b26907614e5d166bf5ae
DEBUG yQ: 012a4ebca4be20145bd2630eb56708a40cac4ed32af9ffdfaab30cadbbc5e2e2, 21944076d86d846aa49a122d25563ee3b7b263713e4592a9fc62610113bd5c53
DEBUG DEN: 02549d79497c4028b7a4c61d6ace114819589da655f3ffbf5566195b778bc5c4, 12c4327acfa968ab90e3dea3c92b2569d7e35c5114195ac6bca435eb4efdbb5f
DEBUG DEN_INV: 0fd875e4507e28c2a18b01e7cda3c8c78beddc0ad6045a3de4227d787da5174d, 11374e7a994a3efbd2c4fe60178a212aa8472a1cc70c3fc10fabf708bea9b781
DEBUG LAMBDA: 2ee3d2acd624fa24d474c855448abc2b9bba5917d92ef3000bb447d760fd9a32, 27ecb30a6aadfeaae75fbba706ed79a3cf83743cb41960d2072fa3438bb97aa9
DEBUG DBL p->x: 25604098089e190a7c8e99d1ac941efc9ee75111018d29ddef3e79f7da6210c8, 2c9864b0f45fe075267a37894b8f25693c4eba6cbb62c5af17f1a964b580550c
DEBUG DBL t1 (X^2): 2a54ac61cfd5fd784f772222d16f2a624f415c08007837cc6061fa86032632b1, 1a825536c083ad70ecb484a5c4476116bf8915c794de2b5b5cd581d9f6033c9b
DEBUG DBL M: 1e35683fad1eb8157dc4dafb714ace6bbec13ef53085124aa8e4d76458789d85, 1f22b131605968290dcd483acb54cae6a719d6c55628b784da5ff977098cb88a
DEBUG DBL S: 19e376863a1a2d0d65ba25003b904f5fa80a7d1898e75b13c5b27862496f5e1f, 0e60baac80d0ea46a084a9b717edd62c99dc2ee5403db88a01906622f85ca306
DEBUG DBL X': 059721bb7c1974727efc9692244bf6e869c35f154c1dfd9121fa65d256ee9aa0, 3053bc1fd974aa22ec50dc470727341c85b432ec9f1f1ce713deff645f5c1ab7
DEBUG Q->z: 26dbd21723fc1066e1282b3ea9f3daff95a1870c775b1be140ae3f677c6ae62d, 219aaaf5cf368786646cffb4784eb7c034a6eba420e2141d6d03e8a81e8897ba
DEBUG yQ: 129650bde102e98b3cef12620bc65246e2be0d07255c0f254ab9f7a9b94ba531, 224e32344809f008f52b5e15c1f1d5bc4bfdfc3dd52b4fc41e3d9d4b1fab63de
DEBUG DEN: 252ca17bc205d31679de24c4178ca48dc57c1a0e4ab81e4a9573ef5372974a62, 143815f5aee23fe8320676750262531b007a8dea41e4d4fb005aae7f66d9ca75
DEBUG DEN_INV: 04a0c7520a65fb3c67b276511188c9a008c2b0d353fc799a65d78dd38c1d4f99, 0b797efa2e66199c3a98a7c06ee9e03f03f69deb0c3850e6633b9d3538c98c5c
DEBUG LAMBDA: 28ef100667b64e5e2a2d34fac03b245fc6bca464ee45ddb4a0c48588257e8132, 1a3a89388cb6c070fd87afde4496eac2853e5cc5bd0c08a5ee956720e2d1b7ae
DEBUG DBL p->x: 03a5654c6a1f84c0b3d2e3d4ec21d71c9f0714c515d58f3d624df1ec8bf19a3e, 13cdfe0f0d58e42bf68ba1961560fa2cb76013548125c188e7f37907709c408c
DEBUG DBL t1 (X^2): 0583381cd13ca7bbfe1732265ba69401785baadf0ef933c62150dd9dd969cf66, 1efabbac08aabf5df20f7cb75e70288ba1523381b0898a8f96c6352af2137bf4
DEBUG DBL M: 1089a85673b5f733fa45967312f3bc046913009d2ceb9b5263f298d98c3d6e32, 2c8be49138ce9df01dde306f99cf21454c752ff3a92ad52188321369fdbd7695
DEBUG DBL S: 2c4b71b2a1f9b28e30fb7c7efc10ea3816f4f8343745201d6e01fd16a635830c, 1edf0b61d20a4bb2a178fd970c82afbd7faa44dc160d62e1019ecc6ba2220a04
DEBUG DBL X': 28eaa5c0d1006ccaec4718ae14f5ee3bf4a854af6cb60ce2af52d36d7ce31b35, 084f38123ca290faa6ab7745c9fa62d3eccf62ca448dada378b62e3a11bfd208
DEBUG Q->z: 29acf9211574e5366fe6b9c26992849c806f118961802d1625addfc0630eabf2, 172647ede033a7ea4c2f6357e8f85b7e5e7622bbca476600f7641d69f70d74dd
DEBUG yQ: 0e29044953656c57707cf6b8abe3a55596abf208ffda658b5ea4a2057b5052ca, 2a0da291e6036d2d9598bc34d3d3a82078bcd560267c544084358b9faee8d0a6
DEBUG DEN: 1c520892a6cad8aee0f9ed7157c74aab2d57e411ffb4cb16bd49440af6a0a594, 23b6f6b0ead53a3172e132b32625f7e359f8402ee486ddf3cc4a8b288554a405
DEBUG DEN_INV: 1cae519d12b10cba96f780dffe4a7c7abb8898a7563065fc899b8c6202e59311, 04577bb61749c6d91c0b51cd5901e636107b49ec8fc5d2f51b3b71919da9177f
DEBUG LAMBDA: 2b8a64dc844f1acf226eb6cc2011e3d1190d3921b5bd956121f1adb634e24581, 24c61adc62effe121970ea2110924ba0621017586df527bed0adccebc7cc7dba
DEBUG DBL p->x: 2a4064594b1c4f465c9a47b0feb6237e7a73f36c6f647c0caff9b919794e79c0, 2483f7343c5e168114799263018da871142d0f39e7925089d78ba868d322cfa2
DEBUG DBL t1 (X^2): 26d86bb64fc546db00752ff4fb40c22e941c4f368b0ae3509a4afbc3baf2d8cc, 2dbae7d9979c768881754f0ec6e3692288621aa5844f153aa33733ebbd19b6d3
DEBUG DBL M: 13c0a63d2cec943d90bf0471eebf95d08d521880d03d14d7569fdb1d7fde8fd6, 28681aa70472234613bf61bf51a78aac6a237acdbc09aa9571648395865329eb
DEBUG DBL S: 22ece156704b1f794eb9141fda9cd3e132f7c1a08f049e371a1940d7c6aeb313, 1becb7ffd89a105943a248403b7a075e38f0766282ec5d04ff120df7110fd200
DEBUG DBL X': 0423a030871dbb8ff04b7fedda01ce832311c0ad113211291ff06590fe831076, 02594ec95739e4f6ab01029df26e24c5735770262328f42528e5b32f66c02d98
DEBUG Q->z: 06290aa9303527cf933d3bcba0cf4506b713ecc341c5f2c3343fc23c6be23e5e, 184f6b5424aaa49fca41920a2a8406462de757d16cd6c1ab7ec74b941eff229c
DEBUG yQ: 14de98b1ae59457a63c2a19a6384d2d4c01a565f43d3cb0b2b3a900875e89030, 19a11a75126db138bcf30a6bce79b2b4a043a19afdf44f2372c38ac21c5098cb
DEBUG DEN: 29bd31635cb28af4c7854334c709a5a98034acbe87a7961656752010ebd12060, 02dde67743a9c247c195cf211b720d0ba905d8a49376d3b9a966896d6024344f
DEBUG DEN_INV: 1312401939baf4823a8bfc76aba8fb442070a1b9d579771211942391138a5607, 01d642d459a051412efc2393e7ff0da7a9b4720443c08a021f5c1cd8369c9970
DEBUG LAMBDA: 2321734f6d730d4dfafb771c1ceadc9fce365558d7d78c746e62e622f869e514, 257c272c71a0d0a6129309ce0c1f0a17ad11f3b29641fa9b3ee9024147a42f62
DEBUG DBL p->x: 2051877826762bab3c0a2940516efdb2ad5ab5b9c56c35de04ba8622b956c799, 213cb602f2fa3cc0c4acb213cb5e391dec37f236c90ea11eb47305e8ce5a6913
DEBUG DBL t1 (X^2): 0162ad68cdec026de09eb5aae5903633d772aab58af3d5724a7948418074b853, 0741629e2ec7e3a923b4ebd002e79bcf639bd7304be45d0724c5ded561cbf720
DEBUG DBL M: 0428083a69c40749a1dc2100b0b0a29b86580020a0db8056df6bd8c4815e28f9, 15c427da8c57aafb6b1ec37008b6d36e2ad38590e3ad17156e519c802563e560
DEBUG DBL S: 1bc8d9e2960e582c08a6d492a6a5bc91079e469c1b2c2face2a3f9f1e2592224, 062c4daab3d70e5911bd1149fc0f16b9088e643e0991100c81fee5b07762ab56
DEBUG DBL X': 108b18acffdf00f390ef61c2c32db7ad24cc31ca138efc8e395412c543103923, 103d844eaa9f8ca6ad2e78e4e24597a3489f1d59dea7c7dd1262a12296b361fa
DEBUG Q->z: 0c0add9922e220a19996393872a1e59ca9e80ffa5f0a80da62de699b3e75fc8f, 051c62b855697cf1f6af8daaa65993fd9500f0057a327f599264bfcb5f57bb64
DEBUG yQ: 244b7677fa322c28f253d740eca725e27381c8d8cc89a8a242a2cf095480171c, 1b259e8d35f189ed126b9476212d3fed4f18be064ae4d706136ca701f0b4a0a9
DEBUG DEN: 18329e7d1332b8282c5768cb57ccf3674f82272030a186b7492511fbd08330f1, 05e6eea78ab173b06c86e335c0d9277d06b0117b2d57e37eeab8c1ed08ec440b
DEBUG DEN_INV: 14c67cd97e074b07f8d787a968cfb7e6211658c190860bae764f27471841b8b8, 2ccfd6e0028c98892146f4c6d53bca8122ec94632ff5d50028f8f2e1eb44ef75
DEBUG LAMBDA: 2d3f058befae859dd7eeff3f0cee4f1d033833484583a2215dc0c3618191cf5d, 15175304532cd3961e689c65f83e3372ed90f42083d63e9c93e5492059068e7a
DEBUG DBL p->x: 108b18acffdf00f390ef61c2c32db7ad24cc31ca138efc8e395412c543103923, 103d844eaa9f8ca6ad2e78e4e24597a3489f1d59dea7c7dd1262a12296b361fa
DEBUG DBL t1 (X^2): 2fd949fdc01bd75aa9c867b679e71c8398f5def66a6eb18b11f0366f40608ace, 018aa090f811496a31ca850a197b4a760e633d007a2daad7f01be2a34fe0a93c
DEBUG DBL M: 2ec341137df045bc8cb8abb66ab2a4cf9bdec7c06e687f86bd8f8b201027a5dc, 049fe1b2e833dc3e955f8f1e4c71df622b29b7016e890087d053a7e9efa1fbb4
DEBUG DBL S: 2ec93b2cca529f069e706a7a92bdacc67d235675cbd919a28d4e9245a59b0d8b, 096032b2282aed51a9d70fc4910ea216af7d1dc6d7419984112c94d822d645d5
DEBUG DBL X': 1380d975c11821f371b3b1a2083fd9700a586510d093c4e31b8df807b59aad7b, 06aa7a8eddec837e4fda26f93f61ebc7dbca81f76bd6c463d30818e0feea64d8
DEBUG Q->z: 208336029cd697c47ebf671114699aa797e7ae8d9f30beb6e2febf66c18a3854, 274dd25d9f5800607304e1a9b324e4d381f5ea4e600aaba700acf9c5a216ffcd
DEBUG yQ: 26c0a045cea9767810807efe07ecd909deba4f4e55571ebea0d8c20e1b79edd5, 1e9688cea0bc34346158e410ea3d61a0b4be4ca4442fcfebdb5090b83a3f482d
DEBUG DEN: 1d1cf218bc214cc668b0b8458e5859b625f3340b423c72f00590f8055e76de63, 0cc8c32a6046c83f0a61826b52f96ae3d1fb2eb71fedd54a7a8095599c019313
DEBUG DEN_INV: 0836a96be5a481690a40b39fa32f151448c31ee6c8b8b1fa7e88e089dd0ae818, 220923ae91adc7e0eec74e151d1b6a70351da03e01f168eaff7d0c7e8a6c4a14
DEBUG LAMBDA: 0693d1a734bf012b79c8705e8418c0a4719572ffda52303f00c22fe0e944dc3f, 2372de6da5cf8ded569fdece6f6ef5efbce9009b82a23940e006eaa79203dfb6
DEBUG DBL p->x: 18866ad304c0be04c595bc8756d9da7b291fc7294c7d0441b637241de245a6ac, 0ad2bf280ccdc56f17470c80e2a7f5145f6f7999c44e09b7478c7d059d6ecb39
DEBUG DBL t1 (X^2): 23ae1411161c47dfaf942b7eac59007c9cc7b452c8a0b3f9dccd245fecf06fdc, 0acb3fa1d592002f73177130433f2aac9bb3ac1319e15d8cf30efdb36e25d686
DEBUG DBL M: 0a419f4d7ff1974b9e1bf70f020850baa75447d588fe86d31e2654f215d75506, 2061bee580b6008e59465390c9bd8005d31b04394da418a6d92cf91a4a718392
DEBUG DBL S: 0e542999e93c9fac490cce5688bb7ff63ba579d630a090c7306d55fda9b4f0d0, 220f4340d9b62834f5e4f035884b8d174c39372e7f62d166843ca5027dba8ace
DEBUG DBL X': 266d786373f9b8aca78ace6d3f366804be4aef7074fc7e528eeba757a02ee69d, 1c63258d5f098cfb372afb03b0cba044fd75443126e131a9f11b85267e909fc7
DEBUG Q->z: 15cd5af9c9ad8a06c509c6f5ba0341ecfb8ab1a2c3feaa3e159bd55649269cf0, 1f1f1fc9f7143422f64af0e004733d7c3cd0bfff242ab6c77bfb43dd11cb7ec7
DEBUG yQ: 232e3602c34ac92c378027c0f2b7de5503afe7fdb13b035a99bc7983c52b3258, 23a1c5f2c7098198f715a373249fc61a391f9ad8c69e64ae1e3079d780884b22
DEBUG DEN: 15f81d92a563f22eb6b009cb63ee644c6fde6569fa043c27f75866f0b1d96769, 16df3d72ace1630835db012fc7be33d6dabdcb2024cafecf00406798289398fd
DEBUG DEN_INV: 19569f792d635972a280115937cf1f83b5600beb8b02f3cc3dc0bdbe8b89a496, 2680b8b3d6555fa693cb0688008412858cff46d80ae92b67fa096ff8749e8bf1
DEBUG LAMBDA: 1c8722845de3c08c750dee69b3383c1dff2dd040afacae851652cfc44443d95b, 072cf2a0e838c7de0f40e8295eb9b59ef3e3a9afcf363e6fec046abb42439c48
DEBUG DBL p->x: 266d786373f9b8aca78ace6d3f366804be4aef7074fc7e528eeba757a02ee69d, 1c63258d5f098cfb372afb03b0cba044fd75443126e131a9f11b85267e909fc7
DEBUG DBL t1 (X^2): 04c7e04b9d69a6d36bb1ca12c4ea8c0b42b0c2acb1fd2be39643734b14c00a41, 2d1dd844e19bbbd3bd07b09954a1d6b4f1fe226dde4df0fcc422084eea342ce6
DEBUG DBL M: 0e57a0e2d83cf47a43155e384ebfa421c812480615f783aac2ca59e13e401ec3, 2690ebe8e26ff327c676865efae2d363a6f79226ca063ddbd42500bf0da28c24
DEBUG DBL S: 2eaf5540f814f9f737be749cd78f845719767a797b5f98183be8b4628e7db417, 278c60f90a78bf7b0e869d3f9808a9c137609ca6b4342e27c0209670fb569492
DEBUG DBL X': 2c3b65407aef29f3191f740c7ae5a3ccdebfa591ea61d1d313dd2e09cbbd1915, 16b78120337b243215702feb1ab5eebc8713f870fa9b08055b4f6fb1fdebc673
DEBUG Q->z: 1d14264822ca49e033e0e2da2d7d21f247730b919399cfe2c8539b10dd774f05, 0aff14793f472d983fc69958076b679a7fb8d1868303599dfab858c2180833cf
DEBUG yQ: 11f3744a2fba79247f0bf745196eb11d77e9ede0511c218cfc6c8dbd09e631e7, 1ae88b958752bcf89a329986c2089d8fc10706de5b5a1b903df75fccd88a2e26
DEBUG DEN: 23e6e8945f74f248fe17ee8a32dd623aefd3dbc0a2384319f8d91b7a13cc63ce, 056cc8b82d73d9c77c14ed57028fe2c1ea8ca32b4e426c933fce3382d8975f05
DEBUG DEN_INV: 235e475bec9e52e4640f361a499a93652497a86796eaad620ec89d731c054f85, 0435e02ed7316e758b11ca52166b455217060b574a7664f86c164202946d533e
DEBUG LAMBDA: 112ca344ba210fc0a1d402b7966c5050bff2127356dba9c235ae3fe991540736, 2db5c636a7cfeb82d2265b6ac98ed6f9a4715cb491978e97ef6f330caca5f930
DEBUG DBL p->x: 2d6b66fe3625f1f61b0458e256d6632f3720bf4df9e3471caf3b5ed9bc687689, 249d594ea06df9f6332f23176df3cd442f44abd7f7fa432575973268b3344c29
DEBUG DBL t1 (X^2): 209539a86096d0586bb1d1165f5728779ebbb9d64bbfde33b6547b162b3f4c64, 027a7cac2168d159590e474ad7117776ca5b3c1250d0205957cee0c138e06a07
DEBUG DBL M: 00f710135f6130b5d274e7d61b02c8abad305860125c0580aabc5914d0c3ea9e, 076f7604643a740c0b2ad5e0853466645f11b436f270610c076ca243aaa13e15
DEBUG DBL S: 0a6da009c4c1da8df4c7b0aed1acbe365d52f95cb604bed8f2d8cd0275a5b129, 259f66c415d94608da3ee0dc21150a0994ddaaf9258cf7ed5397e9faa9de068b
DEBUG DBL X': 1933c25a1ac39d1e02084cbc5ead22eab4347cc7c1dfc7ad926fb32ff71b2531, 193b9a1dbe15d402f8af530cc30fe37ffd37530062ac250bb1f82c0b37a26e7c
DEBUG Q->z: 066a40272284b41107e2b5dcf1d32b895c05f02273aaedb335d29149a584780a, 0d4ba8c4ee3a18657a62b08e8d8a82c79492ad94e55fe7f7a85b13e098f6b969
DEBUG yQ: 1987c02c3703b6dbc3161cb3c152c3854e518f0fcc0704f24181bab084c39e08, 23ab09a374e983978c1cb5597b74e737c0f2aa89a9117da9b4b5275b15f08d85
DEBUG DEN: 02ab31e58cd5cd8dcddbf3b101242ead0521b38e2f9c3f5746e2e94a310a3ec9, 16f1c4d408a167055fe924fc75687611ea63ea81e9b130c62d49c29f53641dc3
DEBUG DEN_INV: 0b501e79e827d3f34383e8b90b52fb0e801d97dd84f19596921a00a94a4b72b2, 01e88d2271be90269ff0c8eb124b281ff54d448db87f787dace12903fedd0166
DEBUG LAMBDA: 0452caf2d7d2ff256c9b9f2f3c492d47daed2369090457a056f091d54fa35b4c, 015019d3edef4de87876cc532a68395032eab473f34c7bb71d0168c17707f124
DEBUG DBL p->x: 1933c25a1ac39d1e02084cbc5ead22eab4347cc7c1dfc7ad926fb32ff71b2531, 193b9a1dbe15d402f8af530cc30fe37ffd37530062ac250bb1f82c0b37a26e7c
DEBUG DBL t1 (X^2): 12f91b3d30af59c063d49fa316236ede60de116f6fc9f6bb828f5e4fdd3cedce, 0753d039925f7aa7016e8233c2da4671b30f2b596cf2cdaa2316fa2848d6a9e7
DEBUG DBL M: 08870344b0dc6d17732d9932c0e8f43d8b18c9bce6ec19a54b8d8ed8bf39cc23, 15fb70acb71e6ff5044b869b488ed355192d820c46d868fe6944ee78da83fdb5
DEBUG DBL S: 158db00b380d92043ce47cf42b0685c3a178e3d24dc8049de1e48b440b0cf721, 29b7e4cce3ad698534f1a791d1a6efb13d4396a39b57ba7b9b27d0a6e85456a8
DEBUG DBL X': 12065da2b997cf4bbe1c8030e0c4e2cef2efbd0f1fad8aeb21700e8fd19e668f, 1d6c5ac1dc8ec56471995e039011e4dae3fe40ceeaf4712e780d01a3e875f60d
DEBUG Q->z: 0dd76e55526e827259848a0604111f65d64eae8eb6cd7eb24df5623ea2e0225c, 26acc24458ff96850b736791f051cf6f65ed1045275c6732c137744985584e82
DEBUG yQ: 0a1cba13b504b8f7173681fa9499202fcb20d25d9e5d4ea27ffc5ae30e1b8e4a, 0a105007856967486a14c9e06cfe8852a7a4155d4355ee3e71866faf8fc18746
DEBUG DEN: 143974276a0971ee2e6d03f52932405f9641a4bb3cba9d44fff8b5c61c371c94, 1420a00f0ad2ce90d42993c0d9fd10a54f482aba86abdc7ce30cdf5f1f830e8c
DEBUG DEN_INV: 24912ba2d0c9043cd64efdef9b8bae32ab390059fa1c8a37129a32fc93683609, 07e3a46a5dbc5d25594b65dc39fc15468ff74d310f34d9dd42e13a2c80eb0701
DEBUG LAMBDA: 003ccf9c02580a2e22be1d6912324fa8b9753366d711ad8c8b4dbc771714b7bd, 265193b7c9b582e133146e483a74f14e2bf80b24c272a011da58308a4186e662
DEBUG DBL p->x: 12065da2b997cf4bbe1c8030e0c4e2cef2efbd0f1fad8aeb21700e8fd19e668f, 1d6c5ac1dc8ec56471995e039011e4dae3fe40ceeaf4712e780d01a3e875f60d
DEBUG DBL t1 (X^2): 2892b5fadc8692f180f15cbab27c4ff8ee2d44ed72c752e52df15b8cfae0ecb2, 22da04b63c918d20fe01eca9a77d3b4554e3708460c88ff7a24562e146bc44bb
DEBUG DBL M: 18ef850ad330788112338ac314723f2f9b84f9a5877263951192fa793fa8cb88, 07c5713cf351670f89653a8ff3750114cfa77c6a51761acc6e8f1076233ad3a3
DEBUG DBL S: 0d2d947071352f4f3f4b7415ce5c2498d7314bc5f2764155f82fc31dfad14285, 0653781d15167cffe90220b2af1e5c8b5b8a43bce28364d4c4d84608a8f7983a
DEBUG DBL X': 231118f54443c33ee9ef9bbbabd98d8fcde302502e9d96aa6654f870c3c8df58, 2090773cba64493ed7f326d884f14de96bf0214612b691f368f55ca2a4c5336a
DEBUG MILLER RES: 0d8812a07f0c36fb6a6577081c66c0e4cdb6a6004448c5d6364c3aa9636841bf 0a8c60838bbc59fb644ce99cbf5b8899bdd16e3be609c6f08514232640504394 26fa47ad5a3da171e7e849390e26dc9af2b9bd184582255d67f0af9a3ffbd59f 02232e54145fc0f685f5449c0ae23f040a68b6bd452751d9c5c34cbfadf540d7 16fafd9f6bf65859f2d6819f3adb2119f08021b6e18fd0847de82eea7f5c6ea0 23139dc047698dd38ba3c5e93753f7000a3bebc7f31d0b3e42b7ccc25f496d3e 0c648b510c75a0312070f37182270acabb37201fbc01b321902bb0359558e914 18a309227bb7b8a7d6e1944e47e3a2949ec509003dc8058311974a3c1a8c2de8 13eb08f1a7452ff65013f93035ee23b7b010f006b58f9c912f77b3eca9f718f2 16c50622a0f8da70ecfd1dfc0d777fd57bfe87ba5623744dc36f7138d7f7f1e4 058379fee1c430802bf6d2355fcb661a2bbdcebdaa7e76e2f8930fd0c2a4f446 0757251af6f3c4c4602ea66db3b0b395161bb58a0f52d4d43f98423a049c87e8 
DEBUG Q->z: 0000000000000000000000000000000000000000000000000000000000000001, 0000000000000000000000000000000000000000000000000000000000000000
DEBUG yQ: 1d9befcd05a5323e6da4d435f3b617cdb3af83285c2df711ef39c01571827f9d, 275dc4a288d1afb3cbb1ac09187524c7db36395df7be3b99e673b13a075a65ec
DEBUG DEN: 0ad391272a18c45322f962b565ead73dcfdd9bbf4fea2396a252f4140a8801f3, 1e573ad23071bf3ddf13125baf68f1321eeb082a870aaca690c6d65d3637ce91
DEBUG DEN_INV: 08db31a544999b1d4595560d098782fd8189195c36c3637ac0230dd48feeb96c, 086067a5a3a52307a1d55dded36e0c3f8cf5f33e6f37bf7ac220268da6af08aa
DEBUG LAMBDA: 0ce69bdf84ed6d6d204fe74db6b371d37e4615ab1b3d578c32d1af5736582972, 1e23d69196b41dbf47d406f500e66ea29c8764b3fd262357407c3d96bb3ba710
DEBUG DBL p->x: 1800deef121f1e76426a00665e5c4479674322d4f75edadd46debd5cd992f6ed, 198e9393920d483a7260bfb731fb5d25f1aa493335a9e71297e485b7aef312c2
DEBUG DBL t1 (X^2): 3010f575ce4a684cc50cf0ee970804db4f648c358eca242228ef10bdd6158959, 040fec49d9509ae2dfb8c2cffdd54ce8d4fbb77bb051b087926cbff20ae6911e
DEBUG DBL M: 2f6a437ba87bf892de86475ec2155dd6bf2acf7ddb7ad74c028c1a0bd146a17d, 0c2fc4dd8bf1d0a89f2a486ff97fe6ba7ef3267310f51196b7463fd620b3b35a
DEBUG DBL S: 0f62f1b1d04aa48258588a0ac438e108b96ba5fcad44c1917e688be4e54722bb, 2adeac2c76e00d005d9ee85797bccf5f2f0f093aa97d816b642d8c861ff42ce4
DEBUG DBL X': 11d65cded12c87317b95c05d3e9c3c98adb8624eb3bce1ad8fcae74c62173d99, 168dfeb5f21b6dc0132207965bf363ee17eb5f9e60297b13913fa47117bd9d56
DEBUG Q->z: 17c269b61780dd73d4774087578f21bab3e3b70e231625fe901d4ae7e600697d, 26e665d73350093276aeb8363b3902c253d76e2ddbe0caaa6e8fc438a16184a9
DEBUG yQ: 06923d2ad6acc5b0274eba14be574d04c715446fa4942d67325c9f68c93b847b, 2ba4451aa4c660a778bafbd39c409a2ca793c46c81f9903c83b8d713cfac79ef
DEBUG DEN: 0d247a55ad598b604e9d74297cae9a098e2a88df49285ace64b93ed1927708f6, 26e43bc2685b21253925b1f0b6ffdbfbb7a61e479b8155ebcb512210c6dbf697
DEBUG DEN_INV: 262d488ae37b33a4a1b6e9d6c0d1f9ec2e5ad8ad0a1913e5629c5d57a571389e, 0498659be5e96938ff3075de5c29de8e9e1cedf6367c2ea7754c3ceac4cdfc07
DEBUG LAMBDA: 26388dc234b7e4bcb56008dc43db9019115bab50afa899f46b757f75434e51b6, 024c09f8e0e62d8be1c4ac7cc0961114aad8a54b66fcede2368765bc246e6307
DEBUG DBL p->x: 0960750b29d1c6682b1f37b3d973d516dcc17208dad2dc3786fd0c85252b39e3, 29b62b4a4cb455fcd9e6c6c63333833a913465a5fd4304ab47ff3b6b63abed19
DEBUG DBL t1 (X^2): 2fa0ab3ceee11abf2c1f02e85b3f8f7b4623bf9829467a9af0575dd546e579f4, 01150a20713c82cfbcdd03bbeb9670ee8390a59cf2e8d3c107c13123c70f6919
DEBUG DBL M: 2e1964d10a400fea13bc7d4c0ebbfdb6a36869a5aaefdab658c5015223b6734e, 033f1e6153b5886f36970b33c2c352cb8ab1f0d6d8ba7b431743936b552e3b4b
DEBUG DBL S: 00909f429efbe5b20ee460e3a80bffa34a38fbb9ac76ab236f3b021169c8e55b, 1b71d7517ab51cb5e453274167b921f41b4c22947cd1ab37b9753537e0ff88d2
DEBUG DBL X': 2f97de5b433a9af80300e3a323bc5aa73412e86b82303094cf1c3230a76f3619, 0766553989c8bd6497144de012d1d9ed5e7d1894e12faa47b0384adc3a77c74a
DEBUG Q->z: 1e6943678b06208ab2b174118a014461ca1e0aabcc01d7a039d10faad463fc6e, 19f827d6c804cdf72e41f18b21891da0fdf4864562266477b30213a218fd8833
DEBUG yQ: 15783560502f61cf2f079c56849c6c48b2b7f9b0425e4ddb4974794b18a822bf, 235646a5d210ea2d000506b068b4340ccb4460076264aaa9b4a1c8e93d8c4638
DEBUG DEN: 2af06ac0a05ec39e5e0f38ad0938d891656ff36084bc9bb692e8f2963150457e, 16483ed8c2f0343047b9c7aa4fe70fbbff07557d5c578ac62d2305bba29b8f29
DEBUG DEN_INV: 29890dbbde6216a5562ed08e27895cabe785cecc07d2983d00e069b12615da6e, 10b056d2d477c61a9eec7116e22ef9789c3b896bdab99de89af8146c985c5533
DEBUG LAMBDA: 292d0b73ea1aedb9870ea4601ab871fe6d0348bd5077622fd585b9b76a437a3a, 055d88101e144ea3b1f7a8a6c0c353003b61a055141869c353925a29343f9e69
DEBUG DBL p->x: 2f97de5b433a9af80300e3a323bc5aa73412e86b82303094cf1c3230a76f3619, 0766553989c8bd6497144de012d1d9ed5e7d1894e12faa47b0384adc3a77c74a
DEBUG DBL t1 (X^2): 0a4161a92a0be62551ecf07eb03ecad81de79bf5d965149e51e945cbe43a6ee6, 00f3373e63ca20f1b16c14afdfc2242c351ee70c214e3bd9066a8d2cade52e76
DEBUG DBL M: 1ec424fb7e23b26ff5c6d17c10bc608859b6d3e18c2f3ddaf5bbd163acaf4cb2, 02d9a5bb2b5e62d514443e0f9f466c849f5cb52463eab38b133fa78609af8b62
DEBUG DBL S: 172c79093c3939bec51982de9ad107c5fb0d04e1b42ba841afc5b15876476485, 13322177b6eb3f0dbb195707f5f7dbb67dfc1807e51afdb6d32abf26ffcb469e
DEBUG DBL X': 05d1aabd5e73bcdf9b5ca460951cf4d58aaced324af33d3eb77708a7522d5551, 2ab9c968765d81bf483c60ee355b81d5a42e69bb6e61f45148fb645e27bbf9a4
DEBUG Q->z: 2c10d5a4c1f7bdd73aac8dc1a8f52859bfb405a86d4d39418b3db619ae57f93a, 2cb0ec5c134171551745460c390df4175f3b100485b1bc2967dd6cbfa1327058
DEBUG yQ: 077ff8b824bfeee2db8aff31264bb7f0b353dff66d4af9640a928a17d51c031a, 0bf722c41ede677165d2c15b59056288314636dd68f08f60cf4196bbcfd05532
DEBUG DEN: 0efff170497fddc5b715fe624c976fe166a7bfecda95f2c81525142faa380634, 17ee45883dbccee2cba582b6b20ac510628c6dbad1e11ec19e832d779fa0aa64
DEBUG DEN_INV: 0d68a008e8ac953cf12155abda49b59ef300c28e92adcb4fd6f0cfe710a995e2, 194b02d407549b1087849c3213b74db2e8ce366574b2570510b987246e319b7c
DEBUG LAMBDA: 2881d30c31025683375f63805c6749cec037db53d1ee0751b382a0d27c4d7f4b, 076806638133f68ffab3fc1c586efe517ab05cef8880219e70793bab5273718d
DEBUG DBL p->x: 05d1aabd5e73bcdf9b5ca460951cf4d58aaced324af33d3eb77708a7522d5551, 2ab9c968765d81bf483c60ee355b81d5a42e69bb6e61f45148fb645e27bbf9a4
DEBUG DBL t1 (X^2): 183dfdd2ea67edfef319c33a207bc8cdf4c86a5c3ddb12e6b32a8ebdd9f2b033, 28a93a5ef7d8121dcbc7ccebeeee029f0c856fcfd68bb7e0efa07da380e46094
DEBUG DBL M: 1855ab05de0629d320fd03f7dff2020c46d7d483511f6e26dd5f2022b55b1352, 193312372524f605f2b6db56c9c75721f68d7a4cb2bf928856a060bcd1b3272e
DEBUG DBL S: 02a3d0d0153c62bfbe573a2b7c9f9d8b4719ab37e1398d5a51e4b05e276b97db, 0501234d31dde1a598c9ca978c12ef5fa30ccc2a17e5ee9da1600604e8a97f2d
DEBUG DBL X': 2e80c076e54ca6c6974da8f73092dd1f074f6486d9a40f554b37a0f2c331b0d5, 17dd2dd4fb6f6cbce76ac796394ff385a8a62e0fe4ecc4194302aa12aa31718c
DEBUG Q->z: 1be538628fcfe29233017b8bbf86c1b04f5907055459d02e1d826e1bf0082e7d, 15f37e0af149a499645a2368feec6d6e1e7f0e5cdf3252d2a89ee88f397d4334
DEBUG yQ: 08a294ea89218447b51d54190325d1d5447f6c45014731b254467465f485f5bc, 09ff5155a2292cd5a14d10a42a6f8e4e0aef597178edac81aa68f44d7a11fbc0
DEBUG DEN: 114529d51243088f6a3aa832064ba3aa88fed88a028e6364a88ce8cbe90beb78, 13fea2ab445259ab429a214854df1c9c15deb2e2f1db590354d1e89af423f780
DEBUG DEN_INV: 070aacb11daf75a210a0c92fc1ed87eb022ac2c3dfa8576c832ca8332780b583, 066497112e26cb496a1f26f0b3a28b083ecb002c7d713adbae5ece221a031ee8
DEBUG LAMBDA: 05f825615e25ed99100c185c4d9ad004833b91a42aec1b7faaab2d965e6826fc, 021c5362bcf10f954bff7fb2d90b0d8955a7c600fd0c1ca7c0386f00deb6879b
DEBUG DBL p->x: 1ca3f54e51e3dcc6e41209a040be782e471601c5ad0e340c9082accaa0198712, 1dbe8de8f7c744ba778b62c18229af17ff5482caf85133e5d266b7274c1765e4
DEBUG DBL t1 (X^2): 24544c68a74932531012b3c407b79f05cd159ac5d766dc3db22739b323bda92f, 0419236108f79f8affe432b60ab47d12e2d11c0f5fefe1f046d1acd00aa01964
DEBUG DBL M: 0c344854337856a5bf978fdf14242c56383dfb2eb550ff9e9e3494ebba3f00ff, 0c4b6a231ae6dea0ffac9822201d7738a873542e1fcfa5d0d47506701fe04c2c
DEBUG DBL S: 21a74f2585ce72b735d49d16ee109cbb2b35503d4d98ecd2be8f7f3384e898ae, 0c682c3c8858ca511cb423cf01aa79504603443f3b7fb284a347bd1d4f082919
DEBUG DBL X': 245c26279f96459724e92fe9eedbabb8b514b86c76674bf2e991ccff08798a02, 111aa7165f298b46d9e8f9278f4b0b134e7db3182023853a113e78983e158d61
DEBUG Q->z: 172728ddcba2585e3c79d19b5a68fccc92494f0c0a0d845859be8b95ed198b64, 1e193eba7709c6de035a649bfdcb639fb81fc5568f5ee16aec22875b59599a3e
DEBUG yQ: 2b98d4042d5a023d7cb0efc134551cc425a5a79202159b063e9e3d1004b378e6, 2d79d335984b1e4568cceea312e3944c97096fe460dcdfd7fbaf757bc56befff
DEBUG DEN: 26cd599579826451411199cbe728e12ab3c9e4929bb96b7f411bee0930e9f485, 2a8f57f84f649c611949978fa445d03b969175375947f522bb3e5ee0b25ae2b7
DEBUG DEN_INV: 0c441a57715f783eb09660ccf6fdc7074eda87065d74f95786a5b525f45a6010, 2733f6ddd275c7227ac3555beb755c538c78558017ce1790a50183dc3ded9d7d
DEBUG LAMBDA: 23489fcf0c95a882c9f75dab546bed68f0e2a82d3f450cdc7a53f4cd5a95f9a1, 235cdf0b91a0784fb1309a86445de40a06cb7c7a11a6c76e83b2aaabcf076e18
DEBUG DBL p->x: 109528b33c5ff64dcf285f1f274053ad2d335fc94ac641e5ae3a51411e941d66, 19d9bbca928229340b20e6ded402c866b179479a0e96ed302e88d72ff9e3adfe
DEBUG DBL t1 (X^2): 08fd04c6a9485071d7c5122ad20bab6cf6d1044f9c30071e73b3e5bde9664c14, 2c830360d48860b7ee7562f3574e5e877d103642e5fd7c01cf233dd084c1226c
DEBUG DBL M: 1af70e53fbd8f155874f368076230246e4730ceed490155b5b1bb139bc32e43c, 24c06d3cbb35e1d45abf9d6d02e86adb482dcda5e114deeaf528a143dd496cb6
DEBUG DBL S: 2540b5cd58d55cb72f1c29863d257320767a5110c04e331d34cb63716525bb0d, 0044feb43b6daf1abd3689caf546b529df1c8b1ebc610716b479aac4076d56ed
DEBUG DBL X': 19ae7b53a19002fba224892e905828c09f1a257dd9a2c43d72719f46f1d77661, 1770f1418bf5490f6621fc4115b3daf67b4cffd4affa1ab22090163a5fc5c0e8
DEBUG Q->z: 2526b778b14b8d86f64d46ae7222e26630757a789360e3374ac0a9c163fd3af9, 2fe282ecbbb8ced17aa948f2cd70c4f8dac604adda1cb5dfe5f62e58b1917174
DEBUG yQ: 11954f48379d3cfbb52ca7e8536dd9ed99bf0359e0038bb16893063814d47639, 171f80c34ffaac7145436b83ef1ecf5e911d0637bec63d85ff022d4434918700
DEBUG DEN: 232a9e906f3a79f76a594fd0a6dbb3db337e06b3c0071762d1260c7029a8ec72, 2e3f01869ff558e28a86d707de3d9ebd223a0c6f7d8c7b0bfe045a8869230e00
DEBUG DEN_INV: 02d0c966cd4100da0a49be3a45f9943d1f665f3b34214d5906af11f668c7bf11, 1d5d4e40ce178e281dc0098c32d269cc0350ad68b873617da8326acb8e982d39
DEBUG LAMBDA: 0d487a01c661a8a1a8ef70ce19f54cf5e9aa21ef9a7644f46eb772561c37da33, 2892977f2a81b18b78f346bd8f2b9ce52d2dba36c85d8b3785aa126fb76ae27d
DEBUG DBL p->x: 003fa7aad76bed1a210a561f2a1a60b94840b9fd388d6c053d7f5ddb78369142, 2194af634da681113c24632f1591d574ffcc27a5d22d05a58ff6e94b12cb19a3
DEBUG DBL t1 (X^2): 07eaab1ae3c3de63d86b44e7bbaf4664940f545885ae786e10d836a876b9df31, 2b1a2d7612212830883f44593c1691a95cf8e24aca046de382d94c54ab9fb4c8
DEBUG DBL M: 17c00150ab4b9b2b8941ceb7330dd32dbc2dfd09910b694a3288a3f9642d9d93, 2085eb7c7400383e281d419eb1410440e7e7d1bd8d29b490104accd051e523ca
DEBUG DBL S: 07cb5e0cbded2587683ecd91330e6a7b97d221c271100e855104c4b7c512f9ce, 2a4225f9af0bfdfd422e3711b11b29fc1566d88874947ea0c5e81f4901bdfa9e
DEBUG DBL X': 209325a2953a810f97d6a2982850a5b0303fda0520d8042746b526d4e0fdbc91, 0acbe81fef887bb6f7a2405225e8ea5bc93945ecddb84d8132b5735e0f741570
DEBUG Q->z: 17764d15a157bf10138d3bc34e743eb9606b0c08b8859d07d62c0caf60baa310, 00858736aa10209053c906e1a59505729080b0ae05840c44ea115cfad6ab49a9
DEBUG yQ: 08c9cbb50c9a8288cbc20803c08e5df9dd1787dabf85ca5354ce04317b3b19eb, 03c84b72ad56ef501f547428f4f24358ffcfc41590493838742c3e45e2dc003e
DEBUG DEN: 1193976a1935051197841007811cbbf3ba2f0fb57f0b94a6a99c0862f67633d6, 079096e55aaddea03ea8e851e9e486b1ff9f882b20927070e8587c8bc5b8007c
DEBUG DEN_INV: 0274319c0724a83e23d3bae654d6cbeae5108ad1b4c2022adae73a74476bb73f, 1a5b439c79e50f027117f3c8c0cac2cd3916f9ee609f2ad92f961955c8ab8584
DEBUG LAMBDA: 1f69022c208296b942054954178729532cf72110a0f903f69be77d6ae1f14a31, 17a220d46f9233672aada92df15f3e42e1b260d6d70abb5d1552b16305274e48
DEBUG DBL p->x: 209325a2953a810f97d6a2982850a5b0303fda0520d8042746b526d4e0fdbc91, 0acbe81fef887bb6f7a2405225e8ea5bc93945ecddb84d8132b5735e0f741570
DEBUG DBL t1 (X^2): 1bbbec033e26b15938c7a453ea296bdeb2a1056794cf52387f6fe9bcf3059303, 1fd1ef5ae25451abe952666a66a833702da39e92924dbfebd1b147498712390c
DEBUG DBL M: 22cf7596d94273e1f206a7453cfaeb3e8061a5a555fc2c1c422f31200093bbc2, 2f117f9dc5cb54da03a6ed88b27741f2f16971264e77753638f349c5bcb9addd
DEBUG DBL S: 128138d27cfe4caaedd79721c07a541d2c5dffb39a989b1be05ee324f8dda080, 147de48010b1df24fb8c801c76010a42caaaf4351bd49c0cee490223664fe296
DEBUG DBL X': 08ce65c494df8b1e2f414b35b8cc7911ccf0de5e373a1c052f063d10df9637ab, 2f43d2dcfd88f1ab36b493bb872d578958dd700dcac719be43302614ae1c9925
DEBUG Q->z: 0a53f1557b166ce63170ec56bfa545a0c1a3c75964f017155ed71e4facd18965, 02c6905f4cd811a838068f5f9207339926590f1fc7ea51ecd22228110221ea42
DEBUG yQ: 160a7bd59f65caf7ac93104ff7a9eb972476a72afe17e78bfdb3708f57fdd412, 2ebdf73cc73d7594e787685c4e9a587373fce397822f3b174569ee7fb4c0ad8e
DEBUG DEN: 2c14f7ab3ecb95ef5926209fef53d72e48ed4e55fc2fcf17fb66e11eaffba824, 2d17a006ad494b0016be8b021bb3588950785c9d9becaba14eb350e891045dd5
DEBUG DEN_INV: 07c61b5770bef47694ee86d669a42f90c063e449c76a7a758c91b0d8c2852b40, 1fc66586b730d4c3991c705be41dbbb7e2027a5832696410c503a5ab11d7e2a6
DEBUG LAMBDA: 24fd6ea66689a2c1a7258a1da5ce5c8711d0619e7b62275d040a87631d4842e8, 254831421c1ab351bb7d80801a7cb9ae12022181f016492510319c4b8fd45ecd
DEBUG DBL p->x: 1b9947ee7623f2cb8d49b328f7dd226de94fc619f34fcbd6a0755f3974488ae1, 09fd446aff12dea44588033fc7995a2aebe03b98d0150c2587b09520a788d754
DEBUG DBL t1 (X^2): 0fb774fe6c9cc220fd024ab97447e42a33f2e698943b06130df91127ae71c095, 2f3e9b8eb4f8156cc920dcf69b824eeee8e8a7ca69696deccc82b308a1edae5b
DEBUG DBL M: 2f265efb45d64662f706e02c5cd7ac7e9bd8b3c9bcb1123929eb33770b5541bf, 2cf335c65c84fff2eac20b76cf843c118bb7223c6b58b4abed4700ec34cf1083
DEBUG DBL S: 193f550908f75ba2d0b96c14c46e5fdb57e9621f0cc1bc310491ae83204ad4fc, 2b3f594c89b40ba4e15f98532d7b6ebd8bdac8d534614a6879b519b6fed540a2
DEBUG DBL X': 0a5d48b8b398565d0a880de2607468d0b772b3a25873a121f25fb8e271778378, 27d589f3793cf568f8dd7fd477b98fd60ec82fe636cf142a3a59b1c487be6e0a
DEBUG Q->z: 266501721559057e04eeb368b705dd770a90ff6550ebee29055cd56a5380ee39, 2c157450f62932c04f3e309e818fcb748d056e75bd17225d20ee56d30f900959
DEBUG yQ: 0c7c52428684ff6fc4549074cfc4ab44b9d68a2297c7d01443c50729ba8f6de3, 03b08a8b9917e8601e957296662d5c28e0c62794de688e9ffe918570348903e2
DEBUG DEN: 18f8a4850d09fedf88a920e99f89568973ad14452f8fa028878a0e53751edbc6, 07611517322fd0c03d2ae52ccc5ab851c18c4f29bcd11d3ffd230ae0691207c4
DEBUG DEN_INV: 2e8ebd6b65b41aa94b41b2ca81117b1f995664433b03a817ead1496adaf3e179, 286621bfee7103ea6fd22d4e0f07af7f2d0153f43f77be2ab8fdee12a7c22f03
DEBUG LAMBDA: 0b1ba341c04575a34adc5897beaadfb3e1cb8baa5364bea02b7f6caecc40e5ad, 0ab3bfa9c597030aa8e2b0dd27bc3e0ca30426dac37cbcf7167cde889e0864c6
DEBUG DBL p->x: 0a5d48b8b398565d0a880de2607468d0b772b3a25873a121f25fb8e271778378, 27d589f3793cf568f8dd7fd477b98fd60ec82fe636cf142a3a59b1c487be6e0a
DEBUG DBL t1 (X^2): 1578bd260c214c055132a691a0c97512c18e2d09b725b2f2a6dad62f5ac5ba23, 01625c242ad11af3705d9059731c8bc346475d70cbd0ca2017f1b7fac3b57aaf
DEBUG DBL M: 1005e8ff433243e63b47adfe60db06daad291c8bbcff4e4ab86ff67737d43122, 0427146c807350da5118b10c5955a349d2d6185263725e6047d527f04b20700d
DEBUG DBL S: 2930996c1bfd832fafb435884bdc73c621d543e247d003515a174338f5dc874f, 22ae5c94c1e04e9e46064c379a341df401529c5b16fe8c3529a496f9f2231470
DEBUG DBL X': 04833e114a2694961e12a99b2c205defcad42b4e2e82a4474fe232b6378973fd, 142bedd6b44d0c680bf63389b2f3909530aeedb5721628cd72c68f47839c9cf0
DEBUG Q->z: 0858e974fa802d716f2ec4f75211d77ba17a1753ddb7a57efe041c8a7b551e7d, 05b5b3fa6fac4a87c693c7b581bd705e45ff62095a56ec178197d5814d654ec7
DEBUG yQ: 2b07577d31c3941b7cc0692a952dccb797e558098b067cfcf369dd1ed80f1437, 1c85283e7a78288d749c8804fc3b30f27e2a38e08d0306155c96381267ed7dc1
DEBUG DEN: 25aa60878255880d41308c9ea8da411198494581ad9b2f6caab32e26d7a12b27, 08a6020a13beb0f130e8ca5376f5098764d3072fb194419d7d0be40df75dfe3b
DEBUG DEN_INV: 21ac63b304a5d909eac83b4825428ddd61a1bf1b6660c48aec1a58b43a11673c, 1c79b58bf3d6890e393a1a32b2db59f6f4ce1221139b00af30cf6891c0aacd9b
DEBUG LAMBDA: 0b1a1ee90cfc29c0da4c5c995a722a6875db12013ea5ba8895580120bdaaa308, 0d232ab38485d85091e58a2a6812728bbc637d0a3f7260c5521f9c7363c49c7d
DEBUG DBL p->x: 277f8357e0101365a5d7a9db925353356f544b5ad18440a7ceeac0b747a9fb7b, 07d1299748aa1c176187c983fea7a6dd1d87a0b9ea92caaf71fcb5c748c23aa6
DEBUG DBL t1 (X^2): 1aa6f6e789c26b455ec85564a870c855a916e509f08284eeb53379c5ea93e39d, 1558190a81ed2e44dc7ca59717f3edc47d3b1af6a048a50d5d96099538a31be4
DEBUG DBL M: 1f909643bc15a1a66408ba7777d100a363c3448c6915c43ee379e13ae73ead90, 0fa3fcaca495eaa4dd25ab0ec65a70efe02fe6527868249adca190a8d16c5665
DEBUG DBL S: 20666a3147998a11b9fe7a85eea8f1ab3209c391c17692f624d16248da83166e, 102229bc1aeeff9bacd75495754f0d462663679f59b8b2a3241c3d55eda70bdf
DEBUG DBL X': 2e2f6f0d068f9e6ff7448964587fd974862bbda7fb472ad13a25cc83c62ee2ff, 201a89fa845900c9123682e4e9be4586a205f71412c2fbb5261e60ec72a69763
DEBUG Q->z: 2b73273dc0d7bde6c8b1ac842e79c81b2aedc9a5342ebc179f89cfece413f480, 2e14b51f56d2a34492b04dbef223a0d0ef013bcc6ded73c9931ce234050824a3
DEBUG yQ: 26785c2e096bb7e5b6db93d00698d049491dbdfe1ecdb40e4cccff46e7071933, 1fbd59e75816b11cbd765652a559d06934a1e73046563a2f93758efb3a78930f
DEBUG DEN: 1c8c69e931a5cfa1b566e1e98bb04834faba116ad5299d8f5d797276f591351f, 0f16655bcefbc20fc29c66eec9324874d1c263cf243aa9d1eaca91df9c7428d7
DEBUG DEN_INV: 2486837a29cf0de7e351aed93252f7b3f1b99d1076c77707060a9de0e06ec3ad, 0b38780ac36fdf6ca3e50a380e601b66434eaf45924be5edbca36cce75062c3e
DEBUG LAMBDA: 2d69388d651665e063ea374c73ccf2f67d961288358e4e58e90c9b0b9cc351f3, 069d850a4206a28ee5c0468a592f0951b4570d00883c62a0dccf7bf9c8b5be6b
DEBUG DBL p->x: 183f3ff9a9361661ba91c47751772be6d45843bc33969ac47605226df2abaab9, 09779e750f00adc69444f808b7883786be29b51177a92f903637a31ea1689678
DEBUG DBL t1 (X^2): 20cd785993deb3fd2b660f0d6192a896c6500f2e25ee607c7d001dc214cebabc, 0420791e300c7047957ccf3a26b64f001febe246a710c9a1a046e39bd9751116
DEBUG DBL M: 019fcc26f938dba41191a1bb21b5490923ed5867a0e78c5afebf41188d7235a6, 0c616b5a902550d6c0766dae7422ed005fc3a6d3f5325ce4e0d4aad38c5f3342
DEBUG DBL S: 21d078ce0666f4ac377fa36c07c95388dcb66da7ef6e7a80130c3fc26fa65f11, 2463d571e2b16b27d4d12b225f8513cbea6818ad12a05178827695af77847725
DEBUG DBL X': 12555ccfb4651779461b5323b9dbd7f6ec3905b321d013d7d47e9a91d1c7cc00, 10fd70f05958075c993c0e0953cde39137d0d06a29fef7dfc9b3558f4e120aee
DEBUG Q->z: 246ba1c78de729b2bb1f96b3b83e9be9d051f601fb26aeef21d7cea142a02311, 233504d5819c5d80b28591b8a927f2a527d096f913c2f83eb43679a47455843d
DEBUG yQ: 075b7a91fbbe72ce8b6cfeedb569d8a2f2506c19364af5cca9d2d0ca643953ba, 154c86cc453e6c4f5f77f9d532a0184bcd641e5f6149ee0b567e6fc8baf1eb65
DEBUG DEN: 0eb6f523f77ce59d16d9fddb6ad3b145e4a0d8326c95eb9953a5a194c872a774, 2a990d988a7cd89ebeeff3aa654030979ac83cbec293dc16acfcdf9175e3d6ca
DEBUG DEN_INV: 101270f9996456b69d1f37a43de20a133120b3c580cde337ef5e1d803cdcafc5, 0140b0c1e2906dacdfbe632e15063f7959c0166cf4095a6bc57367821129ba42
DEBUG LAMBDA: 1caa86fda3e84baa7d4aa581b060b7b5c7d3631357a0b733a782833fa1a730cf, 1aa5791ff1dd7fdf8fe7a999dd04cd7406a63d3c87f78598c4c822c462be80dc
DEBUG DBL p->x: 036c20fd34c5c0f3b93d3997605423748aff50000574a678e8ef9700193f48e4, 2096e5145036fc7913d2fc222d825eed843d88684a5b827ed89a7d6d79b15867
DEBUG DBL t1 (X^2): 109e3eaad6bcb007c63b254506d32f7138d1ade2e2a74999fb068f66caad1036, 1ddd99fecc9d8f1b96ac70171584d102540df299a164dd8b097f81f7d83ac226
DEBUG DBL M: 01766d8da3046fed9a612a1892f835f612f39f173f841240b4f3221d878a335b, 29347f8984a70d290bb50a8ebf0d1aa964a86d3b7bbcce13e05df9d0b033492b
DEBUG DBL S: 05fc18575adf546760d568870877263812e61bde613b6ec371f9d0f3eeff00a0, 1db3d735b2abbb965fe8d757375d72bf4b6b0128dd38abab29fc7eae242fdf3f
DEBUG DBL X': 246af85d25c555d21d0abd22beb0b93c648e9579c4d6d2e2c1d943d17d916aea, 21cd5a13136da428fff3fb9c703f0d660b5ad7b42be16e5ce65deace726e4fa9
DEBUG Q->z: 078ab4eedf02184de359171647782b43ae712ab8a0f954252cd97b01181af3b9, 28837c23734197684d4588e209b1c0f89f95ecf8e77fb56d1ef070fe06ffc6a0
DEBUG yQ: 1db15be2024fc9d0572b23481efcab64429747cad54844f576902e7531d3cbc6, 2cc8efe9f5f3af3cbac32fd6089195d55a0b99ad930a134284d15dd88d36debe
DEBUG DEN: 0afe6951236df376f60600d9bc77fe6aedad2504421ebf5db0ffd0d38b2a9a45, 292d91610ab5be4fbd3619f58fa1d34d1c95c8c9bda25bf7cd822f9a41f0c035
DEBUG DEN_INV: 0b5db900f603ac6c91be9e65b178d6550340417d0bc835a64729e140597a6cb3, 1600574814f46f864facb7eed87871e39b9ad4167844e2db36173ff52091fdf9
DEBUG LAMBDA: 1fe3d9821ef8a00a56c021abbbf9e7875f0c9fbcf0cd81fb5d71ff484a4dd654, 29ce1dd1718343116421f965343914c293161ddb427e0e61fc6dc69550ffc00c
DEBUG DBL p->x: 20316ec6cc635cd980bc1b7e11cec504d5a7b010c293be968f1b02bdf0f1ef42, 25bef6b3dd6bba4a3f153b1174397b8abf36db5c744bc6524ace7a2e0510d056
DEBUG DBL t1 (X^2): 10e05b6d32935d4e8a4c302a0b9ffa0715b03f447b28a87202580dceef2a3931, 1e6f1a6e9116f088f949e7a0c2dca357f490a5775b1ded2ae64868001984acce
DEBUG DBL M: 023cc3d4b68877c1e6944ac7a15e95b7a98f533c09082ec8cae79d55f501ae4c, 2ae900d8d2133171338d712bc71491aa463085d4a8e7fcf376b8abe974110923
DEBUG DBL S: 20f1cc1556e54baeda34b76980b0809c3d350c6ab805e1deb8ce575e4f619b77, 2f466c64f6b149c961f7b2a7d72724504e757f1a6b9064e8ddfd12bc156aa736
DEBUG DBL X': 1b64a3b64a2fde86bc0ae122049d5528c23cbd9b5d621f74b5155958077fc410, 2a0391d97a0263660eef0c13ff03d8b52444658e87dc50df31f5a5545e5e2e3e
DEBUG Q->z: 1db5422d728214892bdb89c922d4bf5122a33dffce4087276f59083bb450dbce, 096993f16379d72f58a59566a0ce4733e23ca705b84412f389b1575f8bee1782
DEBUG yQ: 1e601d420645587577d185974bccf9a8f25c1b142404d0191b7fed834425a66a, 1c116636322b24c26fdae38f745363e7ffa8dc4f63a0a85636dcc9a5300657c1
DEBUG DEN: 0c5bec112b5910c13752c57816189af44d36cb96df97d5a4fadf4eefafce4f8d, 07be7df98324a95b2765816867256f7267d04e0d5ecf861f31990733878fb23b
DEBUG DEN_INV: 2b8cdc43a421b68127f764055f7e0441b4f9b2ad0d19a09d8459de570b039c36, 13a828960cc97542060057a9c2d808c6b6371c515b6d4b3da920f10b80755fd7
DEBUG LAMBDA: 1f41c8148bd674c0cf24c40bd68bf957521ba2a20a17f133309eaef2322e8d12, 00631ca90afdbb19ee51e2bdee395bfa7638ad6f8db0d246b6fd104084640056
DEBUG DBL p->x: 1b64a3b64a2fde86bc0ae122049d5528c23cbd9b5d621f74b5155958077fc410, 2a0391d97a0263660eef0c13ff03d8b52444658e87dc50df31f5a5545e5e2e3e
DEBUG DBL t1 (X^2): 1e677317a8064b8ab784a5b147c7465a852b7fe4306d59fd759af6a736d483c8, 263e11b59b5d9ab39019a60fcd63e43cc0dd3b41585048bd803f4f453ed053b1
DEBUG DBL M: 2ad20ad416e142766e3dab5d55d47ab1f801151b28d6436b24b057decc008e11, 11f1983b0fb58fc73fac66c26528fbfb1394dca1380d451e087cd5a20b770085
DEBUG DBL S: 126cf7ba61593476c242fcb18283c6e54d17afda900ae5a939f6f2653f2c38f5, 2d192a6bb7445de4c7d1f6cb8e2bfcf7f28dc9994930f4c1f105651cb1a135a0
DEBUG DBL X': 2a1ee377cd677b94329d70043cafe9b9a45f8071b232e942c215dfa5b4c52465, 0421644c5d203e5c42d3bfb282753d9468ad3ab4c1d298e42d75ea9c860b7d59
DEBUG Q->z: 177e32661fcbb00c0f76118f099d7ade9fd1d1823d4fcae720df99024dbc367d, 1d393b5756e0942b39485e40fcda1db8cac5399e5ed6295260b6519790953949
DEBUG yQ: 2ebdbb9d1574f884d9835fdd83fd0a61699fcdb5d93640a1c7078f74d581bfbc, 00e9319216e0854ac789f37af38a67636ac67ea2c8863bd65a417a6e9477d041
DEBUG DEN: 2d1728c749b850dffab67a048678bc653bbe30da49fab6b651ee92d2d2868231, 01d263242dc10a958f13e6f5e714cec6d58cfd45910c77acb482f4dd28efa082
DEBUG DEN_INV: 21a96a92ad8b21fbc19a0db74f94208fa3b1f270e6c9c5f23e9ab3935a5cfee6, 24f5d4348aaffaceef80ef7cba4ba656817aa1668504e9fcefc6f4aa18b75736
DEBUG LAMBDA: 0bb75220dbbbb03434707d0df60e5b7076310acb36ae2011950f9d008f7f220b, 122df34d409fdd07ce2476aafa5bc1b0eb2006745107154dd5e457e40e936969
DEBUG DBL p->x: 2a1ee377cd677b94329d70043cafe9b9a45f8071b232e942c215dfa5b4c52465, 0421644c5d203e5c42d3bfb282753d9468ad3ab4c1d298e42d75ea9c860b7d59
DEBUG DBL t1 (X^2): 2b0e24e5b2fd79e4385d88b6588f7e4b8b4c4db8386655d46f800a2e57035b45, 0befdcb6f05800d31e556eb4a7858b3edbc50fe24a10a8cc8bd43f99ec0b022f
DEBUG DBL M: 2061d1cb56952d5938780eb606abca2772e21405d84f6c62d63f065d54101741, 23cf9624d10802795b004c1df690a1bc934f2fa6de31fa65a37cbecdc421068d
DEBUG DBL S: 1c77f7d077fbb1c3eef76a82dbcfc74b4452f685fe989414e26dd33694ab6f36, 05afabc4d3c9eaa971d6c3b579964228fbd62dcc50f777e8d2d625bbecde7959
DEBUG DBL X': 28c2c746bc2227cf0a9b54679e5e54a6733ecd775e0096708bb7399508814f3c, 0e9a6ac40970f9ae5f392e35baa546dd7be8c84028539d9c387496c21f993959
DEBUG Q->z: 173621fd770676369325df0bb04a40477fbff4204f5b47a09c4521c43d0d5dc6, 107c43bc4136d3ac74dae8b73f2b9cc3e7c5315b5c400cfe9ee682089a921c50
DEBUG yQ: 21870761385123c5d54a8e7a063d8dbebeb454d1ecde98dc31cdbbc737791b19, 04102acfb6367d01e8d916629cf4888dcb4bb869a0a9d5276b4e97357a6f4b06
DEBUG DEN: 12a9c04f8f70a761f244d73d8af9c31fe5e73f12714b672b277aeb77967538eb, 0820559f6c6cfa03d1b22cc539e9111b969770d34153aa4ed69d2e6af4de960c
DEBUG DEN_INV: 0a7e172c85a687a71467e64cbb823f7ecd931b457760da67f6cf79dc495cbba6, 18a3076c960c47786975e9885374690b276a9e713c3aa8e9152b768455217d48
DEBUG LAMBDA: 2a5b3efb997b26cffb9ac325bbd72af0945efb13494bc975bf14bdc0738ac740, 2199e8c5254c6c6da16ff14d388431f6a9338e5fe0429a60ab6d2fd2d42d9b93
DEBUG DBL p->x: 192fd09c3cad08e9d2b565a8d746cc7f324dd9fdc5b2c21b25f84b069734c041, 2272015941f6828e23a004cc8563c66a4fb5957e6bfc0090474a3e889743399f
DEBUG DBL t1 (X^2): 1a5dcdf98131d4f7afa8772bea18a0e801f3cf78399b2422696d72009ad79d01, 0206e520bf9a41c64efbdcd4a002cbd2f8b3b4fc1208901c6f61447fa0832908
DEBUG DBL M: 1eb51b79a263debd56a91fcd3cc88a5a6e5a03d7445fa1da0027c9eaf809d9bc, 0614af623ecec552ecf3967de0086378ea1b1ef43619b0554e23cd7ee1897b18
DEBUG DBL S: 00f8a2117359b68096054f21b7e0a3f9ce7e20a10cc5fa1c581af69f429410f1, 0cbf8c613813b7bf8a3e06d17c12e52e86586991e2adbf18df040526bd04fbb9
DEBUG DBL X': 2a4eb4f3c3b50942e066fb812a3d11fbbc56dd5a18fef41853ceb3f01856bac4, 1b660674155bf10eac413330b7e09b16d567df5e5a9423ebcc609f7e6a123788
DEBUG Q->z: 168a8dad9fd9f92f61a89b560c25ac1023a8e1512872f383e16c73fbe02d3dfa, 2c8e18ada42ef1e940fd573ea4aa099745de72e022b821b3cdfba3a241cebac6
DEBUG yQ: 1550389f7e9b250f721e6932aac8f33d8438b2f7e5ef9ce0a91ec889a479e770, 25b816bcf1808e491dd8f3c24610bcb762a83e5b1da0f9bb716ae03d67c47141
DEBUG DEN: 2aa0713efd364a1ee43cd2655591e67b087165efcbdf39c1523d911348f3cee0, 1b0bdf0701cf7c688361a1ce0aa021112dcf1224d2d028e9a6b53463f70be53b
DEBUG DEN_INV: 2da9fbbddd7363b2a3ec838828a0bb709b112306570df0011f1bad37829ebfc3, 117955522905652aa554b91340f5d2a39035d850981463b18798ce41d8098061
DEBUG LAMBDA: 01d4703f322f887fb6e75b8048ab7f7fef42f038450b85d0207aada3791475a3, 02b3c348e65b52247bc0b19d6259729d80ea40e9ddcd9e300e3c910794d9061c
DEBUG DBL p->x: 2a4eb4f3c3b50942e066fb812a3d11fbbc56dd5a18fef41853ceb3f01856bac4, 1b660674155bf10eac413330b7e09b16d567df5e5a9423ebcc609f7e6a123788
DEBUG DBL t1 (X^2): 021353524e287aab06017fe733918f82d5b31f8e753d563081cab3d47f94eedf, 2cc1219b17f999c7cadba9b6718bcc4ca6b49ca5fa3b28a591505385825e95ea
DEBUG DBL M: 0639f9f6ea79700112047fb59ab4ae8881195eab5fb8029185601b7d7ebecc9d, 257ac7eb85898d03eff271b651a0b42ac51b00cf1dcde4d63bafe262d621c730
DEBUG DBL S: 1ebfb19692cea950b9004b5f2d88dccd56bdb1bb42efa8a2f61923e558683819, 1b2faf3be1ed12e20a3519e79325f9a4d4bdf15fec6a4d88cae0588d30f8db4f
DEBUG DBL X': 25eb6eccc8280cc8d237b9bcf95f410f0a625d39300cd4fc4a724a3b66220a7b, 10e75c8c75d715b1cb746754e5575bd3178b28a301021dee33ef7da5e8ccb818
DEBUG Q->z: 12aeeb3a4c7abdf1871707bbf104ffecd544f17f93164be8eeedf0be2c1dee0b, 2ff40816b25c296f67d2b36b2b50f6a7d39ceecb44849e263290279871a46d00
DEBUG yQ: 2fd3731f20f5748f24038fae37a157823690e32c19755a3138847723722d98ff, 25d54307ce29f1b193d0042f4a08a4e7c657b6cd7485d528bf19698c1db309bc
DEBUG DEN: 2f4297cb60b948f48fb6d9a5edc156a6d5a05bc6ca78e9d534e862300bde34b7, 1b46379cbb2243396f4fc2a8128ff171f52e03098099dfc44212470162e91631
DEBUG DEN_INV: 0b6342d87fdcffd4cb07a049465925aae435d74d78bda4d42131743aa9c8c739, 189b7cbee6876d47ef184ca6536005103be9d75278a1428dd4fb562cec3b4695
DEBUG LAMBDA: 1932a3441d797a702f56a547ff45e0384cad4039c20831a10ef3b65903fe58d0, 01cdbb43b280940f80ad48eeffebc892eb23e4d06dccdb6f0ea747d77660fbd1
DEBUG DBL p->x: 25774642875b8dac05e0cff451605aab4e9bdb7c8e6b28e695c7e780bd580ab7, 1c6e26bf2bcf3948e25615e8de1496914f91c1a6a4330f9564150cc84d4e4c51
DEBUG DBL t1 (X^2): 0367782741ed53d0ca159331a600b4c92d93f58e56c559830bb538456540ea20, 2b48a929647c5fb2e83f61c8e64196d7d7c7973e4fec8006629380709f556ae4
DEBUG DBL M: 0a366875c5c7fb725e40b994f2021e5b88bbe0ab04500c89231fa8d02fc2be60, 21115e966b11dec5481d99edafc213cc5853f0981ee1eaf8af7969242d06461e
DEBUG DBL S: 0d7a70e8b15380258ffc0cfb52583c096125ef28549639e456bb76dc9bfbcc7c, 2a8b13adf7808038815cbc1d483337cb736cd20e5821c3e9e1853d77f66ae7e9
DEBUG DBL X': 25d3cb915b68e135a5fab939ac873b49a00b36d938cef5ac4bd0ca164ef92d43, 1b9e7827ca52cfb9c98e2efda6a2cd22402f337acef15f0a0b0330671963077b
DEBUG Q->z: 0804205168bb18e2128e57c83e79e783b288f11f9b0255df5a1bc502a19daf71, 0528d1a48bc8edfa29437073b11c1e9130ce98fb4d2d292e57144bfbfa50d677
DEBUG yQ: 120ce13cff1e3989227434f4768a3db29175f0f27dc8167ca33eb5fdd6ac55b7, 299029365cce470f5806123e1362cbcc6f0271667d7d11870e7b5538021435c1
DEBUG DEN: 2419c279fe3c731244e869e8ed147b6522ebe1e4fb902cf9467d6bfbad58ab6e, 22bc03f9d86aedf4f7bbdec5a5443f3b4683783b92885880e0d61e592bab6e3b
DEBUG DEN_INV: 17de979c8cefc1b1241b4ab6ba6417c1ebe9f56054788669f5afb6498c13009e, 0653de8d207d9d6705003c436f106855843bb52ea6b313987ac4160561100142
DEBUG LAMBDA: 1f52e620f42b00f764926b3c2dc9b4ccb04f7f754ccd531b44fd647935b2cbc0, 037b4266f01a534d8f430a556cd66f6720d5633ec644f1ee7859987e56a0b670
DEBUG DBL p->x: 2aed6e31e573429c374acb9e1000312676d62b57966a3ae0412a3a8e23f044c3, 09868072a95b8b8f0e0deae8e1354886c8f027a7ee25a1f7015e92e0bc62d14b
DEBUG DBL t1 (X^2): 18ad1f7619b0574e26bee2711efd584886a501ce6443f09d45b697944c126544, 0762be5c58fd523070c9987a102187a7f6444c1c01c217399567573393e8332d
DEBUG DBL M: 19a30fef6bdf65c0bbec619cdb76b07bfc6d9ad9c45a074a95033aa60bba3285, 16283b150af7f691525cc96e306496f7e2cce454054645acc036059abbb89987
DEBUG DBL S: 17beb3a244e976af0069e24eb8dca498b30afe4c68bc4b044c5f3686cf711122, 2581b3ca92812e8605544c1374ed1595eef6bf97c2b437fbb836128e29aa07b2
DEBUG DBL X': 036fd811632a07ba1bc1a451571a316cf57e9bf6c90849e689b3397777e974ce, 03a82842217ac009c7373db911d398307809c1a94f241b2e1ef7fbbd8ac21e60
DEBUG Q->z: 155223aa64f75e1465056a6322d1c1419c899c4d12d08d6cde1d7d9b438ba4ed, 15bc71b3a7d0ff5c00e98abea344897f5b0122cbeb238a2976add90598bea6b0
DEBUG yQ: 08e1417efdab78c57a489678a2552e58a31714650574c667aab1d1aa322e1ddc, 17f0b6408bb1b54752813bfbfe027f41152e11ed0074e387ddb696568ede3953
DEBUG DEN: 11c282fdfb56f18af4912cf144aa5cb1462e28ca0ae98ccf5563a354645c3bb8, 2fe16c8117636a8ea50277f7fc04fe822a5c23da00e9c70fbb6d2cad1dbc72a6
DEBUG DEN_INV: 0a8d4d065ce4e8ad86bb98b73a97090e5432cec54383d499cefc6d0241f36cd4, 24a20cd0dfdb9a3025e1c60daafd2941619ee87a4fd004ed46d8245bfc8aa2ef
DEBUG LAMBDA: 2e4bf98d58005d635a1d4580011884acca640f1486812ad23c04814e0d0cd5b4, 1f822e88b6cba4655e8eaf4ac53a4e91ef2d0e8cdc66908f931ad70d45ad558f
DEBUG DBL p->x: 248cfe4440332e886d635a7751f8a9f986db66dd0138b868bb476c46ce97331c, 0e5f2d1790428c76843ca2fa3e5906ddc14b2595f693298ab8d51dbbd9f449bb
DEBUG DBL t1 (X^2): 05f74e9268a6aa80218641cc06dacffc87b621b12685b6107b284ef8bb560600, 2811ccd457fd438d731dd6445f2a53051e4c07f82ab35386a5bcd1d481cbc99f
DEBUG DBL M: 11e5ebb739f3ff806492c56414906ff597226513739122317178ecea32021200, 176cc99745948a54e8b8f7601a7c48542be142c5af36657978f55d4fd469624f
DEBUG DBL S: 1aadf2a52c5249b724ee0a74dfa7200bebc83edffeff43f872ad4a7c513c6fb3, 2f2b841d87bdbd1dd0d63e834252fc7f1f828f3e10f52bd6faf65fead132ba8f
DEBUG DBL X': 240cff97714cb8f4be8627bada5c3e9eb680e6d586bee341873523777ae72505, 13e1b1e0b59e438989f69920d84689c4d3feba81305e8bdbaa34930d393e01e4
DEBUG Q->z: 0179ae3f53d728b3863319c53247029478245de1b1e21cd5f5d1221cdb62a7ae, 13eb990afb8e2b95901808bf0a19ee7fdab039915025d2c454b3528c1a9ca4d4
DEBUG yQ: 1b909fbf2caeaa71ba7115be4530b3eba48163b2540058cac03d2bf8edd1e46c, 258de455bc72f98d07c334bfb0976e3637bef27fc9891bfaa4c9ec13739f09e6
DEBUG DEN: 06bcf10b782bb4b9bc91e5c608e00f79b1815cd33f8ee7084459cbdb0326cb91, 1ab77a3897b452f0573623c8dfad840ed7fc7a6e2aa06d680d734c100ec11685
DEBUG DEN_INV: 130703bc0a4d352da4fd8726eeeef86aa87eae0977c49dd1ae02eca02b34473b, 003a7436f1c046ff65fd2bf1f25a80843479d179c4f47a55fd6467a9eefef410
DEBUG LAMBDA: 24dd556a0d8b0175237e1e86079958b5dbdab568c2c5c9611c2e146b5e75ceb8, 0be45d641f67acc073d5f76bb854cd97e1d54b0a9f936799818b63ed4e4bc2f4
DEBUG DBL p->x: 240cff97714cb8f4be8627bada5c3e9eb680e6d586bee341873523777ae72505, 13e1b1e0b59e438989f69920d84689c4d3feba81305e8bdbaa34930d393e01e4
DEBUG DBL t1 (X^2): 09021dc221303c523ebd64d8f3382ca89e80896e5c0bdd65d6cafb5c19803985, 236b947a5f41ddba4cb1c417e4c2536a0bb519ce51e44cd444ea9952b1ba89d8
DEBUG DBL M: 1b0659466390b4f6bc382e8ad9a885f9db819c4b142398318460f2144c80ac8f, 097a20895b6258db7574c0daab444982f41c784824c95162567eb3ca6435a2fa
DEBUG DBL S: 1e2b5b91e268299be60781cb88dd87c0f76b7c6beb2a8fe7c6abbc261dd7ef74, 194cc057a417899d0935e41583779515f99f62dbcbc82cf028103c244fd8ff52
DEBUG DBL X': 260ca1f2ae595897d2910c00b5953e186acf713a0f7d44028915b7471ea49ec0, 1f3832d0d134c98f16232ffff5fe58aeccc5bc6823d2e65220cc03319d0af974
DEBUG Q->z: 1a87d9b377e811084333764dab2d3013f821137b2c81fd37109d3a62fa95b696, 073971d1403f753f6a0c31e6e93f5fe635eecb9b5c8a80f7a703a093502aa76e
DEBUG yQ: 076f537f4015a3ced9a2c62a664dcaf0d9ba4b388a8194adc9221a68da245833, 090db88bacfb38a75b9fc279342b80c333992cefee1d8d5a1fbc1c1eb019b17c
DEBUG DEN: 0edea6fe802b479db3458c54cc9b95e1b37496711503295b924434d1b448b066, 121b711759f6714eb73f84f268570186673259dfdc3b1ab43f78383d603362f8
DEBUG DEN_INV: 1e15a24c43aafd74a1d32e27965f889dcc1cf5767df3d36d9c42b1b28a211a5a, 200fe63c3b2f9bd598f7b5e84f0ab1e75c203ccc8ddd08ebb7e17ff75aa3203b
DEBUG LAMBDA: 19f637fb1596e82ebb4bcfc8982eb83660302449d43046e1748a91e6cd9da210, 2d8fa3586e011b8824b475ca8c8aa8050e3eb194d88237cbec17157ea6607c38
DEBUG DBL p->x: 260ca1f2ae595897d2910c00b5953e186acf713a0f7d44028915b7471ea49ec0, 1f3832d0d134c98f16232ffff5fe58aeccc5bc6823d2e65220cc03319d0af974
DEBUG DBL t1 (X^2): 2c9867e6d8d72b79b7e3983e07ff71baa05e3760bd9b6ae4cb41cbd2f3c6c1b3, 225afca29b4d2419f06d48fd49afe9bca0da82e412d64434e835876e58c9052b
DEBUG DBL M: 25009acec8224219b70a3d4d14fba474b217d0ff67eeab93e9844b4b2a5a4a8b, 064859020f842bfa60a74f8ada0d0c7ab38cb389679f3784405f7e1d596114f3
DEBUG DBL S: 07dc0bc5d445a88567da29dff6cd03560dafda487580bc53ec4f976f63936069, 20a9d670e1b5d34fa5f46bed5239300460f6dbb555ba43e26195de6634a9070e
DEBUG DBL X': 2a79464fc3711599f47146c949b9302581da69866c7bcfd6e39d872f5afbbb3d, 0d98e4633cca8de7e5af2b9ff8d006c96bfb75f3afb6921c961a70116ed2150f
DEBUG Q->z: 0c8d4abae28ecaf3e716fa1dba5e44d8ff3c1624835a9bed07c387b0cfb54d4a, 012d6585bde10771edf35cadfbc434eb98450c1a319898cf68f3f51b5e5ea3f2
DEBUG yQ: 1dd3bd488c5f09ccbf7beb129dae00b74ced2413037480ecef65a6936bb45ef5, 1f7e7bc6b684db1d72522950505d67fb4c467255b1cd7b8e8820828837678e03
DEBUG DEN: 0b432c1e378c736fc6a7906eb9daa9110258dd949e77374ca2aac10ffeebc0a3, 0e98a91a8bd816112c540cea1f397799010b7a19fb292c8fd42078f996521ebf
DEBUG DEN_INV: 241781201a330c30f7923f422cb5cee12c0348ac26d4c656b23f96b8be0aeada, 131d40cbf7e125617c4a7d17cfc87f87d2c932b75ecef421a65d6bd2c8f67582
DEBUG LAMBDA: 2bff7ef0497a8f60e41f47dcffdd2e311dde5f4feafe4f747ea5578913eda1d7, 04b8875909a3fa163984f293ec491e3eec2212fee877465d0ae1b697bc8f697e
DEBUG DBL p->x: 2a79464fc3711599f47146c949b9302581da69866c7bcfd6e39d872f5afbbb3d, 0d98e4633cca8de7e5af2b9ff8d006c96bfb75f3afb6921c961a70116ed2150f
DEBUG DBL t1 (X^2): 144ab8d908083f8f21060c13695325e64655e5a10aad6b9884fcdc1db57aa587, 2a10216159108f326c4471999abfcc448e566ab09eed60c4854adef5de98ca0e
DEBUG DBL M: 0c7bdc1836e71e83aac1de83ba7819553b804651b796783c52d6084247f2f34e, 1d67c73e48ce6d43d42cc95fcd3cb4127c006aef0be48d33179f84b3ead0639c
DEBUG DBL S: 22b53f95cd52c09e31842ca14fec2fa5ec60c5bef9bffe993c745f3405bb6a5d, 0e7a716c7ac7637c33b60b49a056181414189d65046265d67255304957701e26
DEBUG DBL X': 1c1738798f5733622fb75b0877182739be37c60abd55d250e77b030da23a43f2, 2831ad2746694192455ac388b2578f3a82bcae3be375d76fca3b946f86cd44fb
DEBUG Q->z: 10e1d56e155eda58a76f5270726b00e31b20b97537a46b0b3df8d742648547d5, 1c80d811cb761a6f803f777e19e9d14731d552d78797ebd3423ca878a7dc974d
DEBUG yQ: 25ca34aa9510fc74b4604684a3efe08e24054ac9d312bdec75713f77cabd2ce3, 22ee8be68faff1e8097b39f63721dd8ead4518c8c5426a4288e3d5c3ea70ef4b
DEBUG DEN: 1b301ae248f058bfb0704752c65e68beb0892b023db3b14baec1f2d8bcfd5c7f, 1578c95a3e2e43a65aa62e35ecc262bfc308c700221309f7d5a71f70fc64e14f
DEBUG DEN_INV: 085edcbdcf1d1468366da22e57f9f18512e70420d837af6f57e2e3dbf6ec5110, 1f001b57a81bd8b106b0a32189cefb7f845ef5874b574044279087e5f04f4c7f
DEBUG LAMBDA: 18c72b1ee39d3698f1bcf50d2d4f39b1c4db5164770d4190875b3c06aa2f44fd, 2d1e3aa3df10e5b4ef39f8a6be1f7c176813a6190f2e45be330748e1aebcf697
DEBUG DBL p->x: 1c1738798f5733622fb75b0877182739be37c60abd55d250e77b030da23a43f2, 2831ad2746694192455ac388b2578f3a82bcae3be375d76fca3b946f86cd44fb
DEBUG DBL t1 (X^2): 045b676a5da3bef6ed8eaf5aeff4013b5bb60ba0257911c984bf1d6eee026873, 0fce98ad563306a74e93ea491063a41e427ea250c7c41f21c863be3e697047ba
DEBUG DBL M: 0d12363f18eb3ce4c8ac0e10cfdc03b2132222e0706b355c8e3d584cca073959, 2f6bca08029913f5ebbbbedb312aec5ac77be6f2574c5d65592b3abb3c50d72e
DEBUG DBL S: 1d90264214702a6e15eedaab2f4949be38e4cb0bf249082a578586e39fd68faa, 1f704f1f8db32bddc217a54c3ead393f5083177183499c08ea59920a6bdcedbc
DEBUG DBL X': 0f6f92eb13d58807dff3a6753b7440ea3ea71d9f2ef2631266ae6d9b61570628, 171aa618b6886f892f7ecc283239ab3d7ab41299f8ce9daaefa734595b3ede5b
DEBUG Q->z: 20f2fad546fb3b66f6533c2b245b13d5c558cf930bf874defd36952e8e575961, 2cfb87e1226324ec0261ed459ffa2dac1f3ed445dd03a973e1d5494864decd1d
DEBUG yQ: 2358a0fc6c81745ee11fac92785fd69671befd16dd354c43ec390c2f4d3514fb, 1c99766e79a0d92df2ff602fc2cc2f53d3200d46e6ad1f38d1f75fa5c82079ee
DEBUG DEN: 164cf385f7d1489409ef136e6f3e54cf4bfc8f9c51f8cdfa9c518c47c1ed2caf, 08ce9e6a121012322dae7aa90417064a0ebeaffc64e873e467ce3334b7c3f695
DEBUG DEN_INV: 059f5736f131e31c488e0ed3fdfcbc33dcf21fdfd075984609fe72087d338867, 236260f4979609c2d6dfc0f46186c9fd773f9d8070b1a6bb119f3569fe419a6d
DEBUG LAMBDA: 2fc6cf6aa1ede11b6a3c49bc73fd559cce7864fee924efcacaebda96f485938e, 10f2b8b010eaf262c2d4fbc3ecf95a736c55f021cd09d60c9ac9f5aaaa81f804
DEBUG DBL p->x: 0f6f92eb13d58807dff3a6753b7440ea3ea71d9f2ef2631266ae6d9b61570628, 171aa618b6886f892f7ecc283239ab3d7ab41299f8ce9daaefa734595b3ede5b
DEBUG DBL t1 (X^2): 0c766a8e62c9c1448230807f3d5996da3126990c3f7241463bdf2a76b9ec6cd2, 2776407a496a63c8a6135fd29f90c5f8711c970f2bf570f03d4c7c08da433a5e
DEBUG DBL M: 25633fab285d43cd8691817db80cc48e9373cb24be56c3d2b39d7f642dc54676, 159a248919dbeb068199940adbafa12e2452f00ab2fcbdb63fa45becddcfb48c
DEBUG DBL S: 2ad8e0fed59c26edeff5929ff994d823aa06ea9b08b392e338120ce65525b919, 1dd44b59db4b1b98ad9f6441911aac111ae3ce20a5fd8c5cd2357e6c145f0a10
DEBUG DBL X': 070cfdd9a97de80ed844ff7ed60b18fb0fe2a032d12bde31fad283d0a3074475, 21c1c37d72ee2457fe6a23a1f6558b1f7934741a2da574ea4655156c8e8e0f85
DEBUG Q->z: 1c106751d94125fb4d4e552f216e7720987e8505beb10c2dfd2d9c0394b88ce7, 29121e4c9efd520ca44aea0b89830b008d10041c38de87440fb1e9001e092f93
DEBUG yQ: 163984af01710f694b300ffdce65b06d6b4ced5ca03f2f24f8ea1ca8f9f820ba, 10ced7945b8f71dac994e72e6bc89687dffd3432bfdb75261aff50810c28bbc5
DEBUG DEN: 2c73095e02e21ed296601ffb9ccb60dad699dab9407e5e49f1d43951f3f04174, 219daf28b71ee3b59329ce5cd7912d0fbffa68657fb6ea4c35fea1021851778a
DEBUG DEN_INV: 2d7a41d667da118e3f3e7bd6b5b6cdfc86679c65cd59264714af3d608dbf422b, 16d7dd04023c4a5ff95847698196b26f54b64bda0b2c3ac378eb179f1ff5abc2
DEBUG LAMBDA: 29fda4e2ca6b476b3e79db906a0be2dad076ac027f23fc58f800279de5de4203, 0cb9feaecff35615aa284f58857e6249760ca4b25d7d6751443d777fdd0e0e10
DEBUG DBL p->x: 070cfdd9a97de80ed844ff7ed60b18fb0fe2a032d12bde31fad283d0a3074475, 21c1c37d72ee2457fe6a23a1f6558b1f7934741a2da574ea4655156c8e8e0f85
DEBUG DBL t1 (X^2): 1bfaf786cb69aa03cfe335dbb9a52d621f3ec2e68a0bfcfb00f1c28b0add188e, 2c1c0fa12347b7c6d061453b5e4b4ace35c9e93d6601b2a4fc72651d99e5430d
DEBUG DBL M: 238c9821810b5de1b7595bdcab6e2fc8c63ade2235b22c63c6b4bb8a481a4c63, 238b91fda773e7010083444517df2faf725ae695612182d47d16172b1cb5ce99
DEBUG DBL S: 06abb17014f8df342bb1fb10740522356c32a315523c1dd5a53dab01b10f47d5, 17da809f6b3c1ada55d59161ac2940fbc5807d20621660b5923230452c001a2e
DEBUG DBL X': 2f78da3d1a1e68f36b164426e96b39c4ab8f459d950df5aa6fe377b30f9aa026, 1b1d655c06263d361ebfff0c41fdc75743f971c5e4621d1d9c392b2c986f4739
DEBUG Q->z: 0c56223f54459ed48e38a498f6ba35fb0eae15559b9ccee48ae3375e6ebab2b6, 176f91b374af226e16d4034d78487209bbc1a83dc2ea3ec949adfdf790af5abf
DEBUG yQ: 08304bcc4193a9550ad15f63215c6f392489865cd4c420a2612cb1b5a2ff2afb, 1cbe3579aa03269ea2a5d36e3f8804fb8db33628c56893bf91ad6a4f0bc12d22
DEBUG DEN: 10609798832752aa15a2bec642b8de7249130cb9a9884144c259636b45fe55f6, 09181c8072d4ad138cfb6125fd8eb19983e501c0225f5cf1e73a48873f055cfd
DEBUG DEN_INV: 1853fe4aa5fe948e27a7455a661d223a987c09178b5e32aa4d4c70cccb4cc039, 0f9742bbc4ba3aa10fa98da1a8c3434c7aefe15abd0c2b16559255b8fa5caac5
DEBUG LAMBDA: 1ae450c143de800dea57f69178656d01158994ded0b2ce21d7bc98f40d915376, 2cade66f41c97529c21befa0e16bd01d39c1f97f05e229de34006ef545e7cf5a
DEBUG DBL p->x: 051911c653c33b66e13093c24087d01a23eccd5bcae456ae130fd04f83fa03ed, 2baf5a98607ccc55bc2618433d01e804b62184a86f39bb5be2505fbf873e6980
DEBUG DBL t1 (X^2): 0a0f899e9cc988afd6954049d83b4d6fedd7a0880a3003394af78d6e423848f1, 1fad373a5febfc9409557b19adefae1cab8a4ae6cb8165d3dd7c94d7acd70067
DEBUG DBL M: 1e2e9cdbd65c9a0f83bfc0dd88b1e84fc986e1981e9009abe0e6a84ac6a8dad3, 2ea3573c3e92559263b02b96884db1f86b1d7622fa1266ee5c5532702e0803ee
DEBUG DBL S: 0e1fd6ec777f0c15677b8a73df90d9da84d4fdc3191ef628ca5a55976f1bf530, 2de72243f3a010a9bacc3e1c7f5886d9a3617d5cdd3dda339a98bb352a2946bd
DEBUG DBL X': 29b1a69a37f7505af8404f04f7d9c77256973c0344be4744d65d3f32dbe5651f, 2160431db007c982cf64538da3f44dccec7be77cef3d39378d560b82fab20615
DEBUG Q->z: 217e5a5a94f6dd6689cd103a80f4cd214431d7fc032e78d369ae4226a4d632ca, 143610c9d1f7890528206e945d7f8fd8d7eab330c5825d9e0d0e53ca9b63993f
DEBUG yQ: 2429b0e4cad9e1568a929633ee88285e0b4a935ee5b36451d740e713f1134a1d, 2a7071ac55b481d4e3671c91a1442b506365c6f6e26bbde6f4531e42771890a3
DEBUG DEN: 17ef1356b48222835cd4e6b15b8ef85e7f13bc2c62f4fe167261421109a996f3, 247c94e5ca3763800e7df36cc106fe432f4a235c5c65b140ac85b06e15b423ff
DEBUG DEN_INV: 1c2cb211ae7e1b042b80787457225e48d6e6a0956c4bee7af1d2095b055ba123, 1bb6ce50acdd797d744a8956d16ce571c77f064db34bed3a70cba7b045351ff1
DEBUG LAMBDA: 2e6ac4548276aac34c168e0098dce9f487c2808045d01f26f1f0db370640115a, 1199dd23fe937c9cc9dfae323fbcfb2913b605b4c592887d3a56275ce550ad10
DEBUG DBL p->x: 1553fd95853fc8b8fcbb46446a2be80e3a8e94015510e067819d36641500098c, 263239c0c54cee50e13b9d5105f1d34cf68f6422c43a3ee12d50e19e03fce2fb
DEBUG DBL t1 (X^2): 2ec58cf159ae010e907e0e28dc2224e8366044f0d9b91b4aaab1398dd7cb282e, 30081a5eaebf0f14d29561b802bacf039ed3cb2b994363e04bebfe85b236541e
DEBUG DBL M: 2b8809ee4aa6c2d840d99f0d9163bdfd741df9afbc47bcc587d2947bd6677dfc, 2f4fb23649d9eceb071f99bb052dbc4fad788c5ffae696866b82e36365a901cc
DEBUG DBL S: 294393e7f15e7116a18fc5737f22e903fcbe7637e3c29836b47ce595294db353, 15a7e0c3961ab00e3c0dc56c43f4dfcf8618d66b30e6f398a2e2a540047a6ccc
DEBUG DBL X': 05e3029100468a3097d71753cf400a5b6ef5dc5b58b579360042ae73ec6d28ea, 28c9ca22cd968d585c7b3652ac40babbef83d104fe8fc376774f7fadd4b1c485
DEBUG Q->z: 05715209c12f43bc85b2c27ae8af7439b7f40f027ff8446b29816403451a7c44, 163b01857464908178836799b61c6f942ac09b3efe988eb4e7f8b22decf17519
DEBUG yQ: 2aa2831debaa91b490e92e5a21ea45a90a450bacc72c8864a327989eaf78cd39, 08d81845668855a742e35a0fc48e00d12311c9b888f60d7dcd0be435e8b37138
DEBUG DEN: 24e0b7c8f623833f698216fdc25332f47d08acc825e7463c0a2ea52686749d2b, 11b0308acd10ab4e85c6b41f891c01a24623937111ec1afb9a17c86bd166e270
DEBUG DEN_INV: 18efa6c9976f4ba5c2aaab31e45ea0ad511b1528493989620e4e5a8ff0510962, 14c9e883328004db8fd3320b53f2ef13bf392a16a46553146ef3b23ad61a2262
DEBUG LAMBDA: 2964961aaa94bd0dc2ada37f6561248a543b3f3fd4e4021172bdf347c043eec2, 1bffea6ccc34567339f23bfca2e049687be8ef163fd8a19e9d187da825885a62
DEBUG DBL p->x: 2ae1abffe8d837008994193daf711cffa284049aade8154b445494177188dac9, 1c5f476ac5ab9d9170bb0701f98faf5d9e5530b9945c855d29c435f8d99d8a96
DEBUG DBL t1 (X^2): 0522cc775399eb99f3c783dd83edfd35207f9614cbd4776c5efdae41b23b27f9, 0c22d6af4e51b7546bc1e972b359c1f9be1f96d813a9108bfbaa155063e54736
DEBUG DBL M: 0f686565facdc2cddb568b988bc9f79f617ec23e637d66451cf90ac516b177eb, 2468840deaf525fd4345bc581a0d45ed3a5ec4883afb31a3f2fe3ff12bafd5a2
DEBUG DBL S: 0b8521f4305f275c3fbf2521fff82e1f7aed7ace70cbe754e85c644a9619c0ab, 0f28533dbc4b0d423e3163d9c0ffbf4ac0cc7b65bb49be6592389f185f816aab
DEBUG DBL X': 2e5cc899068731fda9bbcb3a2f6944678400ac896d7429abe8d39aca861cb066, 2629e47bb61884af93edf9e557e3080deafd866dbaf3d2f52210bc07cb862086
DEBUG Q->z: 0f2fc7dd27cd28ef034e9310c3fa72e811590501b00a6d33943322a18994b7ae, 2594d7e105c6bb03a6787835c65ee48a584605eb948770a217117b1f80ae51ac
DEBUG yQ: 1037f5bf96db01987e8e22132a1ec713c9cfb091dbe04631b805f2b7531dfe96, 114bb58e3eb87a4acd513d28883b33ca7a1d1eae8a713c255951433f71b5fef4
DEBUG DEN: 206feb7f2db60330fd1c4426543d8e27939f6123b7c08c63700be56ea63bfd2c, 22976b1c7d70f4959aa27a5110766794f43a3d5d14e2784ab2a2867ee36bfde8
DEBUG DEN_INV: 2cd4f5c049f078cae22a311e49d29b9aaad19587c434a97f642c33c944a652a8, 27cd64d5f75d27e1f665e24c6269342e0e6dd36c34da2150990ccc0414c803b6
DEBUG LAMBDA: 0cb920be3873a3f32fc38e795dd6c49d5c71b21ea213f47f20cfe9d83dff4317, 26e22b47f3617a87a7fea56a7288d831b09aa4713e5a9441d1eff6585a9ae109
DEBUG DBL p->x: 2e5cc899068731fda9bbcb3a2f6944678400ac896d7429abe8d39aca861cb066, 2629e47bb61884af93edf9e557e3080deafd866dbaf3d2f52210bc07cb862086
DEBUG DBL t1 (X^2): 294b027bc49771de6bed364073c94a0c1dd17a2f58dcfc223031816a697283f2, 2e1b6ed663b99f0f51717db4c9c9648a3884bef7ad91a5e37d616febb0ecc995
DEBUG DBL M: 1b186a8d8b631547d327175458592d692a71996b39b35f4c18536c118b5d9148, 2989af9d68c99cda83b3edb15a597ce37a8b67c437d15c8fffe3379561cc6231
DEBUG DBL S: 27727017eccdcfee6f19bdc98f76544b3f1290a900b76ff4e313624247cb9ba8, 198af388b9c015139e202a9220ed0f401260399bdd88aa55efa7295d84cc088e
DEBUG DBL X': 2543283a37e8cfa8bcd97aca48db45939a681bed9e8d547ee9b4e4dc4fb5532e, 0de6a54db470d60a3fee472fb82c090165502782df6d7217f35c6379fb48875a
DEBUG Q->z: 073a11797b3a3421521729d6598d75b068b7b4767338d356a63ee9ada25bcffa, 00c55e147132b47938e4ffaeb6e6c036423d01626c3e8e1f8f49178297b99c45
DEBUG yQ: 14c621aa8a0274e00f865de961e8656ccb92373d3a5d6e487c1d773843523026, 1b87e54f07fb9acb3071b0dece6cb98264c9a7e28fbdf894904754d1af692266
DEBUG DEN: 298c43551404e9c01f0cbbd2c3d0cad997246e7a74badc90f83aee7086a4604c, 06ab7c2b2ec5956ca8931c071b581aa73211e533b70a269be46e1d8c86554785
DEBUG DEN_INV: 14fcd8fb79980ec4ccd0595621098f7c0546c0b63698bb3eb6543a8d04d7f513, 029910be0c0f501d060d5347bbdf93187dd10691c486efad31ef326b21dc75d6
DEBUG LAMBDA: 10173e49d631d04aaf88ef2dd8d57cb40574e0ff49793a0e568f04aac33797f0, 09e58363131ee664a7f5d1c9c53b8a64a0a6ed84e4670e88058df5001d154d2c
DEBUG DBL p->x: 2543283a37e8cfa8bcd97aca48db45939a681bed9e8d547ee9b4e4dc4fb5532e, 0de6a54db470d60a3fee472fb82c090165502782df6d7217f35c6379fb48875a
DEBUG DBL t1 (X^2): 09cbab82c3d3016b7e63704e44ca086e42bd9d211e7900cdc5498772f4adc88f, 05f1c0778f0f8b65b56dbc197bae1873b6f3a57ac598f75fd385d6406b887760
DEBUG DBL M: 1d6302884b7904427b2a50eace5e194ac838d7635b6b02694fdc9658de0959ad, 11d54166ad2ea2312049344c730a495b24daf07050cae61f7a9182c142996620
DEBUG DBL S: 181f96f910a00780b85e18f7f85919cab9524d3d8e2d194c48a15d4af06bc5df, 27e73fa9fb2af1f02deb1e9d044993d9c7fa1b001ebdd98d12d53239ec253513
DEBUG DBL X': 0917ef3314dccec2533ec6a3edf5abca494dbfd3228b3fc4ce089926b05ca402, 03b90d3086244ac27bb14ae7736d8ed2a9ee53362a5d367e887002f506253c79
DEBUG Q->z: 12b2d3f927f362a0095beeef171f550e06402ccbd259d65732689b96b67c9af5, 178702fb8dfe0288240904133ae226c50ee9b19e63ab66a4f34195dcced01935
DEBUG yQ: 1c1bba08710cbbc8c3979463050ef5ad5f859986d968f9103d79fd4d48e44072, 1fb3d68ff7286afaef2becc0ea9a3f78be6e9ee4e442da817c8e8a961c7453db
DEBUG DEN: 07d3259e00e7d767cedee30f889c92fd2789c87c4a6027933ed36e83b94b839d, 0f035ead0d1f35cc260793cb53b32693e55bd3386013ea75bcfc8915606baa6f
DEBUG DEN_INV: 2a020226a02036246070e5fc2614a79e33ead5780e96a77590150197a02908d4, 19718a342e4709f5499111f78a607fc547da19686345fa1b5278e3ce3e470e5d
DEBUG LAMBDA: 2ae593f215f1dada1098a90e38aabcaf896911e71b2bf2a50526a000b2f78d55, 0a25838af384aad6372a4183aa14527f6c4e51f23610be41a8a7b3f5a6059199
DEBUG DBL p->x: 018d0b1c1a2e44d58ec9cf02e29cf2bf5ef3198dd0559f857490005e118820db, 22c81ec7090eebaf598e733ca362f5c732563e23a8f2d845f1c8d1e8b8a220d6
DEBUG DBL t1 (X^2): 05f49c17bf0be359f76c5ff5dec8add85197c7c335a81f097a9394b420c0bc8e, 160b47f1de739027435278eec6857d710855664a22dfcd5312e109264e0bd9e4
DEBUG DBL M: 11ddd4473d23aa0de6451fe19c5a0988f4c75749a0f85d1c6fbabe1c624235aa, 11bd8962ba29104c11a72515d20f1ff5817ec84d002d9d6bfc828f5c11a69065
DEBUG DBL S: 0bee46e7bb2cbc935bc668339df1b43126b5c4e88c7c36bc698062bd2b6a5954, 0fa7f787792606d23fbc8626e35c9a9391adeb2bf95a54fa88a7d7c851f95651
DEBUG DBL X': 2a16621a7873faba165afbd3afc57e6f31e16540132153534844bcb73d2b9f43, 17e41f0908024b3621f6ec33c1680e53fffdbb5a92037efeee6ab9530906a982
DEBUG Q->z: 16f3c38015a12e9859ac26857b96b249eb7a092f6a816c5ac1c68c991a47db65, 2992c2af714015ddbbacf75f9ad14273dd12a67c44c8a196f52828fe74f83aa3
DEBUG yQ: 23831540cf9ff4324f713f3be1878245570a3e4adbebc74c28ca738d92db1537, 159686c7c29da0294e40554951b2e9d1aedbe888085d0e6616f497c0500d9372
DEBUG DEN: 16a1dc0ebe0e483ae69238c1418dac2d169312044f65c40b15745b044d392d27, 2b2d0d8f853b40529c80aa92a365d3a35db7d11010ba1ccc2de92f80a01b26e4
DEBUG DEN_INV: 0198a5624808b652d788ab2dd8588468963e4334771e789ba094ef0039a1e66e, 0051489b1592ef5cb77ec372b10baff782eb172ff7adef371a246f1f3fbc6235
DEBUG LAMBDA: 1c44aa757e30c3c0a9a55f80082ac6c2e1560de48ec6354bc67d0fa10bb65380, 09e904a86c9e77209dd45a59e5aec0fffe2fa1f22dd8ade7f585ef144cf48fb6
DEBUG DBL p->x: 184a62a8e2180d82704db2a230ebd20625913f5fb6fdd0e519d83ec8442b9326, 1db6476956b4ea8cb48ddbe9df680ccd70aac276a96658b45c3fbae6f3ac0ae3
DEBUG DBL t1 (X^2): 05b0d47ad502f6b8d62671bb0594e793339ee69f6dda2a6b68e5e695063d5b8e, 0816cd1ceed75014201c6289275a48fee833ec7390cb286ae643f81a338371a4
DEBUG DBL M: 11127d707f08e42a8273553110beb6b99adcb3de498e7f423ab1b3bf12b812aa, 18446756cc85f03c6055279b760edafcb89bc55ab2617940b2cbe84e9a8a54ec
DEBUG DBL S: 1da3fee3514b7da8343d7f252ffb7093cd69fc86ecccf4c125ec4addff95c5b3, 04ef21f267f4209bf67e8fcbc4abba4e4e7a86ddec377480669a3cccfad6c968
DEBUG DBL X': 2a2a912364f1276aac61b0cb3cedea81d3f8a0fdb165693895ee54cd76242cbb, 00008db4f4e8200047d5ae60b13d0550ab26bf41a193752f7328832ca078d058
DEBUG Q->z: 0288e97464e75dbb9cccd5b1c243ef49d1c9fac865332c8fad7cedebc5ce31cd, 1610ad629a40a0b323a9b18cb23c5a7fcc865335e389fb7c272d423aea36a600
DEBUG yQ: 1958da39d28be422920a242ad3ee6cb006590d43c1e4ed73ea65fc07d3209822, 25dd67d9abb1eb3a59967da2fc3762808a67335c272044ea67ecd388f18f4c03
DEBUG DEN: 024d6600c3e6281b6bc4029f265b81027530aff61b58105a98ab6bf8cdc432fd, 1b5681407632364afadcb58f76ed6ca37d4cfc26e5cebf4793b91afb0aa19abf
DEBUG DEN_INV: 16114f9bc6b32161da216f64bf3f91ada027aaf8423a4ea1e199b38d9a8fed9e, 1e4b028a723bc657b83715b6b8519aef818260a5c9d7b8062fe588ece7f7abcd
DEBUG LAMBDA: 0a2f3dc82b4fe358c55cd5342cfa25cb059358b2370a208730ce46daaf12acf3, 02657438817ad8baec90ae1e4ea9942d9dfc30876aabce0b30a8ae3859f420e1
DEBUG DBL p->x: 2a2a912364f1276aac61b0cb3cedea81d3f8a0fdb165693895ee54cd76242cbb, 00008db4f4e8200047d5ae60b13d0550ab26bf41a193752f7328832ca078d058
DEBUG DBL t1 (X^2): 25c4b5713df4cdd20ade202795235b84298cc3c82dc94706e90cf9ab03e59f04, 0a5d7526a41c4c7c6b84e1a3b6d1a4844ac690101eedca15b3617491ebc07e51
DEBUG DBL M: 1085836df77b2922aff9d509bc6761d14da37635b8783ffa42e5d4d35ab6e27e, 1f185f73ec54e575428ea4eb2474ed8ce053b0305cc95e411a245db5c3417af3
DEBUG DBL S: 2545c0912afb5389f7860f3ad4eff8f06396a0bc975df050327b84fdca8bdeb2, 2561dcafb2fb62f52ad8f1329577dca2347e0c89518e1b51e1944b83807c113e
DEBUG DBL X': 163ca256491990ad19fc65e6fcc8ddfbc56b1bdf1d0bf9c989829f0702709db7, 1b883595c0a988669d8c386fa86a163fef6dbcdfd032d1708eb37c047a3d6c4a
DEBUG Q->z: 1e0cb98efb79ca8c40d560faab646e9a6be2d55f364396b27fea15d55a527e92, 0bd1b5b60778ad86832cdda381fc2f7f17f9c7843f9937509cdce53b018d4c40
DEBUG yQ: 234b6965781654ba19deca0e24f11ba19e7e450725627b230d3316d1b2df8f43, 2b2734860471bdb14c523982648b4113f22b377db17d4442fe3266d338b4ea48
DEBUG DEN: 163284580efb094a7b6d4e65c860dee5a57b1f7ce2532bb8de45a18c8d42213f, 25ea1a9927b1db38e0542d4e479529ca4cd50469fa88bdf8c044418f98ecd749
DEBUG DEN_INV: 13f86772d0c6f7583def6a4b90cfad5dc08420b48c9b3e83bdda4bb36f15ffd8, 0c19eebb451862c51650000db66347f33a2429ea5e52bdfd4c82ce241d1fb07c
DEBUG LAMBDA: 2708a6765b482bf504954cb963b485ae05296ce3ade95d0b6eb285d333817448, 062620ead37d691ff7115c80b26cc4f1d9ce3e951ec6b300e985600aced0a118
DEBUG DBL p->x: 1888d611fd5e0e8d505bcad9ae9231edb3e2bada84af94efcc5521c1636d7e89, 28d825d2f953f61f997d17960d746e6bdc399ebd952fa0290226f19516a8794e
DEBUG DBL t1 (X^2): 20064b48412f8935ca9674d53a51b5c7b69681e770409d3095f16f1e875b85a2, 253b486026bc32de022744860b09823c3fdce198acf53a3ba990079368506ffc
DEBUG DBL M: 2fae9365e25cfb77a77318c92d73c8f98c421b24e8500d0485b3c144bd95939f, 0ee93c3ab1d1584695d542251e19d5f99093cfa735fc1998846efe8c87f75566
DEBUG DBL S: 185eee69129d8f2ddd6bb4b2e85770d6ff9f1dfb0e348819b99edef3b435544b, 2dc0c70bae3532ccda9380789514282e46962d672c45c67ca437e0c7e0301d9e
DEBUG DBL X': 01f78b9d1e24f18046ff1138a8c6f5e919d06ac0183f4dd27c5040561618941b, 051663c3e2a1fcc6f4205212b5494dc204870d4f5675367fa5ee9c1bb6915c8a
DEBUG Q->z: 1fe4f86e15aff7c0cf4e3420f35cec8026da714a65edc147a5a9b5a3a0ea8d5b, 0427646c405dd8262ae57d39b001f3e491fc05e665b3c8b2079e05c68e5124b7
DEBUG yQ: 2d7f72482d2bd61e40d25c4d1ec719f8e109d6889ce14061fd6f40e1bc8e9fab, 0eda3e44422932dfde79e0873895ae321d2f89772b0db7c99a8e834a61a5dbe0
DEBUG DEN: 2a9a961d79260c12c95472e3bc0cdb942a92427fd150b636bebdf5aca0a0420f, 1db47c88845265bfbcf3c10e712b5c643a5f12ee561b6f93351d0694c34bb7c0
DEBUG DEN_INV: 22e13411855c6ca9b5e1c3ec8e276f5add5e9c00d53e11ed1307fa02f26331e3, 2e56bfa19d9e833a16130ca106ce62e8598c71f5933116bbca7f9e0391d0a1a4
DEBUG LAMBDA: 2b89561016cf1a27359c0cfc1f962ccf5f80ee513441c8d24da129f9ceab75c5, 16f0ed22e6ce36100fe621e31c244d3b060140c0a42b74c20780ffb555cd294d
DEBUG DBL p->x: 277d12f7b2ddaa8e4340989d4faf22843d3f961e09cff8074c649819a5b0e915, 18fc19aafb12141d4043b835756766ccda98a5d15738fd8e79b83b5e9033ffaa
DEBUG DBL t1 (X^2): 2f716a24929768fafde03f796c1493754c2e9c9715a5496112e5d415f25eb7cb, 06868a0439b5c4eb9ecb98cd95c4b206aa20e7590160903ff483281e293d7143
DEBUG DBL M: 2d8ba187f562fa9d890032ff413b09a4b58900a2700c4708c070641426222cd3, 13939e0cad214ec2dc62ca68c14e1613fe62b60b0421b0bfdd89785a7bb853c9
DEBUG DBL S: 22c5c5d7c2fe5d59e99d75f6e17d0eca6c2834d39e2fa14b9916f7908e0426da, 065308b5bb26798c3810a0ca70091994f5841307248ec65f39f9d980a7ab5399
DEBUG DBL X': 089ba2c0cc883b5bb4c5ca3fd28340879a96b5b6ad02e6e50b9e1e8ff8e21371, 038cce9cc0f39c9a1fba9a3ee56a385dee797fae0dccb10b30bc82c3acf3ea3f
DEBUG Q->z: 1f72a7d1ee3f7057b16fce19da491117373ef494a26ba302a1f7552760a86dd8, 1ad6ff8f1901ca202a6dd8d53408e3040ca7ff21bc6e9bf74153fcc83d1d6ac0
DEBUG yQ: 02df4be9805b4c1d31efc7f5eefeefd55c7e7a429d08f644ec369d0f30dffa21, 1559bea88b161be3b32dd9fe81d68c0d135019124c8c47648e3342a8952becf8
DEBUG DEN: 05be97d300b6983a63df8febddfddfaab8fcf4853a11ec89d86d3a1e61bff442, 2ab37d51162c37c7665bb3fd03ad181a26a0322499188ec91c6685512a57d9f0
DEBUG DEN_INV: 238cee44cfb9a82ea6c72cc6a1dfaf3f6c8a9a898b4ff63618206bf8db15a31d, 2bfe0b5576969c87812f034714267f017de5abfe49b31158b7d746ea925acded
DEBUG LAMBDA: 030215629dbf4f7e8a1569893a4d15ccbe7402428332999d57c383e0fdb964f2, 10f6a1a0928e2912c2cd4ac9f7aa0d55ac65e7040a2fc42c72c96e45572d62df
DEBUG DBL p->x: 2935b4a8cf1e88e45ea69b5b666e3347c39648421a74c2c2f6a48521d559252a, 1243a4e1bd70bbf3047a3a5f5e51fb3872104c3aaf7e828b754010112f237b17
DEBUG DBL t1 (X^2): 2b5fa26527d1dd8a832b446f2b4a5b214a5ce4a83ea3fa9d3d096111a1d3887e, 1c12085160a4d2e5acb30b1999fbf1acc6e0eee823f6d6f73567b5f4df74944b
DEBUG DBL M: 21564a49b512584c18e141e07edc60a8b013d8d5eb085abd3edb0b0734809eec, 23d1ca8140bcd8874dc8db964c727ca8bd2162270372ba58641695c7c5e0bf9a
DEBUG DBL S: 0cdec65121cad1e87747874fc48a66cb66bba64bb667459b61a90b72dcdffcd0, 0801386e64a1fff70bbbd6e09d681a91196baf4da41412e58c46ef68f0bd2f0e
DEBUG DBL X': 10417684fb15a77cd2fa461a366ab7cb43876c0132c6a4718615f5552336f6ee, 2002ba9c1f1adcaa50e5b9405e2de0d6b069d00a6c61286cf6c2851d42629838
DEBUG Q->z: 2f8b45e02901dfe4e477cb13d9fd46687cb9e100b40572360a3dd67deb5161b8, 133d21fd5dfed6452ddf4575b880024ba24478706e3fee81819becd0aeeadfbb
DEBUG yQ: 1d92eb791f25c5d3c01dbe42fe13502170659e4e873ac9c8f6063ac6cfa969c4, 013544bcc187e34b335fff3fbcfd9edf4db605624d916f20dc42db8fbddba552
DEBUG DEN: 0ac1887f5d19eb7dc7eb36cf7aa547e54949d20ba603c904afebe976c6d5d641, 026a8979830fc69666bffe7f79fb3dbe9b6c0ac49b22de41b885b71f7bb74aa4
DEBUG DEN_INV: 2c43ff06172ed0de05947a169000362300729150555eb031f57bf23b0c847fc1, 0b5b778f072ca4a7e60fe68dc5aa1e6a6429640c5ecdec7776d12f5abd045668
DEBUG LAMBDA: 2c6f15fd4728afabc996327ed0a6ad7380bb853f7b75d20a437dcfaa9c8e9cf1, 19da2af046216438ad92ab4fc198e4e1af1dc0606d90ac63e256ad7fdaada82d
DEBUG DBL p->x: 1e1c29804d1a691f25ed7a65bff446bcc589e18f26984bf55e4d1d31aa39aab9, 0abf064eb24c627cc4b73a232fbef3d80d7089b3b12237ef6a12aead19a3ca72
DEBUG DBL t1 (X^2): 083a592a0565e42353bdb8569be2d43669abe18002166b3c653454e46d0911fe, 0f798154d4c63c35b0229afeb8d1257e5b5240d6afaf8bb8f2bfe21959e7efcb
DEBUG DBL M: 18af0b7e1031ac69fb392903d3a87ca33d03a480064341b52f9cfead471b35fa, 2e6c83fe7e52b4a11067d0fc2a73707b11f6c2840f0ea32ad83fa64c0db7cf61
DEBUG DBL S: 2c21796e6d5f5e38ac301e1805c57001f74c7e16af4e45bb8639c8aa7cdc54f1, 14afddb49ae93aa6d6f977e361aca3070d7455e1daafee8acfc9a5b77bf55198
DEBUG DBL X': 012a9b91d0a45acd617290cf41a8f61eea386c0f2aa8ad45b4c49023a64b861d, 05d23ce77e4647b8be458c579a3ae9e73b15f452e912398f08be0b37213164b7
DEBUG Q->z: 2116fa8d43aa8219d39aec460b122040edbd96f9e1417bd17d962c672e803e38, 1c32de89b3cd145ed21e25c715080041805a32c58eaea6a668ea24b680f9be77
DEBUG yQ: 1be5bd4a7cfca0b56c81eb245cc8588d2802b1eb3d7c72b6fdb4c2bc34065e5a, 0350e4b7e59fc642f469487ee209270445b1a9b04106dfea559f7e0d96bd4ba0
DEBUG DEN: 07672c2218c7a14120b39092380f58bcb883f94512871ae0bf48f9618f8fbf6d, 06a1c96fcb3f8c85e8d290fdc4124e088b635360820dbfd4ab3efc1b2d7a9740
DEBUG DEN_INV: 082966a87a56407733318b33f6784c3b5885cd4afe1bc5f178dd9c41396ef22e, 11a0310f67b557b7cd21859b38f2f14d10aa7324e1cc0383268987eddb9c0fb0
DEBUG LAMBDA: 223efd9a343605df398cddd2e3af82ae554757ef32b0a7a0bd78c8e3ed6f6006, 03d786b6182a3c4bb8c5898b9c95f107dd975c6b4b22346a7ac1faf07b9d9e66
DEBUG DBL p->x: 07575575d9ccb73e2f2ae09b8e666af4648ff86677cd73e0b29fc4d255b65a90, 204f21f546a651ce8a4a64e3aee2a939b096b342c70297994add168fac422341
DEBUG DBL t1 (X^2): 098df09e4720d84b78361be31d31ef65f97ee5f2fcdb6afd7dca843064e8d9e6, 232a7241fd491105da90f268b053e52b1a09feed306c7467e43f0ca0064fedba
DEBUG DBL M: 1ca9d1dad56288e268a253a95795ce31ec7cb1d8f69240f8795f8c912eba8db2, 08b6b9e03577f2be1f124bcd0df8fec61f1b27a4c061c81d347c0db261f5cea0
DEBUG DBL S: 28d88d1e9b53eb05ebd08575e4e9c9b94e4011890f637f615d02a6c5d16376f5, 1b3eeccf25ac7efb17d28c13f44a9f8b19c83a05b5c09e4d6f0411722792bf14
DEBUG DBL X': 0f212f1cd385ef8b353a05f870833c317f2732efc74f18603477b5803b633ba7, 26fbc5a139138751efcbdf914aff683e259c06575aab3cf93de226bc47f16677
DEBUG Q->z: 0d08548bd7ce433cc43c1657fd2a1afe45dcadb3dc85e130c16ec7c8129c0ad7, 1c173436f68f60fc9a823b2ef05c8ce9a7849d49fba823d8c77941f28b43f9a9
DEBUG yQ: 20983e0479c5abcf630b402b0fc841c30bd204fd4778ed9b162097a353c94bb4, 0ed23f9c8b3cab71497f610ffda2077c2a73584b725974b73df969b9291d06d7
DEBUG DEN: 10cc2d961259b7750dc63a9f9e0f2b2880229f69268010a8f020a32fcf159a21, 1da47f39167956e292fec21ffb440ef854e6b096e4b2e96e7bf2d372523a0dae
DEBUG DEN_INV: 1f8c5a0745c2b96cac0454881013196e4a1e860d9274517a5de76ead09ce4fb6, 09c2c8efc59c393169ffec3f12fcc720dec25eedfdb7be2e88f385eff78fd75b
DEBUG LAMBDA: 1b4a42124a3c720150145b9b191af2b4ba8c9d26a60a516de1a9ca4c8f5149a2, 0748019d78c473bd9b7016e9186887f1aca702a00af1918e6ebcae8949f76dab
DEBUG DBL p->x: 0f212f1cd385ef8b353a05f870833c317f2732efc74f18603477b5803b633ba7, 26fbc5a139138751efcbdf914aff683e259c06575aab3cf93de226bc47f16677
DEBUG DBL t1 (X^2): 09af1e08a5e92bf54eb50cda23e54f69f5c3edf8c2b97035bb0c76b3d044a429, 2aa8526ebdc104850d14f9f5abd02e493ebf626c575de38db88d4d1d72a8ec94
DEBUG DBL M: 1d0d5a19f1bb83dfec1f268e6bafee3de14bc9ea482c50a13125641b70cdec7b, 1f305a6676dfcd3bb69e6274006dda208d3b52223536158eb166cf2aa700cb2e
DEBUG DBL S: 2eb7149a6dc6f41ef41b18db3ed31125836434e53660990944241422be9fed9b, 040b6e1532c81c36d7206ae196bc945b954ee86b760ee36a14d610660500b5f0
DEBUG DBL X': 06fcee0ea302d0dbedc9cf06395c8836a300b1898512824232ec2e228f903996, 0416cec240fd0d569a49e57c7f7283a570cfbd18815c80a92c0945f5280bd908
DEBUG Q->z: 23c6a9207d05226b933e4d4365016f9dc20a007b8a94282ab99a5739223c6a85, 28b5861cd90aeca8e12006531b90cec8b917e61c2a508a31e74820a76210fa65
DEBUG yQ: 0c0d0d928827c4a97fa9ddf67cd9699748f3e6adeede0df2b0b14845dd62ebac, 0930c4cf2ebf0597ed2d8ee376bf0fe43ff6cd4ce71395791fc359ecf6e4cf1b
DEBUG DEN: 181a1b25104f8952ff53bbecf9b2d32e91e7cd5bddbc1be56162908bbac5d758, 1261899e5d7e0b2fda5b1dc6ed7e1fc87fed9a99ce272af23f86b3d9edc99e36
DEBUG DEN_INV: 1a6297f63f16a4040fb27361a08070efeadd60d52f4a2c0069a23868cbb1ae1c, 03830352aebb96a68c7000e542d91daaec5957ec5dd30cafc978be60f40eb5f8
DEBUG LAMBDA: 17a33cb19a6cb6f3c65a0a8246b19030b46514f47a4ea4960d97bf47086651cf, 00761d6207934b6fe4af8ed9d9757d23435dfa530c337581ad3b1a945edaa896
DEBUG DBL p->x: 06fcee0ea302d0dbedc9cf06395c8836a300b1898512824232ec2e228f903996, 0416cec240fd0d569a49e57c7f7283a570cfbd18815c80a92c0945f5280bd908
DEBUG DBL t1 (X^2): 0016535b78e1d858221163a0e33fbde4742e8842c051ee260448af3bf6c0efc2, 0c0e512b372cdc33f3653e29179fd4b4a80bd6dcdf116e0b759044bb5f0999c2
DEBUG DBL M: 0042fa126aa5890866342ae2a9bf39ad5c8b98c840f5ca720cda0db3e442cf46, 242af381a586949bda2fba7b46df7e1df82384969d344a2260b0ce321d1ccd46
DEBUG DBL S: 1db903a1f1eb9ec855952bf85d1b367e386103b60bb1b0bd6d81702896095922, 1604e16ad941e5e010e28543f494c018105a20a1f411d83ff7f6ebf4735eb801
DEBUG DBL X': 2fb6ac59e1de51afaa18384414c7c91f92787952e616c866340bbae36e1b1f67, 143287acaf27b91d60c93a1c188e854f6e3611df684d8b082b5395ca2c6847cf
DEBUG Q->z: 2d2a1c659074a3899cc976f18662ac6bfdb2988695cac65e659bd49fbe5616aa, 2411fea88489d75801d55f79f55bbb3cca161bc700160a32d997b10cfe5d2a91
DEBUG yQ: 1ad3754b27362bb2cea4a7adc3422a36c731180d1ff55fa5097ac57da3f6fa04, 216cfe70bc910da073d3fb143a427082942e2eb9e2d7423dc4ae3903c999d1f0
DEBUG DEN: 05429c236d3ab73be4f909a50502fc0ff6e0c588d778f4bcd6d4fee46f70f6c1, 1275ae6e97f07b172f57b071f30388a790daf2e25d3cb9ee4d3be5f0bab6a699
DEBUG DEN_INV: 02621462d87c06ec544cff976de6630629544169b5681c3d8f50cff6df13d64a, 1e3373eaef77c8a131dbf1977a0881b7901f17f024f68f97e2e7df09c1e99349
DEBUG LAMBDA: 299d3f2481f7b5310e87d38e8f60828ddc2b76674d1464be722f72ee5e5615e7, 1ba5698698f2737b851690832889fe3a3b58b2049cc5296fc63eace5c50666e8
DEBUG DBL p->x: 042fd568049fb28013c6f7bc9c582c68719727d17cafd382f3cc7620e42e734a, 2ed2961085c793f3b2ab2078cf053c8bf8c9b3a9ef61beaa9dfa86a418c343dd
DEBUG DBL t1 (X^2): 2c7afbead5fe3124bd0126a5b94e4846838a4354353b7cceb3cfddb207a8780f, 1dd7cbbbca56d7ff504e330ee6efd0e471407381f12926d8df01a3f0b9e40e59
DEBUG DBL M: 24a856dabf97531ac662e88428e828185b9bf4d9cecee151a32e80e865ff6d9f, 292314c07dd2e7d4389a5376334e1a4fbc3feff46b09a9fd60e45fbb552f2dc4
DEBUG DBL S: 24d222b9a6de8892b8a29826c3e1467b3791fa6b78178af7c68a09c127567a3d, 1f9fe0228d74e1ead0bd2a4842e60670c1dbf0e2998c4a0a13c4c63f99abafc7
DEBUG DBL X': 0a70d16547b3268782539bfe8c8b40cd027fcadc26f6a812cf7acf9d75610ee1, 0efda14c5179400aa0164e4f1a8aa4eb703411200edb01548333ce03f242f34a
DEBUG Q->z: 025f6dbd95bcc1edc301a5e88c85f240cd30bcb05576f0cf3c1788ce82d2eaca, 24e9853c5cd0a8d07d59e787d49a0b9693787387fc31ccbf1ffd5b714344893d
DEBUG yQ: 2523ce17434a005e6bafe9045bfa967501d24c553a588706baecbe6ba9e24e91, 08125a0d9bfcf614326f88f9bb00bdd462e362467847cc929c4f3dc8c66c6b23
DEBUG DEN: 19e34dbba56260931f0f8c523673d48c6c232e190c3f438039b8f0c07b479fdb, 1024b41b37f9ec2864df11f376017ba8c5c6c48cf08f9925389e7b918cd8d646
DEBUG DEN_INV: 29518e47400d9f0f02303bac7f7271fffe95267bc815ced906894686984b6002, 2297891e5e97c79f35b2def47b77d932d43c8c6709dca6606d6693c155542a74
DEBUG LAMBDA: 1ad4180dd53dd82367c3a00dcc4e896d345f42229452d24842ec1767327a5f30, 24998b216bad3ebc6888ee44d77fb5c2b5a35849657ce49e9c9a02be7f0e02d4
DEBUG DBL p->x: 1625ce0639779f5a2d46e9a9fdd4639e4e52b0145b6288d2df9d1eccc6af401f, 1648a2cd124e4a78551995c0ad4898670b47f1ed68ccb30c590a5527d3c7ed2e
DEBUG DBL t1 (X^2): 029d812623fde4c097ba6c05da581c68ac230f1e85e961254b000c9baebcc5e0, 288c988e260f865f0524d420aa20fcd15dc596cb53d618ffd4de23d5083d0719
DEBUG DBL M: 07d883726bf9ae41c72f44118f08553a04692d5b91bc236fe10025d30c3651a0, 18dd2cc4afcb52c99ecdf0f4fb6045b8ea4def3f2a9eb5e50659535167bd1abd
DEBUG DBL S: 01505643fcfc85cfb211124101102546a674e45134e963dc8d846a3dbd96fa58, 1c2779ec0093c84c6400ae73c6155327b59af14f5b3cc3110aa22706aecd8e2a
DEBUG DBL X': 1c6b47d07df62b2474b231ab65dcf3c50b57927528bf6b9d0d7b853c9e3e8256, 04fc3e33e1805d08e3a0b7a65b81cf4ac8fe6dc73384af3e4daff14ba7dffe28
DEBUG Q->z: 114257ccc736c3e3961cff0df91f19a0c8f3003e2bc0e57dd0989a420ed1db8f, 26eb2b45201b177828280d9aa3851e8403df862cebb0d0ec72df91a3640a9dd3
DEBUG yQ: 03b8b1d3ea2e7b7e7a87e3c60a090a8d8808ba577c868d847b1b817e57ee3635, 186ca34dc3363d75f72eb8e9aeeedca9a4147086579c2a71df61518a5c22143f
DEBUG DEN: 077163a7d45cf6fcf50fc78c1412151b101174aef90d1b08f63702fcafdc6c6a, 0074f828a53adac2360d2c1cdc5c60f5b0a7767b46c68a5682a216fddfc72b37
DEBUG DEN_INV: 2c3f749bdee306043418dee0bb6f07ebb1720b609ea94f67c2dad312ba2f7ca4, 2a15e14fa43292da7f65d56f6856ac11bb18df956b45484d9d6936f603a02e4f
DEBUG LAMBDA: 27c2bed75817b02a7ab7fea6cbb43edad78725e6c14a83b5ed3df0a3359c459c, 28789a8d489e53ce505418da67951b4df4d54b8122176402283b2333be31766d
DEBUG DBL p->x: 29d4a3b7ad27c61cf4f5ebb3c3ec24ee9a83ac5dd0e5906d50f473e051f0c229, 17d53c4db1025a1613e6a89ecc925e3e2cbb712ca48d422bba1434657a613db1
DEBUG DBL t1 (X^2): 02ec5493ff51f2458ce5e3d0f26c5aaae7e972199c84390adce9539b23c5f176, 2cf5659810f9bf5814412afe201eb65a20a0ab26b497e0ec5235deb1b67f0ecd
DEBUG DBL M: 08c4fdbbfdf5d6d0a6b1ab72d7451000b7bc564cd58cab2096bbfad16b51d462, 261793e27089fdb4cc22f58d5d59725332df2c514ce40daa7e6083e7728331d9
DEBUG DBL S: 15a085d35d1a851d8b3baf610f50ece618c782dc036c13788c7b659a985d8369, 2457b2b4bb5124c5db1cd3b4bd6d9d06b8dd012b058586c25571597d9373f9d6
DEBUG DBL X': 2ce700c2db10ab5a1fbfb55c515a52c688ff844f8e4cd11d9bccdb100cd8101b, 065e5a095db4083ddc1767e8ab20e55a4b5583d8dfd9c574aa26da175c7f56f0
DEBUG Q->z: 08f14c0eae1d76a69435624439806cbec64e003ea6b0137905ce833503f4e148, 12ecad99cce964a92672c7481c036eea5f50d57ce762918f9e98f5ee3c39faa0
DEBUG yQ: 0142ba2c059dcca79adc618ed14f02f4e5945f67cb846e8fdd2b3a5f406cdd8e, 2b36c7a3ff4b88a4d61c2dca9149f082e1efca6a72b7fbb24f980e39d9cc76ff
DEBUG DEN: 028574580b3b994f35b8c31da29e05e9cb28becf9708dd1fba5674be80d9bb1c, 260940d51d65711ff3e815dea11288a82c5e2a437cfe2cd7630f905cdb1bf0b7
DEBUG DEN_INV: 04076dfdb1da5cd5f76f2ef54c2a149661bb734eb07f510886ff2bc4ed1e9d4d, 09d9a82dbe7ce9fd50c63881b73c188f47225121b066169bd002c529d4b895d3
DEBUG LAMBDA: 0cbf27c0abd40afbb481b7086fce6dddf2827e5e1d024ce67ce1209da7e54fa1, 0b5e60e28d306ae4cb87208f6cc3295e3670560b2d79aaa8f534ff3d83c5c4ed
DEBUG DBL p->x: 2ce700c2db10ab5a1fbfb55c515a52c688ff844f8e4cd11d9bccdb100cd8101b, 065e5a095db4083ddc1767e8ab20e55a4b5583d8dfd9c574aa26da175c7f56f0
DEBUG DBL t1 (X^2): 05c37c2225d830391523faa2ab00216a77fc393a90b529327cb277f6f37f2b68, 0bb7db13389ce7d831814cdf16f49807990eac8d1eca8c3808ff83d19c5b88d6
DEBUG DBL M: 114a7466718890ab3f6befe80100643f67f4abafb21f7b97761767e4da7d8238, 23279139a9d6b7889483e69d44ddc816cb2c05a75c5fa4a81afe8b74d5129a82
DEBUG DBL S: 2a9c94878123a3cc570f23d0c51a80304f269fdabde095b82a9d872c2efb2957, 070242c756051d17863deb52834158e316b0c55905c7e7b7268f6f1657823e9b
DEBUG DBL X': 1525a1c0169666c058c93e70ac83a72e9670a11728e7292c3dac75023b6481f3, 17cffbeb592044d0ecfb5a6acb41ed3e7a860d4349328d4cd0de72163af49830
DEBUG Q->z: 29a879f2731f67d0b63e1ecbc6a47a75448516234a32b2304c2c9554b89400f1, 00be41a6b2045eee31fd8071c40eb65b664421ac37b9ff4481a3a6b2d53c6782
DEBUG yQ: 1ac67f48abbd05d9a565a0f11a006572b94795df4243fc9346e4ccd0a4b78a3d, 0b0f189889b1cbfcf8f0eadce82e56c17dfd927c8f8ef385af32fbd93ca642b2
DEBUG DEN: 0528b01e76486b89927afc2bb27f7287db0dc12d1c162e9951a90d8a70f21733, 161e3131136397f9f1e1d5b9d05cad82fbfb24f91f1de70b5e65f7b2794c8564
DEBUG DEN_INV: 246b978e26b886d06c13ae791af88dee021f53d68f7cf9604e6509d399a2ab6b, 19466196691961cb3c5d4eb484566e8884fa295db3975ab4d9878f1856da2b10
DEBUG LAMBDA: 0a1eec9a8c5a92e4a38b631fba05c437f3b09c9dd77f4f52f745db17774e3dcf, 0db405ad0f99ef63d2f2a3f263edd682ab8b706f7a6270d8ed523bea279045f7
DEBUG DBL p->x: 027fa56e6077c3fe03834ae6ba5a3d52d5bcf9bb6d9e27d71c2e6dc0dc38f1ff, 0e6b609b1da26d6721b8fb8e8b8bbe759a5b4e4aa6a268265d9bcf1e292bbe45
DEBUG DBL t1 (X^2): 2888ecdffbc85588fc016370e89175b39ab4822ba91de4ea3dc2fd3e105b3f27, 1e8c048b691f265da80c01fd5be588c0f7c19a606b2a1fe9fcb2cde6ec9f3480
DEBUG DBL M: 18d229ba30f5c04783639ee5b6b1b05fa11ab1602a7619a44107df8c8017c2e7, 2b3fbf2f5a2bd2ef3fd3c041922f41e54fc3648fd90c9530b9f7dd9ded60a039
DEBUG DBL S: 2a4779aee4c121086454e498909eb831369a72f0e7c49c8d8a1f5472d00b8ce1, 1099d26dd4ebe10be771c4e4cfe3769bb9b531fe0a5ac12229577835b59db720
DEBUG DBL X': 25e5b52a9f68e963902e239c628e586802b6dc3b469264bb82278f40c53d337f, 0a97831cd6b6300cdd15caca693c13686aa903c684afd69f333dbe6b26af35b7
DEBUG Q->z: 15da2e2f12cf550c0f12558e83055aa776f9e694ba74f48e9d37a80b308ec532, 18a701b0f59f6df44d881fbf876951431c3d2c66213003990f9b84fc22d436c2
DEBUG yQ: 0b9778b8fd9d8a7af163c375be1429a04cec716bb2a5a891869c83d8490cee44, 1e41302fa5e03953004508f62ee0f7340dd55ce78836e4438ff4034a130c1e15
DEBUG DEN: 172ef171fb3b14f5e2c786eb7c28534099d8e2d7654b51230d3907b09219dc88, 0c1e11ec6a8ed27c4839cc35dc40960a84294f3da7fbfdf9e3c77a7d4d9b3ee3
DEBUG DEN_INV: 2e22f365a07578880b2bfd4b7fc479fd849361700ec49f69be40395ab6d1acd4, 18f68afd0e83767392ebe045e74205c64dd8e7d71f0e698479fe88cc239f46f3
DEBUG LAMBDA: 2e2bf3b75ee91f83411d87910c7bc055f5d1b6016999dd929b52c13c8991fa33, 044363346570b2818840d6c95d295d0fe112ca7419e83560664a856b7610517f
DEBUG DBL p->x: 0aa1758aacc2116b6836ec4bfffad2014a37976f48fd9e472c4b651a79b4f705, 0e32e99178fdd0d003ee08f95fc20ce47d3629b906ada917e48be6aff81f6ba3
DEBUG DBL t1 (X^2): 29c2017073dfc06e757146e23230da8834240437db66fa96dfc35f6e3819f36a, 1ad89e9d04787d9d58eae70a8892f0244f75e557beff3cac4c722a35f46fdf46
DEBUG DBL M: 1c7d676b993c00f7efb34939938fdedd6d693784c1515aaa2709061cf753dfb0, 20258d642c37d8ae52706f691837780f56e04575d48beb77a935f28b04d2a08b
DEBUG DBL S: 078a3e4dadac36da23c5f15debbfdafcc162f7b3e04782c2cd2211044630aed7, 174987b20d4e6174b5296e0e55631b64466fdf7d045916133ce1800ba789fa7f
DEBUG DBL X': 1b9096a32370fd8fc7302823c30b70d059b84e8140617f0c179b0b02c4aadfca, 11d525cb8fe946a50f54fa1d370912b086ff81b63093144fddebbd03bcf7b360
DEBUG Q->z: 2dbf12308f37a68118cd1847794a9daab07998243099c705349a322e305d5965, 15fafc5c2a219443698417301a7421ad27f4fcf8d5f8fbc356fa5b9f103a51c3
DEBUG yQ: 02ef4227c3bdcdeb2802cd93bccbfa5a82e05beebcea4685a6fd0097b4422cab, 12ef57251602d25166ad0e8f406c3cfd3e27016bf76e311b87d7fdc18e8210ae
DEBUG DEN: 05de844f877b9bd650059b277997f4b505c0b7dd79d48d0b4dfa012f68845956, 25deae4a2c05a4a2cd5a1d1e80d879fa7c4e02d7eedc62370faffb831d04215c
DEBUG DEN_INV: 152e11fe1f0117769da65e677bd0cb70b9221bba59d692c8babc0bed3f9a8cc2, 05c955b3fe1c9934e142e10989ec539ea307a53e20be2f12b97b73493d4ba3eb
DEBUG LAMBDA: 10e3f011aa1ee40e98c7ae025851cbe54b5a8ac666ea5f1c1af88c2b0e42f858, 09d1cd40b0ba9a671319ec3b49e5052083200c7b53779eba9c8883d3a5c6b8af
DEBUG DBL p->x: 1b9096a32370fd8fc7302823c30b70d059b84e8140617f0c179b0b02c4aadfca, 11d525cb8fe946a50f54fa1d370912b086ff81b63093144fddebbd03bcf7b360
DEBUG DBL t1 (X^2): 2def603435603e3408e9ee5685e2512f9e3399e00e8d0bb0f98d94f5c875a7bc, 0bd17737f267adf9d48fa582a4689c332fbda08127de72a2fd2c9e254518e47f
DEBUG DBL M: 290583b6ddbd7a48aa1d3f968ea442d3ab97f87d5ac38df87467a6b3a866fca6, 237465a7d73709ed7daef087ed39d4998f38e183779b57e8f785da6fcf4aad7d
DEBUG DBL S: 046452d7c62d590a9a9af3e5936edf73b3d7331dcd34baca08e17666116ef9ce, 0c59edef61b83ed06949eae7f63e89e8868e482eccd1f8cbeacc49dedbec1030
DEBUG DBL X': 2c0abedfaa59356317b55d556a70880dc173aee6148c2b512fd272dd8311cb49, 22058b39b49a9547b7e4ad1f625c981d067227d6179f040265870388742395bd
DEBUG Q->z: 09ef6cfd4c796f7e447a7a1dad904276b76ed7159a7991d604eecd9c87812038, 1a946964b683bb3349f2f2e565774f38680e459672dcf843687b4e8e40f07b81
DEBUG yQ: 1df14612661ea12f22ff486a98ed1dc1ff463e8e1e5d84e2c7941fcb25b94d02, 1587c9dcf3fe42be031b54430672907500b6d372b360917e85659f30ea3aad61
DEBUG DEN: 0b7e3db1eb0ba2348dae4b1eb058e326670b128ad4493f385307b37f72f59cbd, 2b0f93b9e7fc857c0636a8860ce520ea016da6e566c122fd0acb3e61d4755ac2
DEBUG DEN_INV: 0d1adeb0af20ea437ef4c24839ab91385251300c4e3bec891cca6ae0da9736e7, 05c42a85c516a9a9b01882c139aecb4b4d36be219a0816f9aac39968f902288b
DEBUG LAMBDA: 06592db04a81deaf9d535d39e99a4a807fcf998d8aed9aabc442dd1688155822, 2dff83b7c5baf3c4f70b3fbaebd9bee640509868a59ec9ec68fa40373fbd764f
DEBUG DBL p->x: 2c0abedfaa59356317b55d556a70880dc173aee6148c2b512fd272dd8311cb49, 22058b39b49a9547b7e4ad1f625c981d067227d6179f040265870388742395bd
DEBUG DBL t1 (X^2): 2ce2ca37c440d79f853abf12b94bc6d9e5fb02e16bb15c255b35614491f0e5d0, 149391362d3c98c0f56a746a0ba55a9ea7742b4d1131710b294ccc20731bd49a
DEBUG DBL M: 25dfc1c18a5f468b1f0fb1cb28e0a3d282ee338172307f55995f0ba004d8b6e2, 0d56652fa6842a1927ef1787a16eb77e5edb1755cb2288943fc5d84a80d68087
DEBUG DBL S: 07258bf2ea1d7936c86a239186e0fa27f9a04f60c11efae117578cf1a147023b, 06010d37ec7bb8289f3351d327a9f121a0f6f94917231876f54db9d13912438a
DEBUG DBL X': 10413412edd5f833fea0b21683a4cc8e66b782a375f87459360a71de056a0266, 1c9f245e0e87ecd9e8f5ccb1844e0a8bac44fd2765632466b4ad74f19294af66
DEBUG Q->z: 08e00c25c873435efb5c5956b99f8e8e557deb8d6cd66a12ba3418ff874d25cc, 037c9e5ec1d0ac95daad0c3972ac3c1072fe1e5bd773dc26ebbe1dff8e78f1ca
DEBUG yQ: 1e7292f29c5b3fc9964aa73898ff3fa9aac71c811714aecf014eaf9153dbfbce, 02c7751616a0612f8258221c4003d07c360d4d22bdf97b9eb4f62ac92457d662
DEBUG DEN: 0c80d7725784df69744508bab07d26f5be0cce70c5b79310c67cd30bcf3afa55, 058eea2c2d40c25f04b044388007a0f86c1a9a457bf2f73d69ec559248afacc4
DEBUG DEN_INV: 065f8f8011ea0088017c303861a54bfa0fedc746325379c02409e48f7256417f, 2afcb797c970e81814a6aef6193b0acc522e1801d966824a6e9b793ad4497a38
DEBUG LAMBDA: 1ff3b6638357e03049b7234c85f2501609fcc669e979f18b7b3fc4110d918ce0, 04ae064665d78517f6e2c0102a187dc0f9515bad5f2660a5aae6523a28ab4b3c
DEBUG DBL p->x: 10413412edd5f833fea0b21683a4cc8e66b782a375f87459360a71de056a0266, 1c9f245e0e87ecd9e8f5ccb1844e0a8bac44fd2765632466b4ad74f19294af66
DEBUG DBL t1 (X^2): 2e80a16f265db8241909e2f72243171ece5a6219d1501729a09323bc1dc0b881, 2e70283fc28759865d3c7746cc2b390ba31881d8aa0f829aef080e07286cad24
DEBUG DBL M: 2ab94767b0b5e818da7d1d7863c694a13c0c512aa30cb06269785306a8482ef5, 2a87dbd98532cc3fa714da67617efa67ba46b0672d4af2b654d711e7c84c0cde
DEBUG DBL S: 09a315c2095b895d374daa4f4444a7902a44e8c6d334b409d6c2373f2fdc0ad6, 1adf82ea0490d458ad5b6de4b4c6bed64eff4e74ee99aceb77a31bec8a4a1f43
DEBUG DBL X': 1836f7278fc759fccda403ecb67c7edf94e867a7445f8f60576d3b27892579de, 0fe21c06bce9812b0752100f45655d053e82397c1eaa11812d9b1724198ca797
DEBUG Q->z: 0e1b4965df1629da7cdeafd1fd6f3a231a65a2d53fe836b5e25b447997961c44, 0f4f1b0af5f0ce7d416d70ee58854c1b5b5baef0774111ac31a9583d239d4ec0
DEBUG yQ: 1d4ed8fc3fa22ff1b16a758338874657436c29a40ccb95a4f1895debe6af249f, 1e2974320f4ff9d34ee9f9f08f9d52a9b79fddac2526abe4db01fa8fdc186869
DEBUG DEN: 0a3963859e12bfb9aa84a54fef8d3450ef56e8b6b12560bca6f22fc0f4e14bf7, 0bee99f13d6e537ce583ae2a9db94cf5d7be50c6e1db8d3c79e36908dfb3d38b
DEBUG DEN_INV: 208c9f7c48ce2a584da8028583ba5fdb1890493f41945f38cb9fae6978888aa3, 2f592c0119100b8c477e2e59e86413141bc7244228a363c466060c3f689f8fa4
DEBUG LAMBDA: 2d2afe037259dbf73b57c578c5077d3651ec6b49641bb65808fadf0da5574f67, 1ed730bc69378cc8a408ffc39cd04491386eea24097dc92b2d12d738b66f0741
DEBUG DBL p->x: 1115192c61bba8ecc9e8f49611c3753f684e8a313478fd2261d860dde31c0808, 259cfb5f65ca6457d9a97656fd07ca303594a9f5410d5db26a16b81e1f1b6109
DEBUG DBL t1 (X^2): 2e1c7e30c9bc76b385195eed8f95a8809b546082b3d2ee435c6cad9c3b03f1ad, 106086ec96477686792eb401e51cc0a0e82f76b0520328404d4e33d55c87332b
DEBUG DBL M: 298cddac9ad223c71eab915babbe48c6a2fa4c654a9535af9d04f0a70011da79, 00bd4652e1a4c369b33bd64f2dd4e985210cf97f8d97ae33abca0f693d189c3a
DEBUG DBL S: 262de769ead95d9bd594ac69a412e0ff24c0b9079c3026d073f2ec04a75487fe, 1b23147e7082b1fca249ffc0819ffb275fce9c49f65554320bd2482b083f4b11
DEBUG DBL X': 2f5a1edaeca728f65eb6ac964a3755202ba337d3c1d468ffec666d3d8c23c7ea, 25befcc21e91ee77e3db78b5935484039c1aafefda04e77280946e18e5959e1b
DEBUG Q->z: 1b90699b08372b6962c8afbef0f7830229d0f25d26959e396283d8cd19c1fd5c, 109ce2deb02de83f5ada60978567668a52b1bbb3dc9a6d004c55ac240d21730c
DEBUG yQ: 18c7ec370f0eba82553a48778239876aeac3064dea090589f1b32870a219719e, 20211d33f2e19ddd536ec83d7ba77f16ef377379254585d4f75b9b9ba954a673
DEBUG DEN: 012b89fb3cebd4daf2244b3882f1b6783e04a20a6ba04086a745c4ca6bb5e5f5, 0fddebf504919b90ee8d4ac475cda5d046ed7c60e219411cb296ab207a2c4f9f
DEBUG DEN_INV: 1f129d1a867c8b5f6e967813b97de05bb437123ee9e714839d34bdc287c4d062, 235e9d4442f75e918481c031b28f572e21a2726d0707ac9447dc397ff2a3ce04
DEBUG LAMBDA: 248187c016f9c4edfcac00b231de20c957c04b4c89fa9e4d90e6525f6ff92303, 0ca721c5ced4a213c95db7986c1fd0811206254fd3418b591c85f13f5f30928b
DEBUG DBL p->x: 0571ba1ce23f73f9033371b8350173ab8312dbcd39d1f3ade5f8ba7d4533c16e, 113b675c1ca6053f3abc9ed686d489aa62221ebfdd64bd5e98ee49090aa55a65
DEBUG DBL t1 (X^2): 137920494261a1c336c0b96c41aee539b866d052634a4248fd15980138bf7144, 29cb9bd8523bfbcb9b913dcf75d553af082b69122c8e4b6eab83695076793b70
DEBUG DBL M: 0a071268e5f3451febf1e68e438b574f91b30665c16cfc4dbb203becd1c15685, 1c9a36a33450b30f62132e015e7d4a51e97f6613b4c74d318a4923c3b271b7c2
DEBUG DBL S: 081f2282dde8901a602906f31ba9e5205fb87625f0b3de47a68e0c8aed578628, 22d164440fb307afc44a1ac6a59ff8f6ad327d79bb4b8250590fa839f1fe0df5
DEBUG DBL X': 0431dc28e2f48d559509a34f98efd9b415a515742e124b0c83433904da7b20ba, 2df9d5c4e14c3388648b8eb8d853363a101b1ab75b2c0dbe14afb249c8ab3a36
DEBUG Q->z: 195d2a092e4811cbcdac06902431f179b6c0257b88c002888ba74178eb109448, 2106106676481a498be7921e707a8ba1cebef627f62387df9101c1c076fc3883
DEBUG yQ: 14122b0c7c38c5a422f2dcd28ed247cadd5f9d2bbfe39bf78e545bca87a0de27, 0e5d6fd3f491a71191b184b0a48dbddf71cae71af549fd3e6d3903c3531e04cc
DEBUG DEN: 28245618f8718b4845e5b9a51da48f95babf3a577fc737ef1ca8b7950f41bc4e, 1cbadfa7e9234e2323630961491b7bbee395ce35ea93fa7cda720786a63c0998
DEBUG DEN_INV: 0e6d54a47ea08cd6b0bf1d6dbc5b1c66f30d89dce78a5de4e65bb4def0329c8b, 169d53a9f36994e7fdd8203b3c460d41be1aeb36525aeb04308a00e752716660
DEBUG LAMBDA: 0fe8fa55ea5511dd3bd09da2875796106818974b84b1b80f449e6f7705573499, 137ea3e3418086d814c24f6a1cd3f8000accab84c8390b2e8d7668584632b990
DEBUG DBL p->x: 2837d22922f6a2d04dd031cef113a7d653c93e2eeb93dbecbcdace90a7730709, 2691462ecb9952b2f62303920f9a305fcae8406df57150564002044ba9c91f57
DEBUG DBL t1 (X^2): 142b5b2aef84903ec6e310903f0f48a72ed253e9a3905688b80077fd9e62294d, 2e3bc38d38272a3a0b3f990dd2371eeebd4e3383bf373a7a09099a23035d3703
DEBUG DBL M: 0c1dc30ded5c10929c58ebfa3bac8197f4f5912b823f390cebe0dbe202a97ea0, 29eaadc1e6123e5ab11e3fbc73a2ac1108e7c5686cc21a53a2dbb63b591daa7b
DEBUG DBL S: 0ca1a1055b78de6681b4ececf27e2f07ed459ebc855d96337234b2482049a782, 10b0f91828729fc5473cbe6e336d0bdf3e62df0a0aa9b2e58863bedbe1f96aa1
DEBUG DBL X': 102965c056329e531ce57bd375fd72b7e3c8e1bc01908edd969f20ba5796f169, 15e51db364b8c8680ec87c54f2390b23251e3c982af31123373428f31211e321
DEBUG Q->z: 17b5c69523fb4bb82c5f5ee4a10db830cb6662d088a1ec2f7fc52800c89dde38, 18da908f888c7658fbda84bbf5b86a5853c4b83a410e44b80dd133cd95f4fa82
DEBUG yQ: 22033393dcb9e0fce1a585b4b72693a0a3e4ecccbd0c8b15cb993ad84b8ea9cc, 17328ca36110c8a41544eb9c597af334a5840308335ac314b2e4d4e1b09127aa
DEBUG DEN: 13a218b4d84221d00afac5b2eccbcee3b0486f0811a74b9e5b11e999bea05651, 2e651946c22191482a89d738b2f5e6694b08061066b5862965c9a9c361224f54
DEBUG DEN_INV: 2f9579b34425199b0fa1b77778ac331bb9a60aaa281b9c1a6c858da0fb1d5ff4, 1a2fb141d02b898f7dca70f9fe1ba7bde72d439347585732b1242f2d6c131796
DEBUG LAMBDA: 1269587bc3275fb18bce00047a7f590a7fab29c9b721f4c8de94df99848c4e67, 0d509737af24bfad5c7c01ddc111d7576cf1fdfa656d9414c6bcdd618c7f2214
DEBUG DBL p->x: 102965c056329e531ce57bd375fd72b7e3c8e1bc01908edd969f20ba5796f169, 15e51db364b8c8680ec87c54f2390b23251e3c982af31123373428f31211e321
DEBUG DBL t1 (X^2): 0dc17811beb89cb0fd59e66372ce341559cfa6a189f8164bba1c956e74377d54, 28457d94bb09b388dfe00edcf124ad88d5d19fd3085069f7fb2275fbe874a0a0
DEBUG DBL M: 294468353c29d612f80db32a586a9c400d6ef3e49de842e32e55c04b5ca677fc, 1807dbd86eb9da472effa129d06b57df52720a56480da8cd792649c60863e752
DEBUG DBL S: 092c764b897b7dbf591253e7b6aebf38fa902efa57fc54784a63bbf144087f57, 1cefa2f881afd0d035027eb055a5adb70009f56aaa5e9f2d36420715b39780c5
DEBUG DBL X': 10fb9985f397b946db68b665f2686e24de3b8e396fb9a1bde9a515f46da13419, 0e36ce5b9ac6d64362ff57a1279511cc6354fe474702d75d158d2f9aa036e793
DEBUG Q->z: 1c08fb8b10f10e7cd7f83fe18cde693458f59b653c981dbcb2a3f89c7b78e047, 2ef9b34081ed1d9b0c8b05a8b28585d825fe3b8fc6a6578c7aed24241e47593c
DEBUG yQ: 139738f81258d42175ce3b1faf4d57a2d87d8aad7cc724a530a147a7b68ffcc0, 23e8158317e483574f370d065648dc5c800cc6d46e972cbb55d6e3d1b27bcf5a
DEBUG DEN: 272e71f024b1a842eb9c763f5e9aaf45b0fb155af98e494a61428f4f6d1ff980, 176bdc934e976684e61dd4562b10605b6898231774bc8ee96f8d3b8c8c7aa16d
DEBUG DEN_INV: 19620dcba354df2c88c361a355ce38ad2e5c9dbb9f5947ce5b96188f364b32ae, 252ccbd5c807b5a2786b0579f411284090d8fd1f06e5d68d66a894efeea8d884
DEBUG LAMBDA: 095c38aec90dcbd0003c2201ccd66ff57eccd7be71e4e84f8c3026424f347a37, 1c67e209e7bf10ef4dc3461dc7e1a379b36e7bace3a9748a614bb9d33d997556
DEBUG DBL p->x: 09ecc6da7d2fce66b9402adb0f0330a0d5a1b7e28a6566a56706fee619003723, 1a4bb34f2896da9eb9339ad2688afbac208292874f34cb849adf906c4e53ec88
DEBUG DBL t1 (X^2): 2aa019b2227dbbbac286d00abd65c6e660ad224344bcaf7056c5cf614faea84f, 2e1ed90e456b66d41cfbb4cb0bab9b7f227a69053c1c425fce9c3aba3625f16f
DEBUG DBL M: 1f17b030a515f2dcd6f3e4b3352ea3f7f30491a6fd5279368c1055f63e11fe5f, 2993ee450ddef428e65292f4200021c2386c65ece3713204f3939800f177d9bf
DEBUG DBL S: 06d5a24288cd04f7b8ad8aeb6c39d5d8dafe3dfbbfc2684da5bac9406ee577a7, 19da0f8be9de6447e548a7a72052c23649b156976a650a8dadaa5780fca331f2
DEBUG DBL X': 08bdb6e05bc1d7a3dad241134ac282bd4b26b75e72d75c50ad7a49088f4084ad, 07056c699c75e21b102fce11642ca6dc873c71b0bfaa50092ef2bc807344e3f2
DEBUG Q->z: 1b30ea644dd3f25f8576b5e24788dec82be4b102a01debdf65e3ca9c7f587779, 102f9c20337b6eb2a33c6091a96d187c61250981e8450815ec89211766097011
DEBUG yQ: 012951721baf1a7b617ad8b2e9340ab4adeaad0e11d2abaf770c94e7eee72c02, 1f4a4abecf6158e6df802490e3ce99ea0ca2ae1bdcd0cbe8f2c06a8539e7de10
DEBUG DEN: 0252a2e4375e34f6c2f5b165d26815695bd55a1c23a5575eee1929cfddce5804, 0e30470abd9111a406b0036b461bdb7681c3f1a6512fcd44a96048f39b52bed9
DEBUG DEN_INV: 07af2676eda2965e2dc80ee0481b33eb5f5af26a6ac8adcded77bcd5f4ebdac5, 18edad117f295cf527581d13000b3e5c10bb9c92466fd753e17c7440082de6a6
DEBUG LAMBDA: 1431b07f38e1ebb3452c51410a7a801e14e71ce68d03ca2f0990d0764bb29af5, 1de4bc79f23f2e1888c9a6cc2fe8ce62057d190515d78bfd0ffd806810946809
DEBUG DBL p->x: 0c6d3bef4b502a52609fc9693a5ade95420820a1507151a55cc5398c0a6b27d4, 0e04fc08a10e11826e00e26ee74e90e3c018bcb282628401d12f4de9f0070cfd
DEBUG DBL t1 (X^2): 1e1531e0ea483e82c210defaa4759ab9230d0ab7ff06a2676085bd728f39dfdb, 11c03a2e7c1b160c2b5aefccfd7714cad94c1efffd2014d405132a55d0608036
DEBUG DBL M: 29db472fdda71b5e8de257396bdf77cdd1a5b59694a21ca8e570ac40d530a24a, 04dc6018931fa1fac9c089b076e3e602f462f26e8eee73eed318f2ea98a4835b
DEBUG DBL S: 0ceb5adc70420b4f37eadcf46e02c9e186a85fbba12cae64c05dbfb01360f63d, 0e223e801ab5b51666d944348398ffa89d522fc94c71c3ccae96ef1a0fa054bb
DEBUG DBL X': 06532168ccd91949a69c94c38ca823da99e53d6aba6e865e718ae2d57d5e3082, 13b05d30b5efe0a2b51e997a773ff40e25a0fbb10fce158ed1ada77e40798bcd
DEBUG Q->z: 012dab430f26ecff1604ac354c19b942345680740188d9dcf142873fb8397e1f, 1817cd01d1c6ca535f0b838e9cb5ba134078671b658a2d23e24ed97087ed908b
DEBUG yQ: 2a8acc9f07febb1e2fb9cd3ca23c06c73f852e98fefe681a354dd9d9b9fe538c, 2b80be81f092e08ad0122a22aa9c9f30d0a7f22ce8fb9ef01b648447739459c7
DEBUG DEN: 24b14acb2ecbd612a72354c2c2f6b530e788f2a0958b05a72e7b279c9b7fa9d1, 269d2e90fff420ebe7d40e8ed3b7e60409ce79c869857352faa87c780eabb647
DEBUG DEN_INV: 0e3a6130666c3b370fe70054c34c18c03c6be55ba740b07ddff65ef3f164118d, 236c6686eebbf6a4959a465136148613641854ed9acdf1aa993696d69f34881e
DEBUG LAMBDA: 0849e6849585e3f54dc4d395145538dcca638ae086d882b3a436813c5190816a, 031c37a80c0c8ba0730bc8b526a2fa2c1684827fd9c4045b319b69d4ec80398c
DEBUG DBL p->x: 18b2bc9c765761dc45fadd8b97868bca2078dff56fe1a1e46b6c8153191b01d5, 185d6195e0c03c4ac87d01d5165b87c9497bf3654b312ab8f3dba344d7dbf7f1
DEBUG DBL t1 (X^2): 2c6efd25a4e455f342ab8cc1da074a8ae413aa32f925501162dbd191803b4c4c, 0d1aa7c34ad6803d2b396e75793e372b970a8fa2e0ded715d4e892a25fc2bbde
DEBUG DBL M: 24845a8b2c49c18657621ad88b132ee57d3829761a8c5b19b0525c86cfb7ea56, 274ff749e08380b781ac4b606bbaa582c51faee8a29c85417eb9b7e71f48339a
DEBUG DBL S: 2202122ea6a1143bb853a9daf3d79dbfb3e47e2ff442726882daf22b9f8c64f2, 011ca50c2e0829809d7d3124049357a0a7dd11a5df35ebfabb2a4373837483c5
DEBUG DBL X': 12fa378f5a0892efc572f7547d10dc951110f78f2542efda5797f61314a46efb, 045c10a609c77bcaf56af0d475378290949d30e5763f9ddd364a6a08a741f8ef
DEBUG Q->z: 10226ea5298c66f7ccdc441d4ff4a4dc188dfe96acaf57b53d4ad2e953df4e69, 10b86f37a043487259e4b8770bbedc9a9aabe61b3305942863d0cf0b0b3afabd
DEBUG yQ: 00526e5ba32fca4077158b567f55033d47b81f6cbb2c8e6dfb737044c74f189e, 0531fc88116689b85dbf8314cd425d388ac755ed9e3ea4cc69e83fc8ee08012a
DEBUG DEN: 00a4dcb7465f9480ee2b16acfeaa067a8f703ed976591cdbf6e6e0898e9e313c, 0a63f91022cd1370bb7f06299a84ba71158eabdb3c7d4998d3d07f91dc100254
DEBUG DEN_INV: 0e80666fe7cec350b533b0e2d59426020e7d69476f2d4e344bf04be6d8cddad4, 2992b4a8296cd8e51b8b3a93550e8a33ffe0072596ca16d41cee83e157aeb2e2
DEBUG LAMBDA: 25b5ab78216f4d5feb843665670e5415241a5091c33deec675e949b8eee7989a, 03d6a148b78ec5bb9bf6dcc43b6d8e8fdd4bc0b7f3f7d73f20343f0be6f3298b
DEBUG DBL p->x: 12fa378f5a0892efc572f7547d10dc951110f78f2542efda5797f61314a46efb, 045c10a609c77bcaf56af0d475378290949d30e5763f9ddd364a6a08a741f8ef
DEBUG DBL t1 (X^2): 1b7e44ccad9d5812505b9a1a15e346ded5d2a38caa1552f663670fb96b9b5477, 262d4aa36018658204f5d9c59dcafa734ad2203b22f88a5937fdd275f440b2af
DEBUG DBL M: 22167ff327a6680d38c28897c0287c3ee9f6801495ce2e55ee14a3156a55001e, 11bf43045de5f0329e4101e3d65e3e9eb1738b8e980609f12fb85f342bc81d7f
DEBUG DBL S: 217db479003977af50ec82dd0109ad2288a9f861dcc380afe531f750c3f3d564, 236a37cdb136d8d4a81207d17afe16cb5b54b2ae4342454c5fb42d62bdcb1c7c
DEBUG DBL X': 17d0d62cb8c15854e8c9d5ce325171d2eca4095543dcf3c66898d91f9751ab44, 1954b8f3d5b0c386b779c416348d3f04d9c2d0d28fb370509498a047069a641c
DEBUG Q->z: 2f1bc56dc5ee2ee8f5a69433d237b16974920ec2ff44ffec956c49f8160f36f4, 0792ba8554618ecdfeb9801e6b956c1de9849f2a3696c9969414297ae0dcb921
DEBUG yQ: 1031c44eed43a50b2cfa6d323d85ebf6add50d873eaf50ef71877beda1229a64, 234cbbf1235389c866691eed97d0271ea4cabb1acc76ecc4ecd6ca7b28229151
DEBUG DEN: 2063889dda874a1659f4da647b0bd7ed5baa1b0e7d5ea1dee30ef7db424534c8, 1635296f657573671481f824ae1ef5dfb2140ba4307c0efc9d8d08df77c8255b
DEBUG DEN_INV: 292246bb321a470a7568d78bce02682f5b184ee41b1534d3f159abdb9b3dae24, 0421fdd569a2389ee175f83cd0ec59dfe55f92df667ecea4e182e987c1ab5ff8
DEBUG LAMBDA: 2eeb046c36df6336648865b8852897dbeea207e54a080d4c9b271f6892494ef6, 218628f811a01a548fc3c9a3b7e4628349fbb2559118fa404d76f236641712c3
DEBUG DBL p->x: 28449794718f8b1fd353412825c912dbfc6c0262f370b43cfb95df1ee163d5ec, 01cb9a0439edbf2129f16b4a1f45e0c4e26ee963c5a6508121d29f9a71bcffc5
DEBUG DBL t1 (X^2): 228a5307003e013aa8cf2cd300dff51d88b2bb63bd5c5163ff9be2ee043a0050, 01dff8b713f32e48542ae655ba4bea27c89076299a9d03f6ba8e3495219bb0bb
DEBUG DBL M: 06d65c2f3e56c35c89ccfb0bff9d2e9d6b155d0867315f118692909c5bb40662, 059fea253bd98ad8fc80b3012ee3be7759b1627ccfd70be42faa9dbf64d31231
DEBUG DBL S: 037f6427a2ac282aa7586081334146ecbfedd80e2611f0d11cda345bb750db0f, 0a3a60384ccabd0eb2eb8ca28f87a93bae52602033718807ad90ad29205cd143
DEBUG DBL X': 2cef83b941b987a51a4c0e9ccadeae6ec2abdc04fff6d38cca427f8dbac866d2, 24638970b2f5fdf7efa7c33fa6b5baab6a7d386365df3a5134663ae5346501ed
DEBUG Q->z: 19f790dffd2ac4903b5496b90ec92acf26a87e958fef6b46f5ce849133923cf5, 031110a15f1a5aa28e74088357d8cc874827d4efa908c39227d84b559d92a4d2
DEBUG yQ: 02e15916867983a65df28c0b92252e491319885b78092615da8f000f1af64e99, 1a93595637dd64682267bf6389384e1c09bd42c56b1070fab1dfcfc1f286b44e
DEBUG DEN: 05c2b22d0cf3074cbbe51817244a5c92263310b6f0124c2bb51e001e35ec9d32, 04c264398e8928a68c7f391090ef43da7bf91af96daf1768279f136d0c906b55
DEBUG DEN_INV: 17e1c09428082046a67af22301d6db8e81537a8240c31a5cd1163be3581c2fbe, 0d07ff0bd2566350e0268bb4800ef85dfcb473e1ec63853d48ce1b6f198dcfb2
DEBUG LAMBDA: 09b3df073a2d717afe598028432807a323cbd593f8bdf50c61daeeac46b7eecc, 2e38fc7bd7a24b0d050be8d074a935845418b3030bc4e3def9be8aed86037c3d
DEBUG DBL p->x: 2cef83b941b987a51a4c0e9ccadeae6ec2abdc04fff6d38cca427f8dbac866d2, 24638970b2f5fdf7efa7c33fa6b5baab6a7d386365df3a5134663ae5346501ed
DEBUG DBL t1 (X^2): 26515002584cd950ffcb9ed38f052444cfecb501b765f04845e10ad487a41924, 192c7ee61775b461eed0bc15aac180126f06c1dce99f2a58a4312417075b3ebc
DEBUG DBL M: 122b532146834b9f8ec2510daa0cbc1340c349e2554e3bbe5962084fe5f250de, 1b212e3f652f7cfc1421ee8a7ec327d9b592db05546bb47cb072e02e3d94beed
DEBUG DBL S: 1fc79e514cea15e320193c771ff4bfbdee44c54bbeb71f567addbd2a0ee1bc30, 2a410365efb141f4442eecd9a6d28d134922aa60326bc583e925a913101d0653
DEBUG DBL X': 0d142b479415f71ea85590e4a32234101d47ba424fc9c7aedacf47f53f6cfebb, 0679528b6ac3aa74f884e103587ecfdd65dd1b05c799628b740ad03388e2e4de
DEBUG Q->z: 1203efc0df053575ea4f8936a85bf840557c56280daf1b3f9fe8495d4c232df0, 16e02a338bb0e9ed30089b632cbc5e4dcd4f1c8c97640cc7bef196360fda96c9
DEBUG yQ: 14dc5d20c2e260683b6a879697cc47b1df26958ff6e1f682f248550f405a13af, 07a1a6b1dcb49a0b5b535d0a6faeebd63dea034b223de52cd5056662cf148233
DEBUG DEN: 29b8ba4185c4c0d076d50f2d2f988f63be4d2b1fedc3ed05e490aa1e80b4275e, 0f434d63b9693416b6a6ba14df5dd7ac7bd40696447bca59aa0accc59e290466
DEBUG DEN_INV: 11e97cf2669c36a708926f5cb73f971c2af335a180524ae4214812eb752c88cb, 172fa4058ec287ac1943cee8acae5e9f50e7bbbd6952bf1fb110ed71c0d98efa
DEBUG LAMBDA: 2448ca4f80c90de7f054e6c0e1effd633cac44ad1c8156a4692d1d4c9a4c1172, 2b985b8ea1b5bcf76086f0af27248041d0208abb933a68ddd19a574c05f0efd1
DEBUG DBL p->x: 13683c7f8f2f9e91f67d9e1bb5413a20c8d325ecbd4a2ad2ab2747d7adfe444e, 02f95fa0e197b15d2cb4ac49b3e764308754fe5107c204a6ee2e70bd5b7a560a
DEBUG DBL t1 (X^2): 01a2719ca804bc7125908740a04a37a557a29aab1870c9b9c364717f75a2b908, 20b95bae6329f7bde9ea7b9d90dd9a62c6ce3580235a1e8e7dd9ebdd2f230e3a
DEBUG DBL M: 04e754d5f80e355370b195c1e0dea6f006e7d00149525d2d4a2d547e60e82b18, 01637625671aa6e64d1ee76baf961e6d2567cb5d992ac691014cab69dc6f3020
DEBUG DBL S: 2fbcafdc766dad58970a66b8b37ae07ba4ac4455560943bd6db2e9644fce45d8, 23c3394d354924f5ff42fe3f0a036fcb669c648ccb125af287a9cb8b7b6091ed
DEBUG DBL X': 1af513b3ce36708e9075b1aed8f9be54deba5633dd8d7a6e53aa7aa29a2fa335, 259e8f51f2c1dbcfa1d39754b8d0d68f1f3efcbe3442977328294d7bb77b140b
DEBUG Q->z: 2102af4d96213620e8e3dcb667cf0c798ba8c72804eaf0abd94e291fffdbd0cc, 2016f975989e950ddf8dd4db18ddc0b53e20e692b1c56b6933e9526a4a10c394
DEBUG yQ: 2c6fe1dedddab9aaca16cc6e5175bac561c018ba2a09ffaeda3d410608bfe550, 10a68ac8520844b29d19611e7aece5015ac379279adf49030c6ad48d50478f72
DEBUG DEN: 287b754ada83d32bdbdd5326216a1d2d2bfec6e2eba234d07859f5f53902cd59, 214d1590a41089653a32c23cf5d9ca02b586f24f35be920618d5a91aa08f1ee4
DEBUG DEN_INV: 01ee07e4941b4e841ad377d5c11394b9bdb7fd5d72681c9a384e5a9019aaffa7, 14343eae1256947b492fef9bb33a651a1fc7c66e1a3aa776f5d3e6da78bcb1cc
DEBUG LAMBDA: 284ee72f09ab8d6064d030080c18d96bf40d33d8d1ba24856aff831c1c12f6fb, 2567f88663a57876d2ca7a1776415f849e658fefddf1055c84792d025c062850
DEBUG DBL p->x: 1af513b3ce36708e9075b1aed8f9be54deba5633dd8d7a6e53aa7aa29a2fa335, 259e8f51f2c1dbcfa1d39754b8d0d68f1f3efcbe3442977328294d7bb77b140b
DEBUG DBL t1 (X^2): 05ab26d3298d81a7d96e5cf60a60c755ae2ba83910a3bffb6bd7134b70859fa7, 16681bf63aaa5e65ad45449b58854f6957073ff6dc6d2ec80d8d0b9193d2b9f1
DEBUG DBL M: 110174797ca884f78c4b16e21f2256010a82f8ab31eb3ff2438539e25190def5, 12d4056fcecd7b074f7f881b880e95de6d9455532cd5c1caec86969de2fb308c
DEBUG DBL S: 040bd39a082edac2d909bcb88898e1069421958a83a4e36b2608b833ee0b4098, 0aa97b58f58b633a35b03f5e7b5794978a6347e78301be35c5353853a5c0c74a
DEBUG DBL X': 14b1f1d8a0c4b70539a9cccfbe08f7d1f23bd5cd8dcff453dda2e6fffa6baac9, 1e56f848345867021016ef08ea924ea566cce3760f51ef70f941a828e252dd34
DEBUG Q->z: 2912d1e8d45d50e8fbbf63b4e78c101845c91aa08101a027ace1c5cdadfe494b, 00da6176b1c2a7a15ba66a3c8d06aafc850d35df889b5069b7b263752176facd
DEBUG yQ: 055a01843eadf98ffabdc4917e4ca876b0fffbef4f9df25ba1e7ad0cd385aef0, 1b925614c2f70670f0f1d3ae2b8cd59c0ee2510f17c30a98531fc6c1980b569f
DEBUG DEN: 0ab403087d5bf31ff57b8922fc9950ed61fff7de9f3be4b743cf5a19a70b5de0, 06c05db6a4bc6cb8299361a5d59852da8643378cc7144aa36a1f016c5799aff7
DEBUG DEN_INV: 00a01bb4faad3d241da00926e63ad94c758bf858ea2e78f1a574221d8390147f, 02dbfa064763c2f29af7bdd85e9232ade02a6da8ec80e3cca5ddff80bb94952b
DEBUG LAMBDA: 0eb6d904c260d73502c89336bb2ee41f5fd29fdcb776a7ab861d999dfa872ed8, 0f8bcada5e4bfcf34e113ea9653aa3790c54982844a0f671f816aa33a42dfdac
DEBUG DBL p->x: 14b1f1d8a0c4b70539a9cccfbe08f7d1f23bd5cd8dcff453dda2e6fffa6baac9, 1e56f848345867021016ef08ea924ea566cce3760f51ef70f941a828e252dd34
DEBUG DBL t1 (X^2): 00af89fa9ec4578132ea5e752c07a2d05ac34fdaabb64758f4d7c04ba3031ae1, 1e74423ea43012369549066915a7e54bc8d921e6feb8594bd0ef6974a4e44de1
DEBUG DBL M: 020e9defdc4d068398bf1b5f8416e8711049ef900322d60ade8740e2e90950a3, 2af878490b5e967a078acd84bf765785c309fb2393b7415636adb047162fec5c
DEBUG DBL S: 0de59c7ec6457b650fe642057ddc54f1cac934148e5986bbd3f657858a86bcb4, 150cadab38f6d179c9baec7db21729732f817ff4c990a43a1f0bb99f5793e1e0
DEBUG DBL X': 28114c4b2eaac0f6b419c3ed76a95fd36b792b959ecff24a9762ec1a437ef8ca, 2886c6f2e2f9f1e163c3bb4c549a06fe2e2ddc5e3324b786b45857e194842337
DEBUG MILLER RES: 2dee2e2ccd2207ac3f85ddae53ebca94036ffaae772403ae3a25999c76290efd 09f1ce65be87e2683247805b4bcfea9e0a9680ef5627471e334eb448b54a646a 2608321681acdfea53774883c1cdb6aa524ce08b1cd22dbd29c0e8b7bfbf4850 283d3715c6bd69a450008e7cf1eb3eea0d93622aee8b250d6fe119c3950b272b 1831eb84a4d1329e3afd13e1326657c53f5de540611cc8efddb0e6a05493ffea 1dd571066a59b0a10c24e26690b4b36c5550f7530162d6a09fb1ed084a1b5cfa 07fa04cea1d98f5bbc9c55a6ef5ed7364d4fafe717a9d7364026d607a830fbae 1305cae270cce0eab46eaf0a0e9e03ee85f894e87551a98ace8275efa2d7689a 1ae8d8a1e47c378a05c66ca9a38c10cf8c4493fab5f7a0fd917f21c699da68e7 11c82cf2b7a63cc3bdc8100955ed25a6545559180d07ee84bf8093cc78e24a08 2fe223650b881cd6ef337423a00f6cf172d45e962b7b757ee5695c92d5bb1c5a 1a770ce4ab6a588927126d84d08cd521a8ded276521aa901f6417725d7eb0d1f 
/Users/simon/ws/cc/colibri-stateless/test/unittests/test_zk_proof.c:157:test_verify_1602_realistic:FAIL: Realistic 1602 verification failed

-----------------------
3 Tests 3 Failures 0 Ignored 
FAIL
